Unpacking 1.21.11/server-1.21.11.jar (versions:1.21.11) to versions\1.21.11\server-1.21.11.jar
Unpacking io/netty/netty-transport-native-epoll/4.2.7.Final/netty-transport-native-epoll-4.2.7.Final-linux-x86_64.jar (libraries:io.netty:netty-transport-native-epoll:4.2.7.Final:linux-x86_64) to libraries\io\netty\netty-transport-native-epoll\4.2.7.Final\netty-transport-native-epoll-4.2.7.Final-linux-x86_64.jar
Unpacking io/netty/netty-transport-native-epoll/4.2.7.Final/netty-transport-native-epoll-4.2.7.Final-linux-aarch_64.jar (libraries:io.netty:netty-transport-native-epoll:4.2.7.Final:linux-aarch_64) to libraries\io\netty\netty-transport-native-epoll\4.2.7.Final\netty-transport-native-epoll-4.2.7.Final-linux-aarch_64.jar
Unpacking io/netty/netty-transport-native-kqueue/4.2.7.Final/netty-transport-native-kqueue-4.2.7.Final-osx-x86_64.jar (libraries:io.netty:netty-transport-native-kqueue:4.2.7.Final:osx-x86_64) to libraries\io\netty\netty-transport-native-kqueue\4.2.7.Final\netty-transport-native-kqueue-4.2.7.Final-osx-x86_64.jar
Unpacking io/netty/netty-transport-native-kqueue/4.2.7.Final/netty-transport-native-kqueue-4.2.7.Final-osx-aarch_64.jar (libraries:io.netty:netty-transport-native-kqueue:4.2.7.Final:osx-aarch_64) to libraries\io\netty\netty-transport-native-kqueue\4.2.7.Final\netty-transport-native-kqueue-4.2.7.Final-osx-aarch_64.jar
Starting net.fabricmc.loader.impl.game.minecraft.BundlerClassPathCapture
[23:57:52] [main/INFO]: Loading Minecraft 1.21.11 with Fabric Loader 0.19.5
[23:57:52] [main/WARN]: Ignoring invalid library path "
[23:57:52] [main/WARN]: Ignoring invalid library path D:\Program Files\Node.js\"
[23:57:52] [main/INFO]: Fabric is preparing JARs on first launch, this may take a few seconds...
[23:57:52] [main/INFO]: Loading 42 mods:
	- fabric-api 0.141.6+1.21.11
	   |-- fabric-api-base 1.0.5+4ebb5c083e
	   |-- fabric-api-lookup-api-v1 1.6.114+20dc27073e
	   |-- fabric-biome-api-v1 17.1.1+4fc5413f3e
	   |-- fabric-block-api-v1 1.1.10+4ebb5c083e
	   |-- fabric-block-view-api-v2 1.0.39+4ebb5c083e
	   |-- fabric-command-api-v2 2.4.7+6b42a6003e
	   |-- fabric-content-registries-v0 10.2.14+4fc5413f3e
	   |-- fabric-convention-tags-v1 2.1.55+7f945d5b3e
	   |-- fabric-convention-tags-v2 2.17.3+8ef948ba3e
	   |-- fabric-crash-report-info-v1 0.3.23+4ebb5c083e
	   |-- fabric-data-attachment-api-v1 1.8.48+eed0806f3e
	   |-- fabric-data-generation-api-v1 23.5.0+88d7da613e
	   |-- fabric-dimensions-v1 4.0.28+4fc5413f3e
	   |-- fabric-entity-events-v1 3.1.1+1d0ab4303e
	   |-- fabric-events-interaction-v0 4.1.1+3b89ecf63e
	   |-- fabric-game-rule-api-v1 2.0.3+4fc5413f3e
	   |-- fabric-item-api-v1 11.6.0+67f17bb43e
	   |-- fabric-item-group-api-v1 4.2.36+4fc5413f3e
	   |-- fabric-lifecycle-events-v1 2.6.15+4ebb5c083e
	   |-- fabric-loot-api-v2 3.0.73+3f89f5a53e
	   |-- fabric-loot-api-v3 2.0.20+78c8b4663e
	   |-- fabric-message-api-v1 6.1.12+4ebb5c083e
	   |-- fabric-networking-api-v1 5.1.6+6b6d71a53e
	   |-- fabric-object-builder-api-v1 21.1.40+4fc5413f3e
	   |-- fabric-particles-v1 4.2.12+4fc5413f3e
	   |-- fabric-recipe-api-v1 8.2.4+4ebb5c083e
	   |-- fabric-registry-sync-v0 6.2.6+1718722b3e
	   |-- fabric-rendering-fluids-v1 3.1.43+4ebb5c083e
	   |-- fabric-resource-conditions-api-v1 5.0.35+4fc5413f3e
	   |-- fabric-resource-loader-v0 3.3.4+4fc5413f3e
	   |-- fabric-resource-loader-v1 1.0.10+78c8b4663e
	   |-- fabric-screen-handler-api-v1 1.3.162+4fc5413f3e
	   |-- fabric-serialization-api-v1 1.0.5+4ebb5c083e
	   |-- fabric-tag-api-v1 1.3.0+88d7da613e
	   |-- fabric-transfer-api-v1 6.0.25+4fc5413f3e
	   \-- fabric-transitive-access-wideners-v1 7.1.0+014c8cec3e
	- fabricloader 0.19.5
	   \-- mixinextras 0.5.5
	- java 21
	- minecraft 1.21.11
	- qizhangverdict 0.4.0-dev
[23:57:52] [main/INFO]: SpongePowered MIXIN Subsystem Version=0.8.7 Source=file:/E:/CodexTemp/QiZhangVerdict/compat-1.21.11/servers/fabric-01/libraries/net/fabricmc/sponge-mixin/0.17.4+mixin.0.8.7/sponge-mixin-0.17.4+mixin.0.8.7.jar Service=Knot/Fabric Env=SERVER
/***********************************************************************************************************************************************************************************************************************/
/*                                                                                   SpongePowered MIXIN (Verbose debugging enabled)                                                                                   */
/***********************************************************************************************************************************************************************************************************************/
/*                                         Code source : file:/E:/CodexTemp/QiZhangVerdict/compat-1.21.11/servers/fabric-01/libraries/net/fabricmc/sponge-mixin/0.17.4+mixin.0.8.7/sponge-mixin-0.17.4+mixin.0.8.7.jar */
/*                                    Internal Version : 0.8.7                                                                                                                                                         */
/*                                        Java Version : 21.0 (supports compatibility 6-21)                                                                                                                            */
/*                         Default Compatibility Level : JAVA_8                                                                                                                                                        */
/*                   Max Effective Compatibility Level : JAVA_13                                                                                                                                                       */
/*                                Detected ASM Version : ASM 9.10.1 (ASM10_EXPERIMENTAL)                                                                                                                               */
/*                          Detected ASM Supports Java : Up to Java 27 (class file version 71.0)                                                                                                                       */
/***********************************************************************************************************************************************************************************************************************/
/*                                        Service Name : Knot/Fabric                                                                                                                                                   */
/*                                 Mixin Service Class : net.fabricmc.loader.impl.launch.knot.MixinServiceKnot                                                                                                         */
/*                       Global Property Service Class : net.fabricmc.loader.impl.launch.knot.FabricGlobalPropertyService                                                                                              */
/*                                 Logger Adapter Type : Fabric Mixin Logger                                                                                                                                           */
/***********************************************************************************************************************************************************************************************************************/
/*                                         mixin.debug : <false>                                                                                                                                                       */
/*                                  mixin.debug.export : - <true>                                                                                                                                                      */
/*                           mixin.debug.export.filter : - - <null>                                                                                                                                                    */
/*                        mixin.debug.export.decompile : - - <true>                                                                                                                                                    */
/*                  mixin.debug.export.decompile.async : - - - <true>                                                                                                                                                  */
/* mixin.debug.export.decompile.mergeGenericSignatures : - - - <true>                                                                                                                                                  */
/*                                  mixin.debug.verify : - <false>                                                                                                                                                     */
/*                                 mixin.debug.verbose : - <true>                                                                                                                                                      */
/*                         mixin.debug.countInjections : - <true>                                                                                                                                                      */
/*                                  mixin.debug.strict : - <false>                                                                                                                                                     */
/*                           mixin.debug.strict.unique : - - <false>                                                                                                                                                   */
/*                          mixin.debug.strict.targets : - - <false>                                                                                                                                                   */
/*                                mixin.debug.profiler : - <false>                                                                                                                                                     */
/*                           mixin.dumpTargetOnFailure : <false>                                                                                                                                                       */
/*                                        mixin.checks : <false>                                                                                                                                                       */
/*                             mixin.checks.interfaces : - <false>                                                                                                                                                     */
/*                      mixin.checks.interfaces.strict : - - <false>                                                                                                                                                   */
/*                             mixin.ignoreConstraints : <false>                                                                                                                                                       */
/*                                       mixin.hotSwap : <false>                                                                                                                                                       */
/*                                       mixin.env.obf : - <false>                                                                                                                                                     */
/*                             mixin.env.disableRefMap : - <false>                                                                                                                                                     */
/*                               mixin.env.remapRefMap : - <false>                                                                                                                                                     */
/*                       mixin.env.refMapRemappingFile : - <>                                                                                                                                                          */
/*                        mixin.env.refMapRemappingEnv : - <searge>                                                                                                                                                    */
/*                      mixin.env.allowPermissiveMatch : - <false>                                                                                                                                                     */
/*                            mixin.env.ignoreRequired : - <false>                                                                                                                                                     */
/*                               mixin.env.compatLevel : - <false>                                                                                                                                                     */
/*                          mixin.env.shiftByViolation : - <warn>                                                                                                                                                      */
/*                      mixin.initialiserInjectionMode : <default>                                                                                                                                                     */
/*               mixin.tunable.classReaderExpandFrames : - <false>                                                                                                                                                     */
/***********************************************************************************************************************************************************************************************************************/
/*                                    UNSAFE_INJECTION : available=<true> enabled=<true>                                                                                                                               */
/*                       INJECTORS_IN_INTERFACE_MIXINS : available=<true> enabled=<true>                                                                                                                               */
/***********************************************************************************************************************************************************************************************************************/
/*                                       Detected Side : SERVER                                                                                                                                                        */
/***********************************************************************************************************************************************************************************************************************/
[23:57:52] [main/INFO]: Attempting to load Fernflower decompiler (Threaded mode)
[23:57:52] [main/INFO]: Fernflower could not be loaded, exported classes will not be decompiled. NoClassDefFoundError: org/jetbrains/java/decompiler/main/extern/IResultSaver
[23:57:52] [main/WARN]: Compatibility level JAVA_21 specified by fabric-api-lookup-api-v1.mixins.json is higher than the maximum level supported by this version of mixin (JAVA_13).
[23:57:52] [main/INFO]: Preparing mixins for MixinEnvironment[DEFAULT]
[23:57:52] [main/INFO]: Selecting config fabric-api-lookup-api-v1.mixins.json
[23:57:52] [main/INFO]: Selecting config fabric-biome-api-v1.mixins.json
[23:57:52] [main/INFO]: Selecting config fabric-block-api-v1.mixins.json
[23:57:52] [main/INFO]: Selecting config fabric-block-view-api-v2.mixins.json
[23:57:52] [main/INFO]: Selecting config fabric-command-api-v2.mixins.json
[23:57:52] [main/INFO]: Selecting config fabric-content-registries-v0.mixins.json
[23:57:52] [main/INFO]: Selecting config fabric-convention-tags-api-v2.mixins.json
[23:57:52] [main/INFO]: Selecting config fabric-crash-report-info-v1.mixins.json
[23:57:52] [main/INFO]: Selecting config fabric-data-attachment-api-v1.mixins.json
[23:57:52] [main/INFO]: Selecting config fabric-data-generation-api-v1.mixins.json
[23:57:52] [main/INFO]: Selecting config fabric-dimensions-v1.mixins.json
[23:57:52] [main/INFO]: Selecting config fabric-entity-events-v1.mixins.json
[23:57:52] [main/INFO]: Selecting config fabric-events-interaction-v0.mixins.json
[23:57:52] [main/INFO]: Selecting config fabric-game-rule-api-v1.mixins.json
[23:57:52] [main/INFO]: Selecting config fabric-item-api-v1.mixins.json
[23:57:52] [main/INFO]: Selecting config fabric-item-group-api-v1.mixins.json
[23:57:52] [main/INFO]: Selecting config fabric-lifecycle-events-v1.mixins.json
[23:57:52] [main/INFO]: Selecting config fabric-loot-api-v2.mixins.json
[23:57:52] [main/INFO]: Selecting config fabric-loot-api-v3.mixins.json
[23:57:52] [main/INFO]: Selecting config fabric-message-api-v1.mixins.json
[23:57:52] [main/INFO]: Selecting config fabric-networking-api-v1.mixins.json
[23:57:52] [main/INFO]: Selecting config fabric-object-builder-v1.mixins.json
[23:57:52] [main/INFO]: Selecting config fabric-particles-v1.mixins.json
[23:57:52] [main/INFO]: Selecting config fabric-recipe-api-v1.mixins.json
[23:57:52] [main/INFO]: Selecting config fabric-registry-sync-v0.mixins.json
[23:57:52] [main/INFO]: Selecting config fabric-resource-conditions-api-v1.mixins.json
[23:57:52] [main/INFO]: Selecting config fabric-resource-loader-v1.mixins.json
[23:57:52] [main/INFO]: Selecting config fabric-screen-handler-api-v1.mixins.json
[23:57:52] [main/INFO]: Selecting config fabric-serialization-api-v1.mixins.json
[23:57:52] [main/INFO]: Selecting config fabric-tag-api-v1.mixins.json
[23:57:52] [main/INFO]: Selecting config fabric-transfer-api-v1.mixins.json
[23:57:52] [main/INFO]: Selecting config mixinextras.init.mixins.json
[23:57:52] [main/INFO]: Selecting config qizhangverdict.mixins.json
[23:57:52] [main/INFO]: Preparing fabric-api-lookup-api-v1.mixins.json (2)
[23:57:52] [main/INFO]: Preparing fabric-biome-api-v1.mixins.json (9)
[23:57:52] [main/INFO]: Preparing fabric-block-api-v1.mixins.json (5)
[23:57:52] [main/INFO]: Preparing fabric-block-view-api-v2.mixins.json (3)
[23:57:52] [main/INFO]: Preparing fabric-command-api-v2.mixins.json (5)
[23:57:52] [main/INFO]: Preparing fabric-content-registries-v0.mixins.json (18)
[23:57:52] [main/INFO]: Preparing fabric-convention-tags-api-v2.mixins.json (1)
[23:57:52] [main/INFO]: Preparing fabric-crash-report-info-v1.mixins.json (2)
[23:57:52] [main/INFO]: Preparing fabric-data-attachment-api-v1.mixins.json (14)
[23:57:52] [main/INFO]: Preparing fabric-data-generation-api-v1.mixins.json (18)
[23:57:52] [main/INFO]: Preparing fabric-dimensions-v1.mixins.json (4)
[23:57:52] [main/INFO]: Preparing fabric-entity-events-v1.mixins.json (13)
[23:57:52] [main/INFO]: Preparing fabric-events-interaction-v0.mixins.json (7)
[23:57:52] [main/INFO]: Preparing fabric-game-rule-api-v1.mixins.json (5)
[23:57:52] [main/INFO]: Preparing fabric-item-api-v1.mixins.json (18)
[23:57:52] [main/INFO]: Preparing fabric-item-group-api-v1.mixins.json (3)
[23:57:52] [main/INFO]: Preparing fabric-lifecycle-events-v1.mixins.json (11)
[23:57:52] [main/INFO]: Preparing fabric-loot-api-v2.mixins.json (2)
[23:57:52] [main/INFO]: Preparing fabric-loot-api-v3.mixins.json (8)
[23:57:52] [main/INFO]: Preparing fabric-message-api-v1.mixins.json (2)
[23:57:52] [main/INFO]: Preparing fabric-networking-api-v1.mixins.json (25)
[23:57:52] [main/INFO]: Preparing fabric-object-builder-v1.mixins.json (10)
[23:57:52] [main/INFO]: Preparing fabric-particles-v1.mixins.json (8)
[23:57:52] [main/INFO]: Preparing fabric-recipe-api-v1.mixins.json (10)
[23:57:52] [main/INFO]: Preparing fabric-registry-sync-v0.mixins.json (16)
[23:57:53] [main/INFO]: Preparing fabric-resource-conditions-api-v1.mixins.json (7)
[23:57:53] [main/INFO]: Preparing fabric-resource-loader-v1.mixins.json (15)
[23:57:53] [main/INFO]: Preparing fabric-screen-handler-api-v1.mixins.json (2)
[23:57:53] [main/INFO]: Preparing fabric-serialization-api-v1.mixins.json (4)
[23:57:53] [main/INFO]: Preparing fabric-tag-api-v1.mixins.json (8)
[23:57:53] [main/INFO]: Preparing fabric-transfer-api-v1.mixins.json (17)
[23:57:53] [main/INFO]: Preparing mixinextras.init.mixins.json (0)
[23:57:53] [main/INFO]: Preparing qizhangverdict.mixins.json (1)
[23:57:53] [main/INFO]: Prepared 273 mixins in 0.507 sec (1.9ms avg) (0ms load, 0ms transform, 0ms plugin)
[23:57:53] [main/INFO]: Initializing MixinExtras via com.llamalad7.mixinextras.service.MixinExtrasServiceImpl(version=0.5.5).
[23:57:53] [main/INFO]: Mixing server.MainMixin from fabric-data-generation-api-v1.mixins.json into net.minecraft.server.Main
[23:57:53] [main/INFO]: Mixing MainMixin from fabric-registry-sync-v0.mixins.json into net.minecraft.server.Main
[23:57:53] [main/INFO]: Mixing SystemReportMixin from fabric-crash-report-info-v1.mixins.json into net.minecraft.class_6396
[23:57:53] [main/INFO]: Renaming synthetic method lambda$appendMods$1(Lnet/fabricmc/loader/api/ModContainer;)Ljava/lang/String; to md56d210$fabric-crash-report-info-v1$lambda$appendMods$1$0 in fabric-crash-report-info-v1.mixins.json:SystemReportMixin from mod fabric-crash-report-info-v1
[23:57:53] [main/INFO]: Renaming synthetic method lambda$fillSystemDetails$0()Ljava/lang/String; to md56d210$fabric-crash-report-info-v1$lambda$fillSystemDetails$0$1 in fabric-crash-report-info-v1.mixins.json:SystemReportMixin from mod fabric-crash-report-info-v1
[23:57:55] [main/INFO]: Mixing BootstrapMixin from fabric-registry-sync-v0.mixins.json into net.minecraft.class_2966
[23:57:55] [main/INFO]: Renaming synthetic method lambda$afterInitialize$1(Lnet/minecraft/class_3611;)Ljava/util/Collection; to md56d210$fabric-registry-sync-v0$lambda$afterInitialize$1$0 in fabric-registry-sync-v0.mixins.json:BootstrapMixin from mod fabric-registry-sync-v0
[23:57:55] [main/INFO]: Renaming synthetic method lambda$afterInitialize$0(Lnet/minecraft/class_2248;)Ljava/util/Collection; to md56d210$fabric-registry-sync-v0$lambda$afterInitialize$0$1 in fabric-registry-sync-v0.mixins.json:BootstrapMixin from mod fabric-registry-sync-v0
[23:57:55] [main/INFO]: Mixing RegistryMixin from fabric-registry-sync-v0.mixins.json into net.minecraft.class_2378
[23:57:55] [main/INFO]: Mixing BuiltInRegistriesMixin from fabric-item-api-v1.mixins.json into net.minecraft.class_7923
[23:57:55] [main/INFO]: Mixing BuiltInRegistriesAccessor from fabric-registry-sync-v0.mixins.json into net.minecraft.class_7923
[23:57:55] [main/INFO]: Renaming @Accessor method getWRITABLE_REGISTRY()Lnet/minecraft/class_2385; to getWRITABLE_REGISTRY$fabric-registry-sync-v0_$md$56d210$0 in fabric-registry-sync-v0.mixins.json:BuiltInRegistriesAccessor from mod fabric-registry-sync-v0
[23:57:55] [main/INFO]: Mixing BuiltInRegistriesMixin from fabric-registry-sync-v0.mixins.json into net.minecraft.class_7923
[23:57:55] [main/INFO]: Mixing MappedRegistryAccessor from fabric-registry-sync-v0.mixins.json into net.minecraft.class_2370
[23:57:55] [main/INFO]: Mixing MappedRegistryMixin from fabric-registry-sync-v0.mixins.json into net.minecraft.class_2370
[23:57:55] [main/INFO]: Renaming synthetic method lambda$remap$5()Lnet/fabricmc/fabric/impl/registry/sync/RemapException; to md56d210$fabric-registry-sync-v0$lambda$remap$5$0 in fabric-registry-sync-v0.mixins.json:MappedRegistryMixin from mod fabric-registry-sync-v0
[23:57:55] [main/INFO]: Renaming synthetic method lambda$init$4([Lnet/fabricmc/fabric/api/event/registry/RegistryIdRemapCallback;)Lnet/fabricmc/fabric/api/event/registry/RegistryIdRemapCallback; to md56d210$fabric-registry-sync-v0$lambda$init$4$1 in fabric-registry-sync-v0.mixins.json:MappedRegistryMixin from mod fabric-registry-sync-v0
[23:57:55] [main/INFO]: Renaming synthetic method lambda$init$3([Lnet/fabricmc/fabric/api/event/registry/RegistryIdRemapCallback;Lnet/fabricmc/fabric/api/event/registry/RegistryIdRemapCallback$RemapState;)V to md56d210$fabric-registry-sync-v0$lambda$init$3$2 in fabric-registry-sync-v0.mixins.json:MappedRegistryMixin from mod fabric-registry-sync-v0
[23:57:55] [main/INFO]: Renaming synthetic method lambda$init$2(ILnet/minecraft/class_2960;Ljava/lang/Object;)V to md56d210$fabric-registry-sync-v0$lambda$init$2$3 in fabric-registry-sync-v0.mixins.json:MappedRegistryMixin from mod fabric-registry-sync-v0
[23:57:55] [main/INFO]: Renaming synthetic method lambda$init$1([Lnet/fabricmc/fabric/api/event/registry/RegistryEntryAddedCallback;)Lnet/fabricmc/fabric/api/event/registry/RegistryEntryAddedCallback; to md56d210$fabric-registry-sync-v0$lambda$init$1$4 in fabric-registry-sync-v0.mixins.json:MappedRegistryMixin from mod fabric-registry-sync-v0
[23:57:55] [main/INFO]: Renaming synthetic method lambda$init$0([Lnet/fabricmc/fabric/api/event/registry/RegistryEntryAddedCallback;ILnet/minecraft/class_2960;Ljava/lang/Object;)V to md56d210$fabric-registry-sync-v0$lambda$init$0$5 in fabric-registry-sync-v0.mixins.json:MappedRegistryMixin from mod fabric-registry-sync-v0
[23:57:55] [main/INFO]: Mixing MappedRegistryMixin from fabric-tag-api-v1.mixins.json into net.minecraft.class_2370
[23:57:55] [main/INFO]: Mixing RegistriesMixin from fabric-registry-sync-v0.mixins.json into net.minecraft.class_7924
[23:57:55] [main/INFO]: Mixing effect.MobEffectMixin from fabric-entity-events-v1.mixins.json into net.minecraft.class_1291
[23:57:55] [main/INFO]: Mixing ArgumentTypeInfosAccessor from fabric-command-api-v2.mixins.json into net.minecraft.class_2316
[23:57:55] [main/INFO]: Renaming @Accessor method fabric_getClassMap()Ljava/util/Map; to fabric_getClassMap$fabric-command-api-v2_$md$56d210$0 in fabric-command-api-v2.mixins.json:ArgumentTypeInfosAccessor from mod fabric-command-api-v2
[23:57:55] [main/INFO]: Mixing CreativeModeTabsMixin from fabric-item-group-api-v1.mixins.json into net.minecraft.class_7706
[23:57:55] [main/INFO]: Renaming synthetic method lambda$paginateGroups$0(Lnet/minecraft/class_6880$class_6883;Lnet/minecraft/class_6880$class_6883;)I to md56d210$fabric-item-group-api-v1$lambda$paginateGroups$0$0 in fabric-item-group-api-v1.mixins.json:CreativeModeTabsMixin from mod fabric-item-group-api-v1
[23:57:55] [main/INFO]: Mixing CreativeModeTabAccessor from fabric-item-group-api-v1.mixins.json into net.minecraft.class_1761
[23:57:55] [main/INFO]: Mixing CreativeModeTabMixin from fabric-item-group-api-v1.mixins.json into net.minecraft.class_1761
[23:57:55] [main/INFO]: Renaming synthetic method lambda$getStacks$0(Lnet/minecraft/class_1761;)Ljava/lang/IllegalStateException; to md56d210$fabric-item-group-api-v1$lambda$getStacks$0$0 in fabric-item-group-api-v1.mixins.json:CreativeModeTabMixin from mod fabric-item-group-api-v1
[23:57:55] [main/INFO]: Mixing GameRuleMixin from fabric-game-rule-api-v1.mixins.json into net.minecraft.class_12279
[23:57:55] [main/INFO]: Renaming synthetic method lambda$deserializeEnum$1(Ljava/lang/String;)Ljava/lang/String; to md56d210$fabric-game-rule-api-v1$lambda$deserializeEnum$1$0 in fabric-game-rule-api-v1.mixins.json:GameRuleMixin from mod fabric-game-rule-api-v1
[23:57:55] [main/INFO]: Renaming synthetic method lambda$deserializeEnum$0(Ljava/lang/String;Ljava/lang/Class;)Ljava/lang/String; to md56d210$fabric-game-rule-api-v1$lambda$deserializeEnum$0$1 in fabric-game-rule-api-v1.mixins.json:GameRuleMixin from mod fabric-game-rule-api-v1
[23:57:55] [main/INFO]: Mixing FireBlockMixin from fabric-content-registries-v0.mixins.json into net.minecraft.class_2358
[23:57:55] [main/INFO]: Mixing BlockMixin from fabric-block-api-v1.mixins.json into net.minecraft.class_2248
[23:57:55] [main/INFO]: Mixing BlockBehaviourAccessor from fabric-content-registries-v0.mixins.json into net.minecraft.class_4970
[23:57:55] [main/INFO]: Mixing BlockGetterMixin from fabric-block-view-api-v2.mixins.json into net.minecraft.class_1922
[23:57:55] [main/INFO]: Mixing AttachmentTargetsMixin from fabric-data-attachment-api-v1.mixins.json into net.minecraft.class_1297
[23:57:55] [main/INFO]: Renaming synthetic method lambda$fabric_readAttachmentsFromNbt$3(Lnet/minecraft/class_11368;Lnet/fabricmc/fabric/api/attachment/v1/AttachmentType;Ljava/lang/Object;)V to md56d210$fabric-data-attachment-api-v1$lambda$fabric_readAttachmentsFromNbt$3$0 in fabric-data-attachment-api-v1.mixins.json:AttachmentTargetsMixin from mod fabric-data-attachment-api-v1
[23:57:55] [main/INFO]: Renaming synthetic method lambda$onAttachedSet$2(Lnet/fabricmc/fabric/api/attachment/v1/AttachmentType;)Lnet/fabricmc/fabric/api/event/Event; to md56d210$fabric-data-attachment-api-v1$lambda$onAttachedSet$2$1 in fabric-data-attachment-api-v1.mixins.json:AttachmentTargetsMixin from mod fabric-data-attachment-api-v1
[23:57:55] [main/INFO]: Renaming synthetic method lambda$onAttachedSet$1([Lnet/fabricmc/fabric/api/attachment/v1/AttachmentTarget$OnAttachedSet;)Lnet/fabricmc/fabric/api/attachment/v1/AttachmentTarget$OnAttachedSet; to md56d210$fabric-data-attachment-api-v1$lambda$onAttachedSet$1$2 in fabric-data-attachment-api-v1.mixins.json:AttachmentTargetsMixin from mod fabric-data-attachment-api-v1
[23:57:55] [main/INFO]: Renaming synthetic method lambda$onAttachedSet$0([Lnet/fabricmc/fabric/api/attachment/v1/AttachmentTarget$OnAttachedSet;Ljava/lang/Object;Ljava/lang/Object;)V to md56d210$fabric-data-attachment-api-v1$lambda$onAttachedSet$0$3 in fabric-data-attachment-api-v1.mixins.json:AttachmentTargetsMixin from mod fabric-data-attachment-api-v1
[23:57:55] [main/INFO]: Mixing EntityMixin from fabric-data-attachment-api-v1.mixins.json into net.minecraft.class_1297
[23:57:55] [main/INFO]: Renaming synthetic method lambda$fabric_syncChange$0(Lnet/fabricmc/fabric/api/attachment/v1/AttachmentSyncPredicate;Lnet/fabricmc/fabric/impl/attachment/sync/AttachmentChange;Lnet/minecraft/class_3222;)V to md56d210$fabric-data-attachment-api-v1$lambda$fabric_syncChange$0$4 in fabric-data-attachment-api-v1.mixins.json:EntityMixin from mod fabric-data-attachment-api-v1
[23:57:55] [main/INFO]: Mixing EntityMixin from fabric-entity-events-v1.mixins.json into net.minecraft.class_1297
[23:57:55] [main/INFO]: Mixing EntityMixin from fabric-particles-v1.mixins.json into net.minecraft.class_1297
[23:57:55] [main/INFO]: Mixing PlayerMixin from fabric-entity-events-v1.mixins.json into net.minecraft.class_1657
[23:57:55] [main/INFO]: Mixing LivingEntityMixin from fabric-block-api-v1.mixins.json into net.minecraft.class_1309
[23:57:55] [main/INFO]: Mixing LivingEntityMixin from fabric-entity-events-v1.mixins.json into net.minecraft.class_1309
[23:57:55] [main/INFO]: Mixing effect.LivingEntityMixin from fabric-entity-events-v1.mixins.json into net.minecraft.class_1309
[23:57:55] [main/INFO]: Mixing elytra.LivingEntityMixin from fabric-entity-events-v1.mixins.json into net.minecraft.class_1309
[23:57:55] [main/INFO]: Mixing LivingEntityMixin from fabric-item-api-v1.mixins.json into net.minecraft.class_1309
[23:57:55] [main/INFO]: Mixing LivingEntityMixin from fabric-lifecycle-events-v1.mixins.json into net.minecraft.class_1309
[23:57:55] [main/INFO]: Mixing LivingEntityMixin from fabric-particles-v1.mixins.json into net.minecraft.class_1309
[23:57:55] [main/INFO]: Mixing LevelReaderMixin from fabric-block-view-api-v2.mixins.json into net.minecraft.class_4538
[23:57:55] [main/INFO]: Mixing AttachmentTargetsMixin from fabric-data-attachment-api-v1.mixins.json into net.minecraft.class_1937
[23:57:55] [main/INFO]: Mixing LevelMixin from fabric-data-attachment-api-v1.mixins.json into net.minecraft.class_1937
[23:57:55] [main/INFO]: Mixing LevelMixin from fabric-lifecycle-events-v1.mixins.json into net.minecraft.class_1937
[23:57:55] [main/INFO]: Mixing ServerLevelMixin from fabric-api-lookup-api-v1.mixins.json into net.minecraft.class_3218
[23:57:55] [main/INFO]: Renaming synthetic method lambda$fabric_invalidateCache$5(Ljava/util/Map$Entry;)Z to md56d210$fabric-api-lookup-api-v1$lambda$fabric_invalidateCache$5$0 in fabric-api-lookup-api-v1.mixins.json:ServerLevelMixin from mod fabric-api-lookup-api-v1
[23:57:55] [main/INFO]: Renaming synthetic method lambda$fabric_invalidateCache$4(Ljava/lang/ref/WeakReference;)Z to md56d210$fabric-api-lookup-api-v1$lambda$fabric_invalidateCache$4$1 in fabric-api-lookup-api-v1.mixins.json:ServerLevelMixin from mod fabric-api-lookup-api-v1
[23:57:55] [main/INFO]: Renaming synthetic method lambda$fabric_invalidateCache$3(Ljava/lang/ref/WeakReference;)V to md56d210$fabric-api-lookup-api-v1$lambda$fabric_invalidateCache$3$2 in fabric-api-lookup-api-v1.mixins.json:ServerLevelMixin from mod fabric-api-lookup-api-v1
[23:57:55] [main/INFO]: Renaming synthetic method lambda$fabric_invalidateCache$2(Ljava/lang/ref/WeakReference;)Z to md56d210$fabric-api-lookup-api-v1$lambda$fabric_invalidateCache$2$3 in fabric-api-lookup-api-v1.mixins.json:ServerLevelMixin from mod fabric-api-lookup-api-v1
[23:57:55] [main/INFO]: Renaming synthetic method lambda$fabric_registerCache$1(Ljava/lang/ref/WeakReference;)Z to md56d210$fabric-api-lookup-api-v1$lambda$fabric_registerCache$1$4 in fabric-api-lookup-api-v1.mixins.json:ServerLevelMixin from mod fabric-api-lookup-api-v1
[23:57:55] [main/INFO]: Renaming synthetic method lambda$fabric_registerCache$0(Lnet/minecraft/class_2338;)Ljava/util/List; to md56d210$fabric-api-lookup-api-v1$lambda$fabric_registerCache$0$5 in fabric-api-lookup-api-v1.mixins.json:ServerLevelMixin from mod fabric-api-lookup-api-v1
[23:57:55] [main/INFO]: Mixing ServerLevelMixin from fabric-data-attachment-api-v1.mixins.json into net.minecraft.class_3218
[23:57:55] [main/INFO]: Renaming synthetic method lambda$fabric_syncChange$1(Lnet/fabricmc/fabric/api/attachment/v1/AttachmentType;Lnet/fabricmc/fabric/impl/attachment/sync/AttachmentChange;Lnet/minecraft/class_3222;)V to md56d210$fabric-data-attachment-api-v1$lambda$fabric_syncChange$1$6 in fabric-data-attachment-api-v1.mixins.json:ServerLevelMixin from mod fabric-data-attachment-api-v1
[23:57:55] [main/INFO]: Renaming synthetic method lambda$createAttachmentsPersistentState$0(Lnet/minecraft/class_3218;)Lnet/fabricmc/fabric/impl/attachment/AttachmentPersistentState; to md56d210$fabric-data-attachment-api-v1$lambda$createAttachmentsPersistentState$0$7 in fabric-data-attachment-api-v1.mixins.json:ServerLevelMixin from mod fabric-data-attachment-api-v1
[23:57:55] [main/INFO]: Mixing ServerLevelMixin from fabric-lifecycle-events-v1.mixins.json into net.minecraft.class_3218
[23:57:55] [main/INFO]: Mixing BlockStateMixin from fabric-block-api-v1.mixins.json into net.minecraft.class_2680
[23:57:55] [main/INFO]: Mixing BlockBehaviourBlockStateBaseMixin from fabric-content-registries-v0.mixins.json into net.minecraft.class_4970$class_4971
[23:57:55] [main/INFO]: Mixing BlockBehaviourBlockStateBaseMixin from fabric-events-interaction-v0.mixins.json into net.minecraft.class_4970$class_4971
[23:57:55] [main/INFO]: Mixing IdMapperMixin from fabric-registry-sync-v0.mixins.json into net.minecraft.class_2361
[23:57:55] [main/INFO]: Renaming synthetic method lambda$fabric_remapIds$0(Lit/unimi/dsi/fastutil/ints/Int2IntMap;Ljava/lang/Object;Ljava/lang/Integer;)Ljava/lang/Integer; to md56d210$fabric-registry-sync-v0$lambda$fabric_remapIds$0$0 in fabric-registry-sync-v0.mixins.json:IdMapperMixin from mod fabric-registry-sync-v0
[23:57:55] [main/INFO]: Mixing RegistryFriendlyByteBufMixin from fabric-networking-api-v1.mixins.json into net.minecraft.class_9129
[23:57:55] [main/INFO]: Mixing FriendlyByteBufMixin from fabric-networking-api-v1.mixins.json into net.minecraft.class_2540
[23:57:55] [main/INFO]: Mixing BlocksMixin from fabric-registry-sync-v0.mixins.json into net.minecraft.class_2246
[23:57:55] [main/INFO]: Renaming synthetic method lambda$initShapeCache$0(ILnet/minecraft/class_2960;Lnet/minecraft/class_2248;)V to md56d210$fabric-registry-sync-v0$lambda$initShapeCache$0$0 in fabric-registry-sync-v0.mixins.json:BlocksMixin from mod fabric-registry-sync-v0
[23:57:55] [main/INFO]: Mixing WeatheringCopperMixin from fabric-content-registries-v0.mixins.json into net.minecraft.class_5955
[23:57:55] [main/INFO]: Mixing EntityTypeMixin from fabric-object-builder-v1.mixins.json into net.minecraft.class_1299
[23:57:56] [main/INFO]: Mixing FluidMixin from fabric-transfer-api-v1.mixins.json into net.minecraft.class_3611
[23:57:56] [main/INFO]: Mixing DataComponentMapBuilderMixin from fabric-item-api-v1.mixins.json into net.minecraft.class_9323$class_9324
[23:57:56] [main/INFO]: Mixing BlockEntityMixin from fabric-block-view-api-v2.mixins.json into net.minecraft.class_2586
[23:57:56] [main/INFO]: Mixing AttachmentTargetsMixin from fabric-data-attachment-api-v1.mixins.json into net.minecraft.class_2586
[23:57:56] [main/INFO]: Mixing BlockEntityMixin from fabric-data-attachment-api-v1.mixins.json into net.minecraft.class_2586
[23:57:56] [main/INFO]: Renaming synthetic method lambda$fabric_syncChange$0(Lnet/fabricmc/fabric/api/attachment/v1/AttachmentType;Lnet/fabricmc/fabric/impl/attachment/sync/AttachmentChange;Lnet/minecraft/class_3222;)V to md56d210$fabric-data-attachment-api-v1$lambda$fabric_syncChange$0$0 in fabric-data-attachment-api-v1.mixins.json:BlockEntityMixin from mod fabric-data-attachment-api-v1
[23:57:56] [main/INFO]: Mixing BlockParticleOptionMixin from fabric-particles-v1.mixins.json into net.minecraft.class_2388
[23:57:56] [main/INFO]: Mixing MenuProviderMixin from fabric-screen-handler-api-v1.mixins.json into net.minecraft.class_3908
[23:57:56] [main/INFO]: Mixing BaseContainerBlockEntityMixin from fabric-transfer-api-v1.mixins.json into net.minecraft.class_2624
[23:57:56] [main/INFO]: Mixing DetectorRailBlockMixin from fabric-object-builder-v1.mixins.json into net.minecraft.class_2313
[23:57:56] [main/INFO]: Renaming synthetic method lambda$getCustomComparatorOutput$0(Lnet/minecraft/class_1297;)Z to md56d210$fabric-object-builder-api-v1$lambda$getCustomComparatorOutput$0$0 in fabric-object-builder-v1.mixins.json:DetectorRailBlockMixin from mod fabric-object-builder-api-v1
[23:57:56] [main/INFO]: Mixing MobMixin from fabric-entity-events-v1.mixins.json into net.minecraft.class_1308
[23:57:56] [main/INFO]: Mixing ChiseledBookShelfBlockEntityMixin from fabric-transfer-api-v1.mixins.json into net.minecraft.class_7716
[23:57:56] [main/WARN]: @Shadow target fabric-transfer-api-v1.mixins.json:ChiseledBookShelfBlockEntityMixin from mod fabric-transfer-api-v1::field_41314 is final but shadow is not decorated with @Final
[23:57:56] [main/INFO]: Mixing ListBackedContainerMixin from fabric-transfer-api-v1.mixins.json into net.minecraft.class_11596
[23:57:56] [main/INFO]: Mixing ShelfBlockEntityMixin from fabric-transfer-api-v1.mixins.json into net.minecraft.class_11597
[23:57:56] [main/INFO]: Mixing BlockEntityTypeAccessor from fabric-api-lookup-api-v1.mixins.json into net.minecraft.class_2591
[23:57:56] [main/INFO]: Mixing BlockEntityTypeMixin from fabric-object-builder-v1.mixins.json into net.minecraft.class_2591
[23:57:56] [main/WARN]: Write access to @Mutable @Final field field_19315:Ljava/util/Set; in fabric-object-builder-v1.mixins.json:BlockEntityTypeMixin from mod fabric-object-builder-api-v1::handler$zgp000$fabric-object-builder-api-v1$mutableBlocks
[23:57:56] [main/INFO]: Mixing AbstractFurnaceBlockEntityMixin from fabric-item-api-v1.mixins.json into net.minecraft.class_2609
[23:57:56] [main/INFO]: Mixing AbstractFurnaceBlockEntityMixin from fabric-transfer-api-v1.mixins.json into net.minecraft.class_2609
[23:57:56] [main/INFO]: Mixing JukeboxBlockEntityMixin from fabric-transfer-api-v1.mixins.json into net.minecraft.class_2619
[23:57:56] [main/INFO]: Mixing BrewingStandBlockEntityMixin from fabric-item-api-v1.mixins.json into net.minecraft.class_2589
[23:57:56] [main/INFO]: Mixing ItemStackMixin from fabric-events-interaction-v0.mixins.json into net.minecraft.class_1799
[23:57:56] [main/INFO]: Mixing ItemStackMixin from fabric-item-api-v1.mixins.json into net.minecraft.class_1799
[23:57:56] [main/INFO]: Renaming synthetic method lambda$hookDamage$0(Lorg/apache/commons/lang3/mutable/MutableBoolean;Ljava/util/function/Consumer;)V to md56d210$fabric-item-api-v1$lambda$hookDamage$0$0 in fabric-item-api-v1.mixins.json:ItemStackMixin from mod fabric-item-api-v1
[23:57:56] [main/INFO]: Mixing AnvilMenuMixin from fabric-item-api-v1.mixins.json into net.minecraft.class_1706
[23:57:56] [main/INFO]: Mixing HopperBlockEntityMixin from fabric-transfer-api-v1.mixins.json into net.minecraft.class_2614
[23:57:56] [main/INFO]: Renaming synthetic method lambda$hookExtract$1(Lnet/fabricmc/fabric/api/transfer/v1/item/ItemVariant;)Z to md56d210$fabric-transfer-api-v1$lambda$hookExtract$1$0 in fabric-transfer-api-v1.mixins.json:HopperBlockEntityMixin from mod fabric-transfer-api-v1
[23:57:56] [main/INFO]: Renaming synthetic method lambda$hookInsert$0(Lnet/fabricmc/fabric/api/transfer/v1/item/ItemVariant;)Z to md56d210$fabric-transfer-api-v1$lambda$hookInsert$0$1 in fabric-transfer-api-v1.mixins.json:HopperBlockEntityMixin from mod fabric-transfer-api-v1
[23:57:56] [main/INFO]: Mixing DropperBlockMixin from fabric-transfer-api-v1.mixins.json into net.minecraft.class_2325
[23:57:56] [main/INFO]: Renaming synthetic method lambda$hookDispense$0(Lnet/fabricmc/fabric/api/transfer/v1/item/ItemVariant;)Z to md56d210$fabric-transfer-api-v1$lambda$hookDispense$0$0 in fabric-transfer-api-v1.mixins.json:DropperBlockMixin from mod fabric-transfer-api-v1
[23:57:56] [main/INFO]: Mixing BannerBlockEntityMixin from fabric-data-attachment-api-v1.mixins.json into net.minecraft.class_2573
[23:57:57] [main/INFO]: Mixing CrafterBlockMixin from fabric-transfer-api-v1.mixins.json into net.minecraft.class_8886
[23:57:57] [main/INFO]: Mixing ItemAccessor from fabric-item-api-v1.mixins.json into net.minecraft.class_1792
[23:57:57] [main/INFO]: Mixing ItemMixin from fabric-item-api-v1.mixins.json into net.minecraft.class_1792
[23:57:57] [main/INFO]: Mixing ItemMixin from fabric-transfer-api-v1.mixins.json into net.minecraft.class_1792
[23:57:57] [main/INFO]: Mixing BucketItemAccessor from fabric-transfer-api-v1.mixins.json into net.minecraft.class_1755
[23:57:57] [main/INFO]: Mixing BucketItemMixin from fabric-transfer-api-v1.mixins.json into net.minecraft.class_1755
[23:57:57] [main/INFO]: Mixing ShovelItemAccessor from fabric-content-registries-v0.mixins.json into net.minecraft.class_1821
[23:57:57] [main/INFO]: Renaming @Accessor method getPathStates()Ljava/util/Map; to getPathStates$fabric-content-registries-v0_$md$56d210$0 in fabric-content-registries-v0.mixins.json:ShovelItemAccessor from mod fabric-content-registries-v0
[23:57:57] [main/INFO]: Mixing AxeItemAccessor from fabric-content-registries-v0.mixins.json into net.minecraft.class_1743
[23:57:57] [main/INFO]: Renaming @Accessor method getStrippedBlocks()Ljava/util/Map; to getStrippedBlocks$fabric-content-registries-v0_$md$56d210$0 in fabric-content-registries-v0.mixins.json:AxeItemAccessor from mod fabric-content-registries-v0
[23:57:57] [main/INFO]: Renaming @Accessor method setStrippedBlocks(Ljava/util/Map;)V to setStrippedBlocks$fabric-content-registries-v0_$md$56d210$1 in fabric-content-registries-v0.mixins.json:AxeItemAccessor from mod fabric-content-registries-v0
[23:57:57] [main/INFO]: Mixing AxeItemMixin from fabric-content-registries-v0.mixins.json into net.minecraft.class_1743
[23:57:57] [main/INFO]: Renaming synthetic method lambda$handleCustomStrippingBehavior$0(Lnet/fabricmc/fabric/api/registry/StrippableBlockRegistry$StrippingTransformer;Lnet/minecraft/class_2680;Lnet/minecraft/class_2248;)Lnet/minecraft/class_2680; to md56d210$fabric-content-registries-v0$lambda$handleCustomStrippingBehavior$0$2 in fabric-content-registries-v0.mixins.json:AxeItemMixin from mod fabric-content-registries-v0
[23:57:57] [main/INFO]: Mixing HoeItemAccessor from fabric-content-registries-v0.mixins.json into net.minecraft.class_1794
[23:57:57] [main/INFO]: Renaming @Accessor method getTillingActions()Ljava/util/Map; to getTillingActions$fabric-content-registries-v0_$md$56d210$0 in fabric-content-registries-v0.mixins.json:HoeItemAccessor from mod fabric-content-registries-v0
[23:57:57] [main/INFO]: Mixing ItemPropertiesMixin from fabric-item-api-v1.mixins.json into net.minecraft.class_1792$class_1793
[23:57:57] [main/WARN]: Write access to @Mutable @Final field field_54119:Lnet/minecraft/class_10162; in fabric-item-api-v1.mixins.json:ItemPropertiesMixin from mod fabric-item-api-v1::modelId
[23:57:57] [main/INFO]: Mixing TagKeyMixin from fabric-convention-tags-api-v2.mixins.json into net.minecraft.class_6862
[23:57:57] [main/INFO]: Mixing ValueOutputMixin from fabric-serialization-api-v1.mixins.json into net.minecraft.class_11372
[23:57:58] [main/INFO]: Mixing TooltipFlagMixin from fabric-item-api-v1.mixins.json into net.minecraft.class_1836
[23:57:58] [main/INFO]: Mixing BundleContentsAccessor from fabric-transfer-api-v1.mixins.json into net.minecraft.class_9276
[23:57:58] [main/INFO]: Renaming @Invoker method getOccupancy(Lnet/minecraft/class_1799;)Lorg/apache/commons/lang3/math/Fraction; to getOccupancy$fabric-transfer-api-v1_$md$56d210$0 in fabric-transfer-api-v1.mixins.json:BundleContentsAccessor from mod fabric-transfer-api-v1
[23:57:58] [main/INFO]: Mixing EntityTypeBuilderMixin from fabric-object-builder-v1.mixins.json into net.minecraft.class_1299$class_1300
[23:57:58] [main/INFO]: Mixing TaggedChoiceMixin from fabric-dimensions-v1.mixins.json into com.mojang.datafixers.types.templates.TaggedChoice
[23:57:58] [main/INFO]: Mixing TaggedChoiceTaggedChoiceTypeMixin from fabric-dimensions-v1.mixins.json into com.mojang.datafixers.types.templates.TaggedChoice$TaggedChoiceType
[23:57:58] [main/INFO]: Mixing V2832Mixin from fabric-dimensions-v1.mixins.json into net.minecraft.class_6640
[23:57:58] [main/INFO]: Mixing ServerPlayerMixin from fabric-entity-events-v1.mixins.json into net.minecraft.class_3222
[23:57:58] [main/INFO]: Mixing ServerPlayerMixin from fabric-events-interaction-v0.mixins.json into net.minecraft.class_3222
[23:57:58] [main/INFO]: Mixing ServerPlayerMixin from fabric-particles-v1.mixins.json into net.minecraft.class_3222
[23:57:58] [main/INFO]: Mixing ServerPlayerMixin from fabric-screen-handler-api-v1.mixins.json into net.minecraft.class_3222
[23:57:58] [main/INFO]: Mixing BreezeMixin from fabric-particles-v1.mixins.json into net.minecraft.class_8949
[23:57:58] [main/INFO]: Mixing VillagerAccessor from fabric-content-registries-v0.mixins.json into net.minecraft.class_1646
[23:57:58] [main/INFO]: Renaming @Accessor method fabric_setItemFoodValues(Ljava/util/Map;)V to fabric_setItemFoodValues$fabric-content-registries-v0_$md$56d210$0 in fabric-content-registries-v0.mixins.json:VillagerAccessor from mod fabric-content-registries-v0
[23:57:58] [main/INFO]: Mixing VillagerMixin from fabric-content-registries-v0.mixins.json into net.minecraft.class_1646
[23:57:58] [main/INFO]: Mixing EntityDataSerializersAccessor from fabric-object-builder-v1.mixins.json into net.minecraft.class_2943
[23:57:58] [main/INFO]: Renaming @Accessor method fabric_getDataHandlers()Lnet/minecraft/class_3513; to fabric_getDataHandlers$fabric-object-builder-api-v1_$md$56d210$0 in fabric-object-builder-v1.mixins.json:EntityDataSerializersAccessor from mod fabric-object-builder-api-v1
[23:57:58] [main/INFO]: Mixing EntityDataSerializersMixin from fabric-object-builder-v1.mixins.json into net.minecraft.class_2943
[23:57:58] [main/INFO]: Mixing AttachmentTargetsMixin from fabric-data-attachment-api-v1.mixins.json into net.minecraft.class_2791
[23:57:58] [main/INFO]: Mixing ChunkAccessMixin from fabric-data-attachment-api-v1.mixins.json into net.minecraft.class_2791
[23:57:58] [main/INFO]: Mixing LevelChunkMixin from fabric-data-attachment-api-v1.mixins.json into net.minecraft.class_2818
[23:57:58] [main/INFO]: Renaming synthetic method lambda$fabric_syncChange$0(Lnet/fabricmc/fabric/api/attachment/v1/AttachmentType;Lnet/fabricmc/fabric/impl/attachment/sync/AttachmentChange;Lnet/minecraft/class_3222;)V to md56d210$fabric-data-attachment-api-v1$lambda$fabric_syncChange$0$0 in fabric-data-attachment-api-v1.mixins.json:LevelChunkMixin from mod fabric-data-attachment-api-v1
[23:57:58] [main/INFO]: Mixing server.LevelChunkMixin from fabric-lifecycle-events-v1.mixins.json into net.minecraft.class_2818
[23:57:58] [main/INFO]: Mixing WardenMixin from fabric-particles-v1.mixins.json into net.minecraft.class_7260
[23:57:58] [main/INFO]: Mixing ItemContainerContentsAccessor from fabric-transfer-api-v1.mixins.json into net.minecraft.class_9288
[23:57:58] [main/INFO]: Mixing LootTableAccessor from fabric-loot-api-v3.mixins.json into net.minecraft.class_52
[23:57:58] [main/INFO]: Mixing LootTableMixin from fabric-loot-api-v3.mixins.json into net.minecraft.class_52
[23:57:59] [main/INFO]: Mixing EnchantRandomlyFunctionMixin from fabric-item-api-v1.mixins.json into net.minecraft.class_109
[23:57:59] [main/INFO]: Mixing HoneycombItemMixin from fabric-content-registries-v0.mixins.json into net.minecraft.class_5953
[23:57:59] [main/INFO]: Mixing BrushItemMixin from fabric-particles-v1.mixins.json into net.minecraft.class_8162
[23:57:59] [main/INFO]: Mixing EntitySelectorOptionsAccessor from fabric-command-api-v2.mixins.json into net.minecraft.class_2306
[23:57:59] [main/INFO]: Renaming @Invoker method callPutOption(Ljava/lang/String;Lnet/minecraft/class_2306$class_2307;Ljava/util/function/Predicate;Lnet/minecraft/class_2561;)V to callPutOption$fabric-command-api-v2_$md$56d210$0 in fabric-command-api-v2.mixins.json:EntitySelectorOptionsAccessor from mod fabric-command-api-v2
[23:57:59] [main/INFO]: Mixing EntitySelectorParserMixin from fabric-command-api-v2.mixins.json into net.minecraft.class_2303
[23:57:59] [main/INFO]: Mixing SimpleContainerMixin from fabric-transfer-api-v1.mixins.json into net.minecraft.class_1277
[23:57:59] [main/INFO]: Mixing CraftingRecipeMixin from fabric-item-api-v1.mixins.json into net.minecraft.class_3955
[23:57:59] [main/INFO]: Mixing ingredient.IngredientMixin from fabric-recipe-api-v1.mixins.json into net.minecraft.class_1856
[23:57:59] [main/INFO]: Renaming synthetic method lambda$injectCodec$2(Lnet/minecraft/class_1856;)Lcom/mojang/datafixers/util/Either; to md56d210$fabric-recipe-api-v1$lambda$injectCodec$2$0 in fabric-recipe-api-v1.mixins.json:ingredient.IngredientMixin from mod fabric-recipe-api-v1
[23:57:59] [main/INFO]: Renaming synthetic method lambda$injectCodec$1(Lcom/mojang/datafixers/util/Either;)Lnet/minecraft/class_1856; to md56d210$fabric-recipe-api-v1$lambda$injectCodec$1$1 in fabric-recipe-api-v1.mixins.json:ingredient.IngredientMixin from mod fabric-recipe-api-v1
[23:57:59] [main/INFO]: Renaming synthetic method lambda$injectCodec$0(Lnet/minecraft/class_1856;)Lnet/minecraft/class_1856; to md56d210$fabric-recipe-api-v1$lambda$injectCodec$0$2 in fabric-recipe-api-v1.mixins.json:ingredient.IngredientMixin from mod fabric-recipe-api-v1
[23:57:59] [main/WARN]: Write access to @Mutable @Final field field_46095:Lcom/mojang/serialization/Codec; in fabric-recipe-api-v1.mixins.json:ingredient.IngredientMixin from mod fabric-recipe-api-v1::handler$zib000$fabric-recipe-api-v1$injectCodec
[23:57:59] [main/INFO]: Mixing ingredient.ShapelessRecipeMixin from fabric-recipe-api-v1.mixins.json into net.minecraft.class_1867
[23:57:59] [main/INFO]: Mixing ChunkStatusTasksMixin from fabric-lifecycle-events-v1.mixins.json into net.minecraft.class_9310
[23:58:00] [main/INFO]: Mixing BiomeSourceMixin from fabric-biome-api-v1.mixins.json into net.minecraft.class_1966
[23:58:00] [main/INFO]: Mixing MultiNoiseBiomeSourceMixin from fabric-biome-api-v1.mixins.json into net.minecraft.class_4766
[23:58:00] [main/INFO]: Mixing NetherBiomePresetMixin from fabric-biome-api-v1.mixins.json into net.minecraft.class_8197$class_5305$1
[23:58:00] [main/INFO]: Mixing RegistryOpsAccessor from fabric-resource-conditions-api-v1.mixins.json into net.minecraft.class_6903
[23:58:00] [main/INFO]: Mixing TheEndBiomeSourceMixin from fabric-biome-api-v1.mixins.json into net.minecraft.class_2169
[23:58:00] [main/INFO]: Renaming synthetic method lambda$init$1(Lnet/minecraft/class_7871;)Lnet/fabricmc/fabric/impl/biome/TheEndBiomeData$Overrides; to md56d210$fabric-biome-api-v1$lambda$init$1$0 in fabric-biome-api-v1.mixins.json:TheEndBiomeSourceMixin from mod fabric-biome-api-v1
[23:58:00] [main/INFO]: Renaming synthetic method lambda$modifyCodec$0(Lcom/mojang/serialization/codecs/RecordCodecBuilder$Instance;)Lcom/mojang/datafixers/kinds/App; to md56d210$fabric-biome-api-v1$lambda$modifyCodec$0$1 in fabric-biome-api-v1.mixins.json:TheEndBiomeSourceMixin from mod fabric-biome-api-v1
[23:58:00] [main/WARN]: Write access to @Mutable @Final field field_24730:Lcom/mojang/serialization/MapCodec; in fabric-biome-api-v1.mixins.json:TheEndBiomeSourceMixin from mod fabric-biome-api-v1::handler$zze000$fabric-biome-api-v1$modifyCodec
[23:58:00] [main/INFO]: Mixing DebugLevelSourceAccessor from fabric-registry-sync-v0.mixins.json into net.minecraft.class_2891
[23:58:00] [main/INFO]: Renaming @Accessor method setALL_BLOCKS(Ljava/util/List;)V to setALL_BLOCKS$fabric-registry-sync-v0_$md$56d210$0 in fabric-registry-sync-v0.mixins.json:DebugLevelSourceAccessor from mod fabric-registry-sync-v0
[23:58:00] [main/INFO]: Renaming @Accessor method setGRID_WIDTH(I)V to setGRID_WIDTH$fabric-registry-sync-v0_$md$56d210$1 in fabric-registry-sync-v0.mixins.json:DebugLevelSourceAccessor from mod fabric-registry-sync-v0
[23:58:00] [main/INFO]: Renaming @Accessor method setGRID_HEIGHT(I)V to setGRID_HEIGHT$fabric-registry-sync-v0_$md$56d210$2 in fabric-registry-sync-v0.mixins.json:DebugLevelSourceAccessor from mod fabric-registry-sync-v0
[23:58:00] [main/INFO]: Mixing GameRulesServiceGameRuleUpdateMixin from fabric-game-rule-api-v1.mixins.json into net.minecraft.class_11844$class_12254
[23:58:00] [main/INFO]: Renaming synthetic method lambda$fabric_createTypedCodec$4(Lnet/minecraft/class_12279;Lcom/mojang/serialization/codecs/RecordCodecBuilder$Instance;)Lcom/mojang/datafixers/kinds/App; to md56d210$fabric-game-rule-api-v1$lambda$fabric_createTypedCodec$4$0 in fabric-game-rule-api-v1.mixins.json:GameRulesServiceGameRuleUpdateMixin from mod fabric-game-rule-api-v1
[23:58:00] [main/INFO]: Renaming synthetic method lambda$fabric_createTypedCodec$3(Lnet/minecraft/class_12279;Lnet/fabricmc/fabric/impl/gamerule/rpc/FabricGameRuleType;Ljava/lang/Object;)Lnet/minecraft/class_11844$class_12254; to md56d210$fabric-game-rule-api-v1$lambda$fabric_createTypedCodec$3$1 in fabric-game-rule-api-v1.mixins.json:GameRulesServiceGameRuleUpdateMixin from mod fabric-game-rule-api-v1
[23:58:00] [main/INFO]: Renaming synthetic method lambda$fabric_createTypedCodec$2(Lnet/minecraft/class_11844$class_12254;)Lnet/fabricmc/fabric/impl/gamerule/rpc/FabricGameRuleType; to md56d210$fabric-game-rule-api-v1$lambda$fabric_createTypedCodec$2$2 in fabric-game-rule-api-v1.mixins.json:GameRulesServiceGameRuleUpdateMixin from mod fabric-game-rule-api-v1
[23:58:00] [main/INFO]: Renaming synthetic method lambda$fabricTypeCodec$1(Lnet/minecraft/class_11844$class_12254;)Lcom/mojang/datafixers/util/Either; to md56d210$fabric-game-rule-api-v1$lambda$fabricTypeCodec$1$3 in fabric-game-rule-api-v1.mixins.json:GameRulesServiceGameRuleUpdateMixin from mod fabric-game-rule-api-v1
[23:58:00] [main/INFO]: Renaming synthetic method lambda$fabricTypeCodec$0(Lcom/mojang/datafixers/util/Either;)Lnet/minecraft/class_11844$class_12254; to md56d210$fabric-game-rule-api-v1$lambda$fabricTypeCodec$0$4 in fabric-game-rule-api-v1.mixins.json:GameRulesServiceGameRuleUpdateMixin from mod fabric-game-rule-api-v1
[23:58:00] [main/INFO]: Mixing DefaultAttributesAccessor from fabric-object-builder-v1.mixins.json into net.minecraft.class_5135
[23:58:00] [main/INFO]: Renaming @Accessor method getRegistry()Ljava/util/Map; to getRegistry$fabric-object-builder-api-v1_$md$56d210$0 in fabric-object-builder-v1.mixins.json:DefaultAttributesAccessor from mod fabric-object-builder-api-v1
[23:58:00] [main/INFO]: Mixing DefaultAttributesMixin from fabric-object-builder-v1.mixins.json into net.minecraft.class_5135
[23:58:00] [main/WARN]: Write access to @Mutable @Final field field_23730:Ljava/util/Map; in fabric-object-builder-v1.mixins.json:DefaultAttributesMixin from mod fabric-object-builder-api-v1::handler$zha000$fabric-object-builder-api-v1$injectAttributes
[23:58:00] [main/INFO]: Mixing modification.MinecraftServerMixin from fabric-biome-api-v1.mixins.json into net.minecraft.server.MinecraftServer
[23:58:00] [main/INFO]: Mixing MinecraftServerMixin from fabric-game-rule-api-v1.mixins.json into net.minecraft.server.MinecraftServer
[23:58:00] [main/INFO]: Mixing MinecraftServerMixin from fabric-lifecycle-events-v1.mixins.json into net.minecraft.server.MinecraftServer
[23:58:00] [main/INFO]: Renaming synthetic method lambda$endResourceReload$0(Ljava/lang/Void;Ljava/lang/Throwable;)Ljava/lang/Void; to md56d210$fabric-lifecycle-events-v1$lambda$endResourceReload$0$0 in fabric-lifecycle-events-v1.mixins.json:MinecraftServerMixin from mod fabric-lifecycle-events-v1
[23:58:00] [main/INFO]: Mixing MinecraftServerMixin from fabric-message-api-v1.mixins.json into net.minecraft.server.MinecraftServer
[23:58:00] [main/INFO]: Renaming synthetic method lambda$onGetChatDecorator$0(Lnet/minecraft/class_3222;Lnet/minecraft/class_2561;)Lnet/minecraft/class_2561; to md56d210$fabric-message-api-v1$lambda$onGetChatDecorator$0$1 in fabric-message-api-v1.mixins.json:MinecraftServerMixin from mod fabric-message-api-v1
[23:58:00] [main/INFO]: Mixing MinecraftServerMixin from fabric-resource-loader-v1.mixins.json into net.minecraft.server.MinecraftServer
[23:58:00] [main/INFO]: Renaming synthetic method lambda$init$0(Lnet/minecraft/class_3262;)Ljava/util/stream/Stream; to md56d210$fabric-resource-loader-v1$lambda$init$0$2 in fabric-resource-loader-v1.mixins.json:MinecraftServerMixin from mod fabric-resource-loader-v1
[23:58:00] [main/INFO]: Mixing ServerConfigurationPacketListenerImplMixin from fabric-networking-api-v1.mixins.json into net.minecraft.class_8610
[23:58:00] [main/INFO]: Renaming synthetic method lambda$bindChannelInfo$0(Lnet/minecraft/class_9129;)Lnet/minecraft/class_9129; to md56d210$fabric-networking-api-v1$lambda$bindChannelInfo$0$0 in fabric-networking-api-v1.mixins.json:ServerConfigurationPacketListenerImplMixin from mod fabric-networking-api-v1
[23:58:00] [main/INFO]: Mixing ServerConfigurationPacketListenerImplMixin from fabric-resource-loader-v1.mixins.json into net.minecraft.class_8610
[23:58:00] [main/INFO]: Mixing ServerCommonPacketListenerImplMixin from fabric-networking-api-v1.mixins.json into net.minecraft.class_8609
[23:58:00] [main/INFO]: Mixing accessor.ServerCommonPacketListenerImplAccessor from fabric-networking-api-v1.mixins.json into net.minecraft.class_8609
[23:58:00] [main/INFO]: Mixing sync.ServerCommonPacketListenerImplAccessor from fabric-recipe-api-v1.mixins.json into net.minecraft.class_8609
[23:58:00] [main/INFO]: Mixing ServerboundCustomPayloadPacketAccessor from fabric-data-attachment-api-v1.mixins.json into net.minecraft.class_2817
[23:58:00] [main/INFO]: Mixing ServerboundCustomPayloadPacketMixin from fabric-networking-api-v1.mixins.json into net.minecraft.class_2817
[23:58:00] [main/INFO]: Renaming synthetic method lambda$wrapCodec$0(Lnet/minecraft/class_2540;Lnet/minecraft/class_2960;)Lnet/minecraft/class_8710$class_9155; to md56d210$fabric-networking-api-v1$lambda$wrapCodec$0$0 in fabric-networking-api-v1.mixins.json:ServerboundCustomPayloadPacketMixin from mod fabric-networking-api-v1
[23:58:00] [main/INFO]: Mixing CustomPayloadPacketCodecMixin from fabric-networking-api-v1.mixins.json into net.minecraft.class_8710$1
[23:58:00] [main/INFO]: Mixing LootTableBuilderMixin from fabric-loot-api-v2.mixins.json into net.minecraft.class_52$class_53
[23:58:00] [main/INFO]: Mixing LootTableBuilderMixin from fabric-loot-api-v3.mixins.json into net.minecraft.class_52$class_53
[23:58:00] [main/WARN]: Write access to @Mutable @Final field field_949:Lcom/google/common/collect/ImmutableList$Builder; in fabric-loot-api-v3.mixins.json:LootTableBuilderMixin from mod fabric-loot-api-v3::modifyPools
[23:58:00] [main/INFO]: Mixing VarIntAccessor from fabric-data-attachment-api-v1.mixins.json into net.minecraft.class_8703
[23:58:00] [main/INFO]: Renaming @Accessor method getMaxByteSize()I to getMaxByteSize$fabric-data-attachment-api-v1_$md$56d210$0 in fabric-data-attachment-api-v1.mixins.json:VarIntAccessor from mod fabric-data-attachment-api-v1
[23:58:00] [main/INFO]: External mod presence only: grimac=false, antixray=false; actual function must be tested separately
[23:58:00] [main/INFO]: Mixing ServerGamePacketListenerImplMixin from fabric-networking-api-v1.mixins.json into net.minecraft.class_3244
[23:58:00] [main/INFO]: Mixing ServerGamePacketListenerImplMixin from fabric-events-interaction-v0.mixins.json into net.minecraft.class_3244
[23:58:00] [main/WARN]: @Shadow field fabric-events-interaction-v0.mixins.json:ServerGamePacketListenerImplMixin from mod fabric-events-interaction-v0::field_14140 is decorated with @Final but target is not final
[23:58:00] [main/INFO]: Mixing MappedRegistryTagSet2Accessor from fabric-tag-api-v1.mixins.json into net.minecraft.class_2370$class_10105$2
[23:58:00] [main/INFO]: Mixing DedicatedServerPropertiesMixin from fabric-resource-loader-v1.mixins.json into net.minecraft.class_3806
[23:58:00] [main/INFO]: Mixing PackMixin from fabric-resource-conditions-api-v1.mixins.json into net.minecraft.class_3288
[23:58:00] [main/INFO]: Mixing PackMixin from fabric-resource-loader-v1.mixins.json into net.minecraft.class_3288
[23:58:00] [main/INFO]: Renaming synthetic method lambda$static$0(Ljava/util/Set;)Z to md56d210$fabric-resource-loader-v1$lambda$static$0$0 in fabric-resource-loader-v1.mixins.json:PackMixin from mod fabric-resource-loader-v1
[23:58:00] [main/WARN]: @At("STORE" implicit List) has invalid IMPLICIT discriminator for opcode 6 in net/minecraft/class_3288::method_45274(Lnet/minecraft/class_9224;Lnet/minecraft/class_3288$class_7680;Lnet/minecraft/class_11555;Lnet/minecraft/class_3264;)Lnet/minecraft/class_3288$class_7679;: Found 0 candidate variables but exactly 1 is required.
[23:58:00] [main/WARN]: @At("STORE" implicit List) has invalid IMPLICIT discriminator for opcode 14 in net/minecraft/class_3288::method_45274(Lnet/minecraft/class_9224;Lnet/minecraft/class_3288$class_7680;Lnet/minecraft/class_11555;Lnet/minecraft/class_3264;)Lnet/minecraft/class_3288$class_7679;: Found 0 candidate variables but exactly 1 is required.
[23:58:00] [main/WARN]: @At("STORE" implicit List) has invalid IMPLICIT discriminator for opcode 25 in net/minecraft/class_3288::method_45274(Lnet/minecraft/class_9224;Lnet/minecraft/class_3288$class_7680;Lnet/minecraft/class_11555;Lnet/minecraft/class_3264;)Lnet/minecraft/class_3288$class_7679;: Found 0 candidate variables but exactly 1 is required.
[23:58:00] [main/WARN]: @At("STORE" implicit List) has invalid IMPLICIT discriminator for opcode 41 in net/minecraft/class_3288::method_45274(Lnet/minecraft/class_9224;Lnet/minecraft/class_3288$class_7680;Lnet/minecraft/class_11555;Lnet/minecraft/class_3264;)Lnet/minecraft/class_3288$class_7679;: Found 0 candidate variables but exactly 1 is required.
[23:58:00] [main/WARN]: @At("STORE" implicit List) has invalid IMPLICIT discriminator for opcode 60 in net/minecraft/class_3288::method_45274(Lnet/minecraft/class_9224;Lnet/minecraft/class_3288$class_7680;Lnet/minecraft/class_11555;Lnet/minecraft/class_3264;)Lnet/minecraft/class_3288$class_7679;: Found 0 candidate variables but exactly 1 is required.
[23:58:00] [main/WARN]: @At("STORE" implicit List) has invalid IMPLICIT discriminator for opcode 73 in net/minecraft/class_3288::method_45274(Lnet/minecraft/class_9224;Lnet/minecraft/class_3288$class_7680;Lnet/minecraft/class_11555;Lnet/minecraft/class_3264;)Lnet/minecraft/class_3288$class_7679;: Found 0 candidate variables but exactly 1 is required.
[23:58:00] [main/WARN]: @At("STORE" implicit List) has invalid IMPLICIT discriminator for opcode 80 in net/minecraft/class_3288::method_45274(Lnet/minecraft/class_9224;Lnet/minecraft/class_3288$class_7680;Lnet/minecraft/class_11555;Lnet/minecraft/class_3264;)Lnet/minecraft/class_3288$class_7679;: Found 0 candidate variables but exactly 1 is required.
[23:58:00] [main/WARN]: @At("STORE" implicit List) has invalid IMPLICIT discriminator for opcode 88 in net/minecraft/class_3288::method_45274(Lnet/minecraft/class_9224;Lnet/minecraft/class_3288$class_7680;Lnet/minecraft/class_11555;Lnet/minecraft/class_3264;)Lnet/minecraft/class_3288$class_7679;: Found 0 candidate variables but exactly 1 is required.
[23:58:00] [main/WARN]: @At("STORE" implicit List) has invalid IMPLICIT discriminator for opcode 128 in net/minecraft/class_3288::method_45274(Lnet/minecraft/class_9224;Lnet/minecraft/class_3288$class_7680;Lnet/minecraft/class_11555;Lnet/minecraft/class_3264;)Lnet/minecraft/class_3288$class_7679;: Found 0 candidate variables but exactly 1 is required.
[23:58:00] [main/WARN]: @At("STORE" implicit List) has invalid IMPLICIT discriminator for opcode 139 in net/minecraft/class_3288::method_45274(Lnet/minecraft/class_9224;Lnet/minecraft/class_3288$class_7680;Lnet/minecraft/class_11555;Lnet/minecraft/class_3264;)Lnet/minecraft/class_3288$class_7679;: Found 0 candidate variables but exactly 1 is required.
[23:58:00] [main/WARN]: @At("STORE" implicit List) has invalid IMPLICIT discriminator for opcode 151 in net/minecraft/class_3288::method_45274(Lnet/minecraft/class_9224;Lnet/minecraft/class_3288$class_7680;Lnet/minecraft/class_11555;Lnet/minecraft/class_3264;)Lnet/minecraft/class_3288$class_7679;: Found 0 candidate variables but exactly 1 is required.
[23:58:00] [main/INFO]: Environment: Environment[sessionHost=https://sessionserver.mojang.com, servicesHost=https://api.minecraftservices.com, profilesHost=https://api.mojang.com, name=PROD]
[23:58:00] [main/INFO]: Mixing PackRepositoryMixin from fabric-resource-loader-v1.mixins.json into net.minecraft.class_3283
[23:58:00] [main/INFO]: Renaming synthetic method lambda$handleAutoDisable$0(Ljava/util/Set;Lnet/minecraft/class_3288;)Z to md56d210$fabric-resource-loader-v1$lambda$handleAutoDisable$0$0 in fabric-resource-loader-v1.mixins.json:PackRepositoryMixin from mod fabric-resource-loader-v1
[23:58:00] [main/WARN]: Write access to @Mutable @Final field field_14227:Ljava/util/Set; in fabric-resource-loader-v1.mixins.json:PackRepositoryMixin from mod fabric-resource-loader-v1::handler$zjk000$fabric-resource-loader-v1$construct
[23:58:00] [main/INFO]: Mixing ReloadableServerResourcesMixin from fabric-tag-api-v1.mixins.json into net.minecraft.class_5350
[23:58:00] [main/INFO]: Mixing ReloadableServerResourcesMixin from fabric-lifecycle-events-v1.mixins.json into net.minecraft.class_5350
[23:58:00] [main/INFO]: Mixing ReloadableServerResourcesMixin from fabric-resource-conditions-api-v1.mixins.json into net.minecraft.class_5350
[23:58:00] [main/INFO]: Mixing ReloadableServerResourcesMixin from fabric-resource-loader-v1.mixins.json into net.minecraft.class_5350
[23:58:00] [main/INFO]: Mixing WorldLoaderMixin from fabric-registry-sync-v0.mixins.json into net.minecraft.class_7237
[23:58:00] [main/INFO]: Mixing ServerPlayerGameModeMixin from fabric-events-interaction-v0.mixins.json into net.minecraft.class_3225
[23:58:01] [main/INFO]: Mixing MultiPackResourceManagerMixin from fabric-resource-loader-v1.mixins.json into net.minecraft.class_6861
[23:58:01] [main/INFO]: Mixing modification.RegistryAccessImmutableRegistryAccessMixin from fabric-biome-api-v1.mixins.json into net.minecraft.class_5455$class_6891
[23:58:01] [main/INFO]: Mixing TagLoaderMixin from fabric-tag-api-v1.mixins.json into net.minecraft.class_3503
[23:58:01] [main/INFO]: Renaming synthetic method lambda$addTagRemovalReferencesToDependencySorter$1(Ljava/util/function/BiConsumer;Lnet/minecraft/class_2960;Ljava/util/List;)V to md56d210$fabric-tag-api-v1$lambda$addTagRemovalReferencesToDependencySorter$1$0 in fabric-tag-api-v1.mixins.json:TagLoaderMixin from mod fabric-tag-api-v1
[23:58:01] [main/INFO]: Renaming synthetic method lambda$scopeIdAroundOrderByDependencies$0(Ljava/util/function/BiConsumer;Lnet/minecraft/class_2960;Lnet/minecraft/class_3503$class_8522;)V to md56d210$fabric-tag-api-v1$lambda$scopeIdAroundOrderByDependencies$0$1 in fabric-tag-api-v1.mixins.json:TagLoaderMixin from mod fabric-tag-api-v1
[23:58:01] [main/INFO]: Mixing FileToIdConverterAccessor from fabric-loot-api-v3.mixins.json into net.minecraft.class_7654
[23:58:01] [main/INFO]: Mixing FileToIdConverterAccessor from fabric-resource-conditions-api-v1.mixins.json into net.minecraft.class_7654
[23:58:01] [main/INFO]: Mixing ResourceMixin from fabric-resource-loader-v1.mixins.json into net.minecraft.class_3298
[23:58:01] [main/INFO]: Mixing TagFileMixin from fabric-tag-api-v1.mixins.json into net.minecraft.class_7475
[23:58:01] [main/INFO]: Mixing TagEntryAccessor from fabric-tag-api-v1.mixins.json into net.minecraft.class_3497
[23:58:01] [main/INFO]: Mixing SimpleRegistry2Mixin from fabric-tag-api-v1.mixins.json into net.minecraft.class_2370$2
[23:58:01] [main/INFO]: Mixing SimpleRegistry3Mixin from fabric-tag-api-v1.mixins.json into net.minecraft.class_2370$3
[23:58:01] [main/INFO]: Mixing RegistryDataLoaderMixin from fabric-item-api-v1.mixins.json into net.minecraft.class_7655
[23:58:01] [main/INFO]: Mixing RegistryDataLoaderMixin from fabric-registry-sync-v0.mixins.json into net.minecraft.class_7655
[23:58:01] [main/INFO]: Renaming synthetic method lambda$static$0()Ljava/lang/Boolean; to md56d210$fabric-registry-sync-v0$lambda$static$0$0 in fabric-registry-sync-v0.mixins.json:RegistryDataLoaderMixin from mod fabric-registry-sync-v0
[23:58:01] [main/INFO]: Mixing RegistryDataLoaderMixin from fabric-resource-conditions-api-v1.mixins.json into net.minecraft.class_7655
[23:58:01] [main/INFO]: Mixing EnchantmentBuilderAccessor from fabric-item-api-v1.mixins.json into net.minecraft.class_1887$class_9700
[23:58:01] [main/INFO]: Mixing EnchantmentBuilderMixin from fabric-item-api-v1.mixins.json into net.minecraft.class_1887$class_9700
[23:58:01] [main/INFO]: No existing world data, creating new world
[23:58:01] [main/INFO]: Mixing WorldDimensionsMixin from fabric-dimensions-v1.mixins.json into net.minecraft.class_7723
[23:58:01] [main/INFO]: Mixing ReloadableServerRegistriesMixin from fabric-loot-api-v3.mixins.json into net.minecraft.class_9383
[23:58:01] [main/INFO]: Renaming synthetic method lambda$onLootTablesLoaded$2(Lnet/minecraft/class_6880$class_6883;)V to md56d210$fabric-loot-api-v3$lambda$onLootTablesLoaded$2$0 in fabric-loot-api-v3.mixins.json:ReloadableServerRegistriesMixin from mod fabric-loot-api-v3
[23:58:01] [main/INFO]: Renaming synthetic method lambda$modifyLootTable$1(Lnet/minecraft/class_6903;Lnet/minecraft/class_2960;Ljava/lang/Object;)Ljava/lang/Object; to md56d210$fabric-loot-api-v3$lambda$modifyLootTable$1$1 in fabric-loot-api-v3.mixins.json:ReloadableServerRegistriesMixin from mod fabric-loot-api-v3
[23:58:01] [main/INFO]: Renaming synthetic method lambda$removeOps$0(Lnet/minecraft/class_6903;Ljava/util/List;)Ljava/util/List; to md56d210$fabric-loot-api-v3$lambda$removeOps$0$2 in fabric-loot-api-v3.mixins.json:ReloadableServerRegistriesMixin from mod fabric-loot-api-v3
[23:58:01] [Worker-Main-1/INFO]: Mixing SimpleJsonResourceReloadListenerMixin from fabric-loot-api-v3.mixins.json into net.minecraft.class_4309
[23:58:01] [Worker-Main-1/INFO]: Mixing SimpleJsonResourceReloadListenerMixin from fabric-resource-conditions-api-v1.mixins.json into net.minecraft.class_4309
[23:58:01] [Worker-Main-3/INFO]: Mixing LootPoolAccessor from fabric-loot-api-v3.mixins.json into net.minecraft.class_55
[23:58:02] [Worker-Main-2/INFO]: Mixing RecipeManagerMixin from fabric-recipe-api-v1.mixins.json into net.minecraft.class_1863
[23:58:02] [Worker-Main-2/INFO]: Mixing sync.RecipeManagerAccessor from fabric-recipe-api-v1.mixins.json into net.minecraft.class_1863
[23:58:02] [Worker-Main-2/INFO]: Mixing KeyedResourceReloaderMixin from fabric-resource-loader-v1.mixins.json into net.minecraft.class_1863
[23:58:02] [Worker-Main-2/INFO]: Mixing RecipeAccessMixin from fabric-recipe-api-v1.mixins.json into net.minecraft.class_10286
[23:58:02] [Worker-Main-2/INFO]: Mixing sync.RecipeMapMixin from fabric-recipe-api-v1.mixins.json into net.minecraft.class_10289
[23:58:02] [Worker-Main-2/INFO]: Mixing CommandsMixin from fabric-command-api-v2.mixins.json into net.minecraft.class_2170
[23:58:02] [Worker-Main-2/INFO]: Mixing CommandsMixin from fabric-networking-api-v1.mixins.json into net.minecraft.class_2170
[23:58:02] [Worker-Main-2/INFO]: Mixing CommandGate12111Mixin from qizhangverdict.mixins.json into net.minecraft.class_2170
[23:58:02] [Worker-Main-2/INFO]: Mixing DataPackCommandMixin from fabric-resource-loader-v1.mixins.json into net.minecraft.class_3027
[23:58:02] [Worker-Main-2/INFO]: Renaming synthetic method lambda$filterDisabledPackSuggestions$2(Lnet/minecraft/class_3288;)Z to md56d210$fabric-resource-loader-v1$lambda$filterDisabledPackSuggestions$2$0 in fabric-resource-loader-v1.mixins.json:DataPackCommandMixin from mod fabric-resource-loader-v1
[23:58:02] [Worker-Main-2/INFO]: Renaming synthetic method lambda$filterEnabledPackSuggestions$1(Lnet/minecraft/class_3288;)Z to md56d210$fabric-resource-loader-v1$lambda$filterEnabledPackSuggestions$1$1 in fabric-resource-loader-v1.mixins.json:DataPackCommandMixin from mod fabric-resource-loader-v1
[23:58:02] [Worker-Main-2/INFO]: Renaming synthetic method lambda$static$0(Ljava/lang/Object;)Lcom/mojang/brigadier/Message; to md56d210$fabric-resource-loader-v1$lambda$static$0$2 in fabric-resource-loader-v1.mixins.json:DataPackCommandMixin from mod fabric-resource-loader-v1
[23:58:02] [Worker-Main-2/INFO]: Mixing EnchantCommandMixin from fabric-item-api-v1.mixins.json into net.minecraft.class_3048
[23:58:02] [Worker-Main-2/INFO]: Mixing GameRuleCommandAccessor from fabric-game-rule-api-v1.mixins.json into net.minecraft.class_3065
[23:58:02] [Worker-Main-2/INFO]: Renaming @Invoker method invokeExecuteQuery(Lnet/minecraft/class_2168;Lnet/minecraft/class_12279;)I to invokeExecuteQuery$fabric-game-rule-api-v1_$md$56d210$0 in fabric-game-rule-api-v1.mixins.json:GameRuleCommandAccessor from mod fabric-game-rule-api-v1
[23:58:02] [Worker-Main-2/INFO]: Mixing GameRuleCommandVisitorMixin from fabric-game-rule-api-v1.mixins.json into net.minecraft.class_3065$1
[23:58:02] [Worker-Main-2/INFO]: Mixing HelpCommandAccessor from fabric-command-api-v2.mixins.json into net.minecraft.class_3069
[23:58:02] [Worker-Main-2/INFO]: Renaming @Accessor method getFailedException()Lcom/mojang/brigadier/exceptions/SimpleCommandExceptionType; to getFailedException$fabric-command-api-v2_$md$56d210$0 in fabric-command-api-v2.mixins.json:HelpCommandAccessor from mod fabric-command-api-v2
[23:58:02] [Worker-Main-2/INFO]: Mixing KeyedResourceReloaderMixin from fabric-resource-loader-v1.mixins.json into net.minecraft.class_2989
[23:58:02] [Worker-Main-2/INFO]: Mixing KeyedResourceReloaderMixin from fabric-resource-loader-v1.mixins.json into net.minecraft.class_5349
[23:58:02] [Worker-Main-2/INFO]: Mixing SimpleReloadInstanceMixin from fabric-resource-loader-v1.mixins.json into net.minecraft.class_4014
[23:58:02] [main/INFO]: Loaded 1470 recipes
[23:58:02] [main/INFO]: Loaded 1584 advancements
[23:58:02] [main/INFO]: Mixing PlayerListMixin from fabric-entity-events-v1.mixins.json into net.minecraft.class_3324
[23:58:02] [main/INFO]: Mixing PlayerListMixin from fabric-lifecycle-events-v1.mixins.json into net.minecraft.class_3324
[23:58:02] [main/INFO]: Mixing PlayerListMixin from fabric-message-api-v1.mixins.json into net.minecraft.class_3324
[23:58:02] [main/INFO]: Mixing PlayerListMixin from fabric-networking-api-v1.mixins.json into net.minecraft.class_3324
[23:58:02] [main/INFO]: Mixing PotionBrewingBuilderMixin from fabric-content-registries-v0.mixins.json into net.minecraft.class_1845$class_9665
[23:58:02] [main/INFO]: Mixing FuelValuesMixin from fabric-content-registries-v0.mixins.json into net.minecraft.class_9895
[23:58:02] [main/INFO]: Applied 0 biome modifications to 0 of 65 new biomes in 1.909 ms
[23:58:02] [Server thread/INFO]: QiZhangGuard started: QiZhangVerdict sessions=0, trackedIPs=0, accountPairs=0, rules=39, companion=required, vm=DENY, blacklist=DENY, rateBuckets=0, accountBans=0, deviceBans=0, deviceRequired=true. Reports are self-reported, not trusted attestation.
[23:58:02] [Server thread/INFO]: Starting minecraft server version 1.21.11
[23:58:02] [Server thread/INFO]: Loading properties
[23:58:02] [Server thread/INFO]: Default game type: SURVIVAL
[23:58:02] [Server thread/INFO]: Generating keypair
[23:58:03] [Server thread/INFO]: Starting Minecraft server on 127.0.0.1:25731
[23:58:03] [Server thread/INFO]: Mixing ConnectionMixin from fabric-data-attachment-api-v1.mixins.json into net.minecraft.class_2535
[23:58:03] [Server thread/INFO]: Mixing ConnectionMixin from fabric-networking-api-v1.mixins.json into net.minecraft.class_2535
[23:58:03] [Server thread/INFO]: Renaming synthetic method lambda$fabric_getPendingChannelsNames$2(Lnet/minecraft/class_2539;)Ljava/util/Collection; to md56d210$fabric-networking-api-v1$lambda$fabric_getPendingChannelsNames$2$0 in fabric-networking-api-v1.mixins.json:ConnectionMixin from mod fabric-networking-api-v1
[23:58:03] [Server thread/INFO]: Renaming synthetic method lambda$injectFabricPacketSlitterHandlerOutbound$1(Lnet/fabricmc/fabric/impl/networking/PayloadTypeRegistryImpl;Lio/netty/channel/ChannelHandlerContext;)V to md56d210$fabric-networking-api-v1$lambda$injectFabricPacketSlitterHandlerOutbound$1$1 in fabric-networking-api-v1.mixins.json:ConnectionMixin from mod fabric-networking-api-v1
[23:58:03] [Server thread/INFO]: Renaming synthetic method lambda$injectFabricPacketSlitterHandlerInbound$0(Lnet/fabricmc/fabric/impl/networking/PayloadTypeRegistryImpl;Lnet/minecraft/class_9127;Lio/netty/channel/ChannelHandlerContext;)V to md56d210$fabric-networking-api-v1$lambda$injectFabricPacketSlitterHandlerInbound$0$2 in fabric-networking-api-v1.mixins.json:ConnectionMixin from mod fabric-networking-api-v1
[23:58:03] [Server thread/INFO]: Mixing ingredient.ConnectionMixin from fabric-recipe-api-v1.mixins.json into net.minecraft.class_2535
[23:58:03] [Server thread/INFO]: Mixing sync.ConnectionMixin from fabric-recipe-api-v1.mixins.json into net.minecraft.class_2535
[23:58:03] [Server thread/WARN]: **** SERVER IS RUNNING IN OFFLINE/INSECURE MODE!
[23:58:03] [Server thread/WARN]: The server will make no attempt to authenticate usernames. Beware.
[23:58:03] [Server thread/WARN]: While this makes the game possible to play without internet access, it also opens up the ability for hackers to connect with any username they choose.
[23:58:03] [Server thread/WARN]: To change this, set "online-mode" to "true" in the server.properties file.
[23:58:03] [Server thread/INFO]: Preparing level "world"
[23:58:03] [Server thread/INFO]: Mixing ServerWorldServerEntityHandlerMixin from fabric-lifecycle-events-v1.mixins.json into net.minecraft.class_3218$class_5526
[23:58:03] [Server thread/INFO]: Mixing DimensionDataStorageMixin from fabric-object-builder-v1.mixins.json into net.minecraft.class_26
[23:58:03] [Server thread/INFO]: Mixing ChunkMapMixin from fabric-lifecycle-events-v1.mixins.json into net.minecraft.class_3898
[23:58:03] [Server thread/INFO]: Mixing accessor.ChunkMapAccessor from fabric-networking-api-v1.mixins.json into net.minecraft.class_3898
[23:58:03] [Server thread/INFO]: Mixing ChunkHolderMixin from fabric-lifecycle-events-v1.mixins.json into net.minecraft.class_3193
[23:58:03] [Server thread/INFO]: Mixing RandomStateMixin from fabric-biome-api-v1.mixins.json into net.minecraft.class_7138
[23:58:03] [Server thread/INFO]: Mixing ClimateSamplerMixin from fabric-biome-api-v1.mixins.json into net.minecraft.class_6544$class_6552
[23:58:03] [Server thread/INFO]: Selecting global world spawn...
[23:58:03] [Worker-Main-4/INFO]: Mixing SerializableChunkDataMixin from fabric-data-attachment-api-v1.mixins.json into net.minecraft.class_2852
[23:58:03] [Worker-Main-4/INFO]: Mixing SerializableChunkDataMixin from fabric-registry-sync-v0.mixins.json into net.minecraft.class_2852
[23:58:03] [Server thread/INFO]: Mixing LevelChunkSectionMixin from fabric-block-api-v1.mixins.json into net.minecraft.class_2826
[23:58:03] [Server thread/INFO]: Mixing ImposterProtoChunkMixin from fabric-data-attachment-api-v1.mixins.json into net.minecraft.class_2821
[23:58:03] [Server thread/INFO]: Mixing TagValueInputMixin from fabric-serialization-api-v1.mixins.json into net.minecraft.class_11352
[23:58:03] [Server thread/INFO]: Mixing ValueInputMixin from fabric-serialization-api-v1.mixins.json into net.minecraft.class_11368
[23:58:03] [Server thread/INFO]: Loading 0 persistent chunks...
[23:58:03] [Server thread/INFO]: Mixing server.LanguageMixin from fabric-resource-loader-v1.mixins.json into net.minecraft.class_2477
[23:58:03] [Server thread/INFO]: Preparing spawn area: 100%
[23:58:03] [Server thread/INFO]: Time elapsed: 350 ms
[23:58:03] [Server thread/INFO]: Done (0.531s)! For help, type "help"
[23:58:03] [Server thread/INFO]: Mixing ServerWatchdogMixin from fabric-crash-report-info-v1.mixins.json into net.minecraft.class_3178
[23:58:03] [Server thread/INFO]: Mixing TagValueOutputMixin from fabric-serialization-api-v1.mixins.json into net.minecraft.class_11362
[23:58:04] [Server thread/INFO]: Mixing effect.ContextChainAccessor from fabric-entity-events-v1.mixins.json into com.mojang.brigadier.context.ContextChain
[23:58:04] [Server thread/INFO]: Mixing effect.ContextChainMixin from fabric-entity-events-v1.mixins.json into com.mojang.brigadier.context.ContextChain
[23:58:04] [Server thread/INFO]: Mixing effect.CommandQueueEntryMixin from fabric-entity-events-v1.mixins.json into net.minecraft.class_8847
[23:58:04] [Server thread/INFO]: Mixing effect.BuildContextsAccessor from fabric-entity-events-v1.mixins.json into net.minecraft.class_8858
[23:58:04] [Server thread/INFO]: QiZhangVerdict sessions=0, trackedIPs=0, accountPairs=0, rules=39, companion=required, vm=DENY, blacklist=DENY, rateBuckets=0, accountBans=0, deviceBans=0, deviceRequired=true
[23:58:05] [Server thread/INFO]: QiZhangVerdict sessions=0, trackedIPs=0, accountPairs=0, rules=39, companion=required, vm=ALERT, blacklist=DENY, rateBuckets=0, accountBans=0, deviceBans=0, deviceRequired=true
[23:58:06] [Netty NIO IO #1/INFO]: Mixing accessor.PacketDecoderAccessor from fabric-networking-api-v1.mixins.json into net.minecraft.class_2543
[23:58:06] [Netty NIO IO #1/INFO]: Mixing PacketEncoderMixin from fabric-networking-api-v1.mixins.json into net.minecraft.class_2545
[23:58:06] [Netty NIO IO #1/INFO]: Mixing accessor.PacketEncoderAccessor from fabric-networking-api-v1.mixins.json into net.minecraft.class_2545
[23:58:06] [Netty NIO IO #1/INFO]: Mixing ingredient.PacketEncoderMixin from fabric-recipe-api-v1.mixins.json into net.minecraft.class_2545
[23:58:06] [Netty NIO IO #1/INFO]: Mixing IdDispatchCodecMixin from fabric-networking-api-v1.mixins.json into net.minecraft.class_9136
[23:58:06] [Netty NIO IO #1/INFO]: Mixing ServerboundCustomQueryAnswerPacketMixin from fabric-networking-api-v1.mixins.json into net.minecraft.class_2913
[23:58:06] [Netty NIO IO #1/INFO]: Mixing ClientboundCustomQueryPacketMixin from fabric-networking-api-v1.mixins.json into net.minecraft.class_2899
[23:58:06] [Netty NIO IO #1/INFO]: Mixing ServerLoginPacketListenerImplMixin from fabric-networking-api-v1.mixins.json into net.minecraft.class_3248
[23:58:06] [Netty NIO IO #1/INFO]: Mixing accessor.ServerLoginPacketListenerImplAccessor from fabric-networking-api-v1.mixins.json into net.minecraft.class_3248
[23:58:06] [Netty NIO IO #1/INFO]: Mixing ServerboundSelectKnownPacksMixin from fabric-resource-loader-v1.mixins.json into net.minecraft.class_9220
[23:58:06] [Netty NIO IO #1/INFO]: Mixing ClientboundCustomPayloadPacketMixin from fabric-networking-api-v1.mixins.json into net.minecraft.class_2658
[23:58:06] [Netty NIO IO #1/INFO]: Renaming synthetic method lambda$wrapConfigCodec$1(Lnet/minecraft/class_2540;Lnet/minecraft/class_2960;)Lnet/minecraft/class_8710$class_9155; to md56d210$fabric-networking-api-v1$lambda$wrapConfigCodec$1$0 in fabric-networking-api-v1.mixins.json:ClientboundCustomPayloadPacketMixin from mod fabric-networking-api-v1
[23:58:06] [Netty NIO IO #1/INFO]: Renaming synthetic method lambda$wrapPlayCodec$0(Lnet/minecraft/class_9129;Lnet/minecraft/class_2960;)Lnet/minecraft/class_8710$class_9155; to md56d210$fabric-networking-api-v1$lambda$wrapPlayCodec$0$1 in fabric-networking-api-v1.mixins.json:ClientboundCustomPayloadPacketMixin from mod fabric-networking-api-v1
[23:58:06] [Netty NIO IO #1/INFO]: Mixing RegistrySynchronizationMixin from fabric-registry-sync-v0.mixins.json into net.minecraft.class_7782
[23:58:06] [Netty NIO IO #1/INFO]: Mixing BundlePacketMixin from fabric-networking-api-v1.mixins.json into net.minecraft.class_8038
[23:58:06] [Netty NIO IO #1/INFO]: Mixing SynchronizeRegistriesTaskMixin from fabric-resource-loader-v1.mixins.json into net.minecraft.class_9223
[23:58:06] [Worker-Main-13/INFO]: Mixing ChunkSectionBlockStateCounterMixin from fabric-block-api-v1.mixins.json into net.minecraft.class_2826$class_6869
[23:58:07] [Server thread/INFO]: Mixing PlayerAdvancementsMixin from fabric-events-interaction-v0.mixins.json into net.minecraft.class_2985
[23:58:07] [Server thread/INFO]: QVBot1[/127.0.0.1:13525] logged in with entity id 1 at (-9.5, -60.0, 10.5)
[23:58:07] [Server thread/INFO]: Mixing PlayerChunkSenderMixin from fabric-data-attachment-api-v1.mixins.json into net.minecraft.class_8608
[23:58:07] [Server thread/INFO]: Mixing EnchantmentHelperMixin from fabric-item-api-v1.mixins.json into net.minecraft.class_1890
[23:58:07] [Server thread/INFO]: QVBot1 joined the game
[23:58:07] [Server thread/INFO]: Mixing accessor.EntityTrackerAccessor from fabric-networking-api-v1.mixins.json into net.minecraft.class_3898$class_3208
[23:58:07] [Server thread/INFO]: Mixing ServerEntityMixin from fabric-networking-api-v1.mixins.json into net.minecraft.class_3231
[23:58:08] [Server thread/INFO]: QVBot1 lost connection: Disconnected
[23:58:08] [Server thread/INFO]: QVBot1 left the game
[23:58:09] [Server thread/INFO]: QiZhangVerdict sessions=0, trackedIPs=1, accountPairs=1, rules=39, companion=required, vm=ALERT, blacklist=DENY, rateBuckets=1, accountBans=0, deviceBans=0, deviceRequired=true
[23:58:11] [Server thread/INFO]: GateAccount[/127.0.0.1:13529] logged in with entity id 2 at (9.5, -60.0, 5.5)
[23:58:11] [Server thread/INFO]: GateAccount joined the game
[23:58:12] [Server thread/INFO]: Made GateAccount a server operator
[23:58:14] [Server thread/INFO]: [Not Secure] [GateAccount] QZ_POST_GATE
[23:58:15] [Server thread/INFO]: GateAccount lost connection: Disconnected
[23:58:15] [Server thread/INFO]: GateAccount left the game
[23:58:15] [Server thread/INFO]: Made GateAccount no longer a server operator
[23:58:17] [Server thread/INFO]: QiZhangVerdict sessions=0, trackedIPs=1, accountPairs=2, rules=39, companion=required, vm=ALERT, blacklist=DENY, rateBuckets=1, accountBans=0, deviceBans=0, deviceRequired=true
[23:58:18] [Server thread/INFO]: QVBot2[/127.0.0.1:13533] logged in with entity id 3 at (6.5, -60.0, 7.5)
[23:58:18] [Server thread/INFO]: QVBot2 joined the game
[23:58:23] [Server thread/INFO]: QVBot2 lost connection: QiZhangGuard: required companion report timed out
[23:58:23] [Server thread/INFO]: QVBot2 left the game
[23:58:24] [Server thread/INFO]: BadWire[/127.0.0.1:2552] logged in with entity id 4 at (3.5, -60.0, -1.5)
[23:58:24] [Server thread/INFO]: BadWire joined the game
[23:58:25] [Server thread/INFO]: BadWire lost connection: Malformed or oversized companion report
[23:58:25] [Server thread/INFO]: BadWire left the game
[23:58:25] [Server thread/INFO]: BadWire[/127.0.0.1:2612] logged in with entity id 5 at (3.5, -60.0, -1.5)
[23:58:25] [Server thread/INFO]: BadWire joined the game
[23:58:27] [Server thread/INFO]: BadWire lost connection: Disconnected
[23:58:27] [Server thread/INFO]: BadWire left the game
[23:58:28] [Server thread/INFO]: QVBot3[/127.0.0.1:2616] logged in with entity id 6 at (7.5, -60.0, -4.5)
[23:58:28] [Server thread/INFO]: QVBot3 joined the game
[23:58:29] [Server thread/INFO]: QVBot4[/127.0.0.1:2617] logged in with entity id 7 at (1.5, -60.0, 10.5)
[23:58:29] [Server thread/INFO]: QVBot4 joined the game
[23:58:29] [Server thread/INFO]: QVBot4 lost connection: Only the configured number of accounts may use the same IP and device concurrently
[23:58:29] [Server thread/INFO]: QVBot4 left the game
[23:58:30] [Server thread/INFO]: QVBot5[/127.0.0.1:2618] logged in with entity id 8 at (-2.5, -60.0, 9.5)
[23:58:30] [Server thread/INFO]: QVBot5 joined the game
[23:58:32] [Server thread/INFO]: QVBot6[/127.0.0.1:2619] logged in with entity id 9 at (-0.5, -60.0, 7.5)
[23:58:32] [Server thread/INFO]: QVBot6 joined the game
[23:58:33] [Server thread/INFO]: QVBot7[/127.0.0.1:2620] logged in with entity id 10 at (2.5, -60.0, 1.5)
[23:58:33] [Server thread/INFO]: QVBot7 joined the game
[23:58:33] [Server thread/INFO]: QVBot7 lost connection: Too many simultaneous accounts from this IP
[23:58:33] [Server thread/INFO]: QVBot7 left the game
[23:58:34] [Server thread/INFO]: QVBot3 lost connection: Disconnected
[23:58:34] [Server thread/INFO]: QVBot3 left the game
[23:58:34] [Server thread/INFO]: QVBot5 lost connection: Disconnected
[23:58:34] [Server thread/INFO]: QVBot5 left the game
[23:58:34] [Server thread/INFO]: QVBot6 lost connection: Disconnected
[23:58:34] [Server thread/INFO]: QVBot6 left the game
[23:58:35] [Server thread/INFO]: QVBot8[/127.0.0.1:2621] logged in with entity id 11 at (9.5, -60.0, -1.5)
[23:58:35] [Server thread/INFO]: QVBot8 joined the game
[23:58:37] [Server thread/INFO]: QVBot8 lost connection: Disconnected
[23:58:37] [Server thread/INFO]: QVBot8 left the game
[23:58:37] [Server thread/INFO]: CheatAccount[/127.0.0.1:1350] logged in with entity id 12 at (7.5, -60.0, -4.5)
[23:58:37] [Server thread/INFO]: CheatAccount joined the game
[23:58:38] [Server thread/INFO]: CheatAccount lost connection: Reported mod matches an exact server blacklist rule
[23:58:38] [Server thread/INFO]: CheatAccount left the game
[23:58:39] [Server thread/INFO]: LinkedAccount[/127.0.0.1:1359] logged in with entity id 13 at (0.5, -60.0, 2.5)
[23:58:39] [Server thread/INFO]: LinkedAccount joined the game
[23:58:39] [Server thread/INFO]: LinkedAccount lost connection: This reported device identifier is banned
[23:58:39] [Server thread/INFO]: LinkedAccount left the game
[23:58:40] [Server thread/INFO]: CheatAccount[/127.0.0.1:1360] logged in with entity id 14 at (7.5, -60.0, -4.5)
[23:58:40] [Server thread/INFO]: CheatAccount joined the game
[23:58:40] [Server thread/INFO]: CheatAccount lost connection: This account is banned by the server
[23:58:40] [Server thread/INFO]: CheatAccount left the game
[23:58:42] [Server thread/INFO]: Unbanned: true
[23:58:43] [Server thread/INFO]: Unbanned: true
[23:58:44] [Server thread/INFO]: CheatAccount[/127.0.0.1:1374] logged in with entity id 15 at (7.5, -60.0, -4.5)
[23:58:44] [Server thread/INFO]: CheatAccount joined the game
[23:58:46] [Server thread/INFO]: CheatAccount lost connection: Disconnected
[23:58:46] [Server thread/INFO]: CheatAccount left the game
[23:58:46] [Server thread/INFO]: Added rule: ef7d1890-4a5d-45e0-80e6-76b8bced461b
[23:58:48] [Server thread/INFO]: QVBot9[/127.0.0.1:1375] logged in with entity id 16 at (9.5, -60.0, 0.5)
[23:58:48] [Server thread/INFO]: QVBot9 joined the game
[23:58:48] [Server thread/INFO]: QVBot9 lost connection: Reported mod matches a server blacklist rule
[23:58:48] [Server thread/INFO]: QVBot9 left the game
[23:58:49] [Server thread/INFO]: Added rule: 4d99e7f4-823d-4465-a45c-684f3f919850
[23:58:51] [Server thread/INFO]: QVBot10[/127.0.0.1:1383] logged in with entity id 17 at (9.5, -60.0, -7.5)
[23:58:51] [Server thread/INFO]: QVBot10 joined the game
[23:58:52] [Server thread/INFO]: QVBot10 lost connection: Disconnected
[23:58:52] [Server thread/INFO]: QVBot10 left the game
[23:58:53] [Server thread/INFO]: Removed: true
[23:58:54] [Server thread/INFO]: QVBot11[/127.0.0.1:1387] logged in with entity id 18 at (-5.5, -60.0, 5.5)
[23:58:54] [Server thread/INFO]: QVBot11 joined the game
[23:58:54] [Server thread/INFO]: QVBot11 lost connection: Reported mod matches a server blacklist rule
[23:58:54] [Server thread/INFO]: QVBot11 left the game
[23:58:55] [Server thread/INFO]: Removed: true
[23:58:57] [Server thread/INFO]: QVBot12[/127.0.0.1:9688] logged in with entity id 19 at (-5.5, -60.0, 6.5)
[23:58:57] [Server thread/INFO]: QVBot12 joined the game
[23:58:58] [Server thread/INFO]: QVBot12 lost connection: Disconnected
[23:58:58] [Server thread/INFO]: QVBot12 left the game
[23:58:59] [Server thread/INFO]: Added rule: 7030b801-4051-4651-93c0-e2647112f469
[23:59:00] [Server thread/INFO]: QVBot13[/127.0.0.1:9691] logged in with entity id 20 at (4.5, -60.0, -9.5)
[23:59:00] [Server thread/INFO]: QVBot13 joined the game
[23:59:01] [Server thread/INFO]: QVBot13 lost connection: Reported mod matches a server blacklist rule
[23:59:01] [Server thread/INFO]: QVBot13 left the game
[23:59:01] [Server thread/WARN]: handleDisconnection() called twice
[23:59:02] [Server thread/INFO]: QiZhangVerdict sessions=0, trackedIPs=1, accountPairs=16, rules=40, companion=required, vm=ALERT, blacklist=DENY, rateBuckets=1, accountBans=4, deviceBans=3, deviceRequired=true
[23:59:03] [Server thread/INFO]: QVBot14[/127.0.0.1:9692] logged in with entity id 21 at (1.5, -60.0, -7.5)
[23:59:03] [Server thread/INFO]: QVBot14 joined the game
[23:59:03] [Server thread/INFO]: QVBot14 lost connection: This IP is denied by server policy
[23:59:03] [Server thread/INFO]: QVBot14 left the game
[23:59:05] [Server thread/INFO]: QiZhangVerdict sessions=0, trackedIPs=1, accountPairs=16, rules=40, companion=required, vm=DENY, blacklist=DENY, rateBuckets=1, accountBans=4, deviceBans=3, deviceRequired=true
[23:59:06] [Server thread/INFO]: QVBot15[/127.0.0.1:9696] logged in with entity id 22 at (-9.5, -60.0, 10.5)
[23:59:06] [Server thread/INFO]: QVBot15 joined the game
[23:59:06] [Server thread/INFO]: QVBot15 lost connection: Companion reported a virtual machine indicator
[23:59:06] [Server thread/INFO]: QVBot15 left the game
[23:59:08] [Server thread/INFO]: QVBot16[/127.0.0.1:9698] logged in with entity id 23 at (-2.5, -60.0, -3.5)
[23:59:08] [Server thread/INFO]: QVBot16 joined the game
[23:59:08] [Server thread/INFO]: Report decision player=edc8f3dc-ba2e-3999-9748-0637a3718bb0 code=VM_UNKNOWN message=VM status is unknown or has only inconclusive indicators
[23:59:09] [Server thread/INFO]: QVBot16 lost connection: Disconnected
[23:59:09] [Server thread/INFO]: QVBot16 left the game
[23:59:10] [Server thread/INFO]: QiZhangVerdict sessions=0, trackedIPs=1, accountPairs=18, rules=40, companion=required, vm=ALERT, blacklist=DENY, rateBuckets=1, accountBans=5, deviceBans=4, deviceRequired=true
[23:59:11] [Server thread/INFO]: QVBot17[/127.0.0.1:9702] logged in with entity id 24 at (4.5, -60.0, 5.5)
[23:59:11] [Server thread/INFO]: QVBot17 joined the game
[23:59:13] [Server thread/INFO]: QVBot18[/127.0.0.1:9703] logged in with entity id 25 at (2.5, -60.0, 1.5)
[23:59:13] [Server thread/INFO]: QVBot18 joined the game
[23:59:14] [Server thread/INFO]: QVBot19[/127.0.0.1:9704] logged in with entity id 26 at (9.5, -60.0, 10.5)
[23:59:14] [Server thread/INFO]: QVBot19 joined the game
[23:59:14] [Server thread/INFO]: QVBot19 lost connection: Too many simultaneous accounts from this IP
[23:59:14] [Server thread/INFO]: QVBot19 left the game
[23:59:15] [Server thread/INFO]: QVBot17 lost connection: Disconnected
[23:59:15] [Server thread/INFO]: QVBot17 left the game
[23:59:15] [Server thread/INFO]: QVBot18 lost connection: Disconnected
[23:59:15] [Server thread/INFO]: QVBot18 left the game
[23:59:16] [Server thread/INFO]: Page 1/1
06205eb0-363d-35e3-8c60-8c1ef8b83c9c	BLACKLIST_DENIED
15519aaa-3950-3430-bc9c-c0c7c47a9cf3	BLACKLIST_DENIED
87b706ea-8c04-3118-b4cc-2d720ee925df	VM_DENIED
b791d91a-dbdc-3a65-a036-fc39d6993ac9	DEVICE_BANNED
d8c92e3a-17df-39d2-a36d-e08c0d1aab2e	BLACKLIST_DENIED
device:0723e1710c0a08646895f23b3eaf0153e6fb1d316ec121abe3e842cbff565460	VM_DENIED
device:746caab8fda1c4e339d0724f9fb70b2d52b533cbfce2a0a2b98a039648cbf174	BLACKLIST_DENIED
device:d6578071b2c3a3ef93925882a0215c31812b6db116703c2082e07adec5a2499e	BLACKLIST_DENIED
device:fb7f23f1518fc50a1bfa07fc581a2f340c89a3596042f418617b9dd66614e239	BLACKLIST_DENIED
[23:59:17] [Server thread/INFO]: Page 1/4
legacy:automation:baritoe	BLACK	MOD	EXACT	baritoe	ALERT
legacy:automation:baritone	BLACK	MOD	EXACT	baritone	ALERT
legacy:mod:advanced-xray-fabric	BLACK	MOD	EXACT	advanced-xray-fabric	DENY
legacy:mod:aegis	BLACK	MOD	EXACT	aegis	DENY
legacy:mod:alien	BLACK	MOD	EXACT	alien	DENY
legacy:mod:aoba	BLACK	MOD	EXACT	aoba	DENY
legacy:mod:ares	BLACK	MOD	EXACT	ares	DENY
legacy:mod:atianxray	BLACK	MOD	EXACT	atianxray	ALERT
legacy:mod:blackout	BLACK	MOD	EXACT	blackout	DENY
legacy:mod:bleachhack	BLACK	MOD	EXACT	bleachhack	DENY
[23:59:19] [Server thread/INFO]: QiZhangVerdict sessions=0, trackedIPs=1, accountPairs=20, rules=40, companion=required, vm=DENY, blacklist=DENY, rateBuckets=1, accountBans=5, deviceBans=4, deviceRequired=true
[23:59:19] [Server thread/INFO]: QiZhangVerdict sessions=0, trackedIPs=1, accountPairs=20, rules=40, companion=required, vm=DENY, blacklist=DENY, rateBuckets=1, accountBans=5, deviceBans=4, deviceRequired=true
[23:59:19] [Server thread/INFO]: Stopping the server
[23:59:19] [Server thread/INFO]: Stopping server
[23:59:19] [Server thread/INFO]: Saving players
[23:59:19] [Server thread/INFO]: Saving worlds
[23:59:19] [Server thread/INFO]: Saving chunks for level 'ServerLevel[world]'/minecraft:overworld
[23:59:19] [Server thread/INFO]: Saving chunks for level 'ServerLevel[world]'/minecraft:the_nether
[23:59:19] [Server thread/INFO]: Saving chunks for level 'ServerLevel[world]'/minecraft:the_end
[23:59:19] [Server thread/INFO]: ThreadedAnvilChunkStorage (world): All chunks are saved
[23:59:19] [Server thread/INFO]: ThreadedAnvilChunkStorage (DIM-1): All chunks are saved
[23:59:19] [Server thread/INFO]: ThreadedAnvilChunkStorage (DIM1): All chunks are saved
[23:59:19] [Server thread/INFO]: ThreadedAnvilChunkStorage: All dimensions are saved
