2026-09-25T15:00:08.068631Z main WARN Advanced terminal features are not available in this environment
[00:00:08] [main/INFO] [ne.ne.fm.st.Entrypoint/]: JVM Uptime at startup: 294ms
[00:00:08] [main/INFO] [ne.ne.fm.lo.FMLLoader/]: Starting FancyModLoader version 10.0.36 (DEDICATED_SERVER in PROD)
[00:00:08] [main/INFO] [ne.ne.fm.lo.FMLLoader/]: Game directory: E:\CodexTemp\QiZhangVerdict\compat-1.21.11\servers\neoforge-01
[00:00:08] [main/INFO] [ne.ne.fm.lo.EarlyServiceDiscovery/]: Found 2 early service jars (out of 68) in 37ms
[00:00:08] [main/INFO] [ne.ne.fm.lo.FMLLoader/]: Loading FML Early Services:
[00:00:08] [main/INFO] [ne.ne.fm.lo.FMLLoader/]:  - libraries/net/neoforged/fancymodloader/earlydisplay/10.0.36/earlydisplay-10.0.36.jar
[00:00:08] [main/INFO] [ne.ne.fm.lo.FMLLoader/]:  - libraries/net/neoforged/fancymodloader/loader/10.0.36/loader-10.0.36.jar
[00:00:08] [main/INFO] [ne.ne.fm.lo.ImmediateWindowHandler/]: Not loading early display in headless mode.
[00:00:08] [main/INFO] [ne.ne.fm.lo.mo.lo.GameLocator/]: Failed to find common Minecraft classes and resources on the classpath. Assuming we're launching production.
[00:00:08] [main/INFO] [ne.ne.fm.lo.mo.lo.JarInJarDependencyLocator/]: Found 2 dependencies adding them to mods collection
[00:00:08] [main/INFO] [ne.ne.fm.lo.mo.ModDiscoverer/]: 
     Mod List:
		Name Version (Mod Id)

		Minecraft 1.21.11 (minecraft)
		NeoForge 21.11.45 (neoforge)
		QiZhang's Verdict 0.4.0-dev (qizhangverdict)
[00:00:08] [main/INFO] [mixin/]: SpongePowered MIXIN Subsystem Version=0.8.7 Source=file:/E:/CodexTemp/QiZhangVerdict/compat-1.21.11/servers/neoforge-01/libraries/net/fabricmc/sponge-mixin/0.16.5+mixin.0.8.7/sponge-mixin-0.16.5+mixin.0.8.7.jar Service=FML Env=SERVER
/*************************************************************************************************************************************************************************************************************************/
/*                                                                                    SpongePowered MIXIN (Verbose debugging enabled)                                                                                    */
/*************************************************************************************************************************************************************************************************************************/
/*                                         Code source : file:/E:/CodexTemp/QiZhangVerdict/compat-1.21.11/servers/neoforge-01/libraries/net/fabricmc/sponge-mixin/0.16.5+mixin.0.8.7/sponge-mixin-0.16.5+mixin.0.8.7.jar */
/*                                    Internal Version : 0.8.7                                                                                                                                                           */
/*                                        Java Version : 21.0 (supports compatibility 6-21)                                                                                                                              */
/*                         Default Compatibility Level : JAVA_21                                                                                                                                                         */
/*                   Max Effective Compatibility Level : JAVA_13                                                                                                                                                         */
/*                                Detected ASM Version : ASM 9.8 (ASM10_EXPERIMENTAL)                                                                                                                                    */
/*                          Detected ASM Supports Java : Up to Java 25 (class file version 69.0)                                                                                                                         */
/*************************************************************************************************************************************************************************************************************************/
/*                                        Service Name : FML                                                                                                                                                             */
/*                                 Mixin Service Class : net.neoforged.fml.loading.mixin.FMLMixinService                                                                                                                 */
/*                       Global Property Service Class : net.neoforged.fml.loading.mixin.FMLMixinGlobalProperties                                                                                                        */
/*                                 Logger Adapter Type : Log4j2 (via FML)                                                                                                                                                */
/*************************************************************************************************************************************************************************************************************************/
/*                                         mixin.debug : <false>                                                                                                                                                         */
/*                                  mixin.debug.export : - <true>                                                                                                                                                        */
/*                           mixin.debug.export.filter : - - <null>                                                                                                                                                      */
/*                        mixin.debug.export.decompile : - - <true>                                                                                                                                                      */
/*                  mixin.debug.export.decompile.async : - - - <true>                                                                                                                                                    */
/* mixin.debug.export.decompile.mergeGenericSignatures : - - - <true>                                                                                                                                                    */
/*                                  mixin.debug.verify : - <false>                                                                                                                                                       */
/*                                 mixin.debug.verbose : - <true>                                                                                                                                                        */
/*                         mixin.debug.countInjections : - <true>                                                                                                                                                        */
/*                                  mixin.debug.strict : - <false>                                                                                                                                                       */
/*                           mixin.debug.strict.unique : - - <false>                                                                                                                                                     */
/*                          mixin.debug.strict.targets : - - <false>                                                                                                                                                     */
/*                                mixin.debug.profiler : - <false>                                                                                                                                                       */
/*                           mixin.dumpTargetOnFailure : <false>                                                                                                                                                         */
/*                                        mixin.checks : <false>                                                                                                                                                         */
/*                             mixin.checks.interfaces : - <false>                                                                                                                                                       */
/*                      mixin.checks.interfaces.strict : - - <false>                                                                                                                                                     */
/*                             mixin.ignoreConstraints : <false>                                                                                                                                                         */
/*                                       mixin.hotSwap : <false>                                                                                                                                                         */
/*                                       mixin.env.obf : - <false>                                                                                                                                                       */
/*                             mixin.env.disableRefMap : - <false>                                                                                                                                                       */
/*                               mixin.env.remapRefMap : - <false>                                                                                                                                                       */
/*                       mixin.env.refMapRemappingFile : - <>                                                                                                                                                            */
/*                        mixin.env.refMapRemappingEnv : - <searge>                                                                                                                                                      */
/*                      mixin.env.allowPermissiveMatch : - <false>                                                                                                                                                       */
/*                            mixin.env.ignoreRequired : - <false>                                                                                                                                                       */
/*                               mixin.env.compatLevel : - <false>                                                                                                                                                       */
/*                          mixin.env.shiftByViolation : - <warn>                                                                                                                                                        */
/*                      mixin.initialiserInjectionMode : <default>                                                                                                                                                       */
/*               mixin.tunable.classReaderExpandFrames : - <false>                                                                                                                                                       */
/*************************************************************************************************************************************************************************************************************************/
/*                                    UNSAFE_INJECTION : available=<true> enabled=<true>                                                                                                                                 */
/*                       INJECTORS_IN_INTERFACE_MIXINS : available=<true> enabled=<true>                                                                                                                                 */
/*************************************************************************************************************************************************************************************************************************/
/*                                       Detected Side : SERVER                                                                                                                                                          */
/*************************************************************************************************************************************************************************************************************************/
[00:00:08] [main/INFO] [mixin/]: Attempting to load Fernflower decompiler (Threaded mode)
[00:00:08] [main/INFO] [mixin/]: Fernflower could not be loaded, exported classes will not be decompiled. NoClassDefFoundError: org/jetbrains/java/decompiler/main/extern/IResultSaver
[00:00:08] [main/INFO] [ne.ne.fm.lo.FMLLoader/]: Loading FML Plugins:
[00:00:08] [main/INFO] [ne.ne.fm.lo.FMLLoader/]:  - ~libraries/net/neoforged/neoforge/21.11.45/neoforge-21.11.45-universal.jar > net.neoforged.neoforge-coremods-21.11.45.jar
[00:00:08] [main/INFO] [ne.ne.fm.lo.FMLLoader/]: Building game content classloader:
 - minecraft (jar(~libraries/net/neoforged/minecraft-server-patched/21.11.45/minecraft-server-patched-21.11.45.jar))
 - mixinextras.neoforge (jar(~libraries/net/neoforged/neoforge/21.11.45/neoforge-21.11.45-universal.jar > mixinextras-neoforge-0.5.3.jar))
 - neoforge (jar(~libraries/net/neoforged/neoforge/21.11.45/neoforge-21.11.45-universal.jar))
 - net.neoforged.fml.generated (empty(VirtualJar/net.neoforged.fml.generated))
 - qizhangverdict (jar(mods/qizhangverdict-neoforge-1.21.11-0.4.0-dev.jar))
[00:00:08] [main/INFO] [ne.ne.fm.lo.FMLLoader/]: Built game content classloader in 32ms
[00:00:09] [main/INFO] [mixin/]: Preparing mixins for MixinEnvironment[DEFAULT]
[00:00:09] [main/INFO] [mixin/]: Selecting config qizhangverdict.mixins.json
[00:00:09] [main/INFO] [mixin/]: Selecting config neoforge.mixins.json
[00:00:09] [main/INFO] [mixin/]: Selecting config mixinextras.init.mixins.json
[00:00:09] [main/INFO] [mixin/]: Preparing qizhangverdict.mixins.json (1)
[00:00:09] [main/INFO] [mixin/]: Preparing neoforge.mixins.json (2)
[00:00:09] [main/INFO] [mixin/]: Preparing mixinextras.init.mixins.json (0)
[00:00:10] [main/INFO] [MixinExtras|Service/]: Initializing MixinExtras via com.llamalad7.mixinextras.service.MixinExtrasServiceImpl(version=0.5.3).
[00:00:10] [main/INFO] [mixin/]: Mixing MappedRegistryAccessor from neoforge.mixins.json into net.minecraft.core.MappedRegistry
[00:00:11] [main/INFO] [mixin/]: Mixing BlockEntityTypeAccessor from neoforge.mixins.json into net.minecraft.world.level.block.entity.BlockEntityType
[00:00:15] [modloading-worker-0/INFO] [ne.ne.ne.co.NeoForgeMod/NEOFORGE-MOD]: NeoForge mod loading, version 21.11.45, for MC 1.21.11
[00:00:16] [main/INFO] [mojang/YggdrasilAuthenticationService]: Environment: Environment[sessionHost=https://sessionserver.mojang.com, servicesHost=https://api.minecraftservices.com, profilesHost=https://api.mojang.com, name=PROD]
[00:00:17] [main/INFO] [minecraft/Main]: No existing world data, creating new world
[00:00:17] [Worker-Main-3/INFO] [mixin/]: Mixing CommandGate12111Mixin from qizhangverdict.mixins.json into net.minecraft.commands.Commands
[00:00:18] [main/INFO] [minecraft/RecipeManager]: Loaded 1470 recipes
[00:00:18] [main/INFO] [minecraft/AdvancementTree]: Loaded 1584 advancements
[00:00:18] [main/INFO] [ne.ne.ne.co.cr.RecipePriorityManager/]: Loaded 0 recipe priority overrides
[00:00:18] [Server thread/INFO] [minecraft/DedicatedServer]: Starting minecraft server version 1.21.11
[00:00:18] [Server thread/INFO] [minecraft/DedicatedServer]: Loading properties
[00:00:18] [Server thread/INFO] [minecraft/DedicatedServer]: Default game type: SURVIVAL
[00:00:18] [Server thread/INFO] [minecraft/MinecraftServer]: Generating keypair
[00:00:18] [Server thread/INFO] [minecraft/DedicatedServer]: Starting Minecraft server on 127.0.0.1:25732
2026-09-25T15:00:18.954821300Z Server thread ERROR An exception occurred processing Appender DebugFile
org.apache.logging.log4j.core.appender.AppenderLoggingException: java.lang.NoClassDefFoundError: Could not initialize class io.netty.channel.kqueue.Native
	at org.apache.logging.log4j.core.config.AppenderControl.tryCallAppender(AppenderControl.java:164)
	at org.apache.logging.log4j.core.config.AppenderControl.callAppender0(AppenderControl.java:133)
	at org.apache.logging.log4j.core.config.AppenderControl.callAppenderPreventRecursion(AppenderControl.java:124)
	at org.apache.logging.log4j.core.config.AppenderControl.callAppender(AppenderControl.java:88)
	at org.apache.logging.log4j.core.config.LoggerConfig.callAppenders(LoggerConfig.java:711)
	at org.apache.logging.log4j.core.config.LoggerConfig.processLogEvent(LoggerConfig.java:669)
	at org.apache.logging.log4j.core.config.LoggerConfig.log(LoggerConfig.java:645)
	at org.apache.logging.log4j.core.config.LoggerConfig.log(LoggerConfig.java:554)
	at org.apache.logging.log4j.core.config.AwaitCompletionReliabilityStrategy.log(AwaitCompletionReliabilityStrategy.java:67)
	at org.apache.logging.log4j.core.Logger.logMessage(Logger.java:173)
	at org.apache.logging.slf4j.Log4jLogger.log(Log4jLogger.java:374)
	at io.netty.util.internal.logging.LocationAwareSlf4JLogger.log(LocationAwareSlf4JLogger.java:46)
	at io.netty.util.internal.logging.LocationAwareSlf4JLogger.debug(LocationAwareSlf4JLogger.java:129)
	at io.netty.channel.kqueue.KQueue.<clinit>(KQueue.java:54)
	at TRANSFORMER/minecraft@1.21.11/net.minecraft.server.network.EventLoopGroupHolder.remote(EventLoopGroupHolder.java:59)
	at TRANSFORMER/minecraft@1.21.11/net.minecraft.server.network.ServerConnectionListener.startTcpServerListener(ServerConnectionListener.java:56)
	at TRANSFORMER/minecraft@1.21.11/net.minecraft.server.dedicated.DedicatedServer.initServer(DedicatedServer.java:241)
	at TRANSFORMER/minecraft@1.21.11/net.minecraft.server.MinecraftServer.runServer(MinecraftServer.java:743)
	at TRANSFORMER/minecraft@1.21.11/net.minecraft.server.MinecraftServer.lambda$spin$2(MinecraftServer.java:287)
	at java.base/java.lang.Thread.run(Thread.java:1583)
Caused by: java.lang.NoClassDefFoundError: Could not initialize class io.netty.channel.kqueue.Native
	at java.base/java.lang.Class.forName0(Native Method)
	at java.base/java.lang.Class.forName(Class.java:534)
	at java.base/java.lang.Class.forName(Class.java:513)
	at org.apache.logging.log4j.util.LoaderUtil.loadClass(LoaderUtil.java:212)
	at org.apache.logging.log4j.core.pattern.ThrowableExtendedStackTraceRenderer.lambda$static$1(ThrowableExtendedStackTraceRenderer.java:196)
	at org.apache.logging.log4j.core.pattern.ThrowableExtendedStackTraceRenderer$ExtendedContext.loadClass(ThrowableExtendedStackTraceRenderer.java:180)
	at org.apache.logging.log4j.core.pattern.ThrowableExtendedStackTraceRenderer$ExtendedContext.createClassResourceInfoByName(ThrowableExtendedStackTraceRenderer.java:166)
	at org.apache.logging.log4j.core.pattern.ThrowableExtendedStackTraceRenderer$ExtendedContext.ofThrowable(ThrowableExtendedStackTraceRenderer.java:96)
	at org.apache.logging.log4j.core.pattern.ThrowableExtendedStackTraceRenderer$ExtendedContext.access$000(ThrowableExtendedStackTraceRenderer.java:81)
	at org.apache.logging.log4j.core.pattern.ThrowableExtendedStackTraceRenderer.createContext(ThrowableExtendedStackTraceRenderer.java:43)
	at org.apache.logging.log4j.core.pattern.ThrowableExtendedStackTraceRenderer.createContext(ThrowableExtendedStackTraceRenderer.java:34)
	at org.apache.logging.log4j.core.pattern.ThrowableStackTraceRenderer.renderThrowable(ThrowableStackTraceRenderer.java:55)
	at org.apache.logging.log4j.core.pattern.ThrowablePatternConverter.format(ThrowablePatternConverter.java:130)
	at org.apache.logging.log4j.core.layout.PatternLayout$NoFormatPatternSerializer.toSerializable(PatternLayout.java:354)
	at org.apache.logging.log4j.core.layout.PatternLayout.toText(PatternLayout.java:251)
	at org.apache.logging.log4j.core.layout.PatternLayout.encode(PatternLayout.java:237)
	at org.apache.logging.log4j.core.layout.PatternLayout.encode(PatternLayout.java:57)
	at org.apache.logging.log4j.core.appender.AbstractOutputStreamAppender.directEncodeEvent(AbstractOutputStreamAppender.java:227)
	at org.apache.logging.log4j.core.appender.AbstractOutputStreamAppender.tryAppend(AbstractOutputStreamAppender.java:220)
	at org.apache.logging.log4j.core.appender.AbstractOutputStreamAppender.append(AbstractOutputStreamAppender.java:211)
	at org.apache.logging.log4j.core.appender.RollingRandomAccessFileAppender.append(RollingRandomAccessFileAppender.java:275)
	at org.apache.logging.log4j.core.config.AppenderControl.tryCallAppender(AppenderControl.java:160)
	... 19 more
Caused by: java.lang.ExceptionInInitializerError: Exception java.lang.IllegalStateException: Only supported on OSX/BSD [in thread "Server thread"]
	at io.netty.channel.kqueue.Native.loadNativeLibrary(Native.java:159)
	at io.netty.channel.kqueue.Native.<clinit>(Native.java:76)
	at io.netty.channel.kqueue.KQueue.<clinit>(KQueue.java:38)
	... 6 more

2026-09-25T15:00:18.964901100Z Server thread ERROR An exception occurred processing Appender DebugFile
org.apache.logging.log4j.core.appender.AppenderLoggingException: java.lang.NoClassDefFoundError: Could not initialize class io.netty.channel.epoll.Native
	at org.apache.logging.log4j.core.config.AppenderControl.tryCallAppender(AppenderControl.java:164)
	at org.apache.logging.log4j.core.config.AppenderControl.callAppender0(AppenderControl.java:133)
	at org.apache.logging.log4j.core.config.AppenderControl.callAppenderPreventRecursion(AppenderControl.java:124)
	at org.apache.logging.log4j.core.config.AppenderControl.callAppender(AppenderControl.java:88)
	at org.apache.logging.log4j.core.config.LoggerConfig.callAppenders(LoggerConfig.java:711)
	at org.apache.logging.log4j.core.config.LoggerConfig.processLogEvent(LoggerConfig.java:669)
	at org.apache.logging.log4j.core.config.LoggerConfig.log(LoggerConfig.java:645)
	at org.apache.logging.log4j.core.config.LoggerConfig.log(LoggerConfig.java:554)
	at org.apache.logging.log4j.core.config.AwaitCompletionReliabilityStrategy.log(AwaitCompletionReliabilityStrategy.java:67)
	at org.apache.logging.log4j.core.Logger.logMessage(Logger.java:173)
	at org.apache.logging.slf4j.Log4jLogger.log(Log4jLogger.java:374)
	at io.netty.util.internal.logging.LocationAwareSlf4JLogger.log(LocationAwareSlf4JLogger.java:46)
	at io.netty.util.internal.logging.LocationAwareSlf4JLogger.debug(LocationAwareSlf4JLogger.java:129)
	at io.netty.channel.epoll.Epoll.<clinit>(Epoll.java:66)
	at TRANSFORMER/minecraft@1.21.11/net.minecraft.server.network.EventLoopGroupHolder.remote(EventLoopGroupHolder.java:63)
	at TRANSFORMER/minecraft@1.21.11/net.minecraft.server.network.ServerConnectionListener.startTcpServerListener(ServerConnectionListener.java:56)
	at TRANSFORMER/minecraft@1.21.11/net.minecraft.server.dedicated.DedicatedServer.initServer(DedicatedServer.java:241)
	at TRANSFORMER/minecraft@1.21.11/net.minecraft.server.MinecraftServer.runServer(MinecraftServer.java:743)
	at TRANSFORMER/minecraft@1.21.11/net.minecraft.server.MinecraftServer.lambda$spin$2(MinecraftServer.java:287)
	at java.base/java.lang.Thread.run(Thread.java:1583)
Caused by: java.lang.NoClassDefFoundError: Could not initialize class io.netty.channel.epoll.Native
	at java.base/java.lang.Class.forName0(Native Method)
	at java.base/java.lang.Class.forName(Class.java:534)
	at java.base/java.lang.Class.forName(Class.java:513)
	at org.apache.logging.log4j.util.LoaderUtil.loadClass(LoaderUtil.java:212)
	at org.apache.logging.log4j.core.pattern.ThrowableExtendedStackTraceRenderer.lambda$static$1(ThrowableExtendedStackTraceRenderer.java:196)
	at org.apache.logging.log4j.core.pattern.ThrowableExtendedStackTraceRenderer$ExtendedContext.loadClass(ThrowableExtendedStackTraceRenderer.java:180)
	at org.apache.logging.log4j.core.pattern.ThrowableExtendedStackTraceRenderer$ExtendedContext.createClassResourceInfoByName(ThrowableExtendedStackTraceRenderer.java:166)
	at org.apache.logging.log4j.core.pattern.ThrowableExtendedStackTraceRenderer$ExtendedContext.ofThrowable(ThrowableExtendedStackTraceRenderer.java:96)
	at org.apache.logging.log4j.core.pattern.ThrowableExtendedStackTraceRenderer$ExtendedContext.access$000(ThrowableExtendedStackTraceRenderer.java:81)
	at org.apache.logging.log4j.core.pattern.ThrowableExtendedStackTraceRenderer.createContext(ThrowableExtendedStackTraceRenderer.java:43)
	at org.apache.logging.log4j.core.pattern.ThrowableExtendedStackTraceRenderer.createContext(ThrowableExtendedStackTraceRenderer.java:34)
	at org.apache.logging.log4j.core.pattern.ThrowableStackTraceRenderer.renderThrowable(ThrowableStackTraceRenderer.java:55)
	at org.apache.logging.log4j.core.pattern.ThrowablePatternConverter.format(ThrowablePatternConverter.java:130)
	at org.apache.logging.log4j.core.layout.PatternLayout$NoFormatPatternSerializer.toSerializable(PatternLayout.java:354)
	at org.apache.logging.log4j.core.layout.PatternLayout.toText(PatternLayout.java:251)
	at org.apache.logging.log4j.core.layout.PatternLayout.encode(PatternLayout.java:237)
	at org.apache.logging.log4j.core.layout.PatternLayout.encode(PatternLayout.java:57)
	at org.apache.logging.log4j.core.appender.AbstractOutputStreamAppender.directEncodeEvent(AbstractOutputStreamAppender.java:227)
	at org.apache.logging.log4j.core.appender.AbstractOutputStreamAppender.tryAppend(AbstractOutputStreamAppender.java:220)
	at org.apache.logging.log4j.core.appender.AbstractOutputStreamAppender.append(AbstractOutputStreamAppender.java:211)
	at org.apache.logging.log4j.core.appender.RollingRandomAccessFileAppender.append(RollingRandomAccessFileAppender.java:275)
	at org.apache.logging.log4j.core.config.AppenderControl.tryCallAppender(AppenderControl.java:160)
	... 19 more
Caused by: java.lang.ExceptionInInitializerError: Exception java.lang.IllegalStateException: Only supported on Linux [in thread "Server thread"]
	at io.netty.channel.epoll.Native.loadNativeLibrary(Native.java:328)
	at io.netty.channel.epoll.Native.<clinit>(Native.java:96)
	at io.netty.channel.epoll.Epoll.<clinit>(Epoll.java:42)
	... 6 more

[00:00:19] [Server thread/WARN] [minecraft/DedicatedServer]: **** SERVER IS RUNNING IN OFFLINE/INSECURE MODE!
[00:00:19] [Server thread/WARN] [minecraft/DedicatedServer]: The server will make no attempt to authenticate usernames. Beware.
[00:00:19] [Server thread/WARN] [minecraft/DedicatedServer]: While this makes the game possible to play without internet access, it also opens up the ability for hackers to connect with any username they choose.
[00:00:19] [Server thread/WARN] [minecraft/DedicatedServer]: To change this, set "online-mode" to "true" in the server.properties file.
[00:00:19] [Server thread/INFO] [minecraft/DedicatedServer]: Preparing level "world"
[00:00:19] [Server thread/INFO] [minecraft/LoggingLevelLoadListener]: Selecting global world spawn...
[00:00:19] [Server thread/INFO] [minecraft/LoggingLevelLoadListener]: Loading 0 persistent chunks...
[00:00:19] [Server thread/INFO] [minecraft/LoggingLevelLoadListener]: Preparing spawn area: 100%
[00:00:19] [Server thread/INFO] [minecraft/LoggingLevelLoadListener]: Time elapsed: 308 ms
[00:00:19] [Server thread/INFO] [minecraft/DedicatedServer]: Done (0.549s)! For help, type "help"
[00:00:19] [Server thread/INFO] [ne.ne.ne.se.pe.PermissionAPI/]: Successfully initialized permission handler neoforge:default_handler
[00:00:19] [Server thread/INFO] [QiZhangVerdict/]: External mod presence only: grimac=false, antixray=false; actual function must be tested separately
[00:00:19] [Server thread/INFO] [QiZhangVerdict/]: QiZhangGuard started: QiZhangVerdict sessions=0, trackedIPs=0, accountPairs=0, rules=39, companion=required, vm=DENY, blacklist=DENY, rateBuckets=0, accountBans=0, deviceBans=0, deviceRequired=true. Reports are self-reported, not trusted attestation.
[00:00:19] [Server thread/INFO] [minecraft/MinecraftServer]: QiZhangVerdict sessions=0, trackedIPs=0, accountPairs=0, rules=39, companion=required, vm=DENY, blacklist=DENY, rateBuckets=0, accountBans=0, deviceBans=0, deviceRequired=true
[00:00:20] [Server thread/INFO] [minecraft/MinecraftServer]: QiZhangVerdict sessions=0, trackedIPs=0, accountPairs=0, rules=39, companion=required, vm=ALERT, blacklist=DENY, rateBuckets=0, accountBans=0, deviceBans=0, deviceRequired=true
[00:00:23] [Server thread/INFO] [minecraft/PlayerList]: QVBot1[/127.0.0.1:6128] logged in with entity id 1 at (-4.5, -60.0, -5.5)
[00:00:23] [Server thread/INFO] [minecraft/MinecraftServer]: QVBot1 joined the game
[00:00:24] [Server thread/INFO] [minecraft/ServerGamePacketListenerImpl]: QVBot1 lost connection: Disconnected
[00:00:24] [Server thread/INFO] [minecraft/MinecraftServer]: QVBot1 left the game
[00:00:25] [Server thread/INFO] [minecraft/MinecraftServer]: QiZhangVerdict sessions=0, trackedIPs=1, accountPairs=1, rules=39, companion=required, vm=ALERT, blacklist=DENY, rateBuckets=1, accountBans=0, deviceBans=0, deviceRequired=true
[00:00:27] [Server thread/INFO] [minecraft/PlayerList]: GateAccount[/127.0.0.1:14206] logged in with entity id 2 at (0.5, -60.0, -7.5)
[00:00:27] [Server thread/INFO] [minecraft/MinecraftServer]: GateAccount joined the game
[00:00:28] [Server thread/INFO] [minecraft/MinecraftServer]: Made GateAccount a server operator
[00:00:30] [Server thread/INFO] [minecraft/MinecraftServer]: [Not Secure] [GateAccount] QZ_POST_GATE
[00:00:31] [Server thread/INFO] [minecraft/ServerGamePacketListenerImpl]: GateAccount lost connection: Disconnected
[00:00:31] [Server thread/INFO] [minecraft/MinecraftServer]: GateAccount left the game
[00:00:31] [Server thread/INFO] [minecraft/MinecraftServer]: Made GateAccount no longer a server operator
[00:00:33] [Server thread/INFO] [minecraft/MinecraftServer]: QiZhangVerdict sessions=0, trackedIPs=1, accountPairs=2, rules=39, companion=required, vm=ALERT, blacklist=DENY, rateBuckets=1, accountBans=0, deviceBans=0, deviceRequired=true
[00:00:34] [Server thread/INFO] [minecraft/PlayerList]: QVBot2[/127.0.0.1:14210] logged in with entity id 3 at (-7.5, -60.0, -5.5)
[00:00:34] [Server thread/INFO] [minecraft/MinecraftServer]: QVBot2 joined the game
[00:00:39] [Server thread/INFO] [minecraft/ServerGamePacketListenerImpl]: QVBot2 lost connection: QiZhangGuard: required companion report timed out
[00:00:39] [Server thread/INFO] [minecraft/MinecraftServer]: QVBot2 left the game
[00:00:40] [Server thread/INFO] [minecraft/PlayerList]: BadWire[/127.0.0.1:14220] logged in with entity id 4 at (-4.5, -60.0, -8.5)
[00:00:40] [Server thread/INFO] [minecraft/MinecraftServer]: BadWire joined the game
[00:00:41] [Server thread/INFO] [minecraft/ServerGamePacketListenerImpl]: BadWire lost connection: Malformed or oversized companion report
[00:00:41] [Server thread/INFO] [minecraft/MinecraftServer]: BadWire left the game
[00:00:42] [Server thread/INFO] [minecraft/PlayerList]: BadWire[/127.0.0.1:14222] logged in with entity id 5 at (-4.5, -60.0, -8.5)
[00:00:42] [Server thread/INFO] [minecraft/MinecraftServer]: BadWire joined the game
[00:00:43] [Server thread/INFO] [minecraft/ServerGamePacketListenerImpl]: BadWire lost connection: Disconnected
[00:00:43] [Server thread/INFO] [minecraft/MinecraftServer]: BadWire left the game
[00:00:44] [Server thread/INFO] [minecraft/PlayerList]: QVBot3[/127.0.0.1:14223] logged in with entity id 6 at (0.5, -60.0, 1.5)
[00:00:44] [Server thread/INFO] [minecraft/MinecraftServer]: QVBot3 joined the game
[00:00:45] [Server thread/INFO] [minecraft/PlayerList]: QVBot4[/127.0.0.1:14229] logged in with entity id 7 at (-2.5, -60.0, -6.5)
[00:00:45] [Server thread/INFO] [minecraft/MinecraftServer]: QVBot4 joined the game
[00:00:46] [Server thread/INFO] [minecraft/ServerGamePacketListenerImpl]: QVBot4 lost connection: Only the configured number of accounts may use the same IP and device concurrently
[00:00:46] [Server thread/INFO] [minecraft/MinecraftServer]: QVBot4 left the game
[00:00:47] [Server thread/INFO] [minecraft/PlayerList]: QVBot5[/127.0.0.1:14232] logged in with entity id 8 at (-2.5, -60.0, -8.5)
[00:00:47] [Server thread/INFO] [minecraft/MinecraftServer]: QVBot5 joined the game
[00:00:48] [Server thread/INFO] [minecraft/PlayerList]: QVBot6[/127.0.0.1:14233] logged in with entity id 9 at (7.5, -60.0, -6.5)
[00:00:48] [Server thread/INFO] [minecraft/MinecraftServer]: QVBot6 joined the game
[00:00:50] [Server thread/INFO] [minecraft/PlayerList]: QVBot7[/127.0.0.1:14234] logged in with entity id 10 at (-8.5, -60.0, -8.5)
[00:00:50] [Server thread/INFO] [minecraft/MinecraftServer]: QVBot7 joined the game
[00:00:50] [Server thread/INFO] [minecraft/ServerGamePacketListenerImpl]: QVBot7 lost connection: Too many simultaneous accounts from this IP
[00:00:50] [Server thread/INFO] [minecraft/MinecraftServer]: QVBot7 left the game
[00:00:51] [Server thread/INFO] [minecraft/ServerGamePacketListenerImpl]: QVBot3 lost connection: Disconnected
[00:00:51] [Server thread/INFO] [minecraft/MinecraftServer]: QVBot3 left the game
[00:00:51] [Server thread/INFO] [minecraft/ServerGamePacketListenerImpl]: QVBot5 lost connection: Disconnected
[00:00:51] [Server thread/INFO] [minecraft/MinecraftServer]: QVBot5 left the game
[00:00:51] [Server thread/INFO] [minecraft/ServerGamePacketListenerImpl]: QVBot6 lost connection: Disconnected
[00:00:51] [Server thread/INFO] [minecraft/MinecraftServer]: QVBot6 left the game
[00:00:52] [Server thread/INFO] [minecraft/PlayerList]: QVBot8[/127.0.0.1:14238] logged in with entity id 11 at (-5.5, -60.0, 2.5)
[00:00:52] [Server thread/INFO] [minecraft/MinecraftServer]: QVBot8 joined the game
[00:00:53] [Server thread/INFO] [minecraft/ServerGamePacketListenerImpl]: QVBot8 lost connection: Disconnected
[00:00:53] [Server thread/INFO] [minecraft/MinecraftServer]: QVBot8 left the game
[00:00:54] [Server thread/INFO] [minecraft/PlayerList]: CheatAccount[/127.0.0.1:14239] logged in with entity id 12 at (-3.5, -60.0, 4.5)
[00:00:54] [Server thread/INFO] [minecraft/MinecraftServer]: CheatAccount joined the game
[00:00:55] [Server thread/INFO] [minecraft/ServerGamePacketListenerImpl]: CheatAccount lost connection: Disconnected
[00:00:55] [Server thread/INFO] [minecraft/MinecraftServer]: CheatAccount left the game
[00:00:56] [Server thread/INFO] [minecraft/PlayerList]: LinkedAccount[/127.0.0.1:11079] logged in with entity id 13 at (-2.5, -60.0, -8.5)
[00:00:56] [Server thread/INFO] [minecraft/MinecraftServer]: LinkedAccount joined the game
[00:00:56] [Server thread/INFO] [minecraft/ServerGamePacketListenerImpl]: LinkedAccount lost connection: This reported device identifier is banned
[00:00:56] [Server thread/INFO] [minecraft/MinecraftServer]: LinkedAccount left the game
[00:00:57] [Server thread/INFO] [minecraft/PlayerList]: CheatAccount[/127.0.0.1:11080] logged in with entity id 14 at (-3.5, -60.0, 4.5)
[00:00:57] [Server thread/INFO] [minecraft/MinecraftServer]: CheatAccount joined the game
[00:00:57] [Server thread/INFO] [minecraft/ServerGamePacketListenerImpl]: CheatAccount lost connection: This account is banned by the server
[00:00:57] [Server thread/INFO] [minecraft/MinecraftServer]: CheatAccount left the game
[00:00:58] [Server thread/INFO] [minecraft/MinecraftServer]: Unbanned: true
[00:01:00] [Server thread/INFO] [minecraft/MinecraftServer]: Unbanned: true
[00:01:01] [Server thread/INFO] [minecraft/PlayerList]: CheatAccount[/127.0.0.1:11081] logged in with entity id 15 at (-3.5, -60.0, 4.5)
[00:01:01] [Server thread/INFO] [minecraft/MinecraftServer]: CheatAccount joined the game
[00:01:03] [Server thread/INFO] [minecraft/ServerGamePacketListenerImpl]: CheatAccount lost connection: Disconnected
[00:01:03] [Server thread/INFO] [minecraft/MinecraftServer]: CheatAccount left the game
[00:01:03] [Server thread/INFO] [minecraft/MinecraftServer]: Added rule: ec9c24fb-f116-45b1-ab0e-12ddb35b97c8
[00:01:05] [Server thread/INFO] [minecraft/PlayerList]: QVBot9[/127.0.0.1:11087] logged in with entity id 16 at (-3.5, -60.0, -7.5)
[00:01:05] [Server thread/INFO] [minecraft/MinecraftServer]: QVBot9 joined the game
[00:01:05] [Server thread/INFO] [minecraft/ServerGamePacketListenerImpl]: QVBot9 lost connection: Reported mod matches a server blacklist rule
[00:01:05] [Server thread/INFO] [minecraft/MinecraftServer]: QVBot9 left the game
[00:01:06] [Server thread/INFO] [minecraft/MinecraftServer]: Added rule: 32094125-b970-49bc-af80-54d77baa6b06
[00:01:08] [Server thread/INFO] [minecraft/PlayerList]: QVBot10[/127.0.0.1:11088] logged in with entity id 17 at (8.5, -60.0, -7.5)
[00:01:08] [Server thread/INFO] [minecraft/MinecraftServer]: QVBot10 joined the game
[00:01:09] [Server thread/INFO] [minecraft/ServerGamePacketListenerImpl]: QVBot10 lost connection: Disconnected
[00:01:09] [Server thread/INFO] [minecraft/MinecraftServer]: QVBot10 left the game
[00:01:10] [Server thread/INFO] [minecraft/MinecraftServer]: Removed: true
[00:01:11] [Server thread/INFO] [minecraft/PlayerList]: QVBot11[/127.0.0.1:11089] logged in with entity id 18 at (-0.5, -60.0, -3.5)
[00:01:11] [Server thread/INFO] [minecraft/MinecraftServer]: QVBot11 joined the game
[00:01:12] [Server thread/INFO] [minecraft/ServerGamePacketListenerImpl]: QVBot11 lost connection: Reported mod matches a server blacklist rule
[00:01:12] [Server thread/INFO] [minecraft/MinecraftServer]: QVBot11 left the game
[00:01:12] [Server thread/WARN] [minecraft/Connection]: handleDisconnection() called twice
[00:01:13] [Server thread/INFO] [minecraft/MinecraftServer]: Removed: true
[00:01:14] [Server thread/INFO] [minecraft/PlayerList]: QVBot12[/127.0.0.1:11092] logged in with entity id 19 at (8.5, -60.0, -9.5)
[00:01:14] [Server thread/INFO] [minecraft/MinecraftServer]: QVBot12 joined the game
[00:01:15] [Server thread/INFO] [minecraft/ServerGamePacketListenerImpl]: QVBot12 lost connection: Disconnected
[00:01:15] [Server thread/INFO] [minecraft/MinecraftServer]: QVBot12 left the game
[00:01:16] [Server thread/INFO] [minecraft/MinecraftServer]: Added rule: 73704aff-cc0d-4741-a533-4ea9a7cb9673
[00:01:18] [Server thread/INFO] [minecraft/PlayerList]: QVBot13[/127.0.0.1:11094] logged in with entity id 20 at (9.5, -60.0, -4.5)
[00:01:18] [Server thread/INFO] [minecraft/MinecraftServer]: QVBot13 joined the game
[00:01:18] [Server thread/INFO] [minecraft/ServerGamePacketListenerImpl]: QVBot13 lost connection: Disconnected
[00:01:18] [Server thread/INFO] [minecraft/MinecraftServer]: QVBot13 left the game
[00:01:19] [Server thread/INFO] [minecraft/MinecraftServer]: QiZhangVerdict sessions=0, trackedIPs=1, accountPairs=16, rules=40, companion=required, vm=ALERT, blacklist=DENY, rateBuckets=1, accountBans=4, deviceBans=3, deviceRequired=true
[00:01:21] [Server thread/INFO] [minecraft/PlayerList]: QVBot14[/127.0.0.1:11096] logged in with entity id 21 at (0.5, -60.0, 0.5)
[00:01:21] [Server thread/INFO] [minecraft/MinecraftServer]: QVBot14 joined the game
[00:01:21] [Server thread/INFO] [minecraft/ServerGamePacketListenerImpl]: QVBot14 lost connection: This IP is denied by server policy
[00:01:21] [Server thread/INFO] [minecraft/MinecraftServer]: QVBot14 left the game
[00:01:22] [Server thread/INFO] [minecraft/MinecraftServer]: QiZhangVerdict sessions=0, trackedIPs=1, accountPairs=16, rules=40, companion=required, vm=DENY, blacklist=DENY, rateBuckets=1, accountBans=4, deviceBans=3, deviceRequired=true
[00:01:23] [Server thread/INFO] [minecraft/PlayerList]: QVBot15[/127.0.0.1:11100] logged in with entity id 22 at (2.5, -60.0, -5.5)
[00:01:23] [Server thread/INFO] [minecraft/MinecraftServer]: QVBot15 joined the game
[00:01:24] [Server thread/INFO] [minecraft/ServerGamePacketListenerImpl]: QVBot15 lost connection: Companion reported a virtual machine indicator
[00:01:24] [Server thread/INFO] [minecraft/MinecraftServer]: QVBot15 left the game
[00:01:25] [Server thread/INFO] [minecraft/PlayerList]: QVBot16[/127.0.0.1:11101] logged in with entity id 23 at (9.5, -60.0, 3.5)
[00:01:25] [Server thread/INFO] [minecraft/MinecraftServer]: QVBot16 joined the game
[00:01:26] [Server thread/INFO] [QiZhangVerdict/]: Report decision player=edc8f3dc-ba2e-3999-9748-0637a3718bb0 code=VM_UNKNOWN message=VM status is unknown or has only inconclusive indicators
[00:01:26] [Server thread/INFO] [minecraft/ServerGamePacketListenerImpl]: QVBot16 lost connection: Disconnected
[00:01:26] [Server thread/INFO] [minecraft/MinecraftServer]: QVBot16 left the game
[00:01:27] [Server thread/INFO] [minecraft/MinecraftServer]: QiZhangVerdict sessions=0, trackedIPs=1, accountPairs=18, rules=40, companion=required, vm=ALERT, blacklist=DENY, rateBuckets=1, accountBans=5, deviceBans=4, deviceRequired=true
[00:01:29] [Server thread/INFO] [minecraft/PlayerList]: QVBot17[/127.0.0.1:6406] logged in with entity id 24 at (5.5, -60.0, -0.5)
[00:01:29] [Server thread/INFO] [minecraft/MinecraftServer]: QVBot17 joined the game
[00:01:30] [Server thread/INFO] [minecraft/PlayerList]: QVBot18[/127.0.0.1:6407] logged in with entity id 25 at (-2.5, -60.0, -8.5)
[00:01:30] [Server thread/INFO] [minecraft/MinecraftServer]: QVBot18 joined the game
[00:01:31] [Server thread/INFO] [minecraft/PlayerList]: QVBot19[/127.0.0.1:6408] logged in with entity id 26 at (9.5, -60.0, -0.5)
[00:01:31] [Server thread/INFO] [minecraft/MinecraftServer]: QVBot19 joined the game
[00:01:32] [Server thread/INFO] [minecraft/ServerGamePacketListenerImpl]: QVBot19 lost connection: Too many simultaneous accounts from this IP
[00:01:32] [Server thread/INFO] [minecraft/MinecraftServer]: QVBot19 left the game
[00:01:33] [Server thread/INFO] [minecraft/ServerGamePacketListenerImpl]: QVBot17 lost connection: Disconnected
[00:01:33] [Server thread/INFO] [minecraft/MinecraftServer]: QVBot17 left the game
[00:01:33] [Server thread/INFO] [minecraft/ServerGamePacketListenerImpl]: QVBot18 lost connection: Disconnected
[00:01:33] [Server thread/INFO] [minecraft/MinecraftServer]: QVBot18 left the game
[00:01:33] [Server thread/INFO] [minecraft/MinecraftServer]: Page 1/1
06205eb0-363d-35e3-8c60-8c1ef8b83c9c	BLACKLIST_DENIED
15519aaa-3950-3430-bc9c-c0c7c47a9cf3	BLACKLIST_DENIED
87b706ea-8c04-3118-b4cc-2d720ee925df	VM_DENIED
b791d91a-dbdc-3a65-a036-fc39d6993ac9	DEVICE_BANNED
d8c92e3a-17df-39d2-a36d-e08c0d1aab2e	BLACKLIST_DENIED
device:0723e1710c0a08646895f23b3eaf0153e6fb1d316ec121abe3e842cbff565460	VM_DENIED
device:746caab8fda1c4e339d0724f9fb70b2d52b533cbfce2a0a2b98a039648cbf174	BLACKLIST_DENIED
device:d6578071b2c3a3ef93925882a0215c31812b6db116703c2082e07adec5a2499e	BLACKLIST_DENIED
device:fb7f23f1518fc50a1bfa07fc581a2f340c89a3596042f418617b9dd66614e239	BLACKLIST_DENIED
[00:01:35] [Server thread/INFO] [minecraft/MinecraftServer]: Page 1/4
legacy:automation:baritoe	BLACK	MOD	EXACT	baritoe	ALERT
legacy:automation:baritone	BLACK	MOD	EXACT	baritone	ALERT
legacy:mod:advanced-xray-fabric	BLACK	MOD	EXACT	advanced-xray-fabric	DENY
legacy:mod:aegis	BLACK	MOD	EXACT	aegis	DENY
legacy:mod:alien	BLACK	MOD	EXACT	alien	DENY
legacy:mod:aoba	BLACK	MOD	EXACT	aoba	DENY
legacy:mod:ares	BLACK	MOD	EXACT	ares	DENY
legacy:mod:atianxray	BLACK	MOD	EXACT	atianxray	ALERT
legacy:mod:blackout	BLACK	MOD	EXACT	blackout	DENY
legacy:mod:bleachhack	BLACK	MOD	EXACT	bleachhack	DENY
[00:01:36] [Server thread/INFO] [minecraft/MinecraftServer]: QiZhangVerdict sessions=0, trackedIPs=1, accountPairs=20, rules=40, companion=required, vm=DENY, blacklist=DENY, rateBuckets=1, accountBans=5, deviceBans=4, deviceRequired=true
[00:01:36] [Server thread/INFO] [minecraft/MinecraftServer]: QiZhangVerdict sessions=0, trackedIPs=1, accountPairs=20, rules=40, companion=required, vm=DENY, blacklist=DENY, rateBuckets=1, accountBans=5, deviceBans=4, deviceRequired=true
[00:01:37] [Server thread/INFO] [minecraft/MinecraftServer]: Stopping the server
[00:01:37] [Server thread/INFO] [minecraft/MinecraftServer]: Stopping server
[00:01:37] [Server thread/INFO] [minecraft/MinecraftServer]: Saving players
[00:01:37] [Server thread/INFO] [minecraft/MinecraftServer]: Saving worlds
[00:01:37] [Server thread/INFO] [minecraft/MinecraftServer]: Saving chunks for level 'ServerLevel[world]'/minecraft:overworld
[00:01:37] [Server thread/INFO] [minecraft/MinecraftServer]: Saving chunks for level 'ServerLevel[world]'/minecraft:the_end
[00:01:37] [Server thread/INFO] [minecraft/MinecraftServer]: Saving chunks for level 'ServerLevel[world]'/minecraft:the_nether
[00:01:37] [Server thread/INFO] [minecraft/MinecraftServer]: ThreadedAnvilChunkStorage (world): All chunks are saved
[00:01:37] [Server thread/INFO] [minecraft/MinecraftServer]: ThreadedAnvilChunkStorage (DIM1): All chunks are saved
[00:01:37] [Server thread/INFO] [minecraft/MinecraftServer]: ThreadedAnvilChunkStorage (DIM-1): All chunks are saved
[00:01:37] [Server thread/INFO] [minecraft/MinecraftServer]: ThreadedAnvilChunkStorage: All dimensions are saved
[00:01:37] [main/INFO] [ne.ne.fm.lo.FMLLoader/]: Closing FML Loader 18065201
[00:01:37] [main/INFO] [ne.ne.fm.ModLoader/]: Clearing ModLoader
