[269月2026 00:00:08.130] [main/INFO] [net.neoforged.fml.startup.Entrypoint/]: JVM Uptime at startup: 294ms
[269月2026 00:00:08.140] [main/INFO] [net.neoforged.fml.loading.FMLLoader/]: Starting FancyModLoader version 10.0.36 (DEDICATED_SERVER in PROD)
[269月2026 00:00:08.141] [main/INFO] [net.neoforged.fml.loading.FMLLoader/]: Game directory: E:\CodexTemp\QiZhangVerdict\compat-1.21.11\servers\neoforge-01
[269月2026 00:00:08.142] [main/DEBUG] [net.neoforged.fml.loading.FMLPaths/CORE]: Path GAMEDIR is E:\CodexTemp\QiZhangVerdict\compat-1.21.11\servers\neoforge-01
[269月2026 00:00:08.144] [main/DEBUG] [net.neoforged.fml.loading.FMLPaths/CORE]: Path JIJ_CACHEDIR is E:\CodexTemp\QiZhangVerdict\compat-1.21.11\servers\neoforge-01\.cache\jij
[269月2026 00:00:08.144] [main/DEBUG] [net.neoforged.fml.loading.FMLPaths/CORE]: Path MODSDIR is E:\CodexTemp\QiZhangVerdict\compat-1.21.11\servers\neoforge-01\mods
[269月2026 00:00:08.145] [main/DEBUG] [net.neoforged.fml.loading.FMLPaths/CORE]: Path CONFIGDIR is E:\CodexTemp\QiZhangVerdict\compat-1.21.11\servers\neoforge-01\config
[269月2026 00:00:08.145] [main/DEBUG] [net.neoforged.fml.loading.FMLPaths/CORE]: Path FMLCONFIG is E:\CodexTemp\QiZhangVerdict\compat-1.21.11\servers\neoforge-01\config\fml.toml
[269月2026 00:00:08.192] [ForkJoinPool.commonPool-worker-12/DEBUG] [net.neoforged.fml.loading.EarlyServiceDiscovery/]: libraries\net\neoforged\fancymodloader\loader\10.0.36\loader-10.0.36.jar contains early service net.neoforged.neoforgespi.locating.IModFileReader
[269月2026 00:00:08.192] [ForkJoinPool.commonPool-worker-7/DEBUG] [net.neoforged.fml.loading.EarlyServiceDiscovery/]: libraries\net\neoforged\fancymodloader\earlydisplay\10.0.36\earlydisplay-10.0.36.jar contains early service net.neoforged.neoforgespi.earlywindow.ImmediateWindowProvider
[269月2026 00:00:08.203] [ForkJoinPool.commonPool-worker-12/DEBUG] [net.neoforged.fml.loading.moddiscovery.ModFile/LOADING]: Loading mod file libraries\net\neoforged\fancymodloader\loader\10.0.36\loader-10.0.36.jar with languages []
[269月2026 00:00:08.203] [ForkJoinPool.commonPool-worker-7/DEBUG] [net.neoforged.fml.loading.moddiscovery.ModFile/LOADING]: Loading mod file libraries\net\neoforged\fancymodloader\earlydisplay\10.0.36\earlydisplay-10.0.36.jar with languages []
[269月2026 00:00:08.210] [main/INFO] [net.neoforged.fml.loading.EarlyServiceDiscovery/]: Found 2 early service jars (out of 68) in 37ms
[269月2026 00:00:08.211] [main/INFO] [net.neoforged.fml.loading.FMLLoader/]: Loading FML Early Services:
[269月2026 00:00:08.212] [main/INFO] [net.neoforged.fml.loading.FMLLoader/]:  - libraries/net/neoforged/fancymodloader/earlydisplay/10.0.36/earlydisplay-10.0.36.jar
[269月2026 00:00:08.213] [main/INFO] [net.neoforged.fml.loading.FMLLoader/]:  - libraries/net/neoforged/fancymodloader/loader/10.0.36/loader-10.0.36.jar
[269月2026 00:00:08.219] [main/DEBUG] [net.neoforged.fml.util.ServiceLoaderUtil/CORE]: Found 0 implementations of GraphicsBootstrapper:
[269月2026 00:00:08.220] [main/INFO] [net.neoforged.fml.loading.ImmediateWindowHandler/]: Not loading early display in headless mode.
[269月2026 00:00:08.226] [main/DEBUG] [net.neoforged.fml.util.ServiceLoaderUtil/CORE]: Found 4 implementations of IModFileCandidateLocator:
[269月2026 00:00:08.229] [main/DEBUG] [net.neoforged.fml.util.ServiceLoaderUtil/CORE]: 	    1000 - [built-in] net.neoforged.fml.loading.moddiscovery.locators.GameLocator from libraries/net/neoforged/fancymodloader/loader/10.0.36/loader-10.0.36.jar
[269月2026 00:00:08.230] [main/DEBUG] [net.neoforged.fml.util.ServiceLoaderUtil/CORE]: 	    1000 - [built-in] net.neoforged.fml.loading.moddiscovery.locators.InDevFolderLocator from libraries/net/neoforged/fancymodloader/loader/10.0.36/loader-10.0.36.jar
[269月2026 00:00:08.230] [main/DEBUG] [net.neoforged.fml.util.ServiceLoaderUtil/CORE]: 	    1000 - [built-in] net.neoforged.fml.loading.moddiscovery.locators.InDevJarLocator from libraries/net/neoforged/fancymodloader/loader/10.0.36/loader-10.0.36.jar
[269月2026 00:00:08.231] [main/DEBUG] [net.neoforged.fml.util.ServiceLoaderUtil/CORE]: 	       0 - [built-in] net.neoforged.fml.loading.moddiscovery.locators.ModsFolderLocator from libraries/net/neoforged/fancymodloader/loader/10.0.36/loader-10.0.36.jar
[269月2026 00:00:08.233] [main/DEBUG] [net.neoforged.fml.util.ServiceLoaderUtil/CORE]: Found 2 implementations of IModFileReader:
[269月2026 00:00:08.234] [main/DEBUG] [net.neoforged.fml.util.ServiceLoaderUtil/CORE]: 	       0 - net.neoforged.fml.loading.moddiscovery.readers.JarModsDotTomlModFileReader from libraries/net/neoforged/fancymodloader/loader/10.0.36/loader-10.0.36.jar
[269月2026 00:00:08.234] [main/DEBUG] [net.neoforged.fml.util.ServiceLoaderUtil/CORE]: 	   -1000 - net.neoforged.fml.loading.moddiscovery.readers.NestedLibraryModReader from libraries/net/neoforged/fancymodloader/loader/10.0.36/loader-10.0.36.jar
[269月2026 00:00:08.237] [main/DEBUG] [net.neoforged.fml.util.ServiceLoaderUtil/CORE]: Found 1 implementations of IDependencyLocator:
[269月2026 00:00:08.237] [main/DEBUG] [net.neoforged.fml.util.ServiceLoaderUtil/CORE]: 	       0 - net.neoforged.fml.loading.moddiscovery.locators.JarInJarDependencyLocator from libraries/net/neoforged/fancymodloader/loader/10.0.36/loader-10.0.36.jar
[269月2026 00:00:08.251] [main/INFO] [net.neoforged.fml.loading.moddiscovery.locators.GameLocator/]: Failed to find common Minecraft classes and resources on the classpath. Assuming we're launching production.
[269月2026 00:00:08.260] [main/DEBUG] [net.neoforged.fml.loading.moddiscovery.ModFileParser/LOADING]: Considering mod file candidate libraries\net\neoforged\minecraft-server-patched\21.11.45\minecraft-server-patched-21.11.45.jar
[269月2026 00:00:08.285] [main/DEBUG] [net.neoforged.fml.loading.moddiscovery.ModFileInfo/LOADING]: Found valid mod file minecraft-server-patched-21.11.45.jar with {minecraft} mods - versions {1.21.11}
[269月2026 00:00:08.291] [main/DEBUG] [net.neoforged.fml.loading.moddiscovery.ModFile/LOADING]: Loading mod file libraries\net\neoforged\minecraft-server-patched\21.11.45\minecraft-server-patched-21.11.45.jar with languages [LanguageSpec[languageName=minecraft, acceptedVersions=null]]
[269月2026 00:00:08.294] [main/DEBUG] [net.neoforged.fml.loading.moddiscovery.ModFileParser/LOADING]: Considering mod file candidate libraries\net\neoforged\neoforge\21.11.45\neoforge-21.11.45-universal.jar
[269月2026 00:00:08.298] [main/DEBUG] [net.neoforged.fml.loading.moddiscovery.ModFileInfo/LOADING]: Found valid mod file neoforge-21.11.45-universal.jar with {neoforge} mods - versions {21.11.45}
[269月2026 00:00:08.298] [main/DEBUG] [net.neoforged.fml.loading.moddiscovery.ModFile/LOADING]: Loading mod file libraries\net\neoforged\neoforge\21.11.45\neoforge-21.11.45-universal.jar with languages [LanguageSpec[languageName=javafml, acceptedVersions=[3,]]]
[269月2026 00:00:08.301] [main/DEBUG] [net.neoforged.fml.loading.moddiscovery.ModFile/LOADING]: Found mixin config MixinConfig[config=neoforge.mixins.json, requiredMods=[], behaviorVersion=null]
[269月2026 00:00:08.336] [main/DEBUG] [net.neoforged.fml.loading.moddiscovery.ModFileParser/LOADING]: Considering mod file candidate E:\CodexTemp\QiZhangVerdict\compat-1.21.11\servers\neoforge-01\mods\qizhangverdict-neoforge-1.21.11-0.4.0-dev.jar
[269月2026 00:00:08.340] [main/DEBUG] [net.neoforged.fml.loading.moddiscovery.ModFileInfo/LOADING]: Found valid mod file qizhangverdict-neoforge-1.21.11-0.4.0-dev.jar with {qizhangverdict} mods - versions {0.4.0-dev}
[269月2026 00:00:08.340] [main/DEBUG] [net.neoforged.fml.loading.moddiscovery.ModFile/LOADING]: Loading mod file E:\CodexTemp\QiZhangVerdict\compat-1.21.11\servers\neoforge-01\mods\qizhangverdict-neoforge-1.21.11-0.4.0-dev.jar with languages [LanguageSpec[languageName=null, acceptedVersions=null]]
[269月2026 00:00:08.340] [main/DEBUG] [net.neoforged.fml.loading.moddiscovery.ModFile/LOADING]: Found mixin config MixinConfig[config=qizhangverdict.mixins.json, requiredMods=[], behaviorVersion=null]
[269月2026 00:00:08.449] [main/DEBUG] [net.neoforged.fml.loading.moddiscovery.ModFile/LOADING]: Loading mod file E:\CodexTemp\QiZhangVerdict\compat-1.21.11\servers\neoforge-01\.cache\jij\9822e773bd9f42d36ed53ea3d67486207291747a7bfacc29beeb92040721bc9b\mixinextras-neoforge-0.5.3.jar with languages []
[269月2026 00:00:08.452] [main/DEBUG] [net.neoforged.fml.loading.moddiscovery.ModFile/LOADING]: Loading mod file E:\CodexTemp\QiZhangVerdict\compat-1.21.11\servers\neoforge-01\.cache\jij\54bb3c61f37ced77ba30dc02ca5b2f71ced259612101a8b1325855cff9d9755c\net.neoforged.neoforge-coremods-21.11.45.jar with languages []
[269月2026 00:00:08.481] [main/INFO] [net.neoforged.fml.loading.moddiscovery.locators.JarInJarDependencyLocator/]: Found 2 dependencies adding them to mods collection
[269月2026 00:00:08.484] [main/INFO] [net.neoforged.fml.loading.moddiscovery.ModDiscoverer/]: 
     Mod List:
		Name Version (Mod Id)

		Minecraft 1.21.11 (minecraft)
		NeoForge 21.11.45 (neoforge)
		QiZhang's Verdict 0.4.0-dev (qizhangverdict)
[269月2026 00:00:08.487] [main/DEBUG] [net.neoforged.fml.loading.ModSorter/]: Configured system mods: [minecraft, neoforge]
[269月2026 00:00:08.487] [main/DEBUG] [net.neoforged.fml.loading.ModSorter/]: Found system mod: minecraft
[269月2026 00:00:08.487] [main/DEBUG] [net.neoforged.fml.loading.ModSorter/]: Found system mod: neoforge
[269月2026 00:00:08.490] [main/DEBUG] [net.neoforged.fml.loading.ModSorter/LOADING]: Found 2 mod requirements (2 mandatory, 0 optional)
[269月2026 00:00:08.490] [main/DEBUG] [net.neoforged.fml.loading.ModSorter/LOADING]: Found 0 mod requirements missing (0 mandatory, 0 optional)
[269月2026 00:00:08.712] [main/INFO] [mixin/]: SpongePowered MIXIN Subsystem Version=0.8.7 Source=file:/E:/CodexTemp/QiZhangVerdict/compat-1.21.11/servers/neoforge-01/libraries/net/fabricmc/sponge-mixin/0.16.5+mixin.0.8.7/sponge-mixin-0.16.5+mixin.0.8.7.jar Service=FML Env=SERVER
[269月2026 00:00:08.825] [main/INFO] [mixin/]: Attempting to load Fernflower decompiler (Threaded mode)
[269月2026 00:00:08.826] [main/INFO] [mixin/]: Fernflower could not be loaded, exported classes will not be decompiled. NoClassDefFoundError: org/jetbrains/java/decompiler/main/extern/IResultSaver
[269月2026 00:00:08.832] [main/DEBUG] [mixin/]: Initialising Mixin Platform Manager
[269月2026 00:00:08.832] [main/DEBUG] [mixin/]: Adding mixin platform agents for container ContainerHandleVirtual(fml:18c85)
[269月2026 00:00:08.833] [main/DEBUG] [mixin/]: Instancing new MixinPlatformAgentDefault for ContainerHandleVirtual(fml:18c85)
[269月2026 00:00:08.835] [main/DEBUG] [mixin/]: MixinPlatformAgentDefault accepted container ContainerHandleVirtual(fml:18c85)
[269月2026 00:00:08.835] [main/DEBUG] [mixin/]: Instancing new MixinPlatformAgentDefault for ContainerHandleVirtual(fml:18c85)
[269月2026 00:00:08.835] [main/DEBUG] [mixin/]: MixinPlatformAgentDefault accepted container ContainerHandleVirtual(fml:18c85)
[269月2026 00:00:08.836] [main/DEBUG] [mixin/]: Processing prepare() for PlatformAgent[MixinPlatformAgentDefault:ContainerHandleVirtual(fml:18c85)]
[269月2026 00:00:08.836] [main/DEBUG] [mixin/]: Processing prepare() for PlatformAgent[MixinPlatformAgentDefault:ContainerHandleVirtual(fml:18c85)]
[269月2026 00:00:08.837] [main/INFO] [net.neoforged.fml.loading.FMLLoader/]: Loading FML Plugins:
[269月2026 00:00:08.837] [main/INFO] [net.neoforged.fml.loading.FMLLoader/]:  - ~libraries/net/neoforged/neoforge/21.11.45/neoforge-21.11.45-universal.jar > net.neoforged.neoforge-coremods-21.11.45.jar
[269月2026 00:00:08.846] [main/DEBUG] [net.neoforged.fml.util.ServiceLoaderUtil/CORE]: Found 2 implementations of IModLanguageLoader:
[269月2026 00:00:08.847] [main/DEBUG] [net.neoforged.fml.util.ServiceLoaderUtil/CORE]: 	net.neoforged.fml.javafmlmod.FMLJavaModLanguageProvider from libraries/net/neoforged/fancymodloader/loader/10.0.36/loader-10.0.36.jar
[269月2026 00:00:08.847] [main/DEBUG] [net.neoforged.fml.util.ServiceLoaderUtil/CORE]: 	net.neoforged.fml.mclanguageprovider.MinecraftModLanguageProvider from libraries/net/neoforged/fancymodloader/loader/10.0.36/loader-10.0.36.jar
[269月2026 00:00:08.848] [main/DEBUG] [net.neoforged.fml.loading.LanguageProviderLoader/CORE]: Found language provider javafml, version 10.0
[269月2026 00:00:08.850] [main/DEBUG] [net.neoforged.fml.loading.LanguageProviderLoader/CORE]: Found language provider minecraft, version 10.0
[269月2026 00:00:08.856] [main/DEBUG] [net.neoforged.fml.loading.FMLLoader/]: Adding Access Transformer META-INF/accesstransformer.cfg in jar(~libraries/net/neoforged/neoforge/21.11.45/neoforge-21.11.45-universal.jar)
[269月2026 00:00:08.892] [main/DEBUG] [net.neoforged.fml.loading.FMLLoader/]: Adding Access Transformer META-INF/accesstransformergenerated.cfg in jar(~libraries/net/neoforged/neoforge/21.11.45/neoforge-21.11.45-universal.jar)
[269月2026 00:00:08.910] [main/DEBUG] [net.neoforged.fml.util.ServiceLoaderUtil/CORE]: Found 4 implementations of ClassProcessor:
[269月2026 00:00:08.910] [main/DEBUG] [net.neoforged.fml.util.ServiceLoaderUtil/CORE]: 	[built-in] net.neoforged.fml.common.asm.AccessTransformerService from libraries/net/neoforged/fancymodloader/loader/10.0.36/loader-10.0.36.jar
[269月2026 00:00:08.911] [main/DEBUG] [net.neoforged.fml.util.ServiceLoaderUtil/CORE]: 	[built-in] net.neoforged.fml.common.asm.enumextension.RuntimeEnumExtender from libraries/net/neoforged/fancymodloader/loader/10.0.36/loader-10.0.36.jar
[269月2026 00:00:08.911] [main/DEBUG] [net.neoforged.fml.util.ServiceLoaderUtil/CORE]: 	[built-in] net.neoforged.fml.common.asm.SimpleProcessorsGroup from libraries/net/neoforged/fancymodloader/loader/10.0.36/loader-10.0.36.jar
[269月2026 00:00:08.911] [main/DEBUG] [net.neoforged.fml.util.ServiceLoaderUtil/CORE]: 	[built-in] net.neoforged.fml.loading.mixin.FMLMixinClassProcessor from libraries/net/neoforged/fancymodloader/loader/10.0.36/loader-10.0.36.jar
[269月2026 00:00:08.915] [main/DEBUG] [net.neoforged.fml.util.ServiceLoaderUtil/CORE]: Found 1 implementations of ClassProcessorProvider:
[269月2026 00:00:08.915] [main/DEBUG] [net.neoforged.fml.util.ServiceLoaderUtil/CORE]: 	net.neoforged.neoforge.coremods.NeoForgeCoreMod from ~libraries/net/neoforged/neoforge/21.11.45/neoforge-21.11.45-universal.jar > net.neoforged.neoforge-coremods-21.11.45.jar
[269月2026 00:00:08.977] [main/INFO] [net.neoforged.fml.loading.FMLLoader/]: Building game content classloader:
 - minecraft (jar(~libraries/net/neoforged/minecraft-server-patched/21.11.45/minecraft-server-patched-21.11.45.jar))
 - mixinextras.neoforge (jar(~libraries/net/neoforged/neoforge/21.11.45/neoforge-21.11.45-universal.jar > mixinextras-neoforge-0.5.3.jar))
 - neoforge (jar(~libraries/net/neoforged/neoforge/21.11.45/neoforge-21.11.45-universal.jar))
 - net.neoforged.fml.generated (empty(VirtualJar/net.neoforged.fml.generated))
 - qizhangverdict (jar(mods/qizhangverdict-neoforge-1.21.11-0.4.0-dev.jar))
[269月2026 00:00:08.994] [main/INFO] [net.neoforged.fml.loading.FMLLoader/]: Built game content classloader in 32ms
[269月2026 00:00:09.046] [main/DEBUG] [mixin/]: Processing launch tasks for PlatformAgent[MixinPlatformAgentDefault:ContainerHandleVirtual(fml:18c85)]
[269月2026 00:00:09.047] [main/DEBUG] [mixin/]: Processing launch tasks for PlatformAgent[MixinPlatformAgentDefault:ContainerHandleVirtual(fml:18c85)]
[269月2026 00:00:09.047] [main/DEBUG] [mixin/]: Adding agents for Mixin Container jar(~libraries/net/neoforged/neoforge/21.11.45/neoforge-21.11.45-universal.jar) > jar(~libraries/net/neoforged/neoforge/21.11.45/neoforge-21.11.45-universal.jar > net.neoforged.neoforge-coremods-21.11.45.jar)
[269月2026 00:00:09.047] [main/DEBUG] [mixin/]: Adding mixin platform agents for container jar(~libraries/net/neoforged/neoforge/21.11.45/neoforge-21.11.45-universal.jar) > jar(~libraries/net/neoforged/neoforge/21.11.45/neoforge-21.11.45-universal.jar > net.neoforged.neoforge-coremods-21.11.45.jar)
[269月2026 00:00:09.047] [main/DEBUG] [mixin/]: Instancing new MixinPlatformAgentDefault for jar(~libraries/net/neoforged/neoforge/21.11.45/neoforge-21.11.45-universal.jar) > jar(~libraries/net/neoforged/neoforge/21.11.45/neoforge-21.11.45-universal.jar > net.neoforged.neoforge-coremods-21.11.45.jar)
[269月2026 00:00:09.048] [main/DEBUG] [mixin/]: MixinPlatformAgentDefault accepted container jar(~libraries/net/neoforged/neoforge/21.11.45/neoforge-21.11.45-universal.jar) > jar(~libraries/net/neoforged/neoforge/21.11.45/neoforge-21.11.45-universal.jar > net.neoforged.neoforge-coremods-21.11.45.jar)
[269月2026 00:00:09.048] [main/DEBUG] [mixin/]: Instancing new MixinPlatformAgentDefault for jar(~libraries/net/neoforged/neoforge/21.11.45/neoforge-21.11.45-universal.jar) > jar(~libraries/net/neoforged/neoforge/21.11.45/neoforge-21.11.45-universal.jar > net.neoforged.neoforge-coremods-21.11.45.jar)
[269月2026 00:00:09.049] [main/DEBUG] [mixin/]: MixinPlatformAgentDefault accepted container jar(~libraries/net/neoforged/neoforge/21.11.45/neoforge-21.11.45-universal.jar) > jar(~libraries/net/neoforged/neoforge/21.11.45/neoforge-21.11.45-universal.jar > net.neoforged.neoforge-coremods-21.11.45.jar)
[269月2026 00:00:09.049] [main/DEBUG] [mixin/]: Processing prepare() for PlatformAgent[MixinPlatformAgentDefault:jar(~libraries/net/neoforged/neoforge/21.11.45/neoforge-21.11.45-universal.jar) > jar(~libraries/net/neoforged/neoforge/21.11.45/neoforge-21.11.45-universal.jar > net.neoforged.neoforge-coremods-21.11.45.jar)]
[269月2026 00:00:09.049] [main/DEBUG] [mixin/]: Processing prepare() for PlatformAgent[MixinPlatformAgentDefault:jar(~libraries/net/neoforged/neoforge/21.11.45/neoforge-21.11.45-universal.jar) > jar(~libraries/net/neoforged/neoforge/21.11.45/neoforge-21.11.45-universal.jar > net.neoforged.neoforge-coremods-21.11.45.jar)]
[269月2026 00:00:09.049] [main/DEBUG] [mixin/]: Adding agents for Mixin Container jar(~libraries/net/neoforged/neoforge/21.11.45/neoforge-21.11.45-universal.jar) > jar(~libraries/net/neoforged/neoforge/21.11.45/neoforge-21.11.45-universal.jar > mixinextras-neoforge-0.5.3.jar)
[269月2026 00:00:09.049] [main/DEBUG] [mixin/]: Adding mixin platform agents for container jar(~libraries/net/neoforged/neoforge/21.11.45/neoforge-21.11.45-universal.jar) > jar(~libraries/net/neoforged/neoforge/21.11.45/neoforge-21.11.45-universal.jar > mixinextras-neoforge-0.5.3.jar)
[269月2026 00:00:09.050] [main/DEBUG] [mixin/]: Instancing new MixinPlatformAgentDefault for jar(~libraries/net/neoforged/neoforge/21.11.45/neoforge-21.11.45-universal.jar) > jar(~libraries/net/neoforged/neoforge/21.11.45/neoforge-21.11.45-universal.jar > mixinextras-neoforge-0.5.3.jar)
[269月2026 00:00:09.050] [main/DEBUG] [mixin/]: MixinPlatformAgentDefault accepted container jar(~libraries/net/neoforged/neoforge/21.11.45/neoforge-21.11.45-universal.jar) > jar(~libraries/net/neoforged/neoforge/21.11.45/neoforge-21.11.45-universal.jar > mixinextras-neoforge-0.5.3.jar)
[269月2026 00:00:09.050] [main/DEBUG] [mixin/]: Instancing new MixinPlatformAgentDefault for jar(~libraries/net/neoforged/neoforge/21.11.45/neoforge-21.11.45-universal.jar) > jar(~libraries/net/neoforged/neoforge/21.11.45/neoforge-21.11.45-universal.jar > mixinextras-neoforge-0.5.3.jar)
[269月2026 00:00:09.050] [main/DEBUG] [mixin/]: MixinPlatformAgentDefault accepted container jar(~libraries/net/neoforged/neoforge/21.11.45/neoforge-21.11.45-universal.jar) > jar(~libraries/net/neoforged/neoforge/21.11.45/neoforge-21.11.45-universal.jar > mixinextras-neoforge-0.5.3.jar)
[269月2026 00:00:09.050] [main/DEBUG] [mixin/]: Processing prepare() for PlatformAgent[MixinPlatformAgentDefault:jar(~libraries/net/neoforged/neoforge/21.11.45/neoforge-21.11.45-universal.jar) > jar(~libraries/net/neoforged/neoforge/21.11.45/neoforge-21.11.45-universal.jar > mixinextras-neoforge-0.5.3.jar)]
[269月2026 00:00:09.051] [main/DEBUG] [mixin/]: Registering mixin config: mixinextras.init.mixins.json source=jar(~libraries/net/neoforged/neoforge/21.11.45/neoforge-21.11.45-universal.jar) > jar(~libraries/net/neoforged/neoforge/21.11.45/neoforge-21.11.45-universal.jar > mixinextras-neoforge-0.5.3.jar)
[269月2026 00:00:09.053] [main/DEBUG] [mixin/]: Processing prepare() for PlatformAgent[MixinPlatformAgentDefault:jar(~libraries/net/neoforged/neoforge/21.11.45/neoforge-21.11.45-universal.jar) > jar(~libraries/net/neoforged/neoforge/21.11.45/neoforge-21.11.45-universal.jar > mixinextras-neoforge-0.5.3.jar)]
[269月2026 00:00:09.054] [main/DEBUG] [mixin/]: Registering mixin config: mixinextras.init.mixins.json source=jar(~libraries/net/neoforged/neoforge/21.11.45/neoforge-21.11.45-universal.jar) > jar(~libraries/net/neoforged/neoforge/21.11.45/neoforge-21.11.45-universal.jar > mixinextras-neoforge-0.5.3.jar)
[269月2026 00:00:09.055] [main/DEBUG] [mixin/]: inject() running with 3 agents
[269月2026 00:00:09.055] [main/DEBUG] [mixin/]: Processing inject() for PlatformAgent[MixinPlatformAgentDefault:ContainerHandleVirtual(fml:18c85)]
[269月2026 00:00:09.055] [main/DEBUG] [mixin/]: Processing inject() for PlatformAgent[MixinPlatformAgentDefault:ContainerHandleVirtual(fml:18c85)]
[269月2026 00:00:09.055] [main/DEBUG] [mixin/]: Processing inject() for PlatformAgent[MixinPlatformAgentDefault:jar(~libraries/net/neoforged/neoforge/21.11.45/neoforge-21.11.45-universal.jar) > jar(~libraries/net/neoforged/neoforge/21.11.45/neoforge-21.11.45-universal.jar > net.neoforged.neoforge-coremods-21.11.45.jar)]
[269月2026 00:00:09.056] [main/DEBUG] [mixin/]: Processing inject() for PlatformAgent[MixinPlatformAgentDefault:jar(~libraries/net/neoforged/neoforge/21.11.45/neoforge-21.11.45-universal.jar) > jar(~libraries/net/neoforged/neoforge/21.11.45/neoforge-21.11.45-universal.jar > net.neoforged.neoforge-coremods-21.11.45.jar)]
[269月2026 00:00:09.056] [main/DEBUG] [mixin/]: Processing inject() for PlatformAgent[MixinPlatformAgentDefault:jar(~libraries/net/neoforged/neoforge/21.11.45/neoforge-21.11.45-universal.jar) > jar(~libraries/net/neoforged/neoforge/21.11.45/neoforge-21.11.45-universal.jar > mixinextras-neoforge-0.5.3.jar)]
[269月2026 00:00:09.056] [main/DEBUG] [mixin/]: Processing inject() for PlatformAgent[MixinPlatformAgentDefault:jar(~libraries/net/neoforged/neoforge/21.11.45/neoforge-21.11.45-universal.jar) > jar(~libraries/net/neoforged/neoforge/21.11.45/neoforge-21.11.45-universal.jar > mixinextras-neoforge-0.5.3.jar)]
[269月2026 00:00:09.061] [main/INFO] [mixin/]: Preparing mixins for MixinEnvironment[DEFAULT]
[269月2026 00:00:09.062] [main/INFO] [mixin/]: Selecting config qizhangverdict.mixins.json
[269月2026 00:00:09.066] [main/INFO] [mixin/]: Selecting config neoforge.mixins.json
[269月2026 00:00:09.067] [main/INFO] [mixin/]: Selecting config mixinextras.init.mixins.json
[269月2026 00:00:09.122] [main/DEBUG] [MixinExtras|Service/]: com.llamalad7.mixinextras.service.MixinExtrasServiceImpl(version=0.5.3) is taking over from null
[269月2026 00:00:09.162] [main/DEBUG] [mixin/]: Registering new injector for @Inject with org.spongepowered.asm.mixin.injection.struct.CallbackInjectionInfo
[269月2026 00:00:09.164] [main/DEBUG] [mixin/]: Registering new injector for @ModifyArg with org.spongepowered.asm.mixin.injection.struct.ModifyArgInjectionInfo
[269月2026 00:00:09.165] [main/DEBUG] [mixin/]: Registering new injector for @ModifyArgs with org.spongepowered.asm.mixin.injection.struct.ModifyArgsInjectionInfo
[269月2026 00:00:09.166] [main/DEBUG] [mixin/]: Registering new injector for @Redirect with org.spongepowered.asm.mixin.injection.struct.RedirectInjectionInfo
[269月2026 00:00:09.167] [main/DEBUG] [mixin/]: Registering new injector for @ModifyVariable with org.spongepowered.asm.mixin.injection.struct.ModifyVariableInjectionInfo
[269月2026 00:00:09.169] [main/DEBUG] [mixin/]: Registering new injector for @ModifyConstant with org.spongepowered.asm.mixin.injection.struct.ModifyConstantInjectionInfo
[269月2026 00:00:09.189] [main/INFO] [mixin/]: Preparing qizhangverdict.mixins.json (1)
[269月2026 00:00:09.226] [main/INFO] [mixin/]: Preparing neoforge.mixins.json (2)
[269月2026 00:00:09.267] [main/INFO] [mixin/]: Preparing mixinextras.init.mixins.json (0)
[269月2026 00:00:09.291] [main/DEBUG] [io.netty.util.internal.logging.InternalLoggerFactory/]: Using SLF4J as the default logging framework
[269月2026 00:00:09.294] [main/DEBUG] [io.netty.util.ResourceLeakDetector/]: -Dio.netty.leakDetection.level: simple
[269月2026 00:00:09.294] [main/DEBUG] [io.netty.util.ResourceLeakDetector/]: -Dio.netty.leakDetection.targetRecords: 4
[269月2026 00:00:10.759] [main/INFO] [MixinExtras|Service/]: Initializing MixinExtras via com.llamalad7.mixinextras.service.MixinExtrasServiceImpl(version=0.5.3).
[269月2026 00:00:10.761] [main/DEBUG] [mixin/]: Registering new injector for @SugarWrapper with com.llamalad7.mixinextras.sugar.impl.SugarWrapperInjectionInfo
[269月2026 00:00:10.761] [main/DEBUG] [mixin/]: Registering new injector for @FactoryRedirectWrapper with com.llamalad7.mixinextras.wrapper.factory.FactoryRedirectWrapperInjectionInfo
[269月2026 00:00:10.761] [main/DEBUG] [mixin/]: Registering new injector for @ExpressionInjectorWrapper with com.llamalad7.mixinextras.expression.impl.wrapper.ExpressionInjectorWrapperInjectionInfo
[269月2026 00:00:10.772] [main/INFO] [mixin/]: Mixing MappedRegistryAccessor from neoforge.mixins.json into net.minecraft.core.MappedRegistry
[269月2026 00:00:11.770] [main/INFO] [mixin/]: Mixing BlockEntityTypeAccessor from neoforge.mixins.json into net.minecraft.world.level.block.entity.BlockEntityType
[269月2026 00:00:15.896] [main/DEBUG] [net.neoforged.fml.ModWorkManager/LOADING]: Using 16 threads for parallel mod-loading
[269月2026 00:00:15.906] [main/DEBUG] [net.neoforged.fml.javafmlmod.FMLModContainer/LOADING]: Creating FMLModContainer instance for qizhangverdict with entrypoints [cn.qizhang.guard.neoforge.GuardNeoForge]
[269月2026 00:00:15.912] [main/DEBUG] [net.neoforged.fml.javafmlmod.FMLModContainer/LOADING]: Creating FMLModContainer instance for neoforge with entrypoints [net.neoforged.neoforge.common.NeoForgeMod, net.neoforged.neoforge.common.OnlyInWarningsHandler]
[269月2026 00:00:15.929] [modloading-worker-0/DEBUG] [net.neoforged.fml.javafmlmod.AutomaticEventSubscriber/LOADING]: Attempting to inject @EventBusSubscriber classes into the eventbus for qizhangverdict
[269月2026 00:00:15.933] [modloading-worker-0/INFO] [net.neoforged.neoforge.common.NeoForgeMod/NEOFORGE-MOD]: NeoForge mod loading, version 21.11.45, for MC 1.21.11
[269月2026 00:00:15.951] [modloading-worker-0/DEBUG] [net.neoforged.fml.config.ConfigTracker/CONFIG]: Config file neoforge-server.toml for neoforge tracking
[269月2026 00:00:15.953] [modloading-worker-0/DEBUG] [net.neoforged.fml.config.ConfigTracker/CONFIG]: Config file neoforge-common.toml for neoforge tracking
[269月2026 00:00:16.011] [modloading-worker-0/DEBUG] [net.neoforged.fml.javafmlmod.AutomaticEventSubscriber/LOADING]: Attempting to inject @EventBusSubscriber classes into the eventbus for neoforge
[269月2026 00:00:16.012] [modloading-worker-0/DEBUG] [net.neoforged.fml.javafmlmod.AutomaticEventSubscriber/LOADING]: Scanning class net.neoforged.neoforge.attachment.AttachmentInternals for @SubscribeEvent-annotated methods
[269月2026 00:00:16.014] [modloading-worker-0/DEBUG] [net.neoforged.fml.javafmlmod.AutomaticEventSubscriber/LOADING]: Subscribing method public static void net.neoforged.neoforge.attachment.AttachmentInternals.onPlayerClone(net.neoforged.neoforge.event.entity.player.PlayerEvent$Clone) to the game event bus
[269月2026 00:00:16.016] [modloading-worker-0/DEBUG] [net.neoforged.fml.javafmlmod.AutomaticEventSubscriber/LOADING]: Subscribing method public static void net.neoforged.neoforge.attachment.AttachmentInternals.onLivingConvert(net.neoforged.neoforge.event.entity.living.LivingConversionEvent$Post) to the game event bus
[269月2026 00:00:16.016] [modloading-worker-0/DEBUG] [net.neoforged.fml.javafmlmod.AutomaticEventSubscriber/LOADING]: Scanning class net.neoforged.neoforge.attachment.AttachmentSync for @SubscribeEvent-annotated methods
[269月2026 00:00:16.020] [modloading-worker-0/DEBUG] [net.neoforged.fml.javafmlmod.AutomaticEventSubscriber/LOADING]: Subscribing method public static void net.neoforged.neoforge.attachment.AttachmentSync.onChunkSent(net.neoforged.neoforge.event.level.ChunkWatchEvent$Sent) to the game event bus
[269月2026 00:00:16.021] [modloading-worker-0/DEBUG] [net.neoforged.fml.javafmlmod.AutomaticEventSubscriber/LOADING]: Scanning class net.neoforged.neoforge.common.MonsterRoomHooks for @SubscribeEvent-annotated methods
[269月2026 00:00:16.021] [modloading-worker-0/DEBUG] [net.neoforged.fml.javafmlmod.AutomaticEventSubscriber/LOADING]: Subscribing method public static void net.neoforged.neoforge.common.MonsterRoomHooks.onDataMapsUpdated(net.neoforged.neoforge.registries.datamaps.DataMapsUpdatedEvent) to the game event bus
[269月2026 00:00:16.022] [modloading-worker-0/DEBUG] [net.neoforged.fml.javafmlmod.AutomaticEventSubscriber/LOADING]: Scanning class net.neoforged.neoforge.network.ConfigurationInitialization for @SubscribeEvent-annotated methods
[269月2026 00:00:16.025] [modloading-worker-0/DEBUG] [net.neoforged.fml.javafmlmod.AutomaticEventSubscriber/LOADING]: Subscribing method private static void net.neoforged.neoforge.network.ConfigurationInitialization.configureModdedClient(net.neoforged.neoforge.network.event.RegisterConfigurationTasksEvent) to the event bus of mod neoforge
[269月2026 00:00:16.026] [modloading-worker-0/DEBUG] [net.neoforged.fml.javafmlmod.AutomaticEventSubscriber/LOADING]: Scanning class net.neoforged.neoforge.network.NetworkInitialization for @SubscribeEvent-annotated methods
[269月2026 00:00:16.026] [modloading-worker-0/DEBUG] [net.neoforged.fml.javafmlmod.AutomaticEventSubscriber/LOADING]: Subscribing method private static void net.neoforged.neoforge.network.NetworkInitialization.register(net.neoforged.neoforge.network.event.RegisterPayloadHandlersEvent) to the event bus of mod neoforge
[269月2026 00:00:16.027] [modloading-worker-0/DEBUG] [net.neoforged.fml.javafmlmod.AutomaticEventSubscriber/LOADING]: Scanning class net.neoforged.neoforge.network.filters.GenericPacketSplitter for @SubscribeEvent-annotated methods
[269月2026 00:00:16.046] [modloading-worker-0/DEBUG] [io.netty.util.internal.PlatformDependent0/]: Java version: 21
[269月2026 00:00:16.046] [modloading-worker-0/DEBUG] [io.netty.util.internal.PlatformDependent0/]: -Dio.netty.noUnsafe: false
[269月2026 00:00:16.047] [modloading-worker-0/DEBUG] [io.netty.util.internal.PlatformDependent0/]: sun.misc.Unsafe.theUnsafe: available
[269月2026 00:00:16.048] [modloading-worker-0/DEBUG] [io.netty.util.internal.PlatformDependent0/]: sun.misc.Unsafe base methods: all available
[269月2026 00:00:16.048] [modloading-worker-0/DEBUG] [io.netty.util.internal.PlatformDependent0/]: java.nio.Buffer.address: available
[269月2026 00:00:16.050] [modloading-worker-0/DEBUG] [io.netty.util.internal.PlatformDependent0/]: java.nio.Bits.unaligned: available, true
[269月2026 00:00:16.051] [modloading-worker-0/DEBUG] [io.netty.util.internal.PlatformDependent0/]: java.nio.DirectByteBuffer.<init>(long, {int,long}): unavailable
[269月2026 00:00:16.051] [modloading-worker-0/DEBUG] [io.netty.util.internal.PlatformDependent/]: sun.misc.Unsafe: available
[269月2026 00:00:16.052] [modloading-worker-0/DEBUG] [io.netty.util.internal.PlatformDependent/]: -Dio.netty.tmpdir: E:\CodexTemp\QiZhangVerdict\compat-1.21.11\servers\neoforge-01\runtime-temp (java.io.tmpdir)
[269月2026 00:00:16.052] [modloading-worker-0/DEBUG] [io.netty.util.internal.PlatformDependent/]: -Dio.netty.bitMode: 64 (sun.arch.data.model)
[269月2026 00:00:16.052] [modloading-worker-0/DEBUG] [io.netty.util.internal.PlatformDependent/]: Platform: Windows
[269月2026 00:00:16.052] [modloading-worker-0/DEBUG] [io.netty.util.internal.PlatformDependent/]: -Dio.netty.maxDirectMemory: -1 bytes
[269月2026 00:00:16.054] [modloading-worker-0/DEBUG] [io.netty.util.internal.CleanerJava9/]: java.nio.ByteBuffer.cleaner(): available
[269月2026 00:00:16.054] [modloading-worker-0/DEBUG] [io.netty.util.internal.PlatformDependent/]: -Dio.netty.noPreferDirect: false
[269月2026 00:00:16.057] [modloading-worker-0/DEBUG] [io.netty.util.internal.PlatformDependent/]: -Dio.netty.jfr.enabled: true
[269月2026 00:00:16.064] [modloading-worker-0/DEBUG] [io.netty.buffer.AbstractByteBuf/]: -Dio.netty.buffer.checkAccessible: true
[269月2026 00:00:16.064] [modloading-worker-0/DEBUG] [io.netty.buffer.AbstractByteBuf/]: -Dio.netty.buffer.checkBounds: true
[269月2026 00:00:16.065] [modloading-worker-0/DEBUG] [io.netty.util.ResourceLeakDetectorFactory/]: Loaded default ResourceLeakDetector: io.netty.util.ResourceLeakDetector@3e7cf7e3
[269月2026 00:00:16.072] [modloading-worker-0/DEBUG] [io.netty.util.internal.InternalThreadLocalMap/]: -Dio.netty.threadLocalMap.stringBuilder.initialSize: 1024
[269月2026 00:00:16.072] [modloading-worker-0/DEBUG] [io.netty.util.internal.InternalThreadLocalMap/]: -Dio.netty.threadLocalMap.stringBuilder.maxSize: 4096
[269月2026 00:00:16.073] [modloading-worker-0/DEBUG] [io.netty.buffer.AdaptiveByteBufAllocator/]: -Dio.netty.allocator.useCachedMagazinesForNonEventLoopThreads: false
[269月2026 00:00:16.083] [modloading-worker-0/DEBUG] [io.netty.util.Recycler/]: -Dio.netty.recycler.maxCapacityPerThread: 4096
[269月2026 00:00:16.084] [modloading-worker-0/DEBUG] [io.netty.util.Recycler/]: -Dio.netty.recycler.ratio: 8
[269月2026 00:00:16.084] [modloading-worker-0/DEBUG] [io.netty.util.Recycler/]: -Dio.netty.recycler.chunkSize: 32
[269月2026 00:00:16.084] [modloading-worker-0/DEBUG] [io.netty.util.Recycler/]: -Dio.netty.recycler.blocking: false
[269月2026 00:00:16.084] [modloading-worker-0/DEBUG] [io.netty.util.Recycler/]: -Dio.netty.recycler.batchFastThreadLocalOnly: true
[269月2026 00:00:16.087] [modloading-worker-0/DEBUG] [io.netty.buffer.ByteBufUtil/]: -Dio.netty.allocator.type: adaptive
[269月2026 00:00:16.087] [modloading-worker-0/DEBUG] [io.netty.buffer.ByteBufUtil/]: -Dio.netty.threadLocalDirectBufferSize: 0
[269月2026 00:00:16.087] [modloading-worker-0/DEBUG] [io.netty.buffer.ByteBufUtil/]: -Dio.netty.maxThreadLocalCharBufferSize: 16384
[269月2026 00:00:16.092] [modloading-worker-0/DEBUG] [net.neoforged.fml.javafmlmod.AutomaticEventSubscriber/LOADING]: Subscribing method private static void net.neoforged.neoforge.network.filters.GenericPacketSplitter.register(net.neoforged.neoforge.network.event.RegisterPayloadHandlersEvent) to the event bus of mod neoforge
[269月2026 00:00:16.260] [modloading-sync-worker/DEBUG] [net.neoforged.fml.config.ConfigTracker/CONFIG]: Loading configs type COMMON
[269月2026 00:00:16.274] [modloading-sync-worker/DEBUG] [net.neoforged.neoforge.common.NeoForgeMod/FORGEMOD]: Loaded NeoForge config file neoforge-common.toml
[269月2026 00:00:16.275] [modloading-sync-worker/DEBUG] [net.neoforged.fml.config.ConfigTracker/CONFIG]: Loaded TOML config file E:\CodexTemp\QiZhangVerdict\compat-1.21.11\servers\neoforge-01\config\neoforge-common.toml
[269月2026 00:00:16.281] [modloading-sync-worker/DEBUG] [net.neoforged.fml.config.ConfigTracker/CONFIG]: Watching TOML config file E:\CodexTemp\QiZhangVerdict\compat-1.21.11\servers\neoforge-01\config\neoforge-common.toml for changes
[269月2026 00:00:16.286] [modloading-sync-worker/DEBUG] [net.neoforged.fml.DeferredWorkQueue/LOADING]: Dispatching synchronous work for work queue Common setup: 1 jobs
[269月2026 00:00:16.288] [modloading-sync-worker/DEBUG] [net.neoforged.fml.DeferredWorkQueue/LOADING]: Synchronous work queue completed in 755.9 μs
[269月2026 00:00:16.373] [main/INFO] [com.mojang.authlib.yggdrasil.YggdrasilAuthenticationService/]: Environment: Environment[sessionHost=https://sessionserver.mojang.com, servicesHost=https://api.minecraftservices.com, profilesHost=https://api.mojang.com, name=PROD]
[269月2026 00:00:17.549] [main/INFO] [net.minecraft.server.Main/]: No existing world data, creating new world
[269月2026 00:00:17.844] [Worker-Main-3/INFO] [mixin/]: Mixing CommandGate12111Mixin from qizhangverdict.mixins.json into net.minecraft.commands.Commands
[269月2026 00:00:17.898] [Worker-Main-3/DEBUG] [mixin/]: qizhangverdict.mixins.json:CommandGate12111Mixin from mod qizhangverdict->@Inject::qizhangverdict$denyPendingCommand(Lcom/mojang/brigadier/ParseResults;Ljava/lang/String;Lorg/spongepowered/asm/mixin/injection/callback/CallbackInfo;)V does use it's CallbackInfo
[269月2026 00:00:18.599] [main/INFO] [net.minecraft.world.item.crafting.RecipeManager/]: Loaded 1470 recipes
[269月2026 00:00:18.619] [main/INFO] [net.minecraft.advancements.AdvancementTree/]: Loaded 1584 advancements
[269月2026 00:00:18.622] [main/INFO] [net.neoforged.neoforge.common.crafting.RecipePriorityManager/]: Loaded 0 recipe priority overrides
[269月2026 00:00:18.709] [main/DEBUG] [net.neoforged.neoforge.common.CommonHooks/WP]: Gathered mod list to write to world save world
[269月2026 00:00:18.804] [Server thread/INFO] [net.minecraft.server.dedicated.DedicatedServer/]: Starting minecraft server version 1.21.11
[269月2026 00:00:18.804] [Server thread/INFO] [net.minecraft.server.dedicated.DedicatedServer/]: Loading properties
[269月2026 00:00:18.804] [Server thread/INFO] [net.minecraft.server.dedicated.DedicatedServer/]: Default game type: SURVIVAL
[269月2026 00:00:18.805] [Server thread/INFO] [net.minecraft.server.MinecraftServer/]: Generating keypair
[269月2026 00:00:18.921] [Server thread/INFO] [net.minecraft.server.dedicated.DedicatedServer/]: Starting Minecraft server on 127.0.0.1:25732
[269月2026 00:00:18.921] [Server thread/DEBUG] [net.neoforged.neoforge.network.DualStackUtils/]: Detected IPv4 address: "127.0.0.1"
[269月2026 00:00:18.983] [Server thread/DEBUG] [io.netty.channel.MultithreadEventLoopGroup/]: -Dio.netty.eventLoopThreads: 32
[269月2026 00:00:18.985] [Server thread/DEBUG] [io.netty.channel.nio.NioIoHandler/]: -Dio.netty.noKeySetOptimization: false
[269月2026 00:00:18.985] [Server thread/DEBUG] [io.netty.channel.nio.NioIoHandler/]: -Dio.netty.selectorAutoRebuildThreshold: 512
[269月2026 00:00:18.992] [Server thread/DEBUG] [io.netty.util.concurrent.GlobalEventExecutor/]: -Dio.netty.globalEventExecutor.quietPeriodSeconds: 1
[269月2026 00:00:19.003] [Server thread/DEBUG] [io.netty.util.internal.PlatformDependent/]: org.jctools-core.MpscChunkedArrayQueue: available
[269月2026 00:00:19.078] [Server thread/DEBUG] [io.netty.channel.DefaultChannelId/]: -Dio.netty.processId: 89740 (auto-detected)
[269月2026 00:00:19.079] [Server thread/DEBUG] [io.netty.util.NetUtil/]: -Djava.net.preferIPv4Stack: true
[269月2026 00:00:19.079] [Server thread/DEBUG] [io.netty.util.NetUtil/]: -Djava.net.preferIPv6Addresses: false
[269月2026 00:00:19.082] [Server thread/DEBUG] [io.netty.util.NetUtilInitializations/]: Loopback interface: loopback_0 (Software Loopback Interface 1, 0:0:0:0:0:0:0:1)
[269月2026 00:00:19.083] [Server thread/DEBUG] [io.netty.util.NetUtil/]: Failed to get SOMAXCONN from sysctl and file \proc\sys\net\core\somaxconn. Default: 200
[269月2026 00:00:19.084] [Server thread/DEBUG] [io.netty.channel.DefaultChannelId/]: -Dio.netty.machineId: 58:11:22:ff:fe:de:1e:bf (auto-detected)
[269月2026 00:00:19.107] [Server thread/DEBUG] [io.netty.bootstrap.ChannelInitializerExtensions/]: -Dio.netty.bootstrap.extensions: null
[269月2026 00:00:19.117] [Server thread/WARN] [net.minecraft.server.dedicated.DedicatedServer/]: **** SERVER IS RUNNING IN OFFLINE/INSECURE MODE!
[269月2026 00:00:19.117] [Server thread/WARN] [net.minecraft.server.dedicated.DedicatedServer/]: The server will make no attempt to authenticate usernames. Beware.
[269月2026 00:00:19.118] [Server thread/WARN] [net.minecraft.server.dedicated.DedicatedServer/]: While this makes the game possible to play without internet access, it also opens up the ability for hackers to connect with any username they choose.
[269月2026 00:00:19.118] [Server thread/WARN] [net.minecraft.server.dedicated.DedicatedServer/]: To change this, set "online-mode" to "true" in the server.properties file.
[269月2026 00:00:19.146] [Server thread/DEBUG] [net.neoforged.fml.config.ConfigTracker/CONFIG]: Loading configs type SERVER
[269月2026 00:00:19.155] [Server thread/DEBUG] [net.neoforged.neoforge.common.NeoForgeMod/FORGEMOD]: Loaded NeoForge config file neoforge-server.toml
[269月2026 00:00:19.156] [Server thread/DEBUG] [net.neoforged.fml.config.ConfigTracker/CONFIG]: Loaded TOML config file E:\CodexTemp\QiZhangVerdict\compat-1.21.11\servers\neoforge-01\config\neoforge-server.toml
[269月2026 00:00:19.157] [Server thread/DEBUG] [net.neoforged.fml.config.ConfigTracker/CONFIG]: Watching TOML config file E:\CodexTemp\QiZhangVerdict\compat-1.21.11\servers\neoforge-01\config\neoforge-server.toml for changes
[269月2026 00:00:19.196] [Server thread/INFO] [net.minecraft.server.dedicated.DedicatedServer/]: Preparing level "world"
[269月2026 00:00:19.385] [Server thread/INFO] [net.minecraft.server.level.progress.LoggingLevelLoadListener/]: Selecting global world spawn...
[269月2026 00:00:19.690] [Server thread/INFO] [net.minecraft.server.level.progress.LoggingLevelLoadListener/]: Loading 0 persistent chunks...
[269月2026 00:00:19.691] [Server thread/INFO] [net.minecraft.server.level.progress.LoggingLevelLoadListener/]: Preparing spawn area: 100%
[269月2026 00:00:19.693] [Server thread/INFO] [net.minecraft.server.level.progress.LoggingLevelLoadListener/]: Time elapsed: 308 ms
[269月2026 00:00:19.694] [Server thread/INFO] [net.minecraft.server.dedicated.DedicatedServer/]: Done (0.549s)! For help, type "help"
[269月2026 00:00:19.708] [Server thread/DEBUG] [net.neoforged.neoforge.server.LanguageHook/]: Loaded 3 language files for en_us
[269月2026 00:00:19.713] [Server thread/INFO] [net.neoforged.neoforge.server.permission.PermissionAPI/]: Successfully initialized permission handler neoforge:default_handler
[269月2026 00:00:19.713] [Server thread/INFO] [QiZhangVerdict/]: External mod presence only: grimac=false, antixray=false; actual function must be tested separately
[269月2026 00:00:19.733] [Server thread/INFO] [QiZhangVerdict/]: QiZhangGuard started: QiZhangVerdict sessions=0, trackedIPs=0, accountPairs=0, rules=39, companion=required, vm=DENY, blacklist=DENY, rateBuckets=0, accountBans=0, deviceBans=0, deviceRequired=true. Reports are self-reported, not trusted attestation.
[269月2026 00:00:19.852] [Server thread/INFO] [net.minecraft.server.MinecraftServer/]: QiZhangVerdict sessions=0, trackedIPs=0, accountPairs=0, rules=39, companion=required, vm=DENY, blacklist=DENY, rateBuckets=0, accountBans=0, deviceBans=0, deviceRequired=true
[269月2026 00:00:20.738] [Server thread/INFO] [net.minecraft.server.MinecraftServer/]: QiZhangVerdict sessions=0, trackedIPs=0, accountPairs=0, rules=39, companion=required, vm=ALERT, blacklist=DENY, rateBuckets=0, accountBans=0, deviceBans=0, deviceRequired=true
[269月2026 00:00:22.416] [Netty NIO IO #1/DEBUG] [net.neoforged.neoforge.network.filters.NetworkFilters/]: Injected net.neoforged.neoforge.network.filters.VanillaConnectionNetworkFilter@2d440317 into net.minecraft.network.Connection@4fc1934c
[269月2026 00:00:23.065] [Netty NIO IO #1/DEBUG] [net.neoforged.neoforge.network.filters.NetworkFilters/]: Injected net.neoforged.neoforge.network.filters.VanillaConnectionNetworkFilter@39823c13 into net.minecraft.network.Connection@4fc1934c
[269月2026 00:00:23.067] [Server thread/DEBUG] [net.neoforged.neoforge.network.filters.NetworkFilters/]: Injected net.neoforged.neoforge.network.filters.VanillaConnectionNetworkFilter@524834d2 into net.minecraft.network.Connection@4fc1934c
[269月2026 00:00:23.142] [Server thread/INFO] [net.minecraft.server.players.PlayerList/]: QVBot1[/127.0.0.1:6128] logged in with entity id 1 at (-4.5, -60.0, -5.5)
[269月2026 00:00:23.179] [Server thread/INFO] [net.minecraft.server.MinecraftServer/]: QVBot1 joined the game
[269月2026 00:00:24.735] [Server thread/INFO] [net.minecraft.server.network.ServerGamePacketListenerImpl/]: QVBot1 lost connection: Disconnected
[269月2026 00:00:24.735] [Server thread/INFO] [net.minecraft.server.MinecraftServer/]: QVBot1 left the game
[269月2026 00:00:25.370] [Server thread/INFO] [net.minecraft.server.MinecraftServer/]: QiZhangVerdict sessions=0, trackedIPs=1, accountPairs=1, rules=39, companion=required, vm=ALERT, blacklist=DENY, rateBuckets=1, accountBans=0, deviceBans=0, deviceRequired=true
[269月2026 00:00:26.797] [Netty NIO IO #2/DEBUG] [net.neoforged.neoforge.network.filters.NetworkFilters/]: Injected net.neoforged.neoforge.network.filters.VanillaConnectionNetworkFilter@5185c269 into net.minecraft.network.Connection@1487563d
[269月2026 00:00:27.034] [Netty NIO IO #2/DEBUG] [net.neoforged.neoforge.network.filters.NetworkFilters/]: Injected net.neoforged.neoforge.network.filters.VanillaConnectionNetworkFilter@76289d8a into net.minecraft.network.Connection@1487563d
[269月2026 00:00:27.035] [Server thread/DEBUG] [net.neoforged.neoforge.network.filters.NetworkFilters/]: Injected net.neoforged.neoforge.network.filters.VanillaConnectionNetworkFilter@65f703d9 into net.minecraft.network.Connection@1487563d
[269月2026 00:00:27.048] [Server thread/INFO] [net.minecraft.server.players.PlayerList/]: GateAccount[/127.0.0.1:14206] logged in with entity id 2 at (0.5, -60.0, -7.5)
[269月2026 00:00:27.050] [Server thread/INFO] [net.minecraft.server.MinecraftServer/]: GateAccount joined the game
[269月2026 00:00:28.504] [Server thread/INFO] [net.minecraft.server.MinecraftServer/]: Made GateAccount a server operator
[269月2026 00:00:30.817] [Server thread/INFO] [net.minecraft.server.MinecraftServer/]: [Not Secure] [GateAccount] QZ_POST_GATE
[269月2026 00:00:31.334] [Server thread/INFO] [net.minecraft.server.network.ServerGamePacketListenerImpl/]: GateAccount lost connection: Disconnected
[269月2026 00:00:31.335] [Server thread/INFO] [net.minecraft.server.MinecraftServer/]: GateAccount left the game
[269月2026 00:00:31.885] [Server thread/INFO] [net.minecraft.server.MinecraftServer/]: Made GateAccount no longer a server operator
[269月2026 00:00:33.186] [Server thread/INFO] [net.minecraft.server.MinecraftServer/]: QiZhangVerdict sessions=0, trackedIPs=1, accountPairs=2, rules=39, companion=required, vm=ALERT, blacklist=DENY, rateBuckets=1, accountBans=0, deviceBans=0, deviceRequired=true
[269月2026 00:00:34.536] [Netty NIO IO #3/DEBUG] [net.neoforged.neoforge.network.filters.NetworkFilters/]: Injected net.neoforged.neoforge.network.filters.VanillaConnectionNetworkFilter@d95a96d into net.minecraft.network.Connection@489726bb
[269月2026 00:00:34.784] [Netty NIO IO #3/DEBUG] [net.neoforged.neoforge.network.filters.NetworkFilters/]: Injected net.neoforged.neoforge.network.filters.VanillaConnectionNetworkFilter@28b8d9f4 into net.minecraft.network.Connection@489726bb
[269月2026 00:00:34.784] [Server thread/DEBUG] [net.neoforged.neoforge.network.filters.NetworkFilters/]: Injected net.neoforged.neoforge.network.filters.VanillaConnectionNetworkFilter@3d456604 into net.minecraft.network.Connection@489726bb
[269月2026 00:00:34.793] [Server thread/INFO] [net.minecraft.server.players.PlayerList/]: QVBot2[/127.0.0.1:14210] logged in with entity id 3 at (-7.5, -60.0, -5.5)
[269月2026 00:00:34.794] [Server thread/INFO] [net.minecraft.server.MinecraftServer/]: QVBot2 joined the game
[269月2026 00:00:39.185] [Server thread/INFO] [net.minecraft.server.network.ServerGamePacketListenerImpl/]: QVBot2 lost connection: QiZhangGuard: required companion report timed out
[269月2026 00:00:39.185] [Server thread/INFO] [net.minecraft.server.MinecraftServer/]: QVBot2 left the game
[269月2026 00:00:40.186] [Netty NIO IO #4/DEBUG] [net.neoforged.neoforge.network.filters.NetworkFilters/]: Injected net.neoforged.neoforge.network.filters.VanillaConnectionNetworkFilter@6d1bad8f into net.minecraft.network.Connection@28193e48
[269月2026 00:00:40.434] [Netty NIO IO #4/DEBUG] [net.neoforged.neoforge.network.filters.NetworkFilters/]: Injected net.neoforged.neoforge.network.filters.VanillaConnectionNetworkFilter@19fbf063 into net.minecraft.network.Connection@28193e48
[269月2026 00:00:40.435] [Server thread/DEBUG] [net.neoforged.neoforge.network.filters.NetworkFilters/]: Injected net.neoforged.neoforge.network.filters.VanillaConnectionNetworkFilter@5935c04a into net.minecraft.network.Connection@28193e48
[269月2026 00:00:40.444] [Server thread/INFO] [net.minecraft.server.players.PlayerList/]: BadWire[/127.0.0.1:14220] logged in with entity id 4 at (-4.5, -60.0, -8.5)
[269月2026 00:00:40.445] [Server thread/INFO] [net.minecraft.server.MinecraftServer/]: BadWire joined the game
[269月2026 00:00:41.185] [Server thread/INFO] [net.minecraft.server.network.ServerGamePacketListenerImpl/]: BadWire lost connection: Malformed or oversized companion report
[269月2026 00:00:41.185] [Server thread/INFO] [net.minecraft.server.MinecraftServer/]: BadWire left the game
[269月2026 00:00:41.836] [Netty NIO IO #5/DEBUG] [net.neoforged.neoforge.network.filters.NetworkFilters/]: Injected net.neoforged.neoforge.network.filters.VanillaConnectionNetworkFilter@4b378194 into net.minecraft.network.Connection@e350696
[269月2026 00:00:41.985] [Netty NIO IO #5/DEBUG] [net.neoforged.neoforge.network.filters.NetworkFilters/]: Injected net.neoforged.neoforge.network.filters.VanillaConnectionNetworkFilter@3f714ab5 into net.minecraft.network.Connection@e350696
[269月2026 00:00:41.985] [Server thread/DEBUG] [net.neoforged.neoforge.network.filters.NetworkFilters/]: Injected net.neoforged.neoforge.network.filters.VanillaConnectionNetworkFilter@ffe41d8 into net.minecraft.network.Connection@e350696
[269月2026 00:00:42.001] [Server thread/INFO] [net.minecraft.server.players.PlayerList/]: BadWire[/127.0.0.1:14222] logged in with entity id 5 at (-4.5, -60.0, -8.5)
[269月2026 00:00:42.002] [Server thread/INFO] [net.minecraft.server.MinecraftServer/]: BadWire joined the game
[269月2026 00:00:43.335] [Server thread/INFO] [net.minecraft.server.network.ServerGamePacketListenerImpl/]: BadWire lost connection: Disconnected
[269月2026 00:00:43.335] [Server thread/INFO] [net.minecraft.server.MinecraftServer/]: BadWire left the game
[269月2026 00:00:43.936] [Netty NIO IO #6/DEBUG] [net.neoforged.neoforge.network.filters.NetworkFilters/]: Injected net.neoforged.neoforge.network.filters.VanillaConnectionNetworkFilter@1dcadd4e into net.minecraft.network.Connection@58c84093
[269月2026 00:00:44.185] [Netty NIO IO #6/DEBUG] [net.neoforged.neoforge.network.filters.NetworkFilters/]: Injected net.neoforged.neoforge.network.filters.VanillaConnectionNetworkFilter@695a3f09 into net.minecraft.network.Connection@58c84093
[269月2026 00:00:44.185] [Server thread/DEBUG] [net.neoforged.neoforge.network.filters.NetworkFilters/]: Injected net.neoforged.neoforge.network.filters.VanillaConnectionNetworkFilter@243257cd into net.minecraft.network.Connection@58c84093
[269月2026 00:00:44.191] [Server thread/INFO] [net.minecraft.server.players.PlayerList/]: QVBot3[/127.0.0.1:14223] logged in with entity id 6 at (0.5, -60.0, 1.5)
[269月2026 00:00:44.192] [Server thread/INFO] [net.minecraft.server.MinecraftServer/]: QVBot3 joined the game
[269月2026 00:00:45.637] [Netty NIO IO #7/DEBUG] [net.neoforged.neoforge.network.filters.NetworkFilters/]: Injected net.neoforged.neoforge.network.filters.VanillaConnectionNetworkFilter@66f2c46c into net.minecraft.network.Connection@23f046d6
[269月2026 00:00:45.735] [Netty NIO IO #7/DEBUG] [net.neoforged.neoforge.network.filters.NetworkFilters/]: Injected net.neoforged.neoforge.network.filters.VanillaConnectionNetworkFilter@1299e275 into net.minecraft.network.Connection@23f046d6
[269月2026 00:00:45.735] [Server thread/DEBUG] [net.neoforged.neoforge.network.filters.NetworkFilters/]: Injected net.neoforged.neoforge.network.filters.VanillaConnectionNetworkFilter@4abc718c into net.minecraft.network.Connection@23f046d6
[269月2026 00:00:45.741] [Server thread/INFO] [net.minecraft.server.players.PlayerList/]: QVBot4[/127.0.0.1:14229] logged in with entity id 7 at (-2.5, -60.0, -6.5)
[269月2026 00:00:45.742] [Server thread/INFO] [net.minecraft.server.MinecraftServer/]: QVBot4 joined the game
[269月2026 00:00:46.285] [Server thread/INFO] [net.minecraft.server.network.ServerGamePacketListenerImpl/]: QVBot4 lost connection: Only the configured number of accounts may use the same IP and device concurrently
[269月2026 00:00:46.286] [Server thread/INFO] [net.minecraft.server.MinecraftServer/]: QVBot4 left the game
[269月2026 00:00:47.187] [Netty NIO IO #8/DEBUG] [net.neoforged.neoforge.network.filters.NetworkFilters/]: Injected net.neoforged.neoforge.network.filters.VanillaConnectionNetworkFilter@6c33ccd into net.minecraft.network.Connection@43c1a271
[269月2026 00:00:47.284] [Netty NIO IO #8/DEBUG] [net.neoforged.neoforge.network.filters.NetworkFilters/]: Injected net.neoforged.neoforge.network.filters.VanillaConnectionNetworkFilter@7248c70b into net.minecraft.network.Connection@43c1a271
[269月2026 00:00:47.285] [Server thread/DEBUG] [net.neoforged.neoforge.network.filters.NetworkFilters/]: Injected net.neoforged.neoforge.network.filters.VanillaConnectionNetworkFilter@287eb36 into net.minecraft.network.Connection@43c1a271
[269月2026 00:00:47.291] [Server thread/INFO] [net.minecraft.server.players.PlayerList/]: QVBot5[/127.0.0.1:14232] logged in with entity id 8 at (-2.5, -60.0, -8.5)
[269月2026 00:00:47.293] [Server thread/INFO] [net.minecraft.server.MinecraftServer/]: QVBot5 joined the game
[269月2026 00:00:48.637] [Netty NIO IO #9/DEBUG] [net.neoforged.neoforge.network.filters.NetworkFilters/]: Injected net.neoforged.neoforge.network.filters.VanillaConnectionNetworkFilter@748b96c9 into net.minecraft.network.Connection@3189163c
[269月2026 00:00:48.734] [Netty NIO IO #9/DEBUG] [net.neoforged.neoforge.network.filters.NetworkFilters/]: Injected net.neoforged.neoforge.network.filters.VanillaConnectionNetworkFilter@f2c1ac into net.minecraft.network.Connection@3189163c
[269月2026 00:00:48.735] [Server thread/DEBUG] [net.neoforged.neoforge.network.filters.NetworkFilters/]: Injected net.neoforged.neoforge.network.filters.VanillaConnectionNetworkFilter@abf5872 into net.minecraft.network.Connection@3189163c
[269月2026 00:00:48.740] [Server thread/INFO] [net.minecraft.server.players.PlayerList/]: QVBot6[/127.0.0.1:14233] logged in with entity id 9 at (7.5, -60.0, -6.5)
[269月2026 00:00:48.740] [Server thread/INFO] [net.minecraft.server.MinecraftServer/]: QVBot6 joined the game
[269月2026 00:00:50.087] [Netty NIO IO #10/DEBUG] [net.neoforged.neoforge.network.filters.NetworkFilters/]: Injected net.neoforged.neoforge.network.filters.VanillaConnectionNetworkFilter@1389cd33 into net.minecraft.network.Connection@568b5126
[269月2026 00:00:50.184] [Netty NIO IO #10/DEBUG] [net.neoforged.neoforge.network.filters.NetworkFilters/]: Injected net.neoforged.neoforge.network.filters.VanillaConnectionNetworkFilter@671763ef into net.minecraft.network.Connection@568b5126
[269月2026 00:00:50.185] [Server thread/DEBUG] [net.neoforged.neoforge.network.filters.NetworkFilters/]: Injected net.neoforged.neoforge.network.filters.VanillaConnectionNetworkFilter@3edd1c7a into net.minecraft.network.Connection@568b5126
[269月2026 00:00:50.190] [Server thread/INFO] [net.minecraft.server.players.PlayerList/]: QVBot7[/127.0.0.1:14234] logged in with entity id 10 at (-8.5, -60.0, -8.5)
[269月2026 00:00:50.191] [Server thread/INFO] [net.minecraft.server.MinecraftServer/]: QVBot7 joined the game
[269月2026 00:00:50.285] [Server thread/INFO] [net.minecraft.server.network.ServerGamePacketListenerImpl/]: QVBot7 lost connection: Too many simultaneous accounts from this IP
[269月2026 00:00:50.285] [Server thread/INFO] [net.minecraft.server.MinecraftServer/]: QVBot7 left the game
[269月2026 00:00:51.485] [Server thread/INFO] [net.minecraft.server.network.ServerGamePacketListenerImpl/]: QVBot3 lost connection: Disconnected
[269月2026 00:00:51.485] [Server thread/INFO] [net.minecraft.server.MinecraftServer/]: QVBot3 left the game
[269月2026 00:00:51.494] [Server thread/INFO] [net.minecraft.server.network.ServerGamePacketListenerImpl/]: QVBot5 lost connection: Disconnected
[269月2026 00:00:51.494] [Server thread/INFO] [net.minecraft.server.MinecraftServer/]: QVBot5 left the game
[269月2026 00:00:51.503] [Server thread/INFO] [net.minecraft.server.network.ServerGamePacketListenerImpl/]: QVBot6 lost connection: Disconnected
[269月2026 00:00:51.503] [Server thread/INFO] [net.minecraft.server.MinecraftServer/]: QVBot6 left the game
[269月2026 00:00:52.086] [Netty NIO IO #11/DEBUG] [net.neoforged.neoforge.network.filters.NetworkFilters/]: Injected net.neoforged.neoforge.network.filters.VanillaConnectionNetworkFilter@4832faa4 into net.minecraft.network.Connection@fcd651a
[269月2026 00:00:52.334] [Netty NIO IO #11/DEBUG] [net.neoforged.neoforge.network.filters.NetworkFilters/]: Injected net.neoforged.neoforge.network.filters.VanillaConnectionNetworkFilter@77253671 into net.minecraft.network.Connection@fcd651a
[269月2026 00:00:52.335] [Server thread/DEBUG] [net.neoforged.neoforge.network.filters.NetworkFilters/]: Injected net.neoforged.neoforge.network.filters.VanillaConnectionNetworkFilter@4458633 into net.minecraft.network.Connection@fcd651a
[269月2026 00:00:52.340] [Server thread/INFO] [net.minecraft.server.players.PlayerList/]: QVBot8[/127.0.0.1:14238] logged in with entity id 11 at (-5.5, -60.0, 2.5)
[269月2026 00:00:52.341] [Server thread/INFO] [net.minecraft.server.MinecraftServer/]: QVBot8 joined the game
[269月2026 00:00:53.634] [Server thread/INFO] [net.minecraft.server.network.ServerGamePacketListenerImpl/]: QVBot8 lost connection: Disconnected
[269月2026 00:00:53.634] [Server thread/INFO] [net.minecraft.server.MinecraftServer/]: QVBot8 left the game
[269月2026 00:00:54.186] [Netty NIO IO #12/DEBUG] [net.neoforged.neoforge.network.filters.NetworkFilters/]: Injected net.neoforged.neoforge.network.filters.VanillaConnectionNetworkFilter@7695dfed into net.minecraft.network.Connection@33974f5b
[269月2026 00:00:54.434] [Netty NIO IO #12/DEBUG] [net.neoforged.neoforge.network.filters.NetworkFilters/]: Injected net.neoforged.neoforge.network.filters.VanillaConnectionNetworkFilter@26e1c84 into net.minecraft.network.Connection@33974f5b
[269月2026 00:00:54.435] [Server thread/DEBUG] [net.neoforged.neoforge.network.filters.NetworkFilters/]: Injected net.neoforged.neoforge.network.filters.VanillaConnectionNetworkFilter@3befb164 into net.minecraft.network.Connection@33974f5b
[269月2026 00:00:54.440] [Server thread/INFO] [net.minecraft.server.players.PlayerList/]: CheatAccount[/127.0.0.1:14239] logged in with entity id 12 at (-3.5, -60.0, 4.5)
[269月2026 00:00:54.440] [Server thread/INFO] [net.minecraft.server.MinecraftServer/]: CheatAccount joined the game
[269月2026 00:00:55.435] [Server thread/INFO] [net.minecraft.server.network.ServerGamePacketListenerImpl/]: CheatAccount lost connection: Disconnected
[269月2026 00:00:55.435] [Server thread/INFO] [net.minecraft.server.MinecraftServer/]: CheatAccount left the game
[269月2026 00:00:55.786] [Netty NIO IO #13/DEBUG] [net.neoforged.neoforge.network.filters.NetworkFilters/]: Injected net.neoforged.neoforge.network.filters.VanillaConnectionNetworkFilter@3cefa036 into net.minecraft.network.Connection@79ed39cf
[269月2026 00:00:56.034] [Netty NIO IO #13/DEBUG] [net.neoforged.neoforge.network.filters.NetworkFilters/]: Injected net.neoforged.neoforge.network.filters.VanillaConnectionNetworkFilter@485e420d into net.minecraft.network.Connection@79ed39cf
[269月2026 00:00:56.034] [Server thread/DEBUG] [net.neoforged.neoforge.network.filters.NetworkFilters/]: Injected net.neoforged.neoforge.network.filters.VanillaConnectionNetworkFilter@c9db9d4 into net.minecraft.network.Connection@79ed39cf
[269月2026 00:00:56.040] [Server thread/INFO] [net.minecraft.server.players.PlayerList/]: LinkedAccount[/127.0.0.1:11079] logged in with entity id 13 at (-2.5, -60.0, -8.5)
[269月2026 00:00:56.041] [Server thread/INFO] [net.minecraft.server.MinecraftServer/]: LinkedAccount joined the game
[269月2026 00:00:56.485] [Server thread/INFO] [net.minecraft.server.network.ServerGamePacketListenerImpl/]: LinkedAccount lost connection: This reported device identifier is banned
[269月2026 00:00:56.485] [Server thread/INFO] [net.minecraft.server.MinecraftServer/]: LinkedAccount left the game
[269月2026 00:00:57.386] [Netty NIO IO #14/DEBUG] [net.neoforged.neoforge.network.filters.NetworkFilters/]: Injected net.neoforged.neoforge.network.filters.VanillaConnectionNetworkFilter@96cee99 into net.minecraft.network.Connection@4c6e61d0
[269月2026 00:00:57.534] [Netty NIO IO #14/DEBUG] [net.neoforged.neoforge.network.filters.NetworkFilters/]: Injected net.neoforged.neoforge.network.filters.VanillaConnectionNetworkFilter@7d682cdf into net.minecraft.network.Connection@4c6e61d0
[269月2026 00:00:57.534] [Server thread/DEBUG] [net.neoforged.neoforge.network.filters.NetworkFilters/]: Injected net.neoforged.neoforge.network.filters.VanillaConnectionNetworkFilter@51ee7861 into net.minecraft.network.Connection@4c6e61d0
[269月2026 00:00:57.541] [Server thread/INFO] [net.minecraft.server.players.PlayerList/]: CheatAccount[/127.0.0.1:11080] logged in with entity id 14 at (-3.5, -60.0, 4.5)
[269月2026 00:00:57.542] [Server thread/INFO] [net.minecraft.server.MinecraftServer/]: CheatAccount joined the game
[269月2026 00:00:57.635] [Server thread/INFO] [net.minecraft.server.network.ServerGamePacketListenerImpl/]: CheatAccount lost connection: This account is banned by the server
[269月2026 00:00:57.635] [Server thread/INFO] [net.minecraft.server.MinecraftServer/]: CheatAccount left the game
[269月2026 00:00:58.887] [Server thread/INFO] [net.minecraft.server.MinecraftServer/]: Unbanned: true
[269月2026 00:01:00.187] [Server thread/INFO] [net.minecraft.server.MinecraftServer/]: Unbanned: true
[269月2026 00:01:01.586] [Netty NIO IO #15/DEBUG] [net.neoforged.neoforge.network.filters.NetworkFilters/]: Injected net.neoforged.neoforge.network.filters.VanillaConnectionNetworkFilter@319bf77e into net.minecraft.network.Connection@74996f29
[269月2026 00:01:01.734] [Netty NIO IO #15/DEBUG] [net.neoforged.neoforge.network.filters.NetworkFilters/]: Injected net.neoforged.neoforge.network.filters.VanillaConnectionNetworkFilter@45277dd8 into net.minecraft.network.Connection@74996f29
[269月2026 00:01:01.735] [Server thread/DEBUG] [net.neoforged.neoforge.network.filters.NetworkFilters/]: Injected net.neoforged.neoforge.network.filters.VanillaConnectionNetworkFilter@4648fe13 into net.minecraft.network.Connection@74996f29
[269月2026 00:01:01.742] [Server thread/INFO] [net.minecraft.server.players.PlayerList/]: CheatAccount[/127.0.0.1:11081] logged in with entity id 15 at (-3.5, -60.0, 4.5)
[269月2026 00:01:01.743] [Server thread/INFO] [net.minecraft.server.MinecraftServer/]: CheatAccount joined the game
[269月2026 00:01:03.035] [Server thread/INFO] [net.minecraft.server.network.ServerGamePacketListenerImpl/]: CheatAccount lost connection: Disconnected
[269月2026 00:01:03.036] [Server thread/INFO] [net.minecraft.server.MinecraftServer/]: CheatAccount left the game
[269月2026 00:01:03.588] [Server thread/INFO] [net.minecraft.server.MinecraftServer/]: Added rule: ec9c24fb-f116-45b1-ab0e-12ddb35b97c8
[269月2026 00:01:04.936] [Netty NIO IO #16/DEBUG] [net.neoforged.neoforge.network.filters.NetworkFilters/]: Injected net.neoforged.neoforge.network.filters.VanillaConnectionNetworkFilter@345893e7 into net.minecraft.network.Connection@715a1b08
[269月2026 00:01:05.184] [Netty NIO IO #16/DEBUG] [net.neoforged.neoforge.network.filters.NetworkFilters/]: Injected net.neoforged.neoforge.network.filters.VanillaConnectionNetworkFilter@40614f5e into net.minecraft.network.Connection@715a1b08
[269月2026 00:01:05.184] [Server thread/DEBUG] [net.neoforged.neoforge.network.filters.NetworkFilters/]: Injected net.neoforged.neoforge.network.filters.VanillaConnectionNetworkFilter@275f3798 into net.minecraft.network.Connection@715a1b08
[269月2026 00:01:05.189] [Server thread/INFO] [net.minecraft.server.players.PlayerList/]: QVBot9[/127.0.0.1:11087] logged in with entity id 16 at (-3.5, -60.0, -7.5)
[269月2026 00:01:05.190] [Server thread/INFO] [net.minecraft.server.MinecraftServer/]: QVBot9 joined the game
[269月2026 00:01:05.535] [Server thread/INFO] [net.minecraft.server.network.ServerGamePacketListenerImpl/]: QVBot9 lost connection: Reported mod matches a server blacklist rule
[269月2026 00:01:05.535] [Server thread/INFO] [net.minecraft.server.MinecraftServer/]: QVBot9 left the game
[269月2026 00:01:06.486] [Server thread/INFO] [net.minecraft.server.MinecraftServer/]: Added rule: 32094125-b970-49bc-af80-54d77baa6b06
[269月2026 00:01:07.885] [Netty NIO IO #17/DEBUG] [net.neoforged.neoforge.network.filters.NetworkFilters/]: Injected net.neoforged.neoforge.network.filters.VanillaConnectionNetworkFilter@e1044a9 into net.minecraft.network.Connection@4b12db0f
[269月2026 00:01:08.134] [Netty NIO IO #17/DEBUG] [net.neoforged.neoforge.network.filters.NetworkFilters/]: Injected net.neoforged.neoforge.network.filters.VanillaConnectionNetworkFilter@7a9375ce into net.minecraft.network.Connection@4b12db0f
[269月2026 00:01:08.134] [Server thread/DEBUG] [net.neoforged.neoforge.network.filters.NetworkFilters/]: Injected net.neoforged.neoforge.network.filters.VanillaConnectionNetworkFilter@40de021b into net.minecraft.network.Connection@4b12db0f
[269月2026 00:01:08.140] [Server thread/INFO] [net.minecraft.server.players.PlayerList/]: QVBot10[/127.0.0.1:11088] logged in with entity id 17 at (8.5, -60.0, -7.5)
[269月2026 00:01:08.142] [Server thread/INFO] [net.minecraft.server.MinecraftServer/]: QVBot10 joined the game
[269月2026 00:01:09.434] [Server thread/INFO] [net.minecraft.server.network.ServerGamePacketListenerImpl/]: QVBot10 lost connection: Disconnected
[269月2026 00:01:09.435] [Server thread/INFO] [net.minecraft.server.MinecraftServer/]: QVBot10 left the game
[269月2026 00:01:10.037] [Server thread/INFO] [net.minecraft.server.MinecraftServer/]: Removed: true
[269月2026 00:01:11.336] [Netty NIO IO #18/DEBUG] [net.neoforged.neoforge.network.filters.NetworkFilters/]: Injected net.neoforged.neoforge.network.filters.VanillaConnectionNetworkFilter@a5c3324 into net.minecraft.network.Connection@4f5ebc0b
[269月2026 00:01:11.635] [Netty NIO IO #18/DEBUG] [net.neoforged.neoforge.network.filters.NetworkFilters/]: Injected net.neoforged.neoforge.network.filters.VanillaConnectionNetworkFilter@7e5bd2f9 into net.minecraft.network.Connection@4f5ebc0b
[269月2026 00:01:11.636] [Server thread/DEBUG] [net.neoforged.neoforge.network.filters.NetworkFilters/]: Injected net.neoforged.neoforge.network.filters.VanillaConnectionNetworkFilter@6c13bc31 into net.minecraft.network.Connection@4f5ebc0b
[269月2026 00:01:11.643] [Server thread/INFO] [net.minecraft.server.players.PlayerList/]: QVBot11[/127.0.0.1:11089] logged in with entity id 18 at (-0.5, -60.0, -3.5)
[269月2026 00:01:11.644] [Server thread/INFO] [net.minecraft.server.MinecraftServer/]: QVBot11 joined the game
[269月2026 00:01:12.585] [Server thread/INFO] [net.minecraft.server.network.ServerGamePacketListenerImpl/]: QVBot11 lost connection: Reported mod matches a server blacklist rule
[269月2026 00:01:12.585] [Server thread/INFO] [net.minecraft.server.MinecraftServer/]: QVBot11 left the game
[269月2026 00:01:12.636] [Server thread/WARN] [net.minecraft.network.Connection/]: handleDisconnection() called twice
[269月2026 00:01:13.039] [Server thread/INFO] [net.minecraft.server.MinecraftServer/]: Removed: true
[269月2026 00:01:14.335] [Netty NIO IO #19/DEBUG] [net.neoforged.neoforge.network.filters.NetworkFilters/]: Injected net.neoforged.neoforge.network.filters.VanillaConnectionNetworkFilter@2abd1092 into net.minecraft.network.Connection@6fbf8ba1
[269月2026 00:01:14.634] [Netty NIO IO #19/DEBUG] [net.neoforged.neoforge.network.filters.NetworkFilters/]: Injected net.neoforged.neoforge.network.filters.VanillaConnectionNetworkFilter@5e1aa491 into net.minecraft.network.Connection@6fbf8ba1
[269月2026 00:01:14.634] [Server thread/DEBUG] [net.neoforged.neoforge.network.filters.NetworkFilters/]: Injected net.neoforged.neoforge.network.filters.VanillaConnectionNetworkFilter@58eaa2bb into net.minecraft.network.Connection@6fbf8ba1
[269月2026 00:01:14.639] [Server thread/INFO] [net.minecraft.server.players.PlayerList/]: QVBot12[/127.0.0.1:11092] logged in with entity id 19 at (8.5, -60.0, -9.5)
[269月2026 00:01:14.639] [Server thread/INFO] [net.minecraft.server.MinecraftServer/]: QVBot12 joined the game
[269月2026 00:01:15.934] [Server thread/INFO] [net.minecraft.server.network.ServerGamePacketListenerImpl/]: QVBot12 lost connection: Disconnected
[269月2026 00:01:15.934] [Server thread/INFO] [net.minecraft.server.MinecraftServer/]: QVBot12 left the game
[269月2026 00:01:16.487] [Server thread/INFO] [net.minecraft.server.MinecraftServer/]: Added rule: 73704aff-cc0d-4741-a533-4ea9a7cb9673
[269月2026 00:01:17.785] [Netty NIO IO #20/DEBUG] [net.neoforged.neoforge.network.filters.NetworkFilters/]: Injected net.neoforged.neoforge.network.filters.VanillaConnectionNetworkFilter@669f84a0 into net.minecraft.network.Connection@239d0617
[269月2026 00:01:18.034] [Netty NIO IO #20/DEBUG] [net.neoforged.neoforge.network.filters.NetworkFilters/]: Injected net.neoforged.neoforge.network.filters.VanillaConnectionNetworkFilter@12f4c791 into net.minecraft.network.Connection@239d0617
[269月2026 00:01:18.034] [Server thread/DEBUG] [net.neoforged.neoforge.network.filters.NetworkFilters/]: Injected net.neoforged.neoforge.network.filters.VanillaConnectionNetworkFilter@d1347b6 into net.minecraft.network.Connection@239d0617
[269月2026 00:01:18.042] [Server thread/INFO] [net.minecraft.server.players.PlayerList/]: QVBot13[/127.0.0.1:11094] logged in with entity id 20 at (9.5, -60.0, -4.5)
[269月2026 00:01:18.043] [Server thread/INFO] [net.minecraft.server.MinecraftServer/]: QVBot13 joined the game
[269月2026 00:01:18.585] [Server thread/INFO] [net.minecraft.server.network.ServerGamePacketListenerImpl/]: QVBot13 lost connection: Disconnected
[269月2026 00:01:18.585] [Server thread/INFO] [net.minecraft.server.MinecraftServer/]: QVBot13 left the game
[269月2026 00:01:19.386] [Server thread/INFO] [net.minecraft.server.MinecraftServer/]: QiZhangVerdict sessions=0, trackedIPs=1, accountPairs=16, rules=40, companion=required, vm=ALERT, blacklist=DENY, rateBuckets=1, accountBans=4, deviceBans=3, deviceRequired=true
[269月2026 00:01:20.736] [Netty NIO IO #21/DEBUG] [net.neoforged.neoforge.network.filters.NetworkFilters/]: Injected net.neoforged.neoforge.network.filters.VanillaConnectionNetworkFilter@7aef1cf4 into net.minecraft.network.Connection@3fed9dcd
[269月2026 00:01:21.034] [Netty NIO IO #21/DEBUG] [net.neoforged.neoforge.network.filters.NetworkFilters/]: Injected net.neoforged.neoforge.network.filters.VanillaConnectionNetworkFilter@e9820b3 into net.minecraft.network.Connection@3fed9dcd
[269月2026 00:01:21.034] [Server thread/DEBUG] [net.neoforged.neoforge.network.filters.NetworkFilters/]: Injected net.neoforged.neoforge.network.filters.VanillaConnectionNetworkFilter@6ed52d58 into net.minecraft.network.Connection@3fed9dcd
[269月2026 00:01:21.039] [Server thread/INFO] [net.minecraft.server.players.PlayerList/]: QVBot14[/127.0.0.1:11096] logged in with entity id 21 at (0.5, -60.0, 0.5)
[269月2026 00:01:21.040] [Server thread/INFO] [net.minecraft.server.MinecraftServer/]: QVBot14 joined the game
[269月2026 00:01:21.135] [Server thread/INFO] [net.minecraft.server.network.ServerGamePacketListenerImpl/]: QVBot14 lost connection: This IP is denied by server policy
[269月2026 00:01:21.136] [Server thread/INFO] [net.minecraft.server.MinecraftServer/]: QVBot14 left the game
[269月2026 00:01:22.385] [Server thread/INFO] [net.minecraft.server.MinecraftServer/]: QiZhangVerdict sessions=0, trackedIPs=1, accountPairs=16, rules=40, companion=required, vm=DENY, blacklist=DENY, rateBuckets=1, accountBans=4, deviceBans=3, deviceRequired=true
[269月2026 00:01:23.684] [Netty NIO IO #22/DEBUG] [net.neoforged.neoforge.network.filters.NetworkFilters/]: Injected net.neoforged.neoforge.network.filters.VanillaConnectionNetworkFilter@6455528a into net.minecraft.network.Connection@2157c064
[269月2026 00:01:23.934] [Netty NIO IO #22/DEBUG] [net.neoforged.neoforge.network.filters.NetworkFilters/]: Injected net.neoforged.neoforge.network.filters.VanillaConnectionNetworkFilter@10bc41f6 into net.minecraft.network.Connection@2157c064
[269月2026 00:01:23.935] [Server thread/DEBUG] [net.neoforged.neoforge.network.filters.NetworkFilters/]: Injected net.neoforged.neoforge.network.filters.VanillaConnectionNetworkFilter@61f36ad6 into net.minecraft.network.Connection@2157c064
[269月2026 00:01:23.940] [Server thread/INFO] [net.minecraft.server.players.PlayerList/]: QVBot15[/127.0.0.1:11100] logged in with entity id 22 at (2.5, -60.0, -5.5)
[269月2026 00:01:23.941] [Server thread/INFO] [net.minecraft.server.MinecraftServer/]: QVBot15 joined the game
[269月2026 00:01:24.584] [Server thread/INFO] [net.minecraft.server.network.ServerGamePacketListenerImpl/]: QVBot15 lost connection: Companion reported a virtual machine indicator
[269月2026 00:01:24.585] [Server thread/INFO] [net.minecraft.server.MinecraftServer/]: QVBot15 left the game
[269月2026 00:01:25.385] [Netty NIO IO #23/DEBUG] [net.neoforged.neoforge.network.filters.NetworkFilters/]: Injected net.neoforged.neoforge.network.filters.VanillaConnectionNetworkFilter@7d1c1bc5 into net.minecraft.network.Connection@381e9a02
[269月2026 00:01:25.634] [Netty NIO IO #23/DEBUG] [net.neoforged.neoforge.network.filters.NetworkFilters/]: Injected net.neoforged.neoforge.network.filters.VanillaConnectionNetworkFilter@96cc398 into net.minecraft.network.Connection@381e9a02
[269月2026 00:01:25.634] [Server thread/DEBUG] [net.neoforged.neoforge.network.filters.NetworkFilters/]: Injected net.neoforged.neoforge.network.filters.VanillaConnectionNetworkFilter@11ff773 into net.minecraft.network.Connection@381e9a02
[269月2026 00:01:25.639] [Server thread/INFO] [net.minecraft.server.players.PlayerList/]: QVBot16[/127.0.0.1:11101] logged in with entity id 23 at (9.5, -60.0, 3.5)
[269月2026 00:01:25.640] [Server thread/INFO] [net.minecraft.server.MinecraftServer/]: QVBot16 joined the game
[269月2026 00:01:26.634] [Server thread/INFO] [QiZhangVerdict/]: Report decision player=edc8f3dc-ba2e-3999-9748-0637a3718bb0 code=VM_UNKNOWN message=VM status is unknown or has only inconclusive indicators
[269月2026 00:01:26.935] [Server thread/INFO] [net.minecraft.server.network.ServerGamePacketListenerImpl/]: QVBot16 lost connection: Disconnected
[269月2026 00:01:26.935] [Server thread/INFO] [net.minecraft.server.MinecraftServer/]: QVBot16 left the game
[269月2026 00:01:27.436] [Server thread/INFO] [net.minecraft.server.MinecraftServer/]: QiZhangVerdict sessions=0, trackedIPs=1, accountPairs=18, rules=40, companion=required, vm=ALERT, blacklist=DENY, rateBuckets=1, accountBans=5, deviceBans=4, deviceRequired=true
[269月2026 00:01:28.786] [Netty NIO IO #24/DEBUG] [net.neoforged.neoforge.network.filters.NetworkFilters/]: Injected net.neoforged.neoforge.network.filters.VanillaConnectionNetworkFilter@3d467ddf into net.minecraft.network.Connection@7844e413
[269月2026 00:01:29.034] [Netty NIO IO #24/DEBUG] [net.neoforged.neoforge.network.filters.NetworkFilters/]: Injected net.neoforged.neoforge.network.filters.VanillaConnectionNetworkFilter@49f63fad into net.minecraft.network.Connection@7844e413
[269月2026 00:01:29.034] [Server thread/DEBUG] [net.neoforged.neoforge.network.filters.NetworkFilters/]: Injected net.neoforged.neoforge.network.filters.VanillaConnectionNetworkFilter@3b7c7242 into net.minecraft.network.Connection@7844e413
[269月2026 00:01:29.041] [Server thread/INFO] [net.minecraft.server.players.PlayerList/]: QVBot17[/127.0.0.1:6406] logged in with entity id 24 at (5.5, -60.0, -0.5)
[269月2026 00:01:29.042] [Server thread/INFO] [net.minecraft.server.MinecraftServer/]: QVBot17 joined the game
[269月2026 00:01:30.387] [Netty NIO IO #25/DEBUG] [net.neoforged.neoforge.network.filters.NetworkFilters/]: Injected net.neoforged.neoforge.network.filters.VanillaConnectionNetworkFilter@5b67ce07 into net.minecraft.network.Connection@1e655b0f
[269月2026 00:01:30.484] [Netty NIO IO #25/DEBUG] [net.neoforged.neoforge.network.filters.NetworkFilters/]: Injected net.neoforged.neoforge.network.filters.VanillaConnectionNetworkFilter@2fb1c723 into net.minecraft.network.Connection@1e655b0f
[269月2026 00:01:30.484] [Server thread/DEBUG] [net.neoforged.neoforge.network.filters.NetworkFilters/]: Injected net.neoforged.neoforge.network.filters.VanillaConnectionNetworkFilter@698519f0 into net.minecraft.network.Connection@1e655b0f
[269月2026 00:01:30.489] [Server thread/INFO] [net.minecraft.server.players.PlayerList/]: QVBot18[/127.0.0.1:6407] logged in with entity id 25 at (-2.5, -60.0, -8.5)
[269月2026 00:01:30.490] [Server thread/INFO] [net.minecraft.server.MinecraftServer/]: QVBot18 joined the game
[269月2026 00:01:31.886] [Netty NIO IO #26/DEBUG] [net.neoforged.neoforge.network.filters.NetworkFilters/]: Injected net.neoforged.neoforge.network.filters.VanillaConnectionNetworkFilter@3fd8511b into net.minecraft.network.Connection@7adad884
[269月2026 00:01:31.984] [Netty NIO IO #26/DEBUG] [net.neoforged.neoforge.network.filters.NetworkFilters/]: Injected net.neoforged.neoforge.network.filters.VanillaConnectionNetworkFilter@4bea0790 into net.minecraft.network.Connection@7adad884
[269月2026 00:01:31.985] [Server thread/DEBUG] [net.neoforged.neoforge.network.filters.NetworkFilters/]: Injected net.neoforged.neoforge.network.filters.VanillaConnectionNetworkFilter@5a4fb89b into net.minecraft.network.Connection@7adad884
[269月2026 00:01:31.995] [Server thread/INFO] [net.minecraft.server.players.PlayerList/]: QVBot19[/127.0.0.1:6408] logged in with entity id 26 at (9.5, -60.0, -0.5)
[269月2026 00:01:31.998] [Server thread/INFO] [net.minecraft.server.MinecraftServer/]: QVBot19 joined the game
[269月2026 00:01:32.085] [Server thread/INFO] [net.minecraft.server.network.ServerGamePacketListenerImpl/]: QVBot19 lost connection: Too many simultaneous accounts from this IP
[269月2026 00:01:32.085] [Server thread/INFO] [net.minecraft.server.MinecraftServer/]: QVBot19 left the game
[269月2026 00:01:33.285] [Server thread/INFO] [net.minecraft.server.network.ServerGamePacketListenerImpl/]: QVBot17 lost connection: Disconnected
[269月2026 00:01:33.286] [Server thread/INFO] [net.minecraft.server.MinecraftServer/]: QVBot17 left the game
[269月2026 00:01:33.296] [Server thread/INFO] [net.minecraft.server.network.ServerGamePacketListenerImpl/]: QVBot18 lost connection: Disconnected
[269月2026 00:01:33.297] [Server thread/INFO] [net.minecraft.server.MinecraftServer/]: QVBot18 left the game
[269月2026 00:01:33.886] [Server thread/INFO] [net.minecraft.server.MinecraftServer/]: Page 1/1
06205eb0-363d-35e3-8c60-8c1ef8b83c9c	BLACKLIST_DENIED
15519aaa-3950-3430-bc9c-c0c7c47a9cf3	BLACKLIST_DENIED
87b706ea-8c04-3118-b4cc-2d720ee925df	VM_DENIED
b791d91a-dbdc-3a65-a036-fc39d6993ac9	DEVICE_BANNED
d8c92e3a-17df-39d2-a36d-e08c0d1aab2e	BLACKLIST_DENIED
device:0723e1710c0a08646895f23b3eaf0153e6fb1d316ec121abe3e842cbff565460	VM_DENIED
device:746caab8fda1c4e339d0724f9fb70b2d52b533cbfce2a0a2b98a039648cbf174	BLACKLIST_DENIED
device:d6578071b2c3a3ef93925882a0215c31812b6db116703c2082e07adec5a2499e	BLACKLIST_DENIED
device:fb7f23f1518fc50a1bfa07fc581a2f340c89a3596042f418617b9dd66614e239	BLACKLIST_DENIED
[269月2026 00:01:35.185] [Server thread/INFO] [net.minecraft.server.MinecraftServer/]: Page 1/4
legacy:automation:baritoe	BLACK	MOD	EXACT	baritoe	ALERT
legacy:automation:baritone	BLACK	MOD	EXACT	baritone	ALERT
legacy:mod:advanced-xray-fabric	BLACK	MOD	EXACT	advanced-xray-fabric	DENY
legacy:mod:aegis	BLACK	MOD	EXACT	aegis	DENY
legacy:mod:alien	BLACK	MOD	EXACT	alien	DENY
legacy:mod:aoba	BLACK	MOD	EXACT	aoba	DENY
legacy:mod:ares	BLACK	MOD	EXACT	ares	DENY
legacy:mod:atianxray	BLACK	MOD	EXACT	atianxray	ALERT
legacy:mod:blackout	BLACK	MOD	EXACT	blackout	DENY
legacy:mod:bleachhack	BLACK	MOD	EXACT	bleachhack	DENY
[269月2026 00:01:36.785] [Server thread/INFO] [net.minecraft.server.MinecraftServer/]: QiZhangVerdict sessions=0, trackedIPs=1, accountPairs=20, rules=40, companion=required, vm=DENY, blacklist=DENY, rateBuckets=1, accountBans=5, deviceBans=4, deviceRequired=true
[269月2026 00:01:36.785] [Server thread/INFO] [net.minecraft.server.MinecraftServer/]: QiZhangVerdict sessions=0, trackedIPs=1, accountPairs=20, rules=40, companion=required, vm=DENY, blacklist=DENY, rateBuckets=1, accountBans=5, deviceBans=4, deviceRequired=true
[269月2026 00:01:37.035] [Server thread/INFO] [net.minecraft.server.MinecraftServer/]: Stopping the server
[269月2026 00:01:37.088] [Server thread/DEBUG] [net.neoforged.fml.classloading.transformation.ClassTransformStatistics/]: Transformed/total loaded classes: 275/6091 (4.51%) and 15 parsed for mixin
[269月2026 00:01:37.088] [Server thread/INFO] [net.minecraft.server.MinecraftServer/]: Stopping server
[269月2026 00:01:37.088] [Server thread/INFO] [net.minecraft.server.MinecraftServer/]: Saving players
[269月2026 00:01:37.089] [Server thread/INFO] [net.minecraft.server.MinecraftServer/]: Saving worlds
[269月2026 00:01:37.090] [Server thread/INFO] [net.minecraft.server.MinecraftServer/]: Saving chunks for level 'ServerLevel[world]'/minecraft:overworld
[269月2026 00:01:37.111] [Server thread/INFO] [net.minecraft.server.MinecraftServer/]: Saving chunks for level 'ServerLevel[world]'/minecraft:the_end
[269月2026 00:01:37.116] [Server thread/INFO] [net.minecraft.server.MinecraftServer/]: Saving chunks for level 'ServerLevel[world]'/minecraft:the_nether
[269月2026 00:01:37.125] [Server thread/DEBUG] [net.neoforged.neoforge.common.CommonHooks/WP]: Gathered mod list to write to world save world
[269月2026 00:01:37.130] [Server thread/INFO] [net.minecraft.server.MinecraftServer/]: ThreadedAnvilChunkStorage (world): All chunks are saved
[269月2026 00:01:37.130] [Server thread/INFO] [net.minecraft.server.MinecraftServer/]: ThreadedAnvilChunkStorage (DIM1): All chunks are saved
[269月2026 00:01:37.130] [Server thread/INFO] [net.minecraft.server.MinecraftServer/]: ThreadedAnvilChunkStorage (DIM-1): All chunks are saved
[269月2026 00:01:37.130] [Server thread/INFO] [net.minecraft.server.MinecraftServer/]: ThreadedAnvilChunkStorage: All dimensions are saved
[269月2026 00:01:37.150] [Server thread/DEBUG] [net.neoforged.fml.config.ConfigTracker/CONFIG]: Unloading configs type SERVER
[269月2026 00:01:37.151] [main/INFO] [net.neoforged.fml.loading.FMLLoader/]: Closing FML Loader 18065201
[269月2026 00:01:37.152] [main/INFO] [net.neoforged.fml.ModLoader/]: Clearing ModLoader
