Unpacking 1.20.6/server-1.20.6.jar (versions:1.20.6) to versions\1.20.6\server-1.20.6.jar
Unpacking io/netty/netty-transport-native-epoll/4.1.97.Final/netty-transport-native-epoll-4.1.97.Final-linux-x86_64.jar (libraries:io.netty:netty-transport-native-epoll:4.1.97.Final:linux-x86_64) to libraries\io\netty\netty-transport-native-epoll\4.1.97.Final\netty-transport-native-epoll-4.1.97.Final-linux-x86_64.jar
Unpacking io/netty/netty-transport-native-epoll/4.1.97.Final/netty-transport-native-epoll-4.1.97.Final-linux-aarch_64.jar (libraries:io.netty:netty-transport-native-epoll:4.1.97.Final:linux-aarch_64) to libraries\io\netty\netty-transport-native-epoll\4.1.97.Final\netty-transport-native-epoll-4.1.97.Final-linux-aarch_64.jar
Starting net.fabricmc.loader.impl.game.minecraft.BundlerClassPathCapture
[19:51:43] [main/INFO]: Loading Minecraft 1.20.6 with Fabric Loader 0.19.5
[19:51:43] [main/WARN]: Ignoring invalid library path "
[19:51:43] [main/WARN]: Ignoring invalid library path D:\Program Files\Node.js\"
[19:51:43] [main/INFO]: Fabric is preparing JARs on first launch, this may take a few seconds...
[19:51:43] [main/INFO]: Loading 41 mods:
	- fabric-api 0.100.8+1.20.6
	   |-- fabric-api-base 0.4.40+80f8cf51b0
	   |-- fabric-api-lookup-api-v1 1.6.59+e9d2a72bb0
	   |-- fabric-biome-api-v1 13.0.25+be5d88beb0
	   |-- fabric-block-api-v1 1.0.20+6dfe4c9bb0
	   |-- fabric-block-view-api-v2 1.0.8+80f8cf51b0
	   |-- fabric-command-api-v1 1.2.45+f71b366fb0
	   |-- fabric-command-api-v2 2.2.24+80f8cf51b0
	   |-- fabric-commands-v0 0.2.62+df3654b3b0
	   |-- fabric-content-registries-v0 8.0.6+b82b2392b0
	   |-- fabric-convention-tags-v1 2.0.7+7f945d5bb0
	   |-- fabric-convention-tags-v2 2.1.3+f4bfb622b0
	   |-- fabric-crash-report-info-v1 0.2.27+80f8cf51b0
	   |-- fabric-data-attachment-api-v1 1.1.17+2a2c66b6b0
	   |-- fabric-data-generation-api-v1 19.2.5+a5d5299db0
	   |-- fabric-dimensions-v1 2.1.68+94793913b0
	   |-- fabric-entity-events-v1 1.6.8+e9d2a72bb0
	   |-- fabric-events-interaction-v0 0.7.6+c5fc38b3b0
	   |-- fabric-game-rule-api-v1 1.0.50+80f8cf51b0
	   |-- fabric-item-api-v1 8.2.3+6e5bbc4ab0
	   |-- fabric-item-group-api-v1 4.1.1+f4bfb622b0
	   |-- fabric-lifecycle-events-v1 2.3.4+c5fc38b3b0
	   |-- fabric-loot-api-v2 3.0.6+97f703dab0
	   |-- fabric-message-api-v1 6.0.11+a7dc0e41b0
	   |-- fabric-networking-api-v1 4.2.0+a916f7c5b0
	   |-- fabric-object-builder-api-v1 15.1.5+c5fc38b3b0
	   |-- fabric-particles-v1 4.0.0+c5fc38b3b0
	   |-- fabric-recipe-api-v1 5.0.6+9c745bbbb0
	   |-- fabric-registry-sync-v0 5.0.19+c7d49fa1b0
	   |-- fabric-rendering-data-attachment-v1 0.3.46+73761d2eb0
	   |-- fabric-rendering-fluids-v1 3.1.3+2c869dedb0
	   |-- fabric-resource-conditions-api-v1 4.2.0+a5d5299db0
	   |-- fabric-resource-loader-v0 1.1.1+f4bfb622b0
	   |-- fabric-screen-handler-api-v1 1.3.76+8c7b71c2b0
	   |-- fabric-transfer-api-v1 5.1.7+7fc4b352b0
	   \-- fabric-transitive-access-wideners-v1 6.0.10+74e2f560b0
	- fabricloader 0.19.5
	   \-- mixinextras 0.5.5
	- java 21
	- minecraft 1.20.6
	- qizhangverdict 0.5.0-dev
[19:51:43] [main/INFO]: SpongePowered MIXIN Subsystem Version=0.8.7 Source=file:/E:/CodexTemp/QiZhangVerdict/compat-1.20.6/servers/fabric-42-01/libraries/net/fabricmc/sponge-mixin/0.17.4+mixin.0.8.7/sponge-mixin-0.17.4+mixin.0.8.7.jar Service=Knot/Fabric Env=SERVER
/*************************************************************************************************************************************************************************************************************************/
/*                                                                                    SpongePowered MIXIN (Verbose debugging enabled)                                                                                    */
/*************************************************************************************************************************************************************************************************************************/
/*                                         Code source : file:/E:/CodexTemp/QiZhangVerdict/compat-1.20.6/servers/fabric-42-01/libraries/net/fabricmc/sponge-mixin/0.17.4+mixin.0.8.7/sponge-mixin-0.17.4+mixin.0.8.7.jar */
/*                                    Internal Version : 0.8.7                                                                                                                                                           */
/*                                        Java Version : 21.0 (supports compatibility 6-21)                                                                                                                              */
/*                         Default Compatibility Level : JAVA_8                                                                                                                                                          */
/*                   Max Effective Compatibility Level : JAVA_13                                                                                                                                                         */
/*                                Detected ASM Version : ASM 9.10.1 (ASM10_EXPERIMENTAL)                                                                                                                                 */
/*                          Detected ASM Supports Java : Up to Java 27 (class file version 71.0)                                                                                                                         */
/*************************************************************************************************************************************************************************************************************************/
/*                                        Service Name : Knot/Fabric                                                                                                                                                     */
/*                                 Mixin Service Class : net.fabricmc.loader.impl.launch.knot.MixinServiceKnot                                                                                                           */
/*                       Global Property Service Class : net.fabricmc.loader.impl.launch.knot.FabricGlobalPropertyService                                                                                                */
/*                                 Logger Adapter Type : Fabric Mixin Logger                                                                                                                                             */
/*************************************************************************************************************************************************************************************************************************/
/*                                         mixin.debug : <false>                                                                                                                                                         */
/*                                  mixin.debug.export : - <true>                                                                                                                                                        */
/*                           mixin.debug.export.filter : - - <null>                                                                                                                                                      */
/*                        mixin.debug.export.decompile : - - <true>                                                                                                                                                      */
/*                  mixin.debug.export.decompile.async : - - - <true>                                                                                                                                                    */
/* mixin.debug.export.decompile.mergeGenericSignatures : - - - <true>                                                                                                                                                    */
/*                                  mixin.debug.verify : - <false>                                                                                                                                                       */
/*                                 mixin.debug.verbose : - <true>                                                                                                                                                        */
/*                         mixin.debug.countInjections : - <true>                                                                                                                                                        */
/*                                  mixin.debug.strict : - <false>                                                                                                                                                       */
/*                           mixin.debug.strict.unique : - - <false>                                                                                                                                                     */
/*                          mixin.debug.strict.targets : - - <false>                                                                                                                                                     */
/*                                mixin.debug.profiler : - <false>                                                                                                                                                       */
/*                           mixin.dumpTargetOnFailure : <false>                                                                                                                                                         */
/*                                        mixin.checks : <false>                                                                                                                                                         */
/*                             mixin.checks.interfaces : - <false>                                                                                                                                                       */
/*                      mixin.checks.interfaces.strict : - - <false>                                                                                                                                                     */
/*                             mixin.ignoreConstraints : <false>                                                                                                                                                         */
/*                                       mixin.hotSwap : <false>                                                                                                                                                         */
/*                                       mixin.env.obf : - <false>                                                                                                                                                       */
/*                             mixin.env.disableRefMap : - <false>                                                                                                                                                       */
/*                               mixin.env.remapRefMap : - <false>                                                                                                                                                       */
/*                       mixin.env.refMapRemappingFile : - <>                                                                                                                                                            */
/*                        mixin.env.refMapRemappingEnv : - <searge>                                                                                                                                                      */
/*                      mixin.env.allowPermissiveMatch : - <false>                                                                                                                                                       */
/*                            mixin.env.ignoreRequired : - <false>                                                                                                                                                       */
/*                               mixin.env.compatLevel : - <false>                                                                                                                                                       */
/*                          mixin.env.shiftByViolation : - <warn>                                                                                                                                                        */
/*                      mixin.initialiserInjectionMode : <default>                                                                                                                                                       */
/*               mixin.tunable.classReaderExpandFrames : - <false>                                                                                                                                                       */
/*************************************************************************************************************************************************************************************************************************/
/*                                    UNSAFE_INJECTION : available=<true> enabled=<true>                                                                                                                                 */
/*                       INJECTORS_IN_INTERFACE_MIXINS : available=<true> enabled=<true>                                                                                                                                 */
/*************************************************************************************************************************************************************************************************************************/
/*                                       Detected Side : SERVER                                                                                                                                                          */
/*************************************************************************************************************************************************************************************************************************/
[19:51:43] [main/INFO]: Attempting to load Fernflower decompiler (Threaded mode)
[19:51:43] [main/INFO]: Fernflower could not be loaded, exported classes will not be decompiled. NoClassDefFoundError: org/jetbrains/java/decompiler/main/extern/IResultSaver
[19:51:43] [main/WARN]: Compatibility level JAVA_17 specified by fabric-api-lookup-api-v1.mixins.json is higher than the maximum level supported by this version of mixin (JAVA_13).
[19:51:44] [main/WARN]: Compatibility level JAVA_21 specified by qizhangverdict.mixins.json is higher than the maximum level supported by this version of mixin (JAVA_13).
[19:51:44] [main/INFO]: Preparing mixins for MixinEnvironment[DEFAULT]
[19:51:44] [main/INFO]: Selecting config fabric-api-lookup-api-v1.mixins.json
[19:51:44] [main/INFO]: Selecting config fabric-biome-api-v1.mixins.json
[19:51:44] [main/INFO]: Selecting config fabric-block-api-v1.mixins.json
[19:51:44] [main/INFO]: Selecting config fabric-block-view-api-v2.mixins.json
[19:51:44] [main/INFO]: Selecting config fabric-command-api-v2.mixins.json
[19:51:44] [main/INFO]: Selecting config fabric-content-registries-v0.mixins.json
[19:51:44] [main/INFO]: Selecting config fabric-convention-tags-api-v2.mixins.json
[19:51:44] [main/INFO]: Selecting config fabric-crash-report-info-v1.mixins.json
[19:51:44] [main/INFO]: Selecting config fabric-data-attachment-api-v1.mixins.json
[19:51:44] [main/INFO]: Selecting config fabric-data-generation-api-v1.mixins.json
[19:51:44] [main/INFO]: Selecting config fabric-dimensions-v1.mixins.json
[19:51:44] [main/INFO]: Selecting config fabric-entity-events-v1.mixins.json
[19:51:44] [main/INFO]: Selecting config fabric-events-interaction-v0.mixins.json
[19:51:44] [main/INFO]: Selecting config fabric-game-rule-api-v1.mixins.json
[19:51:44] [main/INFO]: Selecting config fabric-item-api-v1.mixins.json
[19:51:44] [main/INFO]: Selecting config fabric-item-group-api-v1.mixins.json
[19:51:44] [main/INFO]: Selecting config fabric-lifecycle-events-v1.mixins.json
[19:51:44] [main/INFO]: Selecting config fabric-loot-api-v2.mixins.json
[19:51:44] [main/INFO]: Selecting config fabric-message-api-v1.mixins.json
[19:51:44] [main/INFO]: Selecting config fabric-networking-api-v1.mixins.json
[19:51:44] [main/INFO]: Selecting config fabric-object-builder-v1.mixins.json
[19:51:44] [main/INFO]: Selecting config fabric-recipe-api-v1.mixins.json
[19:51:44] [main/INFO]: Selecting config fabric-registry-sync-v0.mixins.json
[19:51:44] [main/INFO]: Selecting config fabric-rendering-data-attachment-v1.mixins.json
[19:51:44] [main/INFO]: Selecting config fabric-resource-conditions-api-v1.mixins.json
[19:51:44] [main/INFO]: Selecting config fabric-resource-loader-v0.mixins.json
[19:51:44] [main/INFO]: Selecting config fabric-screen-handler-api-v1.mixins.json
[19:51:44] [main/INFO]: Selecting config fabric-transfer-api-v1.mixins.json
[19:51:44] [main/INFO]: Selecting config mixinextras.init.mixins.json
[19:51:44] [main/INFO]: Selecting config qizhangverdict.mixins.json
[19:51:44] [main/INFO]: Preparing fabric-api-lookup-api-v1.mixins.json (2)
[19:51:44] [main/INFO]: Preparing fabric-biome-api-v1.mixins.json (9)
[19:51:44] [main/INFO]: Preparing fabric-block-api-v1.mixins.json (4)
[19:51:44] [main/INFO]: Preparing fabric-block-view-api-v2.mixins.json (2)
[19:51:44] [main/INFO]: Preparing fabric-command-api-v2.mixins.json (5)
[19:51:44] [main/INFO]: Preparing fabric-content-registries-v0.mixins.json (13)
[19:51:44] [main/INFO]: Preparing fabric-convention-tags-api-v2.mixins.json (1)
[19:51:44] [main/INFO]: Preparing fabric-crash-report-info-v1.mixins.json (1)
[19:51:44] [main/INFO]: Preparing fabric-data-attachment-api-v1.mixins.json (8)
[19:51:44] [main/INFO]: Preparing fabric-data-generation-api-v1.mixins.json (6)
[19:51:44] [main/INFO]: Preparing fabric-dimensions-v1.mixins.json (5)
[19:51:44] [main/INFO]: Preparing fabric-entity-events-v1.mixins.json (12)
[19:51:44] [main/INFO]: Preparing fabric-events-interaction-v0.mixins.json (4)
[19:51:44] [main/INFO]: Preparing fabric-game-rule-api-v1.mixins.json (6)
[19:51:44] [main/INFO]: Preparing fabric-item-api-v1.mixins.json (13)
[19:51:44] [main/INFO]: Preparing fabric-item-group-api-v1.mixins.json (3)
[19:51:44] [main/INFO]: Preparing fabric-lifecycle-events-v1.mixins.json (9)
[19:51:44] [main/INFO]: Preparing fabric-loot-api-v2.mixins.json (6)
[19:51:44] [main/INFO]: Preparing fabric-message-api-v1.mixins.json (2)
[19:51:44] [main/INFO]: Preparing fabric-networking-api-v1.mixins.json (18)
[19:51:44] [main/INFO]: Preparing fabric-object-builder-v1.mixins.json (10)
[19:51:44] [main/INFO]: Preparing fabric-recipe-api-v1.mixins.json (3)
[19:51:44] [main/INFO]: Preparing fabric-registry-sync-v0.mixins.json (13)
[19:51:44] [main/INFO]: Preparing fabric-rendering-data-attachment-v1.mixins.json (2)
[19:51:44] [main/INFO]: Preparing fabric-resource-conditions-api-v1.mixins.json (9)
[19:51:44] [main/INFO]: Preparing fabric-resource-loader-v0.mixins.json (14)
[19:51:44] [main/INFO]: Preparing fabric-screen-handler-api-v1.mixins.json (2)
[19:51:44] [main/INFO]: Preparing fabric-transfer-api-v1.mixins.json (12)
[19:51:44] [main/INFO]: Preparing mixinextras.init.mixins.json (0)
[19:51:44] [main/INFO]: Preparing qizhangverdict.mixins.json (1)
[19:51:44] [main/INFO]: Prepared 195 mixins in 0.435 sec (2.2ms avg) (0ms load, 0ms transform, 0ms plugin)
[19:51:44] [main/INFO]: Initializing MixinExtras via com.llamalad7.mixinextras.service.MixinExtrasServiceImpl(version=0.5.5).
[19:51:44] [main/INFO]: Mixing server.MainMixin from fabric-data-generation-api-v1.mixins.json into net.minecraft.server.Main
[19:51:44] [main/WARN]: fabric-data-generation-api-v1.mixins.json:server.MainMixin from mod fabric-data-generation-api-v1: Class version 65 required is higher than the class version supported by the current version of Mixin (JAVA_17 supports class version 61)
[19:51:44] [main/INFO]: Mixing SystemDetailsMixin from fabric-crash-report-info-v1.mixins.json into net.minecraft.class_6396
[19:51:44] [main/WARN]: fabric-crash-report-info-v1.mixins.json:SystemDetailsMixin from mod fabric-crash-report-info-v1: Class version 65 required is higher than the class version supported by the current version of Mixin (JAVA_17 supports class version 61)
[19:51:44] [main/INFO]: Renaming synthetic method lambda$appendMods$1(Lnet/fabricmc/loader/api/ModContainer;)Ljava/lang/String; to md3669ec$fabric-crash-report-info-v1$lambda$appendMods$1$0 in fabric-crash-report-info-v1.mixins.json:SystemDetailsMixin from mod fabric-crash-report-info-v1
[19:51:44] [main/INFO]: Renaming synthetic method lambda$fillSystemDetails$0()Ljava/lang/String; to md3669ec$fabric-crash-report-info-v1$lambda$fillSystemDetails$0$1 in fabric-crash-report-info-v1.mixins.json:SystemDetailsMixin from mod fabric-crash-report-info-v1
[19:51:46] [main/INFO]: Mixing BootstrapMixin from fabric-registry-sync-v0.mixins.json into net.minecraft.class_2966
[19:51:46] [main/WARN]: fabric-registry-sync-v0.mixins.json:BootstrapMixin from mod fabric-registry-sync-v0: Class version 65 required is higher than the class version supported by the current version of Mixin (JAVA_17 supports class version 61)
[19:51:46] [main/INFO]: Renaming synthetic method lambda$initialize$1(Lnet/minecraft/class_3611;)Ljava/util/Collection; to md3669ec$fabric-registry-sync-v0$lambda$initialize$1$0 in fabric-registry-sync-v0.mixins.json:BootstrapMixin from mod fabric-registry-sync-v0
[19:51:46] [main/INFO]: Renaming synthetic method lambda$initialize$0(Lnet/minecraft/class_2248;)Ljava/util/Collection; to md3669ec$fabric-registry-sync-v0$lambda$initialize$0$1 in fabric-registry-sync-v0.mixins.json:BootstrapMixin from mod fabric-registry-sync-v0
[19:51:46] [main/INFO]: Mixing RegistriesMixin from fabric-item-api-v1.mixins.json into net.minecraft.class_7923
[19:51:46] [main/WARN]: fabric-item-api-v1.mixins.json:RegistriesMixin from mod fabric-item-api-v1: Class version 65 required is higher than the class version supported by the current version of Mixin (JAVA_17 supports class version 61)
[19:51:46] [main/INFO]: Mixing RegistriesAccessor from fabric-registry-sync-v0.mixins.json into net.minecraft.class_7923
[19:51:46] [main/INFO]: Renaming @Accessor method getROOT()Lnet/minecraft/class_2385; to getROOT$fabric-registry-sync-v0_$md$3669ec$0 in fabric-registry-sync-v0.mixins.json:RegistriesAccessor from mod fabric-registry-sync-v0
[19:51:46] [main/INFO]: Mixing RegistriesMixin from fabric-registry-sync-v0.mixins.json into net.minecraft.class_7923
[19:51:46] [main/INFO]: Mixing SimpleRegistryMixin from fabric-registry-sync-v0.mixins.json into net.minecraft.class_2370
[19:51:46] [main/INFO]: Renaming synthetic method lambda$init$3([Lnet/fabricmc/fabric/api/event/registry/RegistryIdRemapCallback;)Lnet/fabricmc/fabric/api/event/registry/RegistryIdRemapCallback; to md3669ec$fabric-registry-sync-v0$lambda$init$3$0 in fabric-registry-sync-v0.mixins.json:SimpleRegistryMixin from mod fabric-registry-sync-v0
[19:51:46] [main/INFO]: Renaming synthetic method lambda$init$2([Lnet/fabricmc/fabric/api/event/registry/RegistryIdRemapCallback;Lnet/fabricmc/fabric/api/event/registry/RegistryIdRemapCallback$RemapState;)V to md3669ec$fabric-registry-sync-v0$lambda$init$2$1 in fabric-registry-sync-v0.mixins.json:SimpleRegistryMixin from mod fabric-registry-sync-v0
[19:51:46] [main/INFO]: Renaming synthetic method lambda$init$1([Lnet/fabricmc/fabric/api/event/registry/RegistryEntryAddedCallback;)Lnet/fabricmc/fabric/api/event/registry/RegistryEntryAddedCallback; to md3669ec$fabric-registry-sync-v0$lambda$init$1$2 in fabric-registry-sync-v0.mixins.json:SimpleRegistryMixin from mod fabric-registry-sync-v0
[19:51:46] [main/INFO]: Renaming synthetic method lambda$init$0([Lnet/fabricmc/fabric/api/event/registry/RegistryEntryAddedCallback;ILnet/minecraft/class_2960;Ljava/lang/Object;)V to md3669ec$fabric-registry-sync-v0$lambda$init$0$3 in fabric-registry-sync-v0.mixins.json:SimpleRegistryMixin from mod fabric-registry-sync-v0
[19:51:46] [main/INFO]: Mixing ArgumentTypesAccessor from fabric-command-api-v2.mixins.json into net.minecraft.class_2316
[19:51:46] [main/WARN]: fabric-command-api-v2.mixins.json:ArgumentTypesAccessor from mod fabric-command-api-v2: Class version 65 required is higher than the class version supported by the current version of Mixin (JAVA_17 supports class version 61)
[19:51:46] [main/INFO]: Renaming @Accessor method fabric_getClassMap()Ljava/util/Map; to fabric_getClassMap$fabric-command-api-v2_$md$3669ec$0 in fabric-command-api-v2.mixins.json:ArgumentTypesAccessor from mod fabric-command-api-v2
[19:51:46] [main/INFO]: Mixing ItemGroupsMixin from fabric-item-group-api-v1.mixins.json into net.minecraft.class_7706
[19:51:46] [main/WARN]: fabric-item-group-api-v1.mixins.json:ItemGroupsMixin from mod fabric-item-group-api-v1: Class version 65 required is higher than the class version supported by the current version of Mixin (JAVA_17 supports class version 61)
[19:51:46] [main/INFO]: Renaming synthetic method lambda$paginateGroups$0(Lnet/minecraft/class_6880$class_6883;Lnet/minecraft/class_6880$class_6883;)I to md3669ec$fabric-item-group-api-v1$lambda$paginateGroups$0$0 in fabric-item-group-api-v1.mixins.json:ItemGroupsMixin from mod fabric-item-group-api-v1
[19:51:46] [main/INFO]: Mixing ItemGroupAccessor from fabric-item-group-api-v1.mixins.json into net.minecraft.class_1761
[19:51:46] [main/INFO]: Mixing ItemGroupMixin from fabric-item-group-api-v1.mixins.json into net.minecraft.class_1761
[19:51:46] [main/INFO]: Renaming synthetic method lambda$getStacks$0(Lnet/minecraft/class_1761;)Ljava/lang/IllegalStateException; to md3669ec$fabric-item-group-api-v1$lambda$getStacks$0$0 in fabric-item-group-api-v1.mixins.json:ItemGroupMixin from mod fabric-item-group-api-v1
[19:51:46] [main/INFO]: Mixing FireBlockMixin from fabric-content-registries-v0.mixins.json into net.minecraft.class_2358
[19:51:46] [main/WARN]: fabric-content-registries-v0.mixins.json:FireBlockMixin from mod fabric-content-registries-v0: Class version 65 required is higher than the class version supported by the current version of Mixin (JAVA_17 supports class version 61)
[19:51:46] [main/INFO]: Mixing BlockMixin from fabric-block-api-v1.mixins.json into net.minecraft.class_2248
[19:51:46] [main/WARN]: fabric-block-api-v1.mixins.json:BlockMixin from mod fabric-block-api-v1: Class version 65 required is higher than the class version supported by the current version of Mixin (JAVA_17 supports class version 61)
[19:51:46] [main/INFO]: Mixing AbstractBlockAccessor from fabric-object-builder-v1.mixins.json into net.minecraft.class_4970
[19:51:46] [main/WARN]: fabric-object-builder-v1.mixins.json:AbstractBlockAccessor from mod fabric-object-builder-api-v1: Class version 65 required is higher than the class version supported by the current version of Mixin (JAVA_17 supports class version 61)
[19:51:46] [main/INFO]: Mixing BlockViewMixin from fabric-block-view-api-v2.mixins.json into net.minecraft.class_1922
[19:51:46] [main/WARN]: fabric-block-view-api-v2.mixins.json:BlockViewMixin from mod fabric-block-view-api-v2: Class version 65 required is higher than the class version supported by the current version of Mixin (JAVA_17 supports class version 61)
[19:51:46] [main/INFO]: Mixing AttachmentTargetsMixin from fabric-data-attachment-api-v1.mixins.json into net.minecraft.class_1297
[19:51:46] [main/WARN]: fabric-data-attachment-api-v1.mixins.json:AttachmentTargetsMixin from mod fabric-data-attachment-api-v1: Class version 65 required is higher than the class version supported by the current version of Mixin (JAVA_17 supports class version 61)
[19:51:46] [main/INFO]: Mixing EntityMixin from fabric-data-attachment-api-v1.mixins.json into net.minecraft.class_1297
[19:51:46] [main/INFO]: Mixing EntityMixin from fabric-dimensions-v1.mixins.json into net.minecraft.class_1297
[19:51:46] [main/WARN]: fabric-dimensions-v1.mixins.json:EntityMixin from mod fabric-dimensions-v1: Class version 65 required is higher than the class version supported by the current version of Mixin (JAVA_17 supports class version 61)
[19:51:46] [main/INFO]: Mixing EntityMixin from fabric-entity-events-v1.mixins.json into net.minecraft.class_1297
[19:51:46] [main/WARN]: fabric-entity-events-v1.mixins.json:EntityMixin from mod fabric-entity-events-v1: Class version 65 required is higher than the class version supported by the current version of Mixin (JAVA_17 supports class version 61)
[19:51:46] [main/INFO]: Mixing PlayerEntityMixin from fabric-entity-events-v1.mixins.json into net.minecraft.class_1657
[19:51:46] [main/INFO]: Mixing elytra.PlayerEntityMixin from fabric-entity-events-v1.mixins.json into net.minecraft.class_1657
[19:51:46] [main/INFO]: Mixing LivingEntityMixin from fabric-entity-events-v1.mixins.json into net.minecraft.class_1309
[19:51:46] [main/INFO]: Mixing elytra.LivingEntityMixin from fabric-entity-events-v1.mixins.json into net.minecraft.class_1309
[19:51:46] [main/INFO]: Mixing LivingEntityMixin from fabric-item-api-v1.mixins.json into net.minecraft.class_1309
[19:51:46] [main/INFO]: Mixing LivingEntityMixin from fabric-lifecycle-events-v1.mixins.json into net.minecraft.class_1309
[19:51:46] [main/WARN]: fabric-lifecycle-events-v1.mixins.json:LivingEntityMixin from mod fabric-lifecycle-events-v1: Class version 65 required is higher than the class version supported by the current version of Mixin (JAVA_17 supports class version 61)
[19:51:46] [main/INFO]: Mixing AttachmentTargetsMixin from fabric-data-attachment-api-v1.mixins.json into net.minecraft.class_1937
[19:51:46] [main/INFO]: Mixing WorldMixin from fabric-lifecycle-events-v1.mixins.json into net.minecraft.class_1937
[19:51:46] [main/INFO]: Mixing WorldViewMixin from fabric-rendering-data-attachment-v1.mixins.json into net.minecraft.class_4538
[19:51:46] [main/WARN]: fabric-rendering-data-attachment-v1.mixins.json:WorldViewMixin from mod fabric-rendering-data-attachment-v1: Class version 65 required is higher than the class version supported by the current version of Mixin (JAVA_17 supports class version 61)
[19:51:46] [main/INFO]: Mixing ServerWorldMixin from fabric-api-lookup-api-v1.mixins.json into net.minecraft.class_3218
[19:51:46] [main/WARN]: fabric-api-lookup-api-v1.mixins.json:ServerWorldMixin from mod fabric-api-lookup-api-v1: Class version 65 required is higher than the class version supported by the current version of Mixin (JAVA_17 supports class version 61)
[19:51:46] [main/INFO]: Renaming synthetic method lambda$fabric_invalidateCache$5(Ljava/util/Map$Entry;)Z to md3669ec$fabric-api-lookup-api-v1$lambda$fabric_invalidateCache$5$0 in fabric-api-lookup-api-v1.mixins.json:ServerWorldMixin from mod fabric-api-lookup-api-v1
[19:51:46] [main/INFO]: Renaming synthetic method lambda$fabric_invalidateCache$4(Ljava/lang/ref/WeakReference;)Z to md3669ec$fabric-api-lookup-api-v1$lambda$fabric_invalidateCache$4$1 in fabric-api-lookup-api-v1.mixins.json:ServerWorldMixin from mod fabric-api-lookup-api-v1
[19:51:46] [main/INFO]: Renaming synthetic method lambda$fabric_invalidateCache$3(Ljava/lang/ref/WeakReference;)V to md3669ec$fabric-api-lookup-api-v1$lambda$fabric_invalidateCache$3$2 in fabric-api-lookup-api-v1.mixins.json:ServerWorldMixin from mod fabric-api-lookup-api-v1
[19:51:46] [main/INFO]: Renaming synthetic method lambda$fabric_invalidateCache$2(Ljava/lang/ref/WeakReference;)Z to md3669ec$fabric-api-lookup-api-v1$lambda$fabric_invalidateCache$2$3 in fabric-api-lookup-api-v1.mixins.json:ServerWorldMixin from mod fabric-api-lookup-api-v1
[19:51:46] [main/INFO]: Renaming synthetic method lambda$fabric_registerCache$1(Ljava/lang/ref/WeakReference;)Z to md3669ec$fabric-api-lookup-api-v1$lambda$fabric_registerCache$1$4 in fabric-api-lookup-api-v1.mixins.json:ServerWorldMixin from mod fabric-api-lookup-api-v1
[19:51:46] [main/INFO]: Renaming synthetic method lambda$fabric_registerCache$0(Lnet/minecraft/class_2338;)Ljava/util/List; to md3669ec$fabric-api-lookup-api-v1$lambda$fabric_registerCache$0$5 in fabric-api-lookup-api-v1.mixins.json:ServerWorldMixin from mod fabric-api-lookup-api-v1
[19:51:46] [main/INFO]: Mixing ServerWorldMixin from fabric-data-attachment-api-v1.mixins.json into net.minecraft.class_3218
[19:51:46] [main/INFO]: Renaming synthetic method lambda$createAttachmentsPersistentState$1(Lnet/minecraft/class_3218;Lnet/minecraft/class_2487;Lnet/minecraft/class_7225$class_7874;)Lnet/fabricmc/fabric/impl/attachment/AttachmentPersistentState; to md3669ec$fabric-data-attachment-api-v1$lambda$createAttachmentsPersistentState$1$6 in fabric-data-attachment-api-v1.mixins.json:ServerWorldMixin from mod fabric-data-attachment-api-v1
[19:51:46] [main/INFO]: Renaming synthetic method lambda$createAttachmentsPersistentState$0(Lnet/minecraft/class_3218;)Lnet/fabricmc/fabric/impl/attachment/AttachmentPersistentState; to md3669ec$fabric-data-attachment-api-v1$lambda$createAttachmentsPersistentState$0$7 in fabric-data-attachment-api-v1.mixins.json:ServerWorldMixin from mod fabric-data-attachment-api-v1
[19:51:46] [main/INFO]: Mixing ServerWorldMixin from fabric-lifecycle-events-v1.mixins.json into net.minecraft.class_3218
[19:51:46] [main/INFO]: Mixing AbstractBlockSettingsAccessor from fabric-object-builder-v1.mixins.json into net.minecraft.class_4970$class_2251
[19:51:46] [main/INFO]: Mixing IdListMixin from fabric-registry-sync-v0.mixins.json into net.minecraft.class_2361
[19:51:46] [main/INFO]: Renaming synthetic method lambda$fabric_remapIds$0(Lit/unimi/dsi/fastutil/ints/Int2IntMap;Ljava/lang/Object;Ljava/lang/Integer;)Ljava/lang/Integer; to md3669ec$fabric-registry-sync-v0$lambda$fabric_remapIds$0$0 in fabric-registry-sync-v0.mixins.json:IdListMixin from mod fabric-registry-sync-v0
[19:51:47] [main/INFO]: Mixing DetectorRailBlockMixin from fabric-object-builder-v1.mixins.json into net.minecraft.class_2313
[19:51:47] [main/INFO]: Renaming synthetic method lambda$getCustomComparatorOutput$0(Lnet/minecraft/class_1297;)Z to md3669ec$fabric-object-builder-api-v1$lambda$getCustomComparatorOutput$0$0 in fabric-object-builder-v1.mixins.json:DetectorRailBlockMixin from mod fabric-object-builder-api-v1
[19:51:47] [main/INFO]: Mixing DropperBlockMixin from fabric-transfer-api-v1.mixins.json into net.minecraft.class_2325
[19:51:47] [main/WARN]: fabric-transfer-api-v1.mixins.json:DropperBlockMixin from mod fabric-transfer-api-v1: Class version 65 required is higher than the class version supported by the current version of Mixin (JAVA_17 supports class version 61)
[19:51:47] [main/INFO]: Renaming synthetic method lambda$hookDispense$0(Lnet/fabricmc/fabric/api/transfer/v1/item/ItemVariant;)Z to md3669ec$fabric-transfer-api-v1$lambda$hookDispense$0$0 in fabric-transfer-api-v1.mixins.json:DropperBlockMixin from mod fabric-transfer-api-v1
[19:51:47] [main/INFO]: Mixing OxidizableMixin from fabric-content-registries-v0.mixins.json into net.minecraft.class_5955
[19:51:47] [main/INFO]: Mixing BlockStateMixin from fabric-block-api-v1.mixins.json into net.minecraft.class_2680
[19:51:47] [main/INFO]: Mixing EntityTypeMixin from fabric-object-builder-v1.mixins.json into net.minecraft.class_1299
[19:51:47] [main/INFO]: Mixing FluidMixin from fabric-transfer-api-v1.mixins.json into net.minecraft.class_3611
[19:51:47] [main/INFO]: Mixing BlockEntityMixin from fabric-block-view-api-v2.mixins.json into net.minecraft.class_2586
[19:51:47] [main/INFO]: Mixing AttachmentTargetsMixin from fabric-data-attachment-api-v1.mixins.json into net.minecraft.class_2586
[19:51:47] [main/INFO]: Mixing BlockEntityMixin from fabric-data-attachment-api-v1.mixins.json into net.minecraft.class_2586
[19:51:47] [main/INFO]: Mixing BlockEntityMixin from fabric-rendering-data-attachment-v1.mixins.json into net.minecraft.class_2586
[19:51:47] [main/INFO]: Mixing LockableContainerBlockEntityMixin from fabric-transfer-api-v1.mixins.json into net.minecraft.class_2624
[19:51:47] [main/INFO]: Mixing NamedScreenHandlerFactoryMixin from fabric-screen-handler-api-v1.mixins.json into net.minecraft.class_3908
[19:51:47] [main/WARN]: fabric-screen-handler-api-v1.mixins.json:NamedScreenHandlerFactoryMixin from mod fabric-screen-handler-api-v1: Class version 65 required is higher than the class version supported by the current version of Mixin (JAVA_17 supports class version 61)
[19:51:47] [main/INFO]: Mixing MobEntityMixin from fabric-entity-events-v1.mixins.json into net.minecraft.class_1308
[19:51:47] [main/INFO]: Mixing ChiseledBookshelfBlockEntityMixin from fabric-transfer-api-v1.mixins.json into net.minecraft.class_7716
[19:51:47] [main/WARN]: @Shadow target fabric-transfer-api-v1.mixins.json:ChiseledBookshelfBlockEntityMixin from mod fabric-transfer-api-v1::field_41314 is final but shadow is not decorated with @Final
[19:51:47] [main/INFO]: Mixing BlockEntityTypeAccessor from fabric-api-lookup-api-v1.mixins.json into net.minecraft.class_2591
[19:51:47] [main/INFO]: Mixing AbstractFurnaceBlockEntityMixin from fabric-content-registries-v0.mixins.json into net.minecraft.class_2609
[19:51:47] [main/INFO]: Mixing AbstractFurnaceBlockEntityMixin from fabric-item-api-v1.mixins.json into net.minecraft.class_2609
[19:51:47] [main/INFO]: Mixing AbstractFurnaceBlockEntityMixin from fabric-transfer-api-v1.mixins.json into net.minecraft.class_2609
[19:51:47] [main/INFO]: Mixing JukeboxBlockEntityMixin from fabric-transfer-api-v1.mixins.json into net.minecraft.class_2619
[19:51:47] [main/INFO]: Mixing BrewingStandBlockEntityMixin from fabric-item-api-v1.mixins.json into net.minecraft.class_2589
[19:51:47] [main/INFO]: Mixing ItemStackMixin from fabric-item-api-v1.mixins.json into net.minecraft.class_1799
[19:51:47] [main/INFO]: Renaming synthetic method lambda$hookDamage$0(Lorg/apache/commons/lang3/mutable/MutableBoolean;Ljava/lang/Runnable;)V to md3669ec$fabric-item-api-v1$lambda$hookDamage$0$0 in fabric-item-api-v1.mixins.json:ItemStackMixin from mod fabric-item-api-v1
[19:51:47] [main/INFO]: Mixing AnvilScreenHandlerMixin from fabric-item-api-v1.mixins.json into net.minecraft.class_1706
[19:51:47] [main/INFO]: Mixing HopperBlockEntityMixin from fabric-transfer-api-v1.mixins.json into net.minecraft.class_2614
[19:51:47] [main/INFO]: Renaming synthetic method lambda$hookExtract$1(Lnet/fabricmc/fabric/api/transfer/v1/item/ItemVariant;)Z to md3669ec$fabric-transfer-api-v1$lambda$hookExtract$1$0 in fabric-transfer-api-v1.mixins.json:HopperBlockEntityMixin from mod fabric-transfer-api-v1
[19:51:47] [main/INFO]: Renaming synthetic method lambda$hookInsert$0(Lnet/fabricmc/fabric/api/transfer/v1/item/ItemVariant;)Z to md3669ec$fabric-transfer-api-v1$lambda$hookInsert$0$1 in fabric-transfer-api-v1.mixins.json:HopperBlockEntityMixin from mod fabric-transfer-api-v1
[19:51:47] [main/INFO]: Mixing BannerBlockEntityMixin from fabric-data-attachment-api-v1.mixins.json into net.minecraft.class_2573
[19:51:48] [main/INFO]: Mixing TadpoleEntityMixin from fabric-entity-events-v1.mixins.json into net.minecraft.class_7110
[19:51:48] [main/INFO]: Mixing ItemAccessor from fabric-item-api-v1.mixins.json into net.minecraft.class_1792
[19:51:48] [main/INFO]: Mixing ItemMixin from fabric-item-api-v1.mixins.json into net.minecraft.class_1792
[19:51:48] [main/INFO]: Mixing ItemMixin from fabric-transfer-api-v1.mixins.json into net.minecraft.class_1792
[19:51:48] [main/INFO]: Mixing ShovelItemAccessor from fabric-content-registries-v0.mixins.json into net.minecraft.class_1821
[19:51:48] [main/INFO]: Renaming @Accessor method getPathStates()Ljava/util/Map; to getPathStates$fabric-content-registries-v0_$md$3669ec$0 in fabric-content-registries-v0.mixins.json:ShovelItemAccessor from mod fabric-content-registries-v0
[19:51:48] [main/INFO]: Mixing AxeItemAccessor from fabric-content-registries-v0.mixins.json into net.minecraft.class_1743
[19:51:48] [main/INFO]: Renaming @Accessor method getStrippedBlocks()Ljava/util/Map; to getStrippedBlocks$fabric-content-registries-v0_$md$3669ec$0 in fabric-content-registries-v0.mixins.json:AxeItemAccessor from mod fabric-content-registries-v0
[19:51:48] [main/INFO]: Renaming @Accessor method setStrippedBlocks(Ljava/util/Map;)V to setStrippedBlocks$fabric-content-registries-v0_$md$3669ec$1 in fabric-content-registries-v0.mixins.json:AxeItemAccessor from mod fabric-content-registries-v0
[19:51:48] [main/INFO]: Mixing HoeItemAccessor from fabric-content-registries-v0.mixins.json into net.minecraft.class_1794
[19:51:48] [main/INFO]: Renaming @Accessor method getTillingActions()Ljava/util/Map; to getTillingActions$fabric-content-registries-v0_$md$3669ec$0 in fabric-content-registries-v0.mixins.json:HoeItemAccessor from mod fabric-content-registries-v0
[19:51:48] [main/INFO]: Mixing BucketItemAccessor from fabric-transfer-api-v1.mixins.json into net.minecraft.class_1755
[19:51:48] [main/INFO]: Mixing BucketItemMixin from fabric-transfer-api-v1.mixins.json into net.minecraft.class_1755
[19:51:48] [main/INFO]: Mixing HoneycombItemMixin from fabric-content-registries-v0.mixins.json into net.minecraft.class_5953
[19:51:48] [main/INFO]: Mixing ItemSettingsMixin from fabric-item-api-v1.mixins.json into net.minecraft.class_1792$class_1793
[19:51:48] [main/INFO]: Mixing TagKeyMixin from fabric-convention-tags-api-v2.mixins.json into net.minecraft.class_6862
[19:51:48] [main/WARN]: fabric-convention-tags-api-v2.mixins.json:TagKeyMixin from mod fabric-convention-tags-v2: Class version 65 required is higher than the class version supported by the current version of Mixin (JAVA_17 supports class version 61)
[19:51:48] [main/INFO]: Mixing AttachmentTargetsMixin from fabric-data-attachment-api-v1.mixins.json into net.minecraft.class_2791
[19:51:48] [main/INFO]: Mixing WorldChunkMixin from fabric-data-attachment-api-v1.mixins.json into net.minecraft.class_2818
[19:51:48] [main/INFO]: Mixing server.WorldChunkMixin from fabric-lifecycle-events-v1.mixins.json into net.minecraft.class_2818
[19:51:49] [main/INFO]: Mixing EntityTypeBuilderMixin from fabric-object-builder-v1.mixins.json into net.minecraft.class_1299$class_1300
[19:51:49] [main/INFO]: Mixing TaggedChoiceMixin from fabric-dimensions-v1.mixins.json into com.mojang.datafixers.types.templates.TaggedChoice
[19:51:49] [main/INFO]: Mixing TaggedChoiceTypeMixin from fabric-dimensions-v1.mixins.json into com.mojang.datafixers.types.templates.TaggedChoice$TaggedChoiceType
[19:51:49] [main/INFO]: Mixing Schema2832Mixin from fabric-dimensions-v1.mixins.json into net.minecraft.class_6640
[19:51:49] [main/INFO]: Mixing MooshroomEntityMixin from fabric-entity-events-v1.mixins.json into net.minecraft.class_1438
[19:51:49] [main/INFO]: Mixing PigEntityMixin from fabric-entity-events-v1.mixins.json into net.minecraft.class_1452
[19:51:49] [main/INFO]: Mixing EntityMixin from fabric-dimensions-v1.mixins.json into net.minecraft.class_3222
[19:51:49] [main/INFO]: Mixing ServerPlayerEntityMixin from fabric-entity-events-v1.mixins.json into net.minecraft.class_3222
[19:51:49] [main/INFO]: Mixing ServerPlayerEntityMixin from fabric-events-interaction-v0.mixins.json into net.minecraft.class_3222
[19:51:49] [main/WARN]: fabric-events-interaction-v0.mixins.json:ServerPlayerEntityMixin from mod fabric-events-interaction-v0: Class version 65 required is higher than the class version supported by the current version of Mixin (JAVA_17 supports class version 61)
[19:51:49] [main/INFO]: Mixing ServerPlayerEntityMixin from fabric-screen-handler-api-v1.mixins.json into net.minecraft.class_3222
[19:51:49] [main/INFO]: Mixing VillagerEntityAccessor from fabric-content-registries-v0.mixins.json into net.minecraft.class_1646
[19:51:49] [main/INFO]: Renaming @Accessor method fabric_setItemFoodValues(Ljava/util/Map;)V to fabric_setItemFoodValues$fabric-content-registries-v0_$md$3669ec$0 in fabric-content-registries-v0.mixins.json:VillagerEntityAccessor from mod fabric-content-registries-v0
[19:51:49] [main/INFO]: Renaming @Accessor method fabric_setGatherableItems(Ljava/util/Set;)V to fabric_setGatherableItems$fabric-content-registries-v0_$md$3669ec$1 in fabric-content-registries-v0.mixins.json:VillagerEntityAccessor from mod fabric-content-registries-v0
[19:51:49] [main/INFO]: Renaming @Accessor method fabric_getGatherableItems()Ljava/util/Set; to fabric_getGatherableItems$fabric-content-registries-v0_$md$3669ec$2 in fabric-content-registries-v0.mixins.json:VillagerEntityAccessor from mod fabric-content-registries-v0
[19:51:49] [main/INFO]: Mixing VillagerEntityMixin from fabric-entity-events-v1.mixins.json into net.minecraft.class_1646
[19:51:49] [main/INFO]: Mixing ingredient.IngredientMixin from fabric-recipe-api-v1.mixins.json into net.minecraft.class_1856
[19:51:49] [main/WARN]: fabric-recipe-api-v1.mixins.json:ingredient.IngredientMixin from mod fabric-recipe-api-v1: Class version 65 required is higher than the class version supported by the current version of Mixin (JAVA_17 supports class version 61)
[19:51:49] [main/INFO]: Renaming synthetic method lambda$injectCodec$3(Lnet/minecraft/class_1856;)Lcom/mojang/datafixers/util/Either; to md3669ec$fabric-recipe-api-v1$lambda$injectCodec$3$0 in fabric-recipe-api-v1.mixins.json:ingredient.IngredientMixin from mod fabric-recipe-api-v1
[19:51:49] [main/INFO]: Renaming synthetic method lambda$injectCodec$2(Lcom/mojang/datafixers/util/Either;)Lnet/minecraft/class_1856; to md3669ec$fabric-recipe-api-v1$lambda$injectCodec$2$1 in fabric-recipe-api-v1.mixins.json:ingredient.IngredientMixin from mod fabric-recipe-api-v1
[19:51:49] [main/INFO]: Renaming synthetic method lambda$injectCodec$1(Lnet/minecraft/class_1856;)Lnet/minecraft/class_1856; to md3669ec$fabric-recipe-api-v1$lambda$injectCodec$1$2 in fabric-recipe-api-v1.mixins.json:ingredient.IngredientMixin from mod fabric-recipe-api-v1
[19:51:49] [main/INFO]: Renaming synthetic method lambda$injectCodec$0(ZLnet/fabricmc/fabric/api/recipe/v1/ingredient/CustomIngredientSerializer;)Lcom/mojang/serialization/MapCodec; to md3669ec$fabric-recipe-api-v1$lambda$injectCodec$0$3 in fabric-recipe-api-v1.mixins.json:ingredient.IngredientMixin from mod fabric-recipe-api-v1
[19:51:50] [main/INFO]: Mixing EntitySelectorOptionsAccessor from fabric-command-api-v2.mixins.json into net.minecraft.class_2306
[19:51:50] [main/INFO]: Renaming @Invoker method callPutOption(Ljava/lang/String;Lnet/minecraft/class_2306$class_2307;Ljava/util/function/Predicate;Lnet/minecraft/class_2561;)V to callPutOption$fabric-command-api-v2_$md$3669ec$0 in fabric-command-api-v2.mixins.json:EntitySelectorOptionsAccessor from mod fabric-command-api-v2
[19:51:50] [main/INFO]: Mixing EntitySelectorReaderMixin from fabric-command-api-v2.mixins.json into net.minecraft.class_2303
[19:51:50] [main/INFO]: Mixing BlockEntityTypeBuilderMixin from fabric-object-builder-v1.mixins.json into net.minecraft.class_2591$class_2592
[19:51:50] [main/INFO]: Mixing SimpleInventoryMixin from fabric-transfer-api-v1.mixins.json into net.minecraft.class_1277
[19:51:50] [main/INFO]: Mixing RecipeMixin from fabric-item-api-v1.mixins.json into net.minecraft.class_1860
[19:51:50] [main/INFO]: Mixing ingredient.ShapelessRecipeMixin from fabric-recipe-api-v1.mixins.json into net.minecraft.class_1867
[19:51:50] [main/INFO]: Mixing EnchantRandomlyLootFunctionMixin from fabric-item-api-v1.mixins.json into net.minecraft.class_109
[19:51:50] [main/INFO]: Mixing LootTableAccessor from fabric-loot-api-v2.mixins.json into net.minecraft.class_52
[19:51:50] [main/WARN]: fabric-loot-api-v2.mixins.json:LootTableAccessor from mod fabric-loot-api-v2: Class version 65 required is higher than the class version supported by the current version of Mixin (JAVA_17 supports class version 61)
[19:51:50] [main/INFO]: Mixing LootPoolAccessor from fabric-loot-api-v2.mixins.json into net.minecraft.class_55
[19:51:50] [main/INFO]: Mixing BiomeSourceMixin from fabric-biome-api-v1.mixins.json into net.minecraft.class_1966
[19:51:50] [main/WARN]: fabric-biome-api-v1.mixins.json:BiomeSourceMixin from mod fabric-biome-api-v1: Class version 65 required is higher than the class version supported by the current version of Mixin (JAVA_17 supports class version 61)
[19:51:50] [main/INFO]: Mixing MultiNoiseBiomeSourceMixin from fabric-biome-api-v1.mixins.json into net.minecraft.class_4766
[19:51:50] [main/INFO]: Mixing NetherBiomePresetMixin from fabric-biome-api-v1.mixins.json into net.minecraft.class_8197$class_5305$1
[19:51:50] [main/INFO]: Mixing TheEndBiomeSourceMixin from fabric-biome-api-v1.mixins.json into net.minecraft.class_2169
[19:51:50] [main/INFO]: Renaming synthetic method lambda$init$1(Lnet/minecraft/class_7871;)Lnet/fabricmc/fabric/impl/biome/TheEndBiomeData$Overrides; to md3669ec$fabric-biome-api-v1$lambda$init$1$0 in fabric-biome-api-v1.mixins.json:TheEndBiomeSourceMixin from mod fabric-biome-api-v1
[19:51:50] [main/INFO]: Renaming synthetic method lambda$modifyCodec$0(Lcom/mojang/serialization/codecs/RecordCodecBuilder$Instance;)Lcom/mojang/datafixers/kinds/App; to md3669ec$fabric-biome-api-v1$lambda$modifyCodec$0$1 in fabric-biome-api-v1.mixins.json:TheEndBiomeSourceMixin from mod fabric-biome-api-v1
[19:51:50] [main/WARN]: Write access to @Mutable @Final field field_24730:Lcom/mojang/serialization/MapCodec; in fabric-biome-api-v1.mixins.json:TheEndBiomeSourceMixin from mod fabric-biome-api-v1::handler$zze000$fabric-biome-api-v1$modifyCodec
[19:51:50] [main/INFO]: Mixing DebugChunkGeneratorAccessor from fabric-registry-sync-v0.mixins.json into net.minecraft.class_2891
[19:51:50] [main/INFO]: Renaming @Accessor method setBLOCK_STATES(Ljava/util/List;)V to setBLOCK_STATES$fabric-registry-sync-v0_$md$3669ec$0 in fabric-registry-sync-v0.mixins.json:DebugChunkGeneratorAccessor from mod fabric-registry-sync-v0
[19:51:50] [main/INFO]: Renaming @Accessor method setX_SIDE_LENGTH(I)V to setX_SIDE_LENGTH$fabric-registry-sync-v0_$md$3669ec$1 in fabric-registry-sync-v0.mixins.json:DebugChunkGeneratorAccessor from mod fabric-registry-sync-v0
[19:51:50] [main/INFO]: Renaming @Accessor method setZ_SIDE_LENGTH(I)V to setZ_SIDE_LENGTH$fabric-registry-sync-v0_$md$3669ec$2 in fabric-registry-sync-v0.mixins.json:DebugChunkGeneratorAccessor from mod fabric-registry-sync-v0
[19:51:50] [main/INFO]: Mixing DefaultAttributeRegistryAccessor from fabric-object-builder-v1.mixins.json into net.minecraft.class_5135
[19:51:50] [main/INFO]: Renaming @Accessor method getRegistry()Ljava/util/Map; to getRegistry$fabric-object-builder-api-v1_$md$3669ec$0 in fabric-object-builder-v1.mixins.json:DefaultAttributeRegistryAccessor from mod fabric-object-builder-api-v1
[19:51:50] [main/INFO]: Mixing DefaultAttributeRegistryMixin from fabric-object-builder-v1.mixins.json into net.minecraft.class_5135
[19:51:50] [main/WARN]: Write access to @Mutable @Final field field_23730:Ljava/util/Map; in fabric-object-builder-v1.mixins.json:DefaultAttributeRegistryMixin from mod fabric-object-builder-api-v1::handler$zfi000$fabric-object-builder-api-v1$injectAttributes
[19:51:51] [main/INFO]: Mixing modification.MinecraftServerMixin from fabric-biome-api-v1.mixins.json into net.minecraft.server.MinecraftServer
[19:51:51] [main/INFO]: Mixing MinecraftServerMixin from fabric-lifecycle-events-v1.mixins.json into net.minecraft.server.MinecraftServer
[19:51:51] [main/INFO]: Renaming synthetic method lambda$endResourceReload$0(Ljava/lang/Void;Ljava/lang/Throwable;)Ljava/lang/Void; to md3669ec$fabric-lifecycle-events-v1$lambda$endResourceReload$0$0 in fabric-lifecycle-events-v1.mixins.json:MinecraftServerMixin from mod fabric-lifecycle-events-v1
[19:51:51] [main/INFO]: Mixing MinecraftServerMixin from fabric-message-api-v1.mixins.json into net.minecraft.server.MinecraftServer
[19:51:51] [main/WARN]: fabric-message-api-v1.mixins.json:MinecraftServerMixin from mod fabric-message-api-v1: Class version 65 required is higher than the class version supported by the current version of Mixin (JAVA_17 supports class version 61)
[19:51:51] [main/INFO]: Renaming synthetic method lambda$onGetChatDecorator$0(Lnet/minecraft/class_3222;Lnet/minecraft/class_2561;)Lnet/minecraft/class_2561; to md3669ec$fabric-message-api-v1$lambda$onGetChatDecorator$0$1 in fabric-message-api-v1.mixins.json:MinecraftServerMixin from mod fabric-message-api-v1
[19:51:51] [main/INFO]: Mixing MinecraftServerMixin from fabric-registry-sync-v0.mixins.json into net.minecraft.server.MinecraftServer
[19:51:51] [main/INFO]: Mixing MinecraftServerMixin from fabric-resource-loader-v0.mixins.json into net.minecraft.server.MinecraftServer
[19:51:51] [main/WARN]: fabric-resource-loader-v0.mixins.json:MinecraftServerMixin from mod fabric-resource-loader-v0: Class version 65 required is higher than the class version supported by the current version of Mixin (JAVA_17 supports class version 61)
[19:51:51] [main/INFO]: Renaming synthetic method lambda$init$0(Lnet/minecraft/class_3262;)Ljava/util/stream/Stream; to md3669ec$fabric-resource-loader-v0$lambda$init$0$2 in fabric-resource-loader-v0.mixins.json:MinecraftServerMixin from mod fabric-resource-loader-v0
[19:51:51] [main/INFO]: Mixing ServerConfigurationNetworkHandlerMixin from fabric-networking-api-v1.mixins.json into net.minecraft.class_8610
[19:51:51] [main/WARN]: fabric-networking-api-v1.mixins.json:ServerConfigurationNetworkHandlerMixin from mod fabric-networking-api-v1: Class version 65 required is higher than the class version supported by the current version of Mixin (JAVA_17 supports class version 61)
[19:51:51] [main/INFO]: Mixing ServerConfigurationNetworkHandlerMixin from fabric-resource-loader-v0.mixins.json into net.minecraft.class_8610
[19:51:51] [main/INFO]: Mixing ServerCommonNetworkHandlerMixin from fabric-networking-api-v1.mixins.json into net.minecraft.class_8609
[19:51:51] [main/INFO]: Mixing accessor.ServerCommonNetworkHandlerAccessor from fabric-networking-api-v1.mixins.json into net.minecraft.class_8609
[19:51:51] [main/INFO]: External mod presence only: grimac=false, antixray=false; actual function must be tested separately
[19:51:51] [main/INFO]: Mixing ServerPlayNetworkHandlerMixin from fabric-networking-api-v1.mixins.json into net.minecraft.class_3244
[19:51:51] [main/INFO]: Mixing ServerPropertiesHandlerMixin from fabric-resource-loader-v0.mixins.json into net.minecraft.class_3806
[19:51:51] [main/INFO]: Mixing ResourcePackProfileMixin from fabric-resource-loader-v0.mixins.json into net.minecraft.class_3288
[19:51:51] [main/INFO]: Renaming synthetic method lambda$static$0(Ljava/util/Set;)Z to md3669ec$fabric-resource-loader-v0$lambda$static$0$0 in fabric-resource-loader-v0.mixins.json:ResourcePackProfileMixin from mod fabric-resource-loader-v0
[19:51:51] [main/INFO]: Environment: Environment[sessionHost=https://sessionserver.mojang.com, servicesHost=https://api.minecraftservices.com, name=PROD]
[19:51:51] [main/INFO]: Mixing ResourcePackManagerMixin from fabric-resource-loader-v0.mixins.json into net.minecraft.class_3283
[19:51:51] [main/INFO]: Renaming synthetic method lambda$handleAutoDisable$0(Ljava/util/Set;Lnet/minecraft/class_3288;)Z to md3669ec$fabric-resource-loader-v0$lambda$handleAutoDisable$0$0 in fabric-resource-loader-v0.mixins.json:ResourcePackManagerMixin from mod fabric-resource-loader-v0
[19:51:51] [main/WARN]: Write access to @Mutable @Final field field_14227:Ljava/util/Set; in fabric-resource-loader-v0.mixins.json:ResourcePackManagerMixin from mod fabric-resource-loader-v0::handler$zhe000$fabric-resource-loader-v0$construct
[19:51:51] [main/INFO]: Mixing DataPackContentsMixin from fabric-lifecycle-events-v1.mixins.json into net.minecraft.class_5350
[19:51:51] [main/INFO]: Mixing DataPackContentsMixin from fabric-resource-conditions-api-v1.mixins.json into net.minecraft.class_5350
[19:51:51] [main/WARN]: fabric-resource-conditions-api-v1.mixins.json:DataPackContentsMixin from mod fabric-resource-conditions-api-v1: Class version 65 required is higher than the class version supported by the current version of Mixin (JAVA_17 supports class version 61)
[19:51:51] [main/INFO]: Mixing SaveLoadingMixin from fabric-registry-sync-v0.mixins.json into net.minecraft.class_7237
[19:51:51] [main/INFO]: Mixing ServerPlayerInteractionManagerMixin from fabric-events-interaction-v0.mixins.json into net.minecraft.class_3225
[19:51:51] [main/INFO]: Mixing GameRulesAccessor from fabric-game-rule-api-v1.mixins.json into net.minecraft.class_1928
[19:51:51] [main/WARN]: fabric-game-rule-api-v1.mixins.json:GameRulesAccessor from mod fabric-game-rule-api-v1: Class version 65 required is higher than the class version supported by the current version of Mixin (JAVA_17 supports class version 61)
[19:51:51] [main/INFO]: Renaming @Invoker method callRegister(Ljava/lang/String;Lnet/minecraft/class_1928$class_5198;Lnet/minecraft/class_1928$class_4314;)Lnet/minecraft/class_1928$class_4313; to callRegister$fabric-game-rule-api-v1_$md$3669ec$0 in fabric-game-rule-api-v1.mixins.json:GameRulesAccessor from mod fabric-game-rule-api-v1
[19:51:51] [main/INFO]: Renaming @Accessor method getRuleTypes()Ljava/util/Map; to getRuleTypes$fabric-game-rule-api-v1_$md$3669ec$1 in fabric-game-rule-api-v1.mixins.json:GameRulesAccessor from mod fabric-game-rule-api-v1
[19:51:51] [main/INFO]: Mixing GameRulesKeyMixin from fabric-game-rule-api-v1.mixins.json into net.minecraft.class_1928$class_4313
[19:51:51] [main/INFO]: Mixing GameRulesBooleanRuleAccessor from fabric-game-rule-api-v1.mixins.json into net.minecraft.class_1928$class_4310
[19:51:51] [main/INFO]: Renaming @Invoker method invokeCreate(ZLjava/util/function/BiConsumer;)Lnet/minecraft/class_1928$class_4314; to invokeCreate$fabric-game-rule-api-v1_$md$3669ec$0 in fabric-game-rule-api-v1.mixins.json:GameRulesBooleanRuleAccessor from mod fabric-game-rule-api-v1
[19:51:51] [main/INFO]: Mixing GameRulesIntRuleAccessor from fabric-game-rule-api-v1.mixins.json into net.minecraft.class_1928$class_4312
[19:51:51] [main/INFO]: Mixing LifecycledResourceManagerImplMixin from fabric-resource-loader-v0.mixins.json into net.minecraft.class_6861
[19:51:51] [main/INFO]: Mixing modification.DynamicRegistryManagerImmutableImplMixin from fabric-biome-api-v1.mixins.json into net.minecraft.class_5455$class_6891
[19:51:51] [main/INFO]: Mixing RegistryLoaderMixin from fabric-registry-sync-v0.mixins.json into net.minecraft.class_7655
[19:51:51] [main/INFO]: Renaming synthetic method lambda$static$0()Ljava/lang/Boolean; to md3669ec$fabric-registry-sync-v0$lambda$static$0$0 in fabric-registry-sync-v0.mixins.json:RegistryLoaderMixin from mod fabric-registry-sync-v0
[19:51:51] [main/INFO]: Mixing RegistryLoaderMixin from fabric-resource-conditions-api-v1.mixins.json into net.minecraft.class_7655
[19:51:51] [main/INFO]: Mixing ResourceMixin from fabric-resource-loader-v0.mixins.json into net.minecraft.class_3298
[19:51:52] [main/INFO]: No existing world data, creating new world
[19:51:52] [main/INFO]: Mixing DimensionOptionsRegistryHolderMixin from fabric-dimensions-v1.mixins.json into net.minecraft.class_7723
[19:51:52] [main/INFO]: Mixing ReloadableRegistriesMixin from fabric-resource-conditions-api-v1.mixins.json into net.minecraft.class_9383
[19:51:52] [main/INFO]: Mixing ReloadableRegistriesMixin from fabric-loot-api-v2.mixins.json into net.minecraft.class_9383
[19:51:52] [Worker-Main-1/INFO]: Mixing JsonDataLoaderMixin from fabric-loot-api-v2.mixins.json into net.minecraft.class_4309
[19:51:52] [Worker-Main-1/INFO]: Mixing JsonDataLoaderMixin from fabric-resource-conditions-api-v1.mixins.json into net.minecraft.class_4309
[19:51:52] [Worker-Main-1/INFO]: Mixing SinglePreparationResourceReloaderMixin from fabric-resource-conditions-api-v1.mixins.json into net.minecraft.class_4080
[19:51:52] [Worker-Main-3/INFO]: Mixing LootTableBuilderMixin from fabric-loot-api-v2.mixins.json into net.minecraft.class_52$class_53
[19:51:52] [Worker-Main-3/WARN]: Write access to @Mutable @Final field field_949:Lcom/google/common/collect/ImmutableList$Builder; in fabric-loot-api-v2.mixins.json:LootTableBuilderMixin from mod fabric-loot-api-v2::modifyPools
[19:51:52] [Worker-Main-2/INFO]: Mixing RecipeManagerMixin from fabric-resource-conditions-api-v1.mixins.json into net.minecraft.class_1863
[19:51:52] [Worker-Main-2/INFO]: Mixing KeyedResourceReloadListenerMixin from fabric-resource-loader-v0.mixins.json into net.minecraft.class_1863
[19:51:52] [Worker-Main-2/INFO]: Mixing TagManagerLoaderMixin from fabric-registry-sync-v0.mixins.json into net.minecraft.class_3505
[19:51:52] [Worker-Main-2/INFO]: Mixing TagManagerLoaderMixin from fabric-resource-conditions-api-v1.mixins.json into net.minecraft.class_3505
[19:51:52] [Worker-Main-2/INFO]: Mixing KeyedResourceReloadListenerMixin from fabric-resource-loader-v0.mixins.json into net.minecraft.class_3505
[19:51:52] [Worker-Main-2/INFO]: Mixing CommandManagerMixin from fabric-command-api-v2.mixins.json into net.minecraft.class_2170
[19:51:52] [Worker-Main-2/INFO]: Mixing CommandManagerMixin from fabric-networking-api-v1.mixins.json into net.minecraft.class_2170
[19:51:52] [Worker-Main-2/INFO]: Mixing CommandGate1206Mixin from qizhangverdict.mixins.json into net.minecraft.class_2170
[19:51:52] [Worker-Main-2/INFO]: Mixing DatapackCommandMixin from fabric-resource-loader-v0.mixins.json into net.minecraft.class_3027
[19:51:52] [Worker-Main-2/INFO]: Renaming synthetic method lambda$filterDisabledPackSuggestions$2(Lnet/minecraft/class_3288;)Z to md3669ec$fabric-resource-loader-v0$lambda$filterDisabledPackSuggestions$2$0 in fabric-resource-loader-v0.mixins.json:DatapackCommandMixin from mod fabric-resource-loader-v0
[19:51:52] [Worker-Main-2/INFO]: Renaming synthetic method lambda$filterEnabledPackSuggestions$1(Lnet/minecraft/class_3288;)Z to md3669ec$fabric-resource-loader-v0$lambda$filterEnabledPackSuggestions$1$1 in fabric-resource-loader-v0.mixins.json:DatapackCommandMixin from mod fabric-resource-loader-v0
[19:51:52] [Worker-Main-2/INFO]: Renaming synthetic method lambda$static$0(Ljava/lang/Object;)Lcom/mojang/brigadier/Message; to md3669ec$fabric-resource-loader-v0$lambda$static$0$2 in fabric-resource-loader-v0.mixins.json:DatapackCommandMixin from mod fabric-resource-loader-v0
[19:51:52] [Worker-Main-2/INFO]: Mixing EnchantCommandMixin from fabric-item-api-v1.mixins.json into net.minecraft.class_3048
[19:51:52] [Worker-Main-2/INFO]: Mixing GameRuleCommandAccessor from fabric-game-rule-api-v1.mixins.json into net.minecraft.class_3065
[19:51:52] [Worker-Main-2/INFO]: Renaming @Invoker method invokeExecuteSet(Lcom/mojang/brigadier/context/CommandContext;Lnet/minecraft/class_1928$class_4313;)I to invokeExecuteSet$fabric-game-rule-api-v1_$md$3669ec$0 in fabric-game-rule-api-v1.mixins.json:GameRuleCommandAccessor from mod fabric-game-rule-api-v1
[19:51:52] [Worker-Main-2/INFO]: Renaming @Invoker method invokeExecuteQuery(Lnet/minecraft/class_2168;Lnet/minecraft/class_1928$class_4313;)I to invokeExecuteQuery$fabric-game-rule-api-v1_$md$3669ec$1 in fabric-game-rule-api-v1.mixins.json:GameRuleCommandAccessor from mod fabric-game-rule-api-v1
[19:51:52] [Worker-Main-2/INFO]: Mixing GameRuleCommandVisitorMixin from fabric-game-rule-api-v1.mixins.json into net.minecraft.class_3065$1
[19:51:52] [Worker-Main-2/INFO]: Mixing HelpCommandAccessor from fabric-command-api-v2.mixins.json into net.minecraft.class_3069
[19:51:52] [Worker-Main-2/INFO]: Renaming @Accessor method getFailedException()Lcom/mojang/brigadier/exceptions/SimpleCommandExceptionType; to getFailedException$fabric-command-api-v2_$md$3669ec$0 in fabric-command-api-v2.mixins.json:HelpCommandAccessor from mod fabric-command-api-v2
[19:51:52] [Worker-Main-2/INFO]: Mixing ServerAdvancementLoaderMixin from fabric-resource-conditions-api-v1.mixins.json into net.minecraft.class_2989
[19:51:52] [Worker-Main-2/INFO]: Mixing KeyedResourceReloadListenerMixin from fabric-resource-loader-v0.mixins.json into net.minecraft.class_2989
[19:51:52] [Worker-Main-2/INFO]: Mixing KeyedResourceReloadListenerMixin from fabric-resource-loader-v0.mixins.json into net.minecraft.class_5349
[19:51:52] [Worker-Main-2/INFO]: Mixing SimpleResourceReloadMixin from fabric-resource-loader-v0.mixins.json into net.minecraft.class_4014
[19:51:52] [main/INFO]: Loaded 1175 recipes
[19:51:53] [main/INFO]: Loaded 1276 advancements
[19:51:53] [main/INFO]: Mixing PlayerManagerMixin from fabric-entity-events-v1.mixins.json into net.minecraft.class_3324
[19:51:53] [main/INFO]: Mixing PlayerManagerMixin from fabric-lifecycle-events-v1.mixins.json into net.minecraft.class_3324
[19:51:53] [main/INFO]: Mixing PlayerManagerMixin from fabric-message-api-v1.mixins.json into net.minecraft.class_3324
[19:51:53] [main/INFO]: Mixing PlayerManagerMixin from fabric-networking-api-v1.mixins.json into net.minecraft.class_3324
[19:51:53] [main/INFO]: Mixing BrewingRecipeRegistryBuilderMixin from fabric-content-registries-v0.mixins.json into net.minecraft.class_1845$class_9665
[19:51:53] [main/INFO]: Applied 0 biome modifications to 0 of 64 new biomes in 1.014 ms
[19:51:53] [Server thread/INFO]: QiZhangGuard started: QiZhangVerdict sessions=0, trackedIPs=0, accountPairs=0, rules=42, companion=required, vm=DENY, blacklist=DENY, rateBuckets=0, accountBans=0, deviceBans=0, deviceRequired=true. Reports are self-reported, not trusted attestation.
[19:51:53] [Server thread/INFO]: Starting minecraft server version 1.20.6
[19:51:53] [Server thread/INFO]: Loading properties
[19:51:53] [Server thread/INFO]: Default game type: SURVIVAL
[19:51:53] [Server thread/INFO]: Generating keypair
[19:51:53] [Server thread/INFO]: Starting Minecraft server on 127.0.0.1:25731
[19:51:53] [Server thread/INFO]: Using default channel type
[19:51:53] [Server thread/INFO]: Mixing ClientConnectionMixin from fabric-networking-api-v1.mixins.json into net.minecraft.class_2535
[19:51:53] [Server thread/INFO]: Renaming synthetic method lambda$fabric_getPendingChannelsNames$0(Lnet/minecraft/class_2539;)Ljava/util/Collection; to md3669ec$fabric-networking-api-v1$lambda$fabric_getPendingChannelsNames$0$0 in fabric-networking-api-v1.mixins.json:ClientConnectionMixin from mod fabric-networking-api-v1
[19:51:53] [Server thread/WARN]: **** SERVER IS RUNNING IN OFFLINE/INSECURE MODE!
[19:51:53] [Server thread/WARN]: The server will make no attempt to authenticate usernames. Beware.
[19:51:53] [Server thread/WARN]: While this makes the game possible to play without internet access, it also opens up the ability for hackers to connect with any username they choose.
[19:51:53] [Server thread/WARN]: To change this, set "online-mode" to "true" in the server.properties file.
[19:51:53] [Server thread/INFO]: Preparing level "world"
[19:51:53] [Server thread/INFO]: Mixing ServerWorldServerEntityHandlerMixin from fabric-lifecycle-events-v1.mixins.json into net.minecraft.class_3218$class_5526
[19:51:53] [Server thread/INFO]: Mixing PersistentStateManagerMixin from fabric-object-builder-v1.mixins.json into net.minecraft.class_26
[19:51:53] [Server thread/INFO]: Mixing ThreadedAnvilChunkStorageMixin from fabric-lifecycle-events-v1.mixins.json into net.minecraft.class_3898
[19:51:53] [Server thread/INFO]: Mixing accessor.ThreadedAnvilChunkStorageAccessor from fabric-networking-api-v1.mixins.json into net.minecraft.class_3898
[19:51:53] [Server thread/INFO]: Mixing NoiseConfigMixin from fabric-biome-api-v1.mixins.json into net.minecraft.class_7138
[19:51:53] [Server thread/INFO]: Mixing MultiNoiseUtilMultiNoiseSamplerMixin from fabric-biome-api-v1.mixins.json into net.minecraft.class_6544$class_6552
[19:51:53] [Server thread/INFO]: Mixing ChunkSectionMixin from fabric-block-api-v1.mixins.json into net.minecraft.class_2826
[19:51:54] [Server thread/INFO]: Mixing WrapperProtoChunkMixin from fabric-data-attachment-api-v1.mixins.json into net.minecraft.class_2821
[19:51:54] [Server thread/INFO]: Preparing start region for dimension minecraft:overworld
[19:51:54] [Worker-Main-1/INFO]: Mixing server.LanguageMixin from fabric-resource-loader-v0.mixins.json into net.minecraft.class_2477
[19:51:54] [Worker-Main-1/INFO]: Preparing spawn area: 2%
[19:51:54] [Server thread/INFO]: Time elapsed: 316 ms
[19:51:54] [Server thread/INFO]: Done (0.872s)! For help, type "help"
[19:51:54] [Server thread/INFO]: Mixing ChunkSerializerMixin from fabric-data-attachment-api-v1.mixins.json into net.minecraft.class_2852
[19:51:54] [Server thread/INFO]: Mixing ChunkSerializerMixin from fabric-registry-sync-v0.mixins.json into net.minecraft.class_2852
[19:51:55] [Server thread/INFO]: QiZhangVerdict sessions=0, trackedIPs=0, accountPairs=0, rules=42, companion=required, vm=DENY, blacklist=DENY, rateBuckets=0, accountBans=0, deviceBans=0, deviceRequired=true
[19:51:56] [Server thread/INFO]: QiZhangVerdict sessions=0, trackedIPs=0, accountPairs=0, rules=42, companion=required, vm=ALERT, blacklist=DENY, rateBuckets=0, accountBans=0, deviceBans=0, deviceRequired=true
[19:51:58] [Netty Server IO #1/INFO]: Mixing ingredient.EncoderHandlerMixin from fabric-recipe-api-v1.mixins.json into net.minecraft.class_2545
[19:51:58] [Netty Server IO #1/INFO]: Mixing PacketCodecDispatcherMixin from fabric-networking-api-v1.mixins.json into net.minecraft.class_9136
[19:51:58] [Netty Server IO #1/INFO]: Mixing LoginQueryResponseC2SPacketMixin from fabric-networking-api-v1.mixins.json into net.minecraft.class_2913
[19:51:58] [Netty Server IO #1/INFO]: Mixing LoginQueryRequestS2CPacketMixin from fabric-networking-api-v1.mixins.json into net.minecraft.class_2899
[19:51:58] [Netty Server IO #1/INFO]: Mixing ServerLoginNetworkHandlerMixin from fabric-networking-api-v1.mixins.json into net.minecraft.class_3248
[19:51:58] [Netty Server IO #1/INFO]: Mixing accessor.ServerLoginNetworkHandlerAccessor from fabric-networking-api-v1.mixins.json into net.minecraft.class_3248
[19:51:58] [Netty Server IO #1/INFO]: Mixing CustomPayloadC2SPacketMixin from fabric-networking-api-v1.mixins.json into net.minecraft.class_2817
[19:51:58] [Netty Server IO #1/INFO]: Renaming synthetic method lambda$wrapCodec$0(Lnet/minecraft/class_2540;Lnet/minecraft/class_2960;)Lnet/minecraft/class_8710$class_9155; to md3669ec$fabric-networking-api-v1$lambda$wrapCodec$0$0 in fabric-networking-api-v1.mixins.json:CustomPayloadC2SPacketMixin from mod fabric-networking-api-v1
[19:51:58] [Netty Server IO #1/INFO]: Mixing CustomPayloadPacketCodecMixin from fabric-networking-api-v1.mixins.json into net.minecraft.class_8710$1
[19:51:58] [Netty Server IO #1/INFO]: Mixing SelectKnownPacksC2SPacketMixin from fabric-resource-loader-v0.mixins.json into net.minecraft.class_9220
[19:51:58] [Netty Server IO #1/INFO]: Mixing CustomPayloadS2CPacketMixin from fabric-networking-api-v1.mixins.json into net.minecraft.class_2658
[19:51:58] [Netty Server IO #1/INFO]: Renaming synthetic method lambda$wrapConfigCodec$1(Lnet/minecraft/class_2540;Lnet/minecraft/class_2960;)Lnet/minecraft/class_8710$class_9155; to md3669ec$fabric-networking-api-v1$lambda$wrapConfigCodec$1$0 in fabric-networking-api-v1.mixins.json:CustomPayloadS2CPacketMixin from mod fabric-networking-api-v1
[19:51:58] [Netty Server IO #1/INFO]: Renaming synthetic method lambda$wrapPlayCodec$0(Lnet/minecraft/class_9129;Lnet/minecraft/class_2960;)Lnet/minecraft/class_8710$class_9155; to md3669ec$fabric-networking-api-v1$lambda$wrapPlayCodec$0$1 in fabric-networking-api-v1.mixins.json:CustomPayloadS2CPacketMixin from mod fabric-networking-api-v1
[19:51:58] [Netty Server IO #1/INFO]: Mixing SerializableRegistriesMixin from fabric-registry-sync-v0.mixins.json into net.minecraft.class_7782
[19:51:58] [Netty Server IO #1/INFO]: Mixing SynchronizeRegistriesTaskMixin from fabric-resource-loader-v0.mixins.json into net.minecraft.class_9223
[19:51:58] [Server thread/INFO]: Mixing PlayerAdvancementTrackerMixin from fabric-events-interaction-v0.mixins.json into net.minecraft.class_2985
[19:51:58] [Server thread/INFO]: QVBot1[/127.0.0.1:13982] logged in with entity id 1 at (4.5, -60.0, 0.5)
[19:51:58] [Server thread/INFO]: QVBot1 joined the game
[19:51:58] [Server thread/INFO]: Mixing accessor.EntityTrackerAccessor from fabric-networking-api-v1.mixins.json into net.minecraft.class_3898$class_3208
[19:51:58] [Server thread/INFO]: Mixing EntityTrackerEntryMixin from fabric-networking-api-v1.mixins.json into net.minecraft.class_3231
[19:51:59] [Server thread/INFO]: QVBot1 lost connection: Disconnected
[19:51:59] [Server thread/INFO]: QVBot1 left the game
[19:52:00] [Server thread/INFO]: QiZhangVerdict sessions=0, trackedIPs=1, accountPairs=1, rules=42, companion=required, vm=ALERT, blacklist=DENY, rateBuckets=1, accountBans=0, deviceBans=0, deviceRequired=true
[19:52:01] [Server thread/INFO]: GateAccount[/127.0.0.1:13985] logged in with entity id 2 at (10.5, -60.0, 3.5)
[19:52:01] [Server thread/INFO]: GateAccount joined the game
[19:52:03] [Server thread/INFO]: Made GateAccount a server operator
[19:52:05] [Server thread/INFO]: [Not Secure] [GateAccount] QZ_POST_GATE
[19:52:05] [Server thread/INFO]: GateAccount lost connection: Disconnected
[19:52:05] [Server thread/INFO]: GateAccount left the game
[19:52:06] [Server thread/INFO]: Made GateAccount no longer a server operator
[19:52:07] [Server thread/INFO]: QiZhangVerdict sessions=0, trackedIPs=1, accountPairs=2, rules=42, companion=required, vm=ALERT, blacklist=DENY, rateBuckets=1, accountBans=0, deviceBans=0, deviceRequired=true
[19:52:09] [Server thread/INFO]: QVBot2[/127.0.0.1:13990] logged in with entity id 3 at (5.5, -60.0, 0.5)
[19:52:09] [Server thread/INFO]: QVBot2 joined the game
[19:52:14] [Server thread/INFO]: QVBot2 lost connection: QiZhangGuard: required companion report timed out
[19:52:14] [Server thread/INFO]: QVBot2 left the game
[19:52:14] [Server thread/INFO]: BadWire[/127.0.0.1:13995] logged in with entity id 4 at (0.5, -60.0, -7.5)
[19:52:14] [Server thread/INFO]: BadWire joined the game
[19:52:15] [Server thread/INFO]: BadWire lost connection: Malformed or oversized companion report
[19:52:15] [Server thread/INFO]: BadWire left the game
[19:52:15] [Server thread/INFO]: BadWire[/127.0.0.1:11678] logged in with entity id 5 at (0.5, -60.0, -7.5)
[19:52:15] [Server thread/INFO]: BadWire joined the game
[19:52:16] [Server thread/INFO]: BadWire lost connection: Disconnected
[19:52:16] [Server thread/INFO]: BadWire left the game
[19:52:17] [Server thread/INFO]: QVBot3[/127.0.0.1:11679] logged in with entity id 6 at (-4.5, -60.0, 7.5)
[19:52:17] [Server thread/INFO]: QVBot3 joined the game
[19:52:18] [Server thread/INFO]: QVBot4[/127.0.0.1:11680] logged in with entity id 7 at (-0.5, -60.0, 0.5)
[19:52:18] [Server thread/INFO]: QVBot4 joined the game
[19:52:19] [Server thread/INFO]: QVBot4 lost connection: Only the configured number of accounts may use the same IP and device concurrently
[19:52:19] [Server thread/INFO]: QVBot4 left the game
[19:52:20] [Server thread/INFO]: QVBot5[/127.0.0.1:11681] logged in with entity id 8 at (-8.5, -60.0, 0.5)
[19:52:20] [Server thread/INFO]: QVBot5 joined the game
[19:52:21] [Server thread/INFO]: QVBot6[/127.0.0.1:11685] logged in with entity id 9 at (-8.5, -60.0, 6.5)
[19:52:21] [Server thread/INFO]: QVBot6 joined the game
[19:52:22] [Server thread/INFO]: QVBot7[/127.0.0.1:11686] logged in with entity id 10 at (2.5, -60.0, 2.5)
[19:52:22] [Server thread/INFO]: QVBot7 joined the game
[19:52:22] [Server thread/INFO]: QVBot7 lost connection: Too many simultaneous accounts from this IP
[19:52:22] [Server thread/INFO]: QVBot7 left the game
[19:52:24] [Server thread/INFO]: QVBot3 lost connection: Disconnected
[19:52:24] [Server thread/INFO]: QVBot3 left the game
[19:52:24] [Server thread/INFO]: QVBot5 lost connection: Disconnected
[19:52:24] [Server thread/INFO]: QVBot5 left the game
[19:52:24] [Server thread/INFO]: QVBot6 lost connection: Disconnected
[19:52:24] [Server thread/INFO]: QVBot6 left the game
[19:52:24] [Server thread/INFO]: QVBot8[/127.0.0.1:11688] logged in with entity id 11 at (-3.5, -60.0, 0.5)
[19:52:24] [Server thread/INFO]: QVBot8 joined the game
[19:52:25] [Server thread/INFO]: QVBot8 lost connection: Disconnected
[19:52:25] [Server thread/INFO]: QVBot8 left the game
[19:52:26] [Server thread/INFO]: CheatAccount[/127.0.0.1:11689] logged in with entity id 12 at (8.5, -60.0, 1.5)
[19:52:26] [Server thread/INFO]: CheatAccount joined the game
[19:52:27] [Server thread/INFO]: CheatAccount lost connection: Reported mod matches an exact server blacklist rule
[19:52:27] [Server thread/INFO]: CheatAccount left the game
[19:52:27] [Server thread/INFO]: LinkedAccount[/127.0.0.1:11692] logged in with entity id 13 at (-7.5, -60.0, -9.5)
[19:52:27] [Server thread/INFO]: LinkedAccount joined the game
[19:52:27] [Server thread/INFO]: Mixing ChunkSectionBlockStateCounterMixin from fabric-block-api-v1.mixins.json into net.minecraft.class_2826$class_6869
[19:52:28] [Server thread/INFO]: LinkedAccount lost connection: This reported device identifier is banned
[19:52:28] [Server thread/INFO]: LinkedAccount left the game
[19:52:29] [Server thread/INFO]: CheatAccount[/127.0.0.1:11693] logged in with entity id 14 at (8.5, -60.0, 1.5)
[19:52:29] [Server thread/INFO]: CheatAccount joined the game
[19:52:29] [Server thread/INFO]: CheatAccount lost connection: This account is banned by the server
[19:52:29] [Server thread/INFO]: CheatAccount left the game
[19:52:30] [Server thread/INFO]: Unbanned: true
[19:52:31] [Server thread/INFO]: Unbanned: true
[19:52:32] [Server thread/INFO]: CheatAccount[/127.0.0.1:11697] logged in with entity id 15 at (8.5, -60.0, 1.5)
[19:52:32] [Server thread/INFO]: CheatAccount joined the game
[19:52:34] [Server thread/INFO]: CheatAccount lost connection: Disconnected
[19:52:34] [Server thread/INFO]: CheatAccount left the game
[19:52:34] [Server thread/INFO]: Added rule: 9458da64-751b-4169-8daf-fc0c0c330e33
[19:52:36] [Server thread/INFO]: QVBot9[/127.0.0.1:11701] logged in with entity id 16 at (3.5, -60.0, 0.5)
[19:52:36] [Server thread/INFO]: QVBot9 joined the game
[19:52:36] [Server thread/INFO]: QVBot9 lost connection: Reported mod matches a server blacklist rule
[19:52:36] [Server thread/INFO]: QVBot9 left the game
[19:52:37] [Server thread/INFO]: Added rule: f6393461-3a73-4816-8f9d-f8dd11b1b376
[19:52:38] [Server thread/INFO]: QVBot10[/127.0.0.1:11703] logged in with entity id 17 at (-2.5, -60.0, 10.5)
[19:52:38] [Server thread/INFO]: QVBot10 joined the game
[19:52:39] [Server thread/INFO]: QVBot10 lost connection: Disconnected
[19:52:39] [Server thread/INFO]: QVBot10 left the game
[19:52:40] [Server thread/INFO]: Removed: true
[19:52:41] [Server thread/INFO]: QVBot11[/127.0.0.1:11704] logged in with entity id 18 at (10.5, -60.0, 2.5)
[19:52:41] [Server thread/INFO]: QVBot11 joined the game
[19:52:42] [Server thread/INFO]: QVBot11 lost connection: Reported mod matches a server blacklist rule
[19:52:42] [Server thread/INFO]: QVBot11 left the game
[19:52:43] [Server thread/INFO]: Removed: true
[19:52:44] [Server thread/INFO]: QVBot12[/127.0.0.1:11709] logged in with entity id 19 at (-8.5, -60.0, 1.5)
[19:52:44] [Server thread/INFO]: QVBot12 joined the game
[19:52:45] [Server thread/INFO]: QVBot12 lost connection: Disconnected
[19:52:45] [Server thread/INFO]: QVBot12 left the game
[19:52:46] [Server thread/INFO]: Added rule: 54fed6ef-b101-4527-ba38-9d94713a94ce
[19:52:47] [Server thread/INFO]: QVBot13[/127.0.0.1:8195] logged in with entity id 20 at (10.5, -60.0, -9.5)
[19:52:47] [Server thread/INFO]: QVBot13 joined the game
[19:52:48] [Server thread/INFO]: QVBot13 lost connection: Reported mod matches a server blacklist rule
[19:52:48] [Server thread/INFO]: QVBot13 left the game
[19:52:48] [Server thread/INFO]: QiZhangVerdict sessions=0, trackedIPs=1, accountPairs=16, rules=43, companion=required, vm=ALERT, blacklist=DENY, rateBuckets=1, accountBans=4, deviceBans=3, deviceRequired=true
[19:52:50] [Server thread/INFO]: QVBot14[/127.0.0.1:8197] logged in with entity id 21 at (4.5, -60.0, -0.5)
[19:52:50] [Server thread/INFO]: QVBot14 joined the game
[19:52:50] [Server thread/INFO]: QVBot14 lost connection: This IP is denied by server policy
[19:52:50] [Server thread/INFO]: QVBot14 left the game
[19:52:51] [Server thread/INFO]: QiZhangVerdict sessions=0, trackedIPs=1, accountPairs=16, rules=43, companion=required, vm=DENY, blacklist=DENY, rateBuckets=1, accountBans=4, deviceBans=3, deviceRequired=true
[19:52:52] [Server thread/INFO]: QVBot15[/127.0.0.1:8207] logged in with entity id 22 at (-6.5, -60.0, -1.5)
[19:52:52] [Server thread/INFO]: QVBot15 joined the game
[19:52:53] [Server thread/INFO]: QVBot15 lost connection: Companion reported a virtual machine indicator
[19:52:53] [Server thread/INFO]: QVBot15 left the game
[19:52:54] [Server thread/INFO]: QVBot16[/127.0.0.1:8212] logged in with entity id 23 at (-1.5, -60.0, -2.5)
[19:52:54] [Server thread/INFO]: QVBot16 joined the game
[19:52:54] [Server thread/INFO]: Report decision player=edc8f3dc-ba2e-3999-9748-0637a3718bb0 code=VM_UNKNOWN message=VM status is unknown or has only inconclusive indicators
[19:52:54] [Server thread/INFO]: Mixing LandPathNodeMakerMixin from fabric-content-registries-v0.mixins.json into net.minecraft.class_14
[19:52:54] [Server thread/INFO]: Mixing EnchantmentHelperMixin from fabric-item-api-v1.mixins.json into net.minecraft.class_1890
[19:52:54] [Server thread/INFO]: Mixing PathContextMixin from fabric-content-registries-v0.mixins.json into net.minecraft.class_9316
[19:52:55] [Server thread/INFO]: QVBot16 lost connection: Disconnected
[19:52:55] [Server thread/INFO]: QVBot16 left the game
[19:52:56] [Server thread/INFO]: QiZhangVerdict sessions=0, trackedIPs=1, accountPairs=18, rules=43, companion=required, vm=ALERT, blacklist=DENY, rateBuckets=1, accountBans=5, deviceBans=4, deviceRequired=true
[19:52:57] [Server thread/INFO]: QVBot17[/127.0.0.1:8216] logged in with entity id 37 at (10.5, -60.0, 2.5)
[19:52:57] [Server thread/INFO]: QVBot17 joined the game
[19:52:58] [Server thread/INFO]: QVBot18[/127.0.0.1:8221] logged in with entity id 38 at (4.5, -60.0, -8.5)
[19:52:58] [Server thread/INFO]: QVBot18 joined the game
[19:52:59] [Server thread/INFO]: QVBot19[/127.0.0.1:8222] logged in with entity id 39 at (5.5, -60.0, -1.5)
[19:52:59] [Server thread/INFO]: QVBot19 joined the game
[19:53:00] [Server thread/INFO]: QVBot19 lost connection: Too many simultaneous accounts from this IP
[19:53:00] [Server thread/INFO]: QVBot19 left the game
[19:53:01] [Server thread/INFO]: QVBot17 lost connection: Disconnected
[19:53:01] [Server thread/INFO]: QVBot17 left the game
[19:53:01] [Server thread/INFO]: QVBot18 lost connection: Disconnected
[19:53:01] [Server thread/INFO]: QVBot18 left the game
[19:53:01] [Server thread/INFO]: Page 1/1
06205eb0-363d-35e3-8c60-8c1ef8b83c9c	BLACKLIST_DENIED
15519aaa-3950-3430-bc9c-c0c7c47a9cf3	BLACKLIST_DENIED
87b706ea-8c04-3118-b4cc-2d720ee925df	VM_DENIED
b791d91a-dbdc-3a65-a036-fc39d6993ac9	DEVICE_BANNED
d8c92e3a-17df-39d2-a36d-e08c0d1aab2e	BLACKLIST_DENIED
device:0723e1710c0a08646895f23b3eaf0153e6fb1d316ec121abe3e842cbff565460	VM_DENIED
device:746caab8fda1c4e339d0724f9fb70b2d52b533cbfce2a0a2b98a039648cbf174	BLACKLIST_DENIED
device:d6578071b2c3a3ef93925882a0215c31812b6db116703c2082e07adec5a2499e	BLACKLIST_DENIED
device:fb7f23f1518fc50a1bfa07fc581a2f340c89a3596042f418617b9dd66614e239	BLACKLIST_DENIED
[19:53:03] [Server thread/INFO]: Page 1/5
legacy:automation:baritoe	BLACK	MOD	EXACT	baritoe	ALERT
legacy:automation:baritone	BLACK	MOD	EXACT	baritone	ALERT
legacy:mod:advanced-xray-fabric	BLACK	MOD	EXACT	advanced-xray-fabric	DENY
legacy:mod:aegis	BLACK	MOD	EXACT	aegis	DENY
legacy:mod:alien	BLACK	MOD	EXACT	alien	DENY
legacy:mod:aoba	BLACK	MOD	EXACT	aoba	DENY
legacy:mod:ares	BLACK	MOD	EXACT	ares	DENY
legacy:mod:atianxray	BLACK	MOD	EXACT	atianxray	ALERT
legacy:mod:blackout	BLACK	MOD	EXACT	blackout	DENY
legacy:mod:bleachhack	BLACK	MOD	EXACT	bleachhack	DENY
[19:53:04] [Server thread/INFO]: QiZhangVerdict sessions=0, trackedIPs=1, accountPairs=20, rules=43, companion=required, vm=DENY, blacklist=DENY, rateBuckets=1, accountBans=5, deviceBans=4, deviceRequired=true
[19:53:04] [Server thread/INFO]: QiZhangVerdict sessions=0, trackedIPs=1, accountPairs=20, rules=43, companion=required, vm=DENY, blacklist=DENY, rateBuckets=1, accountBans=5, deviceBans=4, deviceRequired=true
[19:53:05] [Server thread/INFO]: Stopping the server
[19:53:05] [Server thread/INFO]: Stopping server
[19:53:05] [Server thread/INFO]: Saving players
[19:53:05] [Server thread/INFO]: Saving worlds
[19:53:05] [Server thread/INFO]: Saving chunks for level 'ServerLevel[world]'/minecraft:overworld
[19:53:05] [Server thread/INFO]: Saving chunks for level 'ServerLevel[world]'/minecraft:the_end
[19:53:05] [Server thread/INFO]: Saving chunks for level 'ServerLevel[world]'/minecraft:the_nether
[19:53:05] [Server thread/INFO]: ThreadedAnvilChunkStorage (world): All chunks are saved
[19:53:05] [Server thread/INFO]: ThreadedAnvilChunkStorage (DIM1): All chunks are saved
[19:53:05] [Server thread/INFO]: ThreadedAnvilChunkStorage (DIM-1): All chunks are saved
[19:53:05] [Server thread/INFO]: ThreadedAnvilChunkStorage: All dimensions are saved
