[22:35:27] [main/INFO]: Loading Minecraft 1.17.1 with Fabric Loader 0.19.5
[22:35:27] [main/WARN]: Ignoring invalid library path "
[22:35:27] [main/WARN]: Ignoring invalid library path D:\Program Files\Node.js\"
[22:35:27] [main/INFO]: Fabric is preparing JARs on first launch, this may take a few seconds...
[22:35:27] [main/INFO]: Loading 41 mods:
	- fabric 0.46.1+1.17
	   |-- fabric-api-base 0.4.0+cf39a74318
	   |-- fabric-api-lookup-api-v1 1.5.0+e821752d18
	   |-- fabric-biome-api-v1 3.2.2+cf39a74318
	   |-- fabric-command-api-v1 1.1.4+cf39a74318
	   |-- fabric-commands-v0 0.2.3+cf39a74318
	   |-- fabric-containers-v0 0.1.13+cf39a74318
	   |-- fabric-content-registries-v0 0.4.1+3447790d18
	   |-- fabric-crash-report-info-v1 0.1.6+cf39a74318
	   |-- fabric-dimensions-v1 2.0.15+b556f28c18
	   |-- fabric-entity-events-v1 1.4.1+377137cc18
	   |-- fabric-events-interaction-v0 0.4.12+e99fbe1218
	   |-- fabric-events-lifecycle-v0 0.2.4+cf39a74318
	   |-- fabric-game-rule-api-v1 1.0.8+cf39a74318
	   |-- fabric-item-api-v1 1.3.0+6617390918
	   |-- fabric-item-groups-v0 0.3.2+cf39a74318
	   |-- fabric-lifecycle-events-v1 1.4.6+0392f3a618
	   |-- fabric-loot-tables-v1 1.0.5+cf39a74318
	   |-- fabric-mining-level-api-v1 1.0.3+cf39a74318
	   |-- fabric-mining-levels-v0 0.1.7+cf39a74318
	   |-- fabric-networking-api-v1 1.0.14+cf39a74318
	   |-- fabric-networking-blockentity-v0 0.2.12+cf39a74318
	   |-- fabric-networking-v0 0.3.3+cf39a74318
	   |-- fabric-object-builder-api-v1 1.11.1+f907116918
	   |-- fabric-object-builders-v0 0.7.8+cf39a74318
	   |-- fabric-particles-v1 0.2.5+cf39a74318
	   |-- fabric-registry-sync-v0 0.8.0+ea29b33318
	   |-- fabric-rendering-data-attachment-v1 0.1.6+cf39a74318
	   |-- fabric-rendering-fluids-v1 0.2.1+cf39a74318
	   |-- fabric-resource-conditions-api-v1 1.0.1+591a0f2118
	   |-- fabric-resource-loader-v0 0.4.10+f09604ce18
	   |-- fabric-screen-handler-api-v1 1.1.9+cf39a74318
	   |-- fabric-structure-api-v1 1.2.0+48a9ad8918
	   |-- fabric-tag-extensions-v0 1.2.3+cf39a74318
	   |-- fabric-tool-attribute-api-v1 1.3.3+3b96517518
	   \-- fabric-transfer-api-v1 1.5.4+cf39a74318
	- fabricloader 0.19.5
	   \-- mixinextras 0.5.5
	- java 16
	- minecraft 1.17.1
	- qizhangverdict 0.6.0-dev
[22:35:27] [main/INFO]: SpongePowered MIXIN Subsystem Version=0.8.7 Source=file:/E:/CodexTemp/QiZhangVerdict/compat-1.17.1/servers/fabric-44-01/libraries/net/fabricmc/sponge-mixin/0.17.4+mixin.0.8.7/sponge-mixin-0.17.4+mixin.0.8.7.jar Service=Knot/Fabric Env=SERVER
/*************************************************************************************************************************************************************************************************************************/
/*                                                                                    SpongePowered MIXIN (Verbose debugging enabled)                                                                                    */
/*************************************************************************************************************************************************************************************************************************/
/*                                         Code source : file:/E:/CodexTemp/QiZhangVerdict/compat-1.17.1/servers/fabric-44-01/libraries/net/fabricmc/sponge-mixin/0.17.4+mixin.0.8.7/sponge-mixin-0.17.4+mixin.0.8.7.jar */
/*                                    Internal Version : 0.8.7                                                                                                                                                           */
/*                                        Java Version : 16.0 (supports compatibility 6-16)                                                                                                                              */
/*                         Default Compatibility Level : JAVA_8                                                                                                                                                          */
/*                   Max Effective Compatibility Level : JAVA_13                                                                                                                                                         */
/*                                Detected ASM Version : ASM 9.10.1 (ASM10_EXPERIMENTAL)                                                                                                                                 */
/*                          Detected ASM Supports Java : Up to Java 27 (class file version 71.0)                                                                                                                         */
/*************************************************************************************************************************************************************************************************************************/
/*                                        Service Name : Knot/Fabric                                                                                                                                                     */
/*                                 Mixin Service Class : net.fabricmc.loader.impl.launch.knot.MixinServiceKnot                                                                                                           */
/*                       Global Property Service Class : net.fabricmc.loader.impl.launch.knot.FabricGlobalPropertyService                                                                                                */
/*                                 Logger Adapter Type : Fabric Mixin Logger                                                                                                                                             */
/*************************************************************************************************************************************************************************************************************************/
/*                                         mixin.debug : <false>                                                                                                                                                         */
/*                                  mixin.debug.export : - <true>                                                                                                                                                        */
/*                           mixin.debug.export.filter : - - <null>                                                                                                                                                      */
/*                        mixin.debug.export.decompile : - - <true>                                                                                                                                                      */
/*                  mixin.debug.export.decompile.async : - - - <true>                                                                                                                                                    */
/* mixin.debug.export.decompile.mergeGenericSignatures : - - - <true>                                                                                                                                                    */
/*                                  mixin.debug.verify : - <false>                                                                                                                                                       */
/*                                 mixin.debug.verbose : - <true>                                                                                                                                                        */
/*                         mixin.debug.countInjections : - <true>                                                                                                                                                        */
/*                                  mixin.debug.strict : - <false>                                                                                                                                                       */
/*                           mixin.debug.strict.unique : - - <false>                                                                                                                                                     */
/*                          mixin.debug.strict.targets : - - <false>                                                                                                                                                     */
/*                                mixin.debug.profiler : - <false>                                                                                                                                                       */
/*                           mixin.dumpTargetOnFailure : <false>                                                                                                                                                         */
/*                                        mixin.checks : <false>                                                                                                                                                         */
/*                             mixin.checks.interfaces : - <false>                                                                                                                                                       */
/*                      mixin.checks.interfaces.strict : - - <false>                                                                                                                                                     */
/*                             mixin.ignoreConstraints : <false>                                                                                                                                                         */
/*                                       mixin.hotSwap : <false>                                                                                                                                                         */
/*                                       mixin.env.obf : - <false>                                                                                                                                                       */
/*                             mixin.env.disableRefMap : - <false>                                                                                                                                                       */
/*                               mixin.env.remapRefMap : - <false>                                                                                                                                                       */
/*                       mixin.env.refMapRemappingFile : - <>                                                                                                                                                            */
/*                        mixin.env.refMapRemappingEnv : - <searge>                                                                                                                                                      */
/*                      mixin.env.allowPermissiveMatch : - <false>                                                                                                                                                       */
/*                            mixin.env.ignoreRequired : - <false>                                                                                                                                                       */
/*                               mixin.env.compatLevel : - <false>                                                                                                                                                       */
/*                          mixin.env.shiftByViolation : - <warn>                                                                                                                                                        */
/*                      mixin.initialiserInjectionMode : <default>                                                                                                                                                       */
/*               mixin.tunable.classReaderExpandFrames : - <false>                                                                                                                                                       */
/*************************************************************************************************************************************************************************************************************************/
/*                                    UNSAFE_INJECTION : available=<true> enabled=<true>                                                                                                                                 */
/*                       INJECTORS_IN_INTERFACE_MIXINS : available=<true> enabled=<true>                                                                                                                                 */
/*************************************************************************************************************************************************************************************************************************/
/*                                       Detected Side : SERVER                                                                                                                                                          */
/*************************************************************************************************************************************************************************************************************************/
[22:35:27] [main/INFO]: Attempting to load Fernflower decompiler (Threaded mode)
[22:35:27] [main/INFO]: Fernflower could not be loaded, exported classes will not be decompiled. NoClassDefFoundError: org/jetbrains/java/decompiler/main/extern/IResultSaver
[22:35:27] [main/WARN]: Compatibility level JAVA_16 specified by fabric-api-lookup-api-v1.mixins.json is higher than the maximum level supported by this version of mixin (JAVA_13).
[22:35:27] [main/INFO]: Preparing mixins for MixinEnvironment[DEFAULT]
[22:35:27] [main/INFO]: Selecting config fabric-api-lookup-api-v1.mixins.json
[22:35:27] [main/INFO]: Selecting config fabric-biome-api-v1.mixins.json
[22:35:27] [main/INFO]: Selecting config fabric-command-api-v1.mixins.json
[22:35:27] [main/INFO]: Selecting config fabric-containers-v0.mixins.json
[22:35:27] [main/INFO]: Selecting config fabric-containers-v0.accurate.mixins.json
[22:35:27] [main/INFO]: Selecting config fabric-content-registries-v0.mixins.json
[22:35:27] [main/INFO]: Selecting config fabric-crash-report-info-v1.mixins.json
[22:35:27] [main/INFO]: Selecting config fabric-dimensions-v1.mixins.json
[22:35:27] [main/INFO]: Selecting config fabric-entity-events-v1.mixins.json
[22:35:27] [main/INFO]: Selecting config fabric-events-interaction-v0.mixins.json
[22:35:27] [main/INFO]: Selecting config fabric-game-rule-api-v1.mixins.json
[22:35:27] [main/INFO]: Selecting config fabric-item-api-v1.mixins.json
[22:35:27] [main/INFO]: Selecting config fabric-item-groups-v0.mixins.json
[22:35:27] [main/INFO]: Selecting config fabric-lifecycle-events-v1.mixins.json
[22:35:27] [main/INFO]: Selecting config fabric-loot-tables-v1.mixins.json
[22:35:27] [main/INFO]: Selecting config fabric-mining-level-api-v1.mixins.json
[22:35:27] [main/INFO]: Selecting config fabric-networking-api-v1.mixins.json
[22:35:27] [main/INFO]: Selecting config fabric-networking-blockentity-v0.mixins.json
[22:35:27] [main/INFO]: Selecting config fabric-object-builder-v1.mixins.json
[22:35:27] [main/INFO]: Selecting config fabric-object-builders-v0.mixins.json
[22:35:27] [main/INFO]: Selecting config fabric-particles-v1.mixins.json
[22:35:27] [main/INFO]: Selecting config fabric-registry-sync-v0.mixins.json
[22:35:27] [main/INFO]: Selecting config fabric-rendering-data-attachment-v1.mixins.json
[22:35:27] [main/INFO]: Selecting config fabric-rendering-fluids-v1.mixins.json
[22:35:27] [main/INFO]: Selecting config fabric-resource-conditions-api-v1.mixins.json
[22:35:27] [main/INFO]: Selecting config fabric-resource-loader-v0.mixins.json
[22:35:27] [main/INFO]: Selecting config fabric-screen-handler-api-v1.mixins.json
[22:35:27] [main/INFO]: Selecting config fabric-structure-api-v1.mixins.json
[22:35:27] [main/INFO]: Selecting config fabric-tag-extensions-v0.mixins.json
[22:35:27] [main/INFO]: Selecting config fabric-tool-attribute-api-v1.mixins.json
[22:35:27] [main/INFO]: Selecting config fabric-transfer-api-v1.mixins.json
[22:35:27] [main/INFO]: Selecting config mixinextras.init.mixins.json
[22:35:27] [main/INFO]: Selecting config qizhangverdict.mixins.json
[22:35:27] [main/INFO]: Preparing fabric-api-lookup-api-v1.mixins.json (2)
[22:35:28] [main/INFO]: Preparing fabric-biome-api-v1.mixins.json (20)
[22:35:28] [main/INFO]: Preparing fabric-command-api-v1.mixins.json (6)
[22:35:28] [main/INFO]: Preparing fabric-containers-v0.mixins.json (1)
[22:35:28] [main/INFO]: Preparing fabric-containers-v0.accurate.mixins.json (1)
[22:35:28] [main/INFO]: Preparing fabric-content-registries-v0.mixins.json (8)
[22:35:28] [main/INFO]: Preparing fabric-crash-report-info-v1.mixins.json (1)
[22:35:28] [main/INFO]: Preparing fabric-dimensions-v1.mixins.json (3)
[22:35:28] [main/INFO]: Preparing fabric-entity-events-v1.mixins.json (10)
[22:35:28] [main/INFO]: Preparing fabric-events-interaction-v0.mixins.json (5)
[22:35:28] [main/INFO]: Preparing fabric-game-rule-api-v1.mixins.json (9)
[22:35:28] [main/INFO]: Preparing fabric-item-api-v1.mixins.json (6)
[22:35:28] [main/INFO]: Preparing fabric-item-groups-v0.mixins.json (3)
[22:35:28] [main/INFO]: Preparing fabric-lifecycle-events-v1.mixins.json (12)
[22:35:28] [main/INFO]: Preparing fabric-loot-tables-v1.mixins.json (6)
[22:35:28] [main/INFO]: Preparing fabric-mining-level-api-v1.mixins.json (4)
[22:35:28] [main/INFO]: Preparing fabric-networking-api-v1.mixins.json (14)
[22:35:28] [main/INFO]: Preparing fabric-networking-blockentity-v0.mixins.json (2)
[22:35:28] [main/INFO]: Preparing fabric-object-builder-v1.mixins.json (16)
[22:35:28] [main/INFO]: Preparing fabric-object-builders-v0.mixins.json (2)
[22:35:28] [main/INFO]: Preparing fabric-particles-v1.mixins.json (3)
[22:35:28] [main/INFO]: Preparing fabric-registry-sync-v0.mixins.json (16)
[22:35:28] [main/INFO]: Preparing fabric-rendering-data-attachment-v1.mixins.json (3)
[22:35:28] [main/INFO]: Preparing fabric-rendering-fluids-v1.mixins.json (1)
[22:35:28] [main/INFO]: Preparing fabric-resource-conditions-api-v1.mixins.json (2)
[22:35:28] [main/INFO]: Preparing fabric-resource-loader-v0.mixins.json (15)
[22:35:28] [main/INFO]: Preparing fabric-screen-handler-api-v1.mixins.json (1)
[22:35:28] [main/INFO]: Preparing fabric-structure-api-v1.mixins.json (6)
[22:35:28] [main/INFO]: Preparing fabric-tag-extensions-v0.mixins.json (9)
[22:35:28] [main/INFO]: Preparing fabric-tool-attribute-api-v1.mixins.json (3)
[22:35:28] [main/INFO]: Preparing fabric-transfer-api-v1.mixins.json (6)
[22:35:28] [main/INFO]: Preparing mixinextras.init.mixins.json (0)
[22:35:28] [main/INFO]: Preparing qizhangverdict.mixins.json (1)
[22:35:28] [main/INFO]: Prepared 150 mixins in 0.320 sec (2.1ms avg) (0ms load, 0ms transform, 0ms plugin)
[22:35:28] [main/INFO]: Initializing MixinExtras via com.llamalad7.mixinextras.service.MixinExtrasServiceImpl(version=0.5.5).
[22:35:28] [main/INFO]: Mixing ServerBugfixMixin from fabric-dimensions-v1.mixins.json into net.minecraft.server.Main
[22:35:28] [main/INFO]: Mixing MixinMain from fabric-registry-sync-v0.mixins.json into net.minecraft.server.Main
[22:35:28] [main/INFO]: Mixing MixinDynamicRegistryManager from fabric-registry-sync-v0.mixins.json into net.minecraft.class_5455
[22:35:28] [main/WARN]: @Shadow target fabric-registry-sync-v0.mixins.json:MixinDynamicRegistryManager from mod fabric-registry-sync-v0::field_26733 is final but shadow is not decorated with @Final
[22:35:28] [main/INFO]: Mixing DynamicRegistryManagerMixin from fabric-registry-sync-v0.mixins.json into net.minecraft.class_5455
[22:35:28] [main/INFO]: Mixing DynamicRegistryManagerMixin from fabric-structure-api-v1.mixins.json into net.minecraft.class_5455
[22:35:28] [main/INFO]: Mixing DynamicRegistryManagerAccessor from fabric-tag-extensions-v0.mixins.json into net.minecraft.class_5455
[22:35:28] [main/INFO]: Renaming @Accessor method getInfos()Ljava/util/Map; to getInfos$fabric-tag-extensions-v0_$md$9cd6f5$0 in fabric-tag-extensions-v0.mixins.json:DynamicRegistryManagerAccessor from mod fabric-tag-extensions-v0
[22:35:28] [main/INFO]: Mixing modification.DynamicRegistryManagerImplMixin from fabric-biome-api-v1.mixins.json into net.minecraft.class_5455$class_5457
[22:35:28] [main/INFO]: Mixing MixinCrashReport from fabric-crash-report-info-v1.mixins.json into net.minecraft.class_6396
[22:35:28] [main/INFO]: Renaming synthetic method lambda$fillSystemDetails$0()Ljava/lang/String; to md9cd6f5$fabric-crash-report-info-v1$lambda$fillSystemDetails$0$0 in fabric-crash-report-info-v1.mixins.json:MixinCrashReport from mod fabric-crash-report-info-v1
[22:35:29] [main/INFO]: Mixing MixinBootstrap from fabric-registry-sync-v0.mixins.json into net.minecraft.class_2966
[22:35:29] [main/INFO]: Renaming synthetic method lambda$initialize$1(Lnet/minecraft/class_3611;)Ljava/util/Collection; to md9cd6f5$fabric-registry-sync-v0$lambda$initialize$1$0 in fabric-registry-sync-v0.mixins.json:MixinBootstrap from mod fabric-registry-sync-v0
[22:35:29] [main/INFO]: Renaming synthetic method lambda$initialize$0(Lnet/minecraft/class_2248;)Ljava/util/Collection; to md9cd6f5$fabric-registry-sync-v0$lambda$initialize$0$1 in fabric-registry-sync-v0.mixins.json:MixinBootstrap from mod fabric-registry-sync-v0
[22:35:29] [main/INFO]: Mixing AccessorRegistry from fabric-registry-sync-v0.mixins.json into net.minecraft.class_2378
[22:35:29] [main/INFO]: Renaming @Accessor method getROOT()Lnet/minecraft/class_2385; to getROOT$fabric-registry-sync-v0_$md$9cd6f5$0 in fabric-registry-sync-v0.mixins.json:AccessorRegistry from mod fabric-registry-sync-v0
[22:35:29] [main/INFO]: Mixing MixinRegistry from fabric-registry-sync-v0.mixins.json into net.minecraft.class_2378
[22:35:29] [main/INFO]: Mixing MixinIdRegistry from fabric-registry-sync-v0.mixins.json into net.minecraft.class_2370
[22:35:29] [main/INFO]: Renaming synthetic method lambda$new$5([Lnet/fabricmc/fabric/api/event/registry/RegistryIdRemapCallback;)Lnet/fabricmc/fabric/api/event/registry/RegistryIdRemapCallback; to md9cd6f5$fabric-registry-sync-v0$lambda$new$5$0 in fabric-registry-sync-v0.mixins.json:MixinIdRegistry from mod fabric-registry-sync-v0
[22:35:29] [main/INFO]: Renaming synthetic method lambda$new$4([Lnet/fabricmc/fabric/api/event/registry/RegistryIdRemapCallback;Lnet/fabricmc/fabric/api/event/registry/RegistryIdRemapCallback$RemapState;)V to md9cd6f5$fabric-registry-sync-v0$lambda$new$4$1 in fabric-registry-sync-v0.mixins.json:MixinIdRegistry from mod fabric-registry-sync-v0
[22:35:29] [main/INFO]: Renaming synthetic method lambda$new$3([Lnet/fabricmc/fabric/api/event/registry/RegistryEntryRemovedCallback;)Lnet/fabricmc/fabric/api/event/registry/RegistryEntryRemovedCallback; to md9cd6f5$fabric-registry-sync-v0$lambda$new$3$2 in fabric-registry-sync-v0.mixins.json:MixinIdRegistry from mod fabric-registry-sync-v0
[22:35:29] [main/INFO]: Renaming synthetic method lambda$new$2([Lnet/fabricmc/fabric/api/event/registry/RegistryEntryRemovedCallback;ILnet/minecraft/class_2960;Ljava/lang/Object;)V to md9cd6f5$fabric-registry-sync-v0$lambda$new$2$3 in fabric-registry-sync-v0.mixins.json:MixinIdRegistry from mod fabric-registry-sync-v0
[22:35:29] [main/INFO]: Renaming synthetic method lambda$new$1([Lnet/fabricmc/fabric/api/event/registry/RegistryEntryAddedCallback;)Lnet/fabricmc/fabric/api/event/registry/RegistryEntryAddedCallback; to md9cd6f5$fabric-registry-sync-v0$lambda$new$1$4 in fabric-registry-sync-v0.mixins.json:MixinIdRegistry from mod fabric-registry-sync-v0
[22:35:29] [main/INFO]: Renaming synthetic method lambda$new$0([Lnet/fabricmc/fabric/api/event/registry/RegistryEntryAddedCallback;ILnet/minecraft/class_2960;Ljava/lang/Object;)V to md9cd6f5$fabric-registry-sync-v0$lambda$new$0$5 in fabric-registry-sync-v0.mixins.json:MixinIdRegistry from mod fabric-registry-sync-v0
[22:35:29] [main/INFO]: Mixing MixinSimpleRegistry from fabric-registry-sync-v0.mixins.json into net.minecraft.class_2370
[22:35:29] [main/INFO]: Mixing FluidMixin from fabric-transfer-api-v1.mixins.json into net.minecraft.class_3611
[22:35:29] [main/WARN]: fabric-transfer-api-v1.mixins.json:FluidMixin from mod fabric-transfer-api-v1: Class version 60 required is higher than the class version supported by the current version of Mixin (JAVA_8 supports class version 52)
[22:35:29] [main/INFO]: Mixing MixinBlock from fabric-object-builder-v1.mixins.json into net.minecraft.class_2248
[22:35:29] [main/INFO]: Mixing OldMixinBlock from fabric-object-builders-v0.mixins.json into net.minecraft.class_2248
[22:35:29] [main/INFO]: Mixing AbstractBlockAccessor from fabric-object-builder-v1.mixins.json into net.minecraft.class_4970
[22:35:29] [main/INFO]: Mixing ItemMixin from fabric-item-api-v1.mixins.json into net.minecraft.class_1792
[22:35:29] [main/INFO]: Mixing OldMixinItem from fabric-object-builders-v0.mixins.json into net.minecraft.class_1792
[22:35:29] [main/INFO]: Mixing ItemMixin from fabric-transfer-api-v1.mixins.json into net.minecraft.class_1792
[22:35:29] [main/INFO]: Mixing BlockEntityTypeAccessor from fabric-api-lookup-api-v1.mixins.json into net.minecraft.class_2591
[22:35:29] [main/INFO]: Mixing VillagerTypeAccessor from fabric-object-builder-v1.mixins.json into net.minecraft.class_3854
[22:35:29] [main/INFO]: Renaming @Accessor method getBiomeTypeToIdMap()Ljava/util/Map; to getBiomeTypeToIdMap$fabric-object-builder-api-v1_$md$9cd6f5$0 in fabric-object-builder-v1.mixins.json:VillagerTypeAccessor from mod fabric-object-builder-api-v1
[22:35:29] [main/INFO]: Renaming @Invoker method callRegister(Ljava/lang/String;)Lnet/minecraft/class_3854; to callRegister$fabric-object-builder-api-v1_$md$9cd6f5$1 in fabric-object-builder-v1.mixins.json:VillagerTypeAccessor from mod fabric-object-builder-api-v1
[22:35:30] [main/INFO]: Mixing VillagerProfessionAccessor from fabric-object-builder-v1.mixins.json into net.minecraft.class_3852
[22:35:30] [main/INFO]: Renaming @Invoker method create(Ljava/lang/String;Lnet/minecraft/class_4158;Lcom/google/common/collect/ImmutableSet;Lcom/google/common/collect/ImmutableSet;Lnet/minecraft/class_3414;)Lnet/minecraft/class_3852; to create$fabric-object-builder-api-v1_$md$9cd6f5$0 in fabric-object-builder-v1.mixins.json:VillagerProfessionAccessor from mod fabric-object-builder-api-v1
[22:35:30] [main/INFO]: Mixing PointOfInterestTypeAccessor from fabric-object-builder-v1.mixins.json into net.minecraft.class_4158
[22:35:30] [main/INFO]: Renaming @Invoker method callCreate(Ljava/lang/String;Ljava/util/Set;ILjava/util/function/Predicate;I)Lnet/minecraft/class_4158; to callCreate$fabric-object-builder-api-v1_$md$9cd6f5$0 in fabric-object-builder-v1.mixins.json:PointOfInterestTypeAccessor from mod fabric-object-builder-api-v1
[22:35:30] [main/INFO]: Renaming @Invoker method callCreate(Ljava/lang/String;Ljava/util/Set;II)Lnet/minecraft/class_4158; to callCreate$fabric-object-builder-api-v1_$md$9cd6f5$1 in fabric-object-builder-v1.mixins.json:PointOfInterestTypeAccessor from mod fabric-object-builder-api-v1
[22:35:30] [main/INFO]: Renaming @Invoker method callSetup(Lnet/minecraft/class_4158;)Lnet/minecraft/class_4158; to callSetup$fabric-object-builder-api-v1_$md$9cd6f5$2 in fabric-object-builder-v1.mixins.json:PointOfInterestTypeAccessor from mod fabric-object-builder-api-v1
[22:35:30] [main/INFO]: Mixing StructureFeatureAccessor from fabric-structure-api-v1.mixins.json into net.minecraft.class_3195
[22:35:30] [main/INFO]: Renaming @Accessor method setSurfaceAdjustingStructures(Ljava/util/List;)V to setSurfaceAdjustingStructures$fabric-structure-api-v1_$md$9cd6f5$0 in fabric-structure-api-v1.mixins.json:StructureFeatureAccessor from mod fabric-structure-api-v1
[22:35:30] [main/INFO]: Renaming @Invoker method callRegister(Ljava/lang/String;Lnet/minecraft/class_3195;Lnet/minecraft/class_2893$class_2895;)Lnet/minecraft/class_3195; to callRegister$fabric-structure-api-v1_$md$9cd6f5$1 in fabric-structure-api-v1.mixins.json:StructureFeatureAccessor from mod fabric-structure-api-v1
[22:35:30] [main/INFO]: Mixing StructurePoolAccessor from fabric-structure-api-v1.mixins.json into net.minecraft.class_3785
[22:35:30] [main/INFO]: Mixing modification.BiomeAccessor from fabric-biome-api-v1.mixins.json into net.minecraft.class_1959
[22:35:30] [main/INFO]: Mixing BedBlockMixin from fabric-entity-events-v1.mixins.json into net.minecraft.class_2244
[22:35:30] [main/INFO]: Mixing DetectorRailBlockMixin from fabric-object-builder-v1.mixins.json into net.minecraft.class_2313
[22:35:30] [main/INFO]: Renaming synthetic method lambda$getCustomComparatorOutput$0(Lnet/minecraft/class_1297;)Z to md9cd6f5$fabric-object-builder-api-v1$lambda$getCustomComparatorOutput$0$0 in fabric-object-builder-v1.mixins.json:DetectorRailBlockMixin from mod fabric-object-builder-api-v1
[22:35:30] [main/INFO]: Mixing MixinFireBlock from fabric-content-registries-v0.mixins.json into net.minecraft.class_2358
[22:35:30] [main/INFO]: Mixing DropperBlockMixin from fabric-transfer-api-v1.mixins.json into net.minecraft.class_2325
[22:35:30] [main/INFO]: Renaming synthetic method lambda$hookDispense$0(Lnet/fabricmc/fabric/api/transfer/v1/item/ItemVariant;)Z to md9cd6f5$fabric-transfer-api-v1$lambda$hookDispense$0$0 in fabric-transfer-api-v1.mixins.json:DropperBlockMixin from mod fabric-transfer-api-v1
[22:35:30] [main/INFO]: Mixing BambooBlockMixin from fabric-tool-attribute-api-v1.mixins.json into net.minecraft.class_2202
[22:35:30] [main/INFO]: Mixing BambooBlockMixin from fabric-tool-attribute-api-v1.mixins.json into net.minecraft.class_2211
[22:35:30] [main/INFO]: Mixing OxidizableMixin from fabric-content-registries-v0.mixins.json into net.minecraft.class_5955
[22:35:30] [main/INFO]: Mixing EntityMixin from fabric-dimensions-v1.mixins.json into net.minecraft.class_1297
[22:35:30] [main/INFO]: Mixing EntityMixin from fabric-entity-events-v1.mixins.json into net.minecraft.class_1297
[22:35:30] [main/INFO]: Mixing elytra/PlayerEntityMixin from fabric-entity-events-v1.mixins.json into net.minecraft.class_1657
[22:35:30] [main/INFO]: Mixing PlayerEntityMixin from fabric-entity-events-v1.mixins.json into net.minecraft.class_1657
[22:35:30] [main/INFO]: Mixing elytra/LivingEntityMixin from fabric-entity-events-v1.mixins.json into net.minecraft.class_1309
[22:35:30] [main/INFO]: Mixing LivingEntityMixin from fabric-entity-events-v1.mixins.json into net.minecraft.class_1309
[22:35:30] [main/INFO]: Mixing LivingEntityMixin from fabric-item-api-v1.mixins.json into net.minecraft.class_1309
[22:35:30] [main/INFO]: Mixing LivingEntityMixin from fabric-tool-attribute-api-v1.mixins.json into net.minecraft.class_1309
[22:35:30] [main/INFO]: Mixing WorldMixin from fabric-lifecycle-events-v1.mixins.json into net.minecraft.class_1937
[22:35:30] [main/INFO]: Mixing MixinViewableWorld from fabric-rendering-data-attachment-v1.mixins.json into net.minecraft.class_4538
[22:35:30] [main/INFO]: Mixing ServerWorldMixin from fabric-api-lookup-api-v1.mixins.json into net.minecraft.class_3218
[22:35:30] [main/INFO]: Renaming synthetic method lambda$fabric_invalidateCache$5(Ljava/util/Map$Entry;)Z to md9cd6f5$fabric-api-lookup-api-v1$lambda$fabric_invalidateCache$5$0 in fabric-api-lookup-api-v1.mixins.json:ServerWorldMixin from mod fabric-api-lookup-api-v1
[22:35:30] [main/INFO]: Renaming synthetic method lambda$fabric_invalidateCache$4(Ljava/lang/ref/WeakReference;)Z to md9cd6f5$fabric-api-lookup-api-v1$lambda$fabric_invalidateCache$4$1 in fabric-api-lookup-api-v1.mixins.json:ServerWorldMixin from mod fabric-api-lookup-api-v1
[22:35:30] [main/INFO]: Renaming synthetic method lambda$fabric_invalidateCache$3(Ljava/lang/ref/WeakReference;)V to md9cd6f5$fabric-api-lookup-api-v1$lambda$fabric_invalidateCache$3$2 in fabric-api-lookup-api-v1.mixins.json:ServerWorldMixin from mod fabric-api-lookup-api-v1
[22:35:30] [main/INFO]: Renaming synthetic method lambda$fabric_invalidateCache$2(Ljava/lang/ref/WeakReference;)Z to md9cd6f5$fabric-api-lookup-api-v1$lambda$fabric_invalidateCache$2$3 in fabric-api-lookup-api-v1.mixins.json:ServerWorldMixin from mod fabric-api-lookup-api-v1
[22:35:30] [main/INFO]: Renaming synthetic method lambda$fabric_registerCache$1(Ljava/lang/ref/WeakReference;)Z to md9cd6f5$fabric-api-lookup-api-v1$lambda$fabric_registerCache$1$4 in fabric-api-lookup-api-v1.mixins.json:ServerWorldMixin from mod fabric-api-lookup-api-v1
[22:35:30] [main/INFO]: Renaming synthetic method lambda$fabric_registerCache$0(Lnet/minecraft/class_2338;)Ljava/util/List; to md9cd6f5$fabric-api-lookup-api-v1$lambda$fabric_registerCache$0$5 in fabric-api-lookup-api-v1.mixins.json:ServerWorldMixin from mod fabric-api-lookup-api-v1
[22:35:30] [main/INFO]: Mixing ServerWorldMixin from fabric-lifecycle-events-v1.mixins.json into net.minecraft.class_3218
[22:35:30] [main/INFO]: Mixing MixinIdList from fabric-registry-sync-v0.mixins.json into net.minecraft.class_2361
[22:35:30] [main/INFO]: Renaming synthetic method lambda$fabric_remapIds$0(Lit/unimi/dsi/fastutil/ints/Int2IntMap;Ljava/lang/Object;Ljava/lang/Integer;)Ljava/lang/Integer; to md9cd6f5$fabric-registry-sync-v0$lambda$fabric_remapIds$0$0 in fabric-registry-sync-v0.mixins.json:MixinIdList from mod fabric-registry-sync-v0
[22:35:30] [main/WARN]: @Shadow target fabric-registry-sync-v0.mixins.json:MixinIdList from mod fabric-registry-sync-v0::field_11100 is final but shadow is not decorated with @Final
[22:35:30] [main/WARN]: @Shadow target fabric-registry-sync-v0.mixins.json:MixinIdList from mod fabric-registry-sync-v0::field_11098 is final but shadow is not decorated with @Final
[22:35:30] [main/INFO]: Mixing MaterialBuilderAccessor from fabric-object-builder-v1.mixins.json into net.minecraft.class_3614$class_3615
[22:35:30] [main/INFO]: Mixing AbstractBlockSettingsAccessor from fabric-object-builder-v1.mixins.json into net.minecraft.class_4970$class_2251
[22:35:30] [main/INFO]: Mixing AbstractBlockSettingsMixin from fabric-object-builder-v1.mixins.json into net.minecraft.class_4970$class_2251
[22:35:30] [main/INFO]: Mixing MixinBlockEntity from fabric-networking-blockentity-v0.mixins.json into net.minecraft.class_2586
[22:35:30] [main/INFO]: Mixing MixinBlockEntity from fabric-rendering-data-attachment-v1.mixins.json into net.minecraft.class_2586
[22:35:30] [main/INFO]: Mixing MixinAbstractFurnaceBlockEntity from fabric-content-registries-v0.mixins.json into net.minecraft.class_2609
[22:35:30] [main/INFO]: Mixing ItemStackMixin from fabric-item-api-v1.mixins.json into net.minecraft.class_1799
[22:35:30] [main/INFO]: Mixing MixinItemStack from fabric-tool-attribute-api-v1.mixins.json into net.minecraft.class_1799
[22:35:31] [main/INFO]: Mixing HopperBlockEntityMixin from fabric-transfer-api-v1.mixins.json into net.minecraft.class_2614
[22:35:31] [main/INFO]: Renaming synthetic method lambda$hookExtract$1(Lnet/fabricmc/fabric/api/transfer/v1/item/ItemVariant;)Z to md9cd6f5$fabric-transfer-api-v1$lambda$hookExtract$1$0 in fabric-transfer-api-v1.mixins.json:HopperBlockEntityMixin from mod fabric-transfer-api-v1
[22:35:31] [main/INFO]: Renaming synthetic method lambda$hookInsert$0(Lnet/fabricmc/fabric/api/transfer/v1/item/ItemVariant;)Z to md9cd6f5$fabric-transfer-api-v1$lambda$hookInsert$0$1 in fabric-transfer-api-v1.mixins.json:HopperBlockEntityMixin from mod fabric-transfer-api-v1
[22:35:31] [main/INFO]: Mixing MixinTheEndBiomeSource from fabric-biome-api-v1.mixins.json into net.minecraft.class_2169
[22:35:31] [main/INFO]: Mixing MultiNoiseBiomeSourceAccessor from fabric-biome-api-v1.mixins.json into net.minecraft.class_4766
[22:35:31] [main/WARN]: fabric-biome-api-v1.mixins.json:MultiNoiseBiomeSourceAccessor from mod fabric-biome-api-v1->@Accessor[FIELD_SETTER]::setBiomePoints(Ljava/util/List;)V for final field net.minecraft.class_4766::field_24115 is not @Mutable
[22:35:31] [main/INFO]: Mixing MixinRequiredTagListRegistry from fabric-tag-extensions-v0.mixins.json into net.minecraft.class_5413
[22:35:31] [main/INFO]: Mixing MixinTagImpl from fabric-tag-extensions-v0.mixins.json into net.minecraft.class_5394
[22:35:31] [main/INFO]: Mixing MixinTagImpl from fabric-tag-extensions-v0.mixins.json into net.minecraft.class_5120$class_5121
[22:35:32] [main/INFO]: Mixing ServerPlayerEntityAccessor from fabric-containers-v0.mixins.json into net.minecraft.class_3222
[22:35:32] [main/INFO]: Mixing MixinServerPlayerEntity from fabric-containers-v0.accurate.mixins.json into net.minecraft.class_3222
[22:35:32] [main/INFO]: Mixing EntityMixin from fabric-dimensions-v1.mixins.json into net.minecraft.class_3222
[22:35:32] [main/INFO]: Mixing ServerPlayerEntityMixin from fabric-dimensions-v1.mixins.json into net.minecraft.class_3222
[22:35:32] [main/INFO]: Mixing ServerPlayerEntityMixin from fabric-entity-events-v1.mixins.json into net.minecraft.class_3222
[22:35:32] [main/INFO]: Mixing MixinServerPlayerEntity from fabric-events-interaction-v0.mixins.json into net.minecraft.class_3222
[22:35:32] [main/INFO]: Mixing ServerPlayerEntityMixin from fabric-screen-handler-api-v1.mixins.json into net.minecraft.class_3222
[22:35:32] [main/INFO]: Mixing modification.SpawnSettingsAccessor from fabric-biome-api-v1.mixins.json into net.minecraft.class_5483
[22:35:32] [main/INFO]: Mixing BuiltinBiomesAccessor from fabric-biome-api-v1.mixins.json into net.minecraft.class_5504
[22:35:32] [main/INFO]: Renaming @Accessor method getBY_RAW_ID()Lit/unimi/dsi/fastutil/ints/Int2ObjectMap; to getBY_RAW_ID$fabric-biome-api-v1_$md$9cd6f5$0 in fabric-biome-api-v1.mixins.json:BuiltinBiomesAccessor from mod fabric-biome-api-v1
[22:35:32] [main/INFO]: Mixing modification.GenerationSettingsAccessor from fabric-biome-api-v1.mixins.json into net.minecraft.class_5485
[22:35:32] [main/INFO]: Mixing modification.BiomeEffectsAccessor from fabric-biome-api-v1.mixins.json into net.minecraft.class_4763
[22:35:32] [main/INFO]: Mixing modification.SpawnDensityAccessor from fabric-biome-api-v1.mixins.json into net.minecraft.class_5483$class_5265
[22:35:32] [main/INFO]: Renaming @Invoker method create(DD)Lnet/minecraft/class_5483$class_5265; to create$fabric-biome-api-v1_$md$9cd6f5$0 in fabric-biome-api-v1.mixins.json:modification.SpawnDensityAccessor from mod fabric-biome-api-v1
[22:35:32] [main/INFO]: Mixing modification.BiomeWeatherAccessor from fabric-biome-api-v1.mixins.json into net.minecraft.class_1959$class_5482
[22:35:32] [main/INFO]: Mixing StructuresConfigAccessor from fabric-structure-api-v1.mixins.json into net.minecraft.class_5311
[22:35:33] [main/INFO]: Mixing SwordItemMixin from fabric-mining-level-api-v1.mixins.json into net.minecraft.class_1829
[22:35:33] [main/INFO]: Mixing ShovelItemAccessor from fabric-content-registries-v0.mixins.json into net.minecraft.class_1821
[22:35:33] [main/INFO]: Renaming @Accessor method getPathStates()Ljava/util/Map; to getPathStates$fabric-content-registries-v0_$md$9cd6f5$0 in fabric-content-registries-v0.mixins.json:ShovelItemAccessor from mod fabric-content-registries-v0
[22:35:33] [main/INFO]: Mixing MiningToolItemMixin from fabric-mining-level-api-v1.mixins.json into net.minecraft.class_1766
[22:35:33] [main/INFO]: Mixing AxeItemAccessor from fabric-content-registries-v0.mixins.json into net.minecraft.class_1743
[22:35:33] [main/INFO]: Renaming @Accessor method getStrippedBlocks()Ljava/util/Map; to getStrippedBlocks$fabric-content-registries-v0_$md$9cd6f5$0 in fabric-content-registries-v0.mixins.json:AxeItemAccessor from mod fabric-content-registries-v0
[22:35:33] [main/INFO]: Renaming @Accessor method setStrippedBlocks(Ljava/util/Map;)V to setStrippedBlocks$fabric-content-registries-v0_$md$9cd6f5$1 in fabric-content-registries-v0.mixins.json:AxeItemAccessor from mod fabric-content-registries-v0
[22:35:33] [main/INFO]: Mixing HoeItemAccessor from fabric-content-registries-v0.mixins.json into net.minecraft.class_1794
[22:35:33] [main/INFO]: Renaming @Accessor method getTillingActions()Ljava/util/Map; to getTillingActions$fabric-content-registries-v0_$md$9cd6f5$0 in fabric-content-registries-v0.mixins.json:HoeItemAccessor from mod fabric-content-registries-v0
[22:35:33] [main/INFO]: Mixing BucketItemAccessor from fabric-transfer-api-v1.mixins.json into net.minecraft.class_1755
[22:35:33] [main/INFO]: Mixing ShearsItemMixin from fabric-mining-level-api-v1.mixins.json into net.minecraft.class_1820
[22:35:33] [main/INFO]: Mixing HoneycombItemMixin from fabric-content-registries-v0.mixins.json into net.minecraft.class_5953
[22:35:33] [main/INFO]: Mixing MixinItemGroup from fabric-item-groups-v0.mixins.json into net.minecraft.class_1761
[22:35:33] [main/WARN]: Write access to @Mutable @Final field field_7921:[Lnet/minecraft/class_1761; in fabric-item-groups-v0.mixins.json:MixinItemGroup from mod fabric-item-groups-v0::fabric_expandArray
[22:35:33] [main/INFO]: Mixing LootPoolEntryTypesAccessor from fabric-loot-tables-v1.mixins.json into net.minecraft.class_75
[22:35:33] [main/INFO]: Renaming @Invoker method register(Ljava/lang/String;Lnet/minecraft/class_5335;)Lnet/minecraft/class_5338; to register$fabric-loot-tables-v1_$md$9cd6f5$0 in fabric-loot-tables-v1.mixins.json:LootPoolEntryTypesAccessor from mod fabric-loot-tables-v1
[22:35:33] [main/INFO]: Mixing MixinMultiNoiseBiomeSource from fabric-biome-api-v1.mixins.json into net.minecraft.class_4766$class_5305
[22:35:33] [main/INFO]: Renaming synthetic method lambda$appendNetherBiomes$1(Lnet/minecraft/class_2378;Ljava/util/List;Lnet/minecraft/class_5321;Lnet/minecraft/class_1959$class_4762;)V to md9cd6f5$fabric-biome-api-v1$lambda$appendNetherBiomes$1$0 in fabric-biome-api-v1.mixins.json:MixinMultiNoiseBiomeSource from mod fabric-biome-api-v1
[22:35:33] [main/INFO]: Renaming synthetic method lambda$appendNetherBiomes$0(Lnet/minecraft/class_1959;)Lnet/minecraft/class_1959; to md9cd6f5$fabric-biome-api-v1$lambda$appendNetherBiomes$0$1 in fabric-biome-api-v1.mixins.json:MixinMultiNoiseBiomeSource from mod fabric-biome-api-v1
[22:35:33] [main/INFO]: Mixing VanillaLayeredBiomeSourceAccessor from fabric-biome-api-v1.mixins.json into net.minecraft.class_2088
[22:35:33] [main/INFO]: Renaming @Accessor method getBIOMES()Ljava/util/List; to getBIOMES$fabric-biome-api-v1_$md$9cd6f5$0 in fabric-biome-api-v1.mixins.json:VanillaLayeredBiomeSourceAccessor from mod fabric-biome-api-v1
[22:35:33] [main/INFO]: Renaming @Accessor method setBIOMES(Ljava/util/List;)V to setBIOMES$fabric-biome-api-v1_$md$9cd6f5$1 in fabric-biome-api-v1.mixins.json:VanillaLayeredBiomeSourceAccessor from mod fabric-biome-api-v1
[22:35:33] [main/INFO]: Mixing FlatChunkGeneratorConfigAccessor from fabric-structure-api-v1.mixins.json into net.minecraft.class_3232
[22:35:33] [main/INFO]: Renaming @Accessor method getStructureToFeatures()Ljava/util/Map; to getStructureToFeatures$fabric-structure-api-v1_$md$9cd6f5$0 in fabric-structure-api-v1.mixins.json:FlatChunkGeneratorConfigAccessor from mod fabric-structure-api-v1
[22:35:33] [main/INFO]: Mixing DefaultAttributeRegistryAccessor from fabric-object-builder-v1.mixins.json into net.minecraft.class_5135
[22:35:33] [main/INFO]: Renaming @Accessor method getRegistry()Ljava/util/Map; to getRegistry$fabric-object-builder-api-v1_$md$9cd6f5$0 in fabric-object-builder-v1.mixins.json:DefaultAttributeRegistryAccessor from mod fabric-object-builder-api-v1
[22:35:33] [main/INFO]: Mixing DefaultAttributeRegistryMixin from fabric-object-builder-v1.mixins.json into net.minecraft.class_5135
[22:35:33] [main/WARN]: Write access to @Mutable @Final field field_23730:Ljava/util/Map; in fabric-object-builder-v1.mixins.json:DefaultAttributeRegistryMixin from mod fabric-object-builder-api-v1::handler$zda000$fabric-object-builder-api-v1$injectAttributes
[22:35:33] [main/INFO]: Mixing MinecraftServerMixin from fabric-lifecycle-events-v1.mixins.json into net.minecraft.server.MinecraftServer
[22:35:33] [main/INFO]: Renaming synthetic method lambda$endResourceReload$0(Ljava/lang/Void;Ljava/lang/Throwable;)Ljava/lang/Void; to md9cd6f5$fabric-lifecycle-events-v1$lambda$endResourceReload$0$0 in fabric-lifecycle-events-v1.mixins.json:MinecraftServerMixin from mod fabric-lifecycle-events-v1
[22:35:33] [main/INFO]: Mixing MinecraftServerMixin from fabric-resource-loader-v0.mixins.json into net.minecraft.server.MinecraftServer
[22:35:33] [main/INFO]: Mixing MixinMinecraftServer from fabric-tag-extensions-v0.mixins.json into net.minecraft.server.MinecraftServer
[22:35:33] [main/INFO]: Mixing server.WorldChunkMixin from fabric-lifecycle-events-v1.mixins.json into net.minecraft.class_2818
[22:35:33] [main/WARN]: @Inject(@At("INVOKE")) Shift.BY=3 on fabric-lifecycle-events-v1.mixins.json:server.WorldChunkMixin from mod fabric-lifecycle-events-v1::handler$zcf000$fabric-lifecycle-events-v1$onLoadBlockEntity exceeds the maximum allowed value: 0. Increase the value of maxShiftBy to suppress this warning.
[22:35:33] [main/INFO]: Mixing ServerLoginNetworkHandlerMixin from fabric-networking-api-v1.mixins.json into net.minecraft.class_3248
[22:35:33] [main/INFO]: Mixing accessor.ServerLoginNetworkHandlerAccessor from fabric-networking-api-v1.mixins.json into net.minecraft.class_3248
[22:35:33] [main/INFO]: Mixing ServerPlayNetworkHandlerMixin from fabric-networking-api-v1.mixins.json into net.minecraft.class_3244
[22:35:33] [main/INFO]: External mod presence only: grimac=false, antixray=false; actual function must be tested separately
[22:35:33] [main/INFO]: Mixing MixinTagManager from fabric-tag-extensions-v0.mixins.json into net.minecraft.class_5415
[22:35:33] [main/WARN]: Write access to @Mutable @Final field field_28306:Ljava/util/Map; in fabric-tag-extensions-v0.mixins.json:MixinTagManager from mod fabric-tag-extensions-v0::handler$zej000$fabric-tag-extensions-v0$init
[22:35:33] [main/INFO]: Mixing MixinRegistryOps from fabric-tag-extensions-v0.mixins.json into net.minecraft.class_5382
[22:35:33] [main/INFO]: Mixing modification.RegistryOpsMixin from fabric-biome-api-v1.mixins.json into net.minecraft.class_5382
[22:35:34] [main/INFO]: Environment: authHost='https://authserver.mojang.com', accountsHost='https://api.mojang.com', sessionHost='https://sessionserver.mojang.com', servicesHost='https://api.minecraftservices.com', name='PROD'
[22:35:34] [main/INFO]: Mixing MixinServerPlayerInteractionManager from fabric-events-interaction-v0.mixins.json into net.minecraft.class_3225
[22:35:34] [main/WARN]: @Shadow target fabric-events-interaction-v0.mixins.json:MixinServerPlayerInteractionManager from mod fabric-events-interaction-v0::field_14008 is final but shadow is not decorated with @Final
[22:35:34] [main/INFO]: Mixing GameRulesAccessor from fabric-game-rule-api-v1.mixins.json into net.minecraft.class_1928
[22:35:34] [main/INFO]: Renaming @Invoker method callRegister(Ljava/lang/String;Lnet/minecraft/class_1928$class_5198;Lnet/minecraft/class_1928$class_4314;)Lnet/minecraft/class_1928$class_4313; to callRegister$fabric-game-rule-api-v1_$md$9cd6f5$0 in fabric-game-rule-api-v1.mixins.json:GameRulesAccessor from mod fabric-game-rule-api-v1
[22:35:34] [main/INFO]: Renaming @Accessor method getRuleTypes()Ljava/util/Map; to getRuleTypes$fabric-game-rule-api-v1_$md$9cd6f5$1 in fabric-game-rule-api-v1.mixins.json:GameRulesAccessor from mod fabric-game-rule-api-v1
[22:35:34] [main/INFO]: Mixing RuleKeyMixin from fabric-game-rule-api-v1.mixins.json into net.minecraft.class_1928$class_4313
[22:35:34] [main/INFO]: Mixing BooleanRuleAccessor from fabric-game-rule-api-v1.mixins.json into net.minecraft.class_1928$class_4310
[22:35:34] [main/INFO]: Renaming @Invoker method invokeCreate(ZLjava/util/function/BiConsumer;)Lnet/minecraft/class_1928$class_4314; to invokeCreate$fabric-game-rule-api-v1_$md$9cd6f5$0 in fabric-game-rule-api-v1.mixins.json:BooleanRuleAccessor from mod fabric-game-rule-api-v1
[22:35:34] [main/INFO]: Mixing IntRuleAccessor from fabric-game-rule-api-v1.mixins.json into net.minecraft.class_1928$class_4312
[22:35:34] [main/INFO]: Mixing AccessorLevelStorageSession from fabric-registry-sync-v0.mixins.json into net.minecraft.class_32$class_5143
[22:35:34] [main/INFO]: Mixing MixinLevelStorageSession from fabric-registry-sync-v0.mixins.json into net.minecraft.class_32$class_5143
[22:35:34] [main/INFO]: Mixing ResourcePackManagerMixin from fabric-resource-loader-v0.mixins.json into net.minecraft.class_3283
[22:35:34] [main/INFO]: Mixing ResourcePackManagerAccessor from fabric-resource-loader-v0.mixins.json into net.minecraft.class_3283
[22:35:34] [main/WARN]: Write access to @Mutable @Final field field_14227:Ljava/util/Set; in fabric-resource-loader-v0.mixins.json:ResourcePackManagerMixin from mod fabric-resource-loader-v0::handler$zeb000$fabric-resource-loader-v0$construct
[22:35:34] [main/INFO]: Mixing DefaultResourcePackMixin from fabric-resource-loader-v0.mixins.json into net.minecraft.class_3268
[22:35:34] [main/INFO]: Mixing FileResourcePackProviderAccessor from fabric-resource-loader-v0.mixins.json into net.minecraft.class_3279
[22:35:34] [main/INFO]: Mixing ResourcePackProfileAccessor from fabric-resource-loader-v0.mixins.json into net.minecraft.class_3288
[22:35:35] [main/INFO]: Found new data pack Fabric Mods, loading it automatically
[22:35:35] [main/INFO]: Mixing ReloadableResourceManagerImplMixin from fabric-resource-loader-v0.mixins.json into net.minecraft.class_3304
[22:35:35] [main/INFO]: Renaming synthetic method lambda$getResourcePackNames$0(Lnet/minecraft/class_3262;)Ljava/lang/String; to md9cd6f5$fabric-resource-loader-v0$lambda$getResourcePackNames$0$0 in fabric-resource-loader-v0.mixins.json:ReloadableResourceManagerImplMixin from mod fabric-resource-loader-v0
[22:35:35] [main/INFO]: Mixing KeyedResourceReloadListenerMixin from fabric-resource-loader-v0.mixins.json into net.minecraft.class_1863
[22:35:35] [main/INFO]: Mixing JsonDataLoaderMixin from fabric-resource-conditions-api-v1.mixins.json into net.minecraft.class_4309
[22:35:35] [main/INFO]: Mixing SinglePreparationResourceReloaderMixin from fabric-resource-conditions-api-v1.mixins.json into net.minecraft.class_4080
[22:35:35] [main/INFO]: Mixing MixinLootManager from fabric-loot-tables-v1.mixins.json into net.minecraft.class_60
[22:35:35] [main/INFO]: Renaming synthetic method lambda$apply$2(Lnet/minecraft/class_3300;Ljava/util/Map;Lnet/minecraft/class_2960;Lnet/minecraft/class_52;)V to md9cd6f5$fabric-loot-tables-v1$lambda$apply$2$0 in fabric-loot-tables-v1.mixins.json:MixinLootManager from mod fabric-loot-tables-v1
[22:35:35] [main/INFO]: Renaming synthetic method lambda$apply$1(Lnet/fabricmc/fabric/api/loot/v1/FabricLootSupplierBuilder;Lnet/minecraft/class_2960;)Lnet/minecraft/class_52; to md9cd6f5$fabric-loot-tables-v1$lambda$apply$1$1 in fabric-loot-tables-v1.mixins.json:MixinLootManager from mod fabric-loot-tables-v1
[22:35:35] [main/INFO]: Renaming synthetic method lambda$apply$0(Ljava/util/Map;Lnet/minecraft/class_2960;Lnet/minecraft/class_52;)V to md9cd6f5$fabric-loot-tables-v1$lambda$apply$0$2 in fabric-loot-tables-v1.mixins.json:MixinLootManager from mod fabric-loot-tables-v1
[22:35:35] [main/INFO]: Mixing KeyedResourceReloadListenerMixin from fabric-resource-loader-v0.mixins.json into net.minecraft.class_60
[22:35:35] [main/INFO]: Mixing MixinLootPool from fabric-loot-tables-v1.mixins.json into net.minecraft.class_55
[22:35:35] [main/INFO]: Mixing MixinLootSupplier from fabric-loot-tables-v1.mixins.json into net.minecraft.class_52
[22:35:35] [main/INFO]: Mixing KeyedResourceReloadListenerMixin from fabric-resource-loader-v0.mixins.json into net.minecraft.class_2989
[22:35:35] [main/INFO]: Mixing KeyedResourceReloadListenerMixin from fabric-resource-loader-v0.mixins.json into net.minecraft.class_3505
[22:35:35] [main/INFO]: Mixing MixinTagManagerLoader from fabric-tag-extensions-v0.mixins.json into net.minecraft.class_3505
[22:35:35] [main/INFO]: Mixing CommandManagerMixin from fabric-command-api-v1.mixins.json into net.minecraft.class_2170
[22:35:35] [main/INFO]: Mixing CommandGate117Mixin from qizhangverdict.mixins.json into net.minecraft.class_2170
[22:35:35] [main/INFO]: Mixing GameRuleCommandAccessor from fabric-game-rule-api-v1.mixins.json into net.minecraft.class_3065
[22:35:35] [main/INFO]: Renaming @Invoker method invokeExecuteSet(Lcom/mojang/brigadier/context/CommandContext;Lnet/minecraft/class_1928$class_4313;)I to invokeExecuteSet$fabric-game-rule-api-v1_$md$9cd6f5$0 in fabric-game-rule-api-v1.mixins.json:GameRuleCommandAccessor from mod fabric-game-rule-api-v1
[22:35:35] [main/INFO]: Renaming @Invoker method invokeExecuteQuery(Lnet/minecraft/class_2168;Lnet/minecraft/class_1928$class_4313;)I to invokeExecuteQuery$fabric-game-rule-api-v1_$md$9cd6f5$1 in fabric-game-rule-api-v1.mixins.json:GameRuleCommandAccessor from mod fabric-game-rule-api-v1
[22:35:35] [main/INFO]: Mixing GameRuleCommandVisitorMixin from fabric-game-rule-api-v1.mixins.json into net.minecraft.class_3065$1
[22:35:35] [main/WARN]: @Shadow target fabric-game-rule-api-v1.mixins.json:GameRuleCommandVisitorMixin from mod fabric-game-rule-api-v1::field_19419 is final but shadow is not decorated with @Final
[22:35:35] [main/INFO]: Mixing HelpCommandAccessor from fabric-command-api-v1.mixins.json into net.minecraft.class_3069
[22:35:35] [main/INFO]: Renaming @Accessor method getFailedException()Lcom/mojang/brigadier/exceptions/SimpleCommandExceptionType; to getFailedException$fabric-command-api-v1_$md$9cd6f5$0 in fabric-command-api-v1.mixins.json:HelpCommandAccessor from mod fabric-command-api-v1
[22:35:35] [main/INFO]: Mixing TeleportCommandMixin from fabric-entity-events-v1.mixins.json into net.minecraft.class_3143
[22:35:35] [main/WARN]: Ambiguity between arguments [teleport, location] and [teleport, destination] with inputs: [0.1 -0.5 .9, 0 0 0]
[22:35:35] [main/WARN]: Ambiguity between arguments [teleport, location] and [teleport, targets] with inputs: [0.1 -0.5 .9, 0 0 0]
[22:35:35] [main/WARN]: Ambiguity between arguments [teleport, destination] and [teleport, targets] with inputs: [Player, 0123, @e, dd12be42-52a9-4a91-a8a1-11c01849e498]
[22:35:35] [main/WARN]: Ambiguity between arguments [teleport, targets] and [teleport, destination] with inputs: [Player, 0123, dd12be42-52a9-4a91-a8a1-11c01849e498]
[22:35:35] [main/WARN]: Ambiguity between arguments [teleport, targets, location] and [teleport, targets, destination] with inputs: [0.1 -0.5 .9, 0 0 0]
[22:35:35] [main/INFO]: Mixing KeyedResourceReloadListenerMixin from fabric-resource-loader-v0.mixins.json into net.minecraft.class_5349
[22:35:35] [main/INFO]: Reloading ResourceManager: Default, Fabric Mods (Fabric Tool Attribute API (v1))
[22:35:35] [main/INFO]: Mixing NamespaceResourceManagerAccessor from fabric-resource-loader-v0.mixins.json into net.minecraft.class_3294
[22:35:35] [main/INFO]: Renaming @Invoker method fabric$accessor_getMetadataPath(Lnet/minecraft/class_2960;)Lnet/minecraft/class_2960; to fabric$accessor_getMetadataPath$fabric-resource-loader-v0_$md$9cd6f5$0 in fabric-resource-loader-v0.mixins.json:NamespaceResourceManagerAccessor from mod fabric-resource-loader-v0
[22:35:35] [main/INFO]: Mixing NamespaceResourceManagerMixin from fabric-resource-loader-v0.mixins.json into net.minecraft.class_3294
[22:35:35] [Worker-Main-9/INFO]: Mixing MixinTagBuilder from fabric-tag-extensions-v0.mixins.json into net.minecraft.class_3494$class_3495
[22:35:35] [Worker-Main-9/WARN]: @Shadow target fabric-tag-extensions-v0.mixins.json:MixinTagBuilder from mod fabric-tag-extensions-v0::field_23688 is final but shadow is not decorated with @Final
[22:35:35] [Worker-Main-14/INFO]: Loaded 7 recipes
[22:35:36] [Worker-Main-14/INFO]: Mixing LootSupplierBuilderHooks from fabric-loot-tables-v1.mixins.json into net.minecraft.class_52$class_53
[22:35:36] [Worker-Main-14/INFO]: Mixing CriteriaAccessor from fabric-object-builder-v1.mixins.json into net.minecraft.class_174
[22:35:36] [Worker-Main-14/INFO]: Renaming @Invoker method callRegister(Lnet/minecraft/class_179;)Lnet/minecraft/class_179; to callRegister$fabric-object-builder-api-v1_$md$9cd6f5$0 in fabric-object-builder-v1.mixins.json:CriteriaAccessor from mod fabric-object-builder-api-v1
[22:35:36] [Worker-Main-14/INFO]: Loaded 1137 advancements
[22:35:37] [main/INFO]: Applied 0 biome modifications to 0 of 81 new biomes in 1.582 ms
[22:35:37] [main/ERROR]: No key structures in MapLike[{"layers":[{"block":"minecraft:bedrock","height":1},{"block":"minecraft:dirt","height":2},{"block":"minecraft:grass_block","height":1}],"biome":"minecraft:plains"}]; Not a registry ops
[22:35:37] [main/INFO]: Mixing PlayerManagerMixin from fabric-entity-events-v1.mixins.json into net.minecraft.class_3324
[22:35:37] [main/INFO]: Mixing PlayerManagerMixin from fabric-networking-api-v1.mixins.json into net.minecraft.class_3324
[22:35:37] [Server thread/INFO]: QiZhangGuard started: QiZhangVerdict sessions=0, trackedIPs=0, accountPairs=0, rules=44, companion=required, vm=DENY, blacklist=DENY, rateBuckets=0, accountBans=0, deviceBans=0, deviceRequired=true. Reports are self-reported, not trusted attestation.
[22:35:37] [Server thread/INFO]: Starting minecraft server version 1.17.1
[22:35:37] [Server thread/INFO]: Loading properties
[22:35:37] [Server thread/INFO]: Default game type: SURVIVAL
[22:35:37] [Server thread/INFO]: Generating keypair
[22:35:37] [Server thread/INFO]: Starting Minecraft server on 127.0.0.1:25761
[22:35:37] [Server thread/INFO]: Using default channel type
[22:35:37] [Server thread/INFO]: Mixing ClientConnectionMixin from fabric-networking-api-v1.mixins.json into net.minecraft.class_2535
[22:35:38] [Server thread/WARN]: **** SERVER IS RUNNING IN OFFLINE/INSECURE MODE!
[22:35:38] [Server thread/WARN]: The server will make no attempt to authenticate usernames. Beware.
[22:35:38] [Server thread/WARN]: While this makes the game possible to play without internet access, it also opens up the ability for hackers to connect with any username they choose.
[22:35:38] [Server thread/WARN]: To change this, set "online-mode" to "true" in the server.properties file.
[22:35:38] [Server thread/INFO]: Preparing level "world"
[22:35:38] [Server thread/INFO]: Mixing ServerWorldEntityLoaderMixin from fabric-lifecycle-events-v1.mixins.json into net.minecraft.class_3218$class_5526
[22:35:38] [Server thread/INFO]: Mixing ThreadedAnvilChunkStorageMixin from fabric-lifecycle-events-v1.mixins.json into net.minecraft.class_3898
[22:35:38] [Server thread/INFO]: Mixing accessor.ThreadedAnvilChunkStorageAccessor from fabric-networking-api-v1.mixins.json into net.minecraft.class_3898
[22:35:38] [Server thread/INFO]: Preparing start region for dimension minecraft:overworld
[22:35:38] [Worker-Main-10/INFO]: Preparing spawn area: 0%
[22:35:39] [Worker-Main-10/INFO]: Preparing spawn area: 0%
[22:35:39] [Worker-Main-14/INFO]: Preparing spawn area: 0%
[22:35:40] [Worker-Main-14/INFO]: Preparing spawn area: 10%
[22:35:40] [Worker-Main-9/INFO]: Preparing spawn area: 15%
[22:35:41] [Worker-Main-13/INFO]: Preparing spawn area: 22%
[22:35:41] [Worker-Main-11/INFO]: Preparing spawn area: 27%
[22:35:42] [Worker-Main-14/INFO]: Preparing spawn area: 36%
[22:35:42] [Worker-Main-13/INFO]: Preparing spawn area: 44%
[22:35:43] [Worker-Main-12/INFO]: Preparing spawn area: 48%
[22:35:43] [Worker-Main-9/INFO]: Preparing spawn area: 57%
[22:35:44] [Worker-Main-8/INFO]: Preparing spawn area: 67%
[22:35:44] [Worker-Main-8/INFO]: Preparing spawn area: 76%
[22:35:45] [Worker-Main-8/INFO]: Preparing spawn area: 77%
[22:35:45] [Worker-Main-12/INFO]: Preparing spawn area: 90%
[22:35:46] [Server thread/INFO]: Time elapsed: 7374 ms
[22:35:46] [Server thread/INFO]: Done (7.915s)! For help, type "help"
[22:35:46] [Server thread/INFO]: QiZhangVerdict sessions=0, trackedIPs=0, accountPairs=0, rules=44, companion=required, vm=DENY, blacklist=DENY, rateBuckets=0, accountBans=0, deviceBans=0, deviceRequired=true
[22:35:47] [Server thread/INFO]: QiZhangVerdict sessions=0, trackedIPs=0, accountPairs=0, rules=44, companion=required, vm=ALERT, blacklist=DENY, rateBuckets=0, accountBans=0, deviceBans=0, deviceRequired=true
[22:35:49] [Netty Server IO #1/INFO]: Mixing accessor.CustomPayloadC2SPacketAccessor from fabric-networking-api-v1.mixins.json into net.minecraft.class_2817
[22:35:49] [Netty Server IO #1/INFO]: Mixing accessor.LoginQueryResponseC2SPacketAccessor from fabric-networking-api-v1.mixins.json into net.minecraft.class_2913
[22:35:49] [Server thread/INFO]: QVBot1[/127.0.0.1:10432] logged in with entity id 1 at (-8.5, 4.0, -76.5)
[22:35:49] [Server thread/WARN]: Player QVBot1 can't receive direct packet, using nbt packet instead
[22:35:49] [Server thread/INFO]: QVBot1 joined the game
[22:35:49] [Server thread/INFO]: Mixing accessor.EntityTrackerAccessor from fabric-networking-api-v1.mixins.json into net.minecraft.class_3898$class_3208
[22:35:49] [Server thread/INFO]: Mixing EntityTrackerEntryMixin from fabric-networking-api-v1.mixins.json into net.minecraft.class_3231
[22:35:50] [Server thread/INFO]: Mixing SpawnRestrictionAccessor from fabric-object-builder-v1.mixins.json into net.minecraft.class_1317
[22:35:50] [Server thread/INFO]: Renaming @Invoker method callRegister(Lnet/minecraft/class_1299;Lnet/minecraft/class_1317$class_1319;Lnet/minecraft/class_2902$class_2903;Lnet/minecraft/class_1317$class_4306;)V to callRegister$fabric-object-builder-api-v1_$md$9cd6f5$0 in fabric-object-builder-v1.mixins.json:SpawnRestrictionAccessor from mod fabric-object-builder-api-v1
[22:35:51] [Server thread/INFO]: QVBot1 lost connection: Disconnected
[22:35:51] [Server thread/INFO]: QVBot1 left the game
[22:35:51] [Server thread/INFO]: QiZhangVerdict sessions=0, trackedIPs=1, accountPairs=1, rules=44, companion=required, vm=ALERT, blacklist=DENY, rateBuckets=1, accountBans=0, deviceBans=0, deviceRequired=true
[22:35:53] [Server thread/INFO]: GateAccount[/127.0.0.1:10433] logged in with entity id 2 at (-22.5, 4.0, -83.5)
[22:35:53] [Server thread/WARN]: Player GateAccount can't receive direct packet, using nbt packet instead
[22:35:53] [Server thread/INFO]: GateAccount joined the game
[22:35:54] [Server thread/INFO]: Made GateAccount a server operator
[22:35:57] [Server thread/INFO]: [GateAccount] QZ_POST_GATE
[22:35:57] [Server thread/INFO]: GateAccount lost connection: Disconnected
[22:35:57] [Server thread/INFO]: GateAccount left the game
[22:35:58] [Server thread/INFO]: Made GateAccount no longer a server operator
[22:35:59] [Server thread/INFO]: QiZhangVerdict sessions=0, trackedIPs=1, accountPairs=2, rules=44, companion=required, vm=ALERT, blacklist=DENY, rateBuckets=1, accountBans=0, deviceBans=0, deviceRequired=true
[22:36:00] [Server thread/INFO]: QVBot2[/127.0.0.1:7963] logged in with entity id 3 at (-8.5, 4.0, -87.5)
[22:36:00] [Server thread/WARN]: Player QVBot2 can't receive direct packet, using nbt packet instead
[22:36:00] [Server thread/INFO]: QVBot2 joined the game
[22:36:05] [Server thread/INFO]: QVBot2 lost connection: QiZhangGuard: required companion report timed out
[22:36:05] [Server thread/INFO]: QVBot2 left the game
[22:36:06] [Server thread/INFO]: BadWire[/127.0.0.1:7964] logged in with entity id 4 at (-8.5, 4.0, -80.5)
[22:36:06] [Server thread/WARN]: Player BadWire can't receive direct packet, using nbt packet instead
[22:36:06] [Server thread/INFO]: BadWire joined the game
[22:36:06] [Server thread/INFO]: BadWire lost connection: Malformed or oversized companion report
[22:36:06] [Server thread/INFO]: BadWire left the game
[22:36:07] [Server thread/INFO]: BadWire[/127.0.0.1:7965] logged in with entity id 5 at (-8.5, 4.0, -80.5)
[22:36:07] [Server thread/WARN]: Player BadWire can't receive direct packet, using nbt packet instead
[22:36:07] [Server thread/INFO]: BadWire joined the game
[22:36:09] [Server thread/INFO]: BadWire lost connection: Disconnected
[22:36:09] [Server thread/INFO]: BadWire left the game
[22:36:10] [Server thread/INFO]: QVBot3[/127.0.0.1:7966] logged in with entity id 6 at (-8.5, 4.0, -69.5)
[22:36:10] [Server thread/WARN]: Player QVBot3 can't receive direct packet, using nbt packet instead
[22:36:10] [Server thread/INFO]: QVBot3 joined the game
[22:36:11] [Server thread/INFO]: QVBot4[/127.0.0.1:7968] logged in with entity id 7 at (-13.5, 4.0, -80.5)
[22:36:11] [Server thread/WARN]: Player QVBot4 can't receive direct packet, using nbt packet instead
[22:36:11] [Server thread/INFO]: QVBot4 joined the game
[22:36:12] [Server thread/INFO]: QVBot4 lost connection: Only the configured number of accounts may use the same IP and device concurrently
[22:36:12] [Server thread/INFO]: QVBot4 left the game
[22:36:13] [Server thread/INFO]: QVBot5[/127.0.0.1:7969] logged in with entity id 8 at (-19.5, 4.0, -89.5)
[22:36:13] [Server thread/WARN]: Player QVBot5 can't receive direct packet, using nbt packet instead
[22:36:13] [Server thread/INFO]: QVBot5 joined the game
[22:36:15] [Server thread/INFO]: QVBot6[/127.0.0.1:7970] logged in with entity id 9 at (-16.5, 4.0, -88.5)
[22:36:15] [Server thread/WARN]: Player QVBot6 can't receive direct packet, using nbt packet instead
[22:36:15] [Server thread/INFO]: QVBot6 joined the game
[22:36:17] [Server thread/INFO]: QVBot7[/127.0.0.1:10101] logged in with entity id 10 at (-15.5, 4.0, -79.5)
[22:36:17] [Server thread/WARN]: Player QVBot7 can't receive direct packet, using nbt packet instead
[22:36:17] [Server thread/INFO]: QVBot7 joined the game
[22:36:17] [Server thread/INFO]: QVBot7 lost connection: Too many simultaneous accounts from this IP
[22:36:17] [Server thread/INFO]: QVBot7 left the game
[22:36:17] [Server thread/WARN]: handleDisconnection() called twice
[22:36:19] [Server thread/INFO]: QVBot3 lost connection: Disconnected
[22:36:19] [Server thread/INFO]: QVBot3 left the game
[22:36:19] [Server thread/INFO]: QVBot5 lost connection: Disconnected
[22:36:19] [Server thread/INFO]: QVBot5 left the game
[22:36:19] [Server thread/INFO]: QVBot6 lost connection: Disconnected
[22:36:19] [Server thread/INFO]: QVBot6 left the game
[22:36:19] [Server thread/INFO]: QVBot8[/127.0.0.1:10102] logged in with entity id 11 at (-25.5, 4.0, -82.5)
[22:36:19] [Server thread/WARN]: Player QVBot8 can't receive direct packet, using nbt packet instead
[22:36:19] [Server thread/INFO]: QVBot8 joined the game
[22:36:21] [Server thread/INFO]: QVBot8 lost connection: Disconnected
[22:36:21] [Server thread/INFO]: QVBot8 left the game
[22:36:22] [Server thread/INFO]: CheatAccount[/127.0.0.1:10103] logged in with entity id 12 at (-17.5, 4.0, -74.5)
[22:36:22] [Server thread/WARN]: Player CheatAccount can't receive direct packet, using nbt packet instead
[22:36:22] [Server thread/INFO]: CheatAccount joined the game
[22:36:22] [Server thread/INFO]: CheatAccount lost connection: Reported mod matches an exact server blacklist rule
[22:36:22] [Server thread/INFO]: CheatAccount left the game
[22:36:23] [Server thread/INFO]: LinkedAccount[/127.0.0.1:10105] logged in with entity id 13 at (-16.5, 4.0, -71.5)
[22:36:23] [Server thread/WARN]: Player LinkedAccount can't receive direct packet, using nbt packet instead
[22:36:23] [Server thread/INFO]: LinkedAccount joined the game
[22:36:24] [Server thread/INFO]: LinkedAccount lost connection: This reported device identifier is banned
[22:36:24] [Server thread/INFO]: LinkedAccount left the game
[22:36:26] [Server thread/INFO]: CheatAccount[/127.0.0.1:10107] logged in with entity id 14 at (-17.5, 4.0, -74.5)
[22:36:26] [Server thread/WARN]: Player CheatAccount can't receive direct packet, using nbt packet instead
[22:36:26] [Server thread/INFO]: CheatAccount joined the game
[22:36:26] [Server thread/INFO]: CheatAccount lost connection: This account is banned by the server
[22:36:26] [Server thread/INFO]: CheatAccount left the game
[22:36:27] [Server thread/INFO]: Unbanned: true
[22:36:28] [Server thread/INFO]: Unbanned: true
[22:36:29] [Server thread/INFO]: CheatAccount[/127.0.0.1:10111] logged in with entity id 15 at (-17.5, 4.0, -74.5)
[22:36:29] [Server thread/WARN]: Player CheatAccount can't receive direct packet, using nbt packet instead
[22:36:29] [Server thread/INFO]: CheatAccount joined the game
[22:36:32] [Server thread/INFO]: CheatAccount lost connection: Disconnected
[22:36:32] [Server thread/INFO]: CheatAccount left the game
[22:36:32] [Server thread/INFO]: Added rule: 500154c5-7886-4a28-b36a-74601c64d457
[22:36:33] [Server thread/INFO]: QVBot9[/127.0.0.1:10112] logged in with entity id 16 at (-25.5, 4.0, -69.5)
[22:36:33] [Server thread/WARN]: Player QVBot9 can't receive direct packet, using nbt packet instead
[22:36:33] [Server thread/INFO]: QVBot9 joined the game
[22:36:34] [Server thread/INFO]: QVBot9 lost connection: Reported mod matches a server blacklist rule
[22:36:34] [Server thread/INFO]: QVBot9 left the game
[22:36:36] [Server thread/INFO]: Added rule: 6913c0da-35c4-4102-8a9c-30ec4bb535e7
[22:36:37] [Server thread/INFO]: QVBot10[/127.0.0.1:10117] logged in with entity id 17 at (-21.5, 4.0, -77.5)
[22:36:37] [Server thread/WARN]: Player QVBot10 can't receive direct packet, using nbt packet instead
[22:36:37] [Server thread/INFO]: QVBot10 joined the game
[22:36:39] [Server thread/INFO]: QVBot10 lost connection: Disconnected
[22:36:39] [Server thread/INFO]: QVBot10 left the game
[22:36:39] [Server thread/INFO]: Removed: true
[22:36:41] [Server thread/INFO]: QVBot11[/127.0.0.1:10122] logged in with entity id 18 at (-25.5, 4.0, -81.5)
[22:36:41] [Server thread/WARN]: Player QVBot11 can't receive direct packet, using nbt packet instead
[22:36:41] [Server thread/INFO]: QVBot11 joined the game
[22:36:42] [Server thread/INFO]: QVBot11 lost connection: Reported mod matches a server blacklist rule
[22:36:42] [Server thread/INFO]: QVBot11 left the game
[22:36:43] [Server thread/INFO]: Removed: true
[22:36:44] [Server thread/INFO]: QVBot12[/127.0.0.1:10123] logged in with entity id 19 at (-5.5, 4.0, -84.5)
[22:36:44] [Server thread/WARN]: Player QVBot12 can't receive direct packet, using nbt packet instead
[22:36:44] [Server thread/INFO]: QVBot12 joined the game
[22:36:46] [Server thread/INFO]: QVBot12 lost connection: Disconnected
[22:36:46] [Server thread/INFO]: QVBot12 left the game
[22:36:46] [Server thread/INFO]: Added rule: 47489eb3-90bf-4dc9-bbb1-362177b627fe
[22:36:48] [Server thread/INFO]: QVBot13[/127.0.0.1:13572] logged in with entity id 32 at (-19.5, 4.0, -79.5)
[22:36:48] [Server thread/WARN]: Player QVBot13 can't receive direct packet, using nbt packet instead
[22:36:48] [Server thread/INFO]: QVBot13 joined the game
[22:36:49] [Server thread/INFO]: QVBot13 lost connection: Reported mod matches a server blacklist rule
[22:36:49] [Server thread/INFO]: QVBot13 left the game
[22:36:50] [Server thread/INFO]: QiZhangVerdict sessions=0, trackedIPs=1, accountPairs=16, rules=45, companion=required, vm=ALERT, blacklist=DENY, rateBuckets=1, accountBans=4, deviceBans=3, deviceRequired=true
[22:36:51] [Server thread/INFO]: QVBot14[/127.0.0.1:13573] logged in with entity id 33 at (-8.5, 4.0, -73.5)
[22:36:51] [Server thread/WARN]: Player QVBot14 can't receive direct packet, using nbt packet instead
[22:36:51] [Server thread/INFO]: QVBot14 joined the game
[22:36:51] [Server thread/INFO]: QVBot14 lost connection: This IP is denied by server policy
[22:36:51] [Server thread/INFO]: QVBot14 left the game
[22:36:51] [Server thread/WARN]: handleDisconnection() called twice
[22:36:53] [Server thread/INFO]: QiZhangVerdict sessions=0, trackedIPs=1, accountPairs=16, rules=45, companion=required, vm=DENY, blacklist=DENY, rateBuckets=1, accountBans=4, deviceBans=3, deviceRequired=true
[22:36:54] [Server thread/INFO]: QVBot15[/127.0.0.1:13574] logged in with entity id 34 at (-22.5, 4.0, -83.5)
[22:36:54] [Server thread/WARN]: Player QVBot15 can't receive direct packet, using nbt packet instead
[22:36:54] [Server thread/INFO]: QVBot15 joined the game
[22:36:55] [Server thread/INFO]: QVBot15 lost connection: Companion reported a virtual machine indicator
[22:36:55] [Server thread/INFO]: QVBot15 left the game
[22:36:56] [Server thread/INFO]: QVBot16[/127.0.0.1:13578] logged in with entity id 35 at (-18.5, 4.0, -76.5)
[22:36:56] [Server thread/WARN]: Player QVBot16 can't receive direct packet, using nbt packet instead
[22:36:56] [Server thread/INFO]: QVBot16 joined the game
[22:36:57] [Server thread/INFO]: Report decision player=edc8f3dc-ba2e-3999-9748-0637a3718bb0 code=VM_UNKNOWN message=VM status is unknown or has only inconclusive indicators
[22:36:58] [Server thread/INFO]: QVBot16 lost connection: Disconnected
[22:36:58] [Server thread/INFO]: QVBot16 left the game
[22:36:59] [Server thread/INFO]: QiZhangVerdict sessions=0, trackedIPs=1, accountPairs=18, rules=45, companion=required, vm=ALERT, blacklist=DENY, rateBuckets=1, accountBans=5, deviceBans=4, deviceRequired=true
[22:37:00] [Server thread/INFO]: QVBot17[/127.0.0.1:13591] logged in with entity id 36 at (-13.5, 4.0, -72.5)
[22:37:00] [Server thread/WARN]: Player QVBot17 can't receive direct packet, using nbt packet instead
[22:37:00] [Server thread/INFO]: QVBot17 joined the game
[22:37:02] [Server thread/INFO]: QVBot18[/127.0.0.1:13593] logged in with entity id 37 at (-11.5, 4.0, -71.5)
[22:37:02] [Server thread/WARN]: Player QVBot18 can't receive direct packet, using nbt packet instead
[22:37:02] [Server thread/INFO]: QVBot18 joined the game
[22:37:04] [Server thread/INFO]: QVBot19[/127.0.0.1:13594] logged in with entity id 38 at (-15.5, 4.0, -84.5)
[22:37:04] [Server thread/WARN]: Player QVBot19 can't receive direct packet, using nbt packet instead
[22:37:04] [Server thread/INFO]: QVBot19 joined the game
[22:37:04] [Server thread/INFO]: QVBot19 lost connection: Too many simultaneous accounts from this IP
[22:37:04] [Server thread/INFO]: QVBot19 left the game
[22:37:04] [Server thread/WARN]: handleDisconnection() called twice
[22:37:05] [Server thread/INFO]: QVBot17 lost connection: Disconnected
[22:37:05] [Server thread/INFO]: QVBot17 left the game
[22:37:05] [Server thread/INFO]: QVBot18 lost connection: Disconnected
[22:37:05] [Server thread/INFO]: QVBot18 left the game
[22:37:06] [Server thread/INFO]: Page 1/1
06205eb0-363d-35e3-8c60-8c1ef8b83c9c	BLACKLIST_DENIED
15519aaa-3950-3430-bc9c-c0c7c47a9cf3	BLACKLIST_DENIED
87b706ea-8c04-3118-b4cc-2d720ee925df	VM_DENIED
b791d91a-dbdc-3a65-a036-fc39d6993ac9	DEVICE_BANNED
d8c92e3a-17df-39d2-a36d-e08c0d1aab2e	BLACKLIST_DENIED
device:0723e1710c0a08646895f23b3eaf0153e6fb1d316ec121abe3e842cbff565460	VM_DENIED
device:746caab8fda1c4e339d0724f9fb70b2d52b533cbfce2a0a2b98a039648cbf174	BLACKLIST_DENIED
device:d6578071b2c3a3ef93925882a0215c31812b6db116703c2082e07adec5a2499e	BLACKLIST_DENIED
device:fb7f23f1518fc50a1bfa07fc581a2f340c89a3596042f418617b9dd66614e239	BLACKLIST_DENIED
[22:37:07] [Server thread/INFO]: Page 1/5
legacy:automation:baritoe	BLACK	MOD	EXACT	baritoe	ALERT
legacy:automation:baritone	BLACK	MOD	EXACT	baritone	ALERT
legacy:mod:advanced-xray-fabric	BLACK	MOD	EXACT	advanced-xray-fabric	DENY
legacy:mod:aegis	BLACK	MOD	EXACT	aegis	DENY
legacy:mod:alien	BLACK	MOD	EXACT	alien	DENY
legacy:mod:aoba	BLACK	MOD	EXACT	aoba	DENY
legacy:mod:ares	BLACK	MOD	EXACT	ares	DENY
legacy:mod:atianxray	BLACK	MOD	EXACT	atianxray	ALERT
legacy:mod:blackout	BLACK	MOD	EXACT	blackout	DENY
legacy:mod:bleachhack	BLACK	MOD	EXACT	bleachhack	DENY
[22:37:09] [Server thread/INFO]: QiZhangVerdict sessions=0, trackedIPs=1, accountPairs=20, rules=45, companion=required, vm=DENY, blacklist=DENY, rateBuckets=1, accountBans=5, deviceBans=4, deviceRequired=true
[22:37:09] [Server thread/INFO]: QiZhangVerdict sessions=0, trackedIPs=1, accountPairs=20, rules=45, companion=required, vm=DENY, blacklist=DENY, rateBuckets=1, accountBans=5, deviceBans=4, deviceRequired=true
[22:37:09] [Server thread/INFO]: Stopping the server
[22:37:09] [Server thread/INFO]: Stopping server
[22:37:09] [Server thread/INFO]: Saving players
[22:37:09] [Server thread/INFO]: Saving worlds
[22:37:09] [Server thread/INFO]: Saving chunks for level 'ServerLevel[world]'/minecraft:overworld
[22:37:09] [Server thread/INFO]: Mixing ChunkSerializerMixin from fabric-structure-api-v1.mixins.json into net.minecraft.class_2852
[22:37:09] [Server thread/INFO]: Renaming synthetic method lambda$static$0()Ljava/lang/Boolean; to md9cd6f5$fabric-structure-api-v1$lambda$static$0$0 in fabric-structure-api-v1.mixins.json:ChunkSerializerMixin from mod fabric-structure-api-v1
[22:37:10] [Server thread/INFO]: Saving chunks for level 'ServerLevel[world]'/minecraft:the_nether
[22:37:10] [Server thread/INFO]: Saving chunks for level 'ServerLevel[world]'/minecraft:the_end
[22:37:10] [Server thread/INFO]: ThreadedAnvilChunkStorage (world): All chunks are saved
[22:37:10] [Server thread/INFO]: ThreadedAnvilChunkStorage (DIM-1): All chunks are saved
[22:37:10] [Server thread/INFO]: ThreadedAnvilChunkStorage (DIM1): All chunks are saved
[22:37:10] [Server thread/INFO]: ThreadedAnvilChunkStorage: All dimensions are saved
