  <log4j:Event logger="FabricLoader/GameProvider" timestamp="1790593002690" level="INFO" thread="main">
    <log4j:Message><![CDATA[Loading Minecraft 1.20.6 with Fabric Loader 0.19.5]]></log4j:Message>
  </log4j:Event>
  <log4j:Event logger="FabricLoader/GameRemap" timestamp="1790593002695" level="INFO" thread="main">
    <log4j:Message><![CDATA[Fabric is preparing JARs on first launch, this may take a few seconds...]]></log4j:Message>
  </log4j:Event>
  <log4j:Event logger="FabricLoader" timestamp="1790593002799" level="INFO" thread="main">
    <log4j:Message><![CDATA[Loading 54 mods:
	- fabric-api 0.100.8+1.20.6
	   |-- fabric-api-base 0.4.40+80f8cf51b0
	   |-- fabric-api-lookup-api-v1 1.6.59+e9d2a72bb0
	   |-- fabric-biome-api-v1 13.0.25+be5d88beb0
	   |-- fabric-block-api-v1 1.0.20+6dfe4c9bb0
	   |-- fabric-block-view-api-v2 1.0.8+80f8cf51b0
	   |-- fabric-blockrenderlayer-v1 1.1.50+80f8cf51b0
	   |-- fabric-client-tags-api-v1 1.1.12+7f945d5bb0
	   |-- fabric-command-api-v1 1.2.45+f71b366fb0
	   |-- fabric-command-api-v2 2.2.24+80f8cf51b0
	   |-- fabric-commands-v0 0.2.62+df3654b3b0
	   |-- fabric-content-registries-v0 8.0.6+b82b2392b0
	   |-- fabric-convention-tags-v1 2.0.7+7f945d5bb0
	   |-- fabric-convention-tags-v2 2.1.3+f4bfb622b0
	   |-- fabric-crash-report-info-v1 0.2.27+80f8cf51b0
	   |-- fabric-data-attachment-api-v1 1.1.17+2a2c66b6b0
	   |-- fabric-data-generation-api-v1 19.2.5+a5d5299db0
	   |-- fabric-dimensions-v1 2.1.68+94793913b0
	   |-- fabric-entity-events-v1 1.6.8+e9d2a72bb0
	   |-- fabric-events-interaction-v0 0.7.6+c5fc38b3b0
	   |-- fabric-game-rule-api-v1 1.0.50+80f8cf51b0
	   |-- fabric-item-api-v1 8.2.3+6e5bbc4ab0
	   |-- fabric-item-group-api-v1 4.1.1+f4bfb622b0
	   |-- fabric-key-binding-api-v1 1.0.45+80f8cf51b0
	   |-- fabric-keybindings-v0 0.2.43+df3654b3b0
	   |-- fabric-lifecycle-events-v1 2.3.4+c5fc38b3b0
	   |-- fabric-loot-api-v2 3.0.6+97f703dab0
	   |-- fabric-message-api-v1 6.0.11+a7dc0e41b0
	   |-- fabric-model-loading-api-v1 1.0.12+80f8cf51b0
	   |-- fabric-models-v0 0.4.11+9386d8a7b0
	   |-- fabric-networking-api-v1 4.2.0+a916f7c5b0
	   |-- fabric-object-builder-api-v1 15.1.5+c5fc38b3b0
	   |-- fabric-particles-v1 4.0.0+c5fc38b3b0
	   |-- fabric-recipe-api-v1 5.0.6+9c745bbbb0
	   |-- fabric-registry-sync-v0 5.0.19+c7d49fa1b0
	   |-- fabric-renderer-api-v1 3.3.0+81dac6a1b0
	   |-- fabric-renderer-indigo 1.5.15+41791025b0
	   |-- fabric-renderer-registries-v1 3.2.62+df3654b3b0
	   |-- fabric-rendering-data-attachment-v1 0.3.46+73761d2eb0
	   |-- fabric-rendering-fluids-v1 3.1.3+2c869dedb0
	   |-- fabric-rendering-v0 1.1.65+df3654b3b0
	   |-- fabric-rendering-v1 4.2.5+850ef40bb0
	   |-- fabric-resource-conditions-api-v1 4.2.0+a5d5299db0
	   |-- fabric-resource-loader-v0 1.1.1+f4bfb622b0
	   |-- fabric-screen-api-v1 2.0.21+7b70ea8ab0
	   |-- fabric-screen-handler-api-v1 1.3.76+8c7b71c2b0
	   |-- fabric-sound-api-v1 1.0.21+c5fc38b3b0
	   |-- fabric-transfer-api-v1 5.1.7+7fc4b352b0
	   \-- fabric-transitive-access-wideners-v1 6.0.10+74e2f560b0
	- fabricloader 0.19.5
	   \-- mixinextras 0.5.5
	- java 21
	- minecraft 1.20.6
	- qizhangverdict 0.5.0-dev]]></log4j:Message>
  </log4j:Event>
  <log4j:Event logger="FabricLoader/Mixin" timestamp="1790593003186" level="INFO" thread="main">
    <log4j:Message><![CDATA[SpongePowered MIXIN Subsystem Version=0.8.7 Source=file:/E:/CodexTemp/QiZhangVerdict/compat-1.20.6/client-fixtures/fabric-1.20.6/base-42-01/libraries/net/fabricmc/sponge-mixin/0.17.4+mixin.0.8.7/sponge-mixin-0.17.4+mixin.0.8.7.jar Service=Knot/Fabric Env=CLIENT]]></log4j:Message>
  </log4j:Event>
  <log4j:Event logger="FabricLoader/MixinExtras|Service" timestamp="1790593004212" level="INFO" thread="main">
    <log4j:Message><![CDATA[Initializing MixinExtras via com.llamalad7.mixinextras.service.MixinExtrasServiceImpl(version=0.5.5).]]></log4j:Message>
  </log4j:Event>
  <log4j:Event logger="com.mojang.datafixers.DataFixerBuilder" timestamp="1790593008876" level="INFO" thread="Datafixer Bootstrap">
    <log4j:Message><![CDATA[222 Datafixer optimizations took 235 milliseconds]]></log4j:Message>
  </log4j:Event>
  <log4j:Event logger="com.mojang.authlib.yggdrasil.YggdrasilAuthenticationService" timestamp="1790593010535" level="INFO" thread="Render thread">
    <log4j:Message><![CDATA[Environment: Environment[sessionHost=https://sessionserver.mojang.com, servicesHost=https://api.minecraftservices.com, name=PROD]]]></log4j:Message>
  </log4j:Event>
  <log4j:Event logger="net.minecraft.class_310" timestamp="1790593010558" level="INFO" thread="Render thread">
    <log4j:Message><![CDATA[Setting user: Verdict1206]]></log4j:Message>
  </log4j:Event>
  <log4j:Event logger="QiZhangVerdict" timestamp="1790593010702" level="INFO" thread="Render thread">
    <log4j:Message><![CDATA[External mod presence only: grimac=false, antixray=false; actual function must be tested separately]]></log4j:Message>
  </log4j:Event>
  <log4j:Event logger="net.fabricmc.fabric.impl.client.indigo.Indigo" timestamp="1790593010779" level="INFO" thread="Render thread">
    <log4j:Message><![CDATA[[Indigo] Registering Indigo renderer!]]></log4j:Message>
  </log4j:Event>
  <log4j:Event logger="net.minecraft.class_310" timestamp="1790593011496" level="INFO" thread="Render thread">
    <log4j:Message><![CDATA[Backend library: LWJGL version 3.3.3-snapshot]]></log4j:Message>
  </log4j:Event>
  <log4j:Event logger="net.minecraft.class_3304" timestamp="1790593013299" level="INFO" thread="Render thread">
    <log4j:Message><![CDATA[Reloading ResourceManager: vanilla, fabric, fabric-api, fabric-api-base, fabric-api-lookup-api-v1, fabric-biome-api-v1, fabric-block-api-v1, fabric-block-view-api-v2, fabric-blockrenderlayer-v1, fabric-client-tags-api-v1, fabric-command-api-v1, fabric-command-api-v2, fabric-commands-v0, fabric-content-registries-v0, fabric-convention-tags-v1, fabric-convention-tags-v2, fabric-crash-report-info-v1, fabric-data-attachment-api-v1, fabric-data-generation-api-v1, fabric-dimensions-v1, fabric-entity-events-v1, fabric-events-interaction-v0, fabric-game-rule-api-v1, fabric-item-api-v1, fabric-item-group-api-v1, fabric-key-binding-api-v1, fabric-keybindings-v0, fabric-lifecycle-events-v1, fabric-loot-api-v2, fabric-message-api-v1, fabric-model-loading-api-v1, fabric-models-v0, fabric-networking-api-v1, fabric-object-builder-api-v1, fabric-particles-v1, fabric-recipe-api-v1, fabric-registry-sync-v0, fabric-renderer-api-v1, fabric-renderer-indigo, fabric-renderer-registries-v1, fabric-rendering-data-attachment-v1, fabric-rendering-fluids-v1, fabric-rendering-v0, fabric-rendering-v1, fabric-resource-conditions-api-v1, fabric-resource-loader-v0, fabric-screen-api-v1, fabric-screen-handler-api-v1, fabric-sound-api-v1, fabric-transfer-api-v1, fabric-transitive-access-wideners-v1, fabricloader]]></log4j:Message>
  </log4j:Event>
  <log4j:Event logger="net.minecraft.class_391" timestamp="1790593013419" level="INFO" thread="Worker-Main-12">
    <log4j:Message><![CDATA[Found unifont_all_no_pua-15.1.04.hex, loading]]></log4j:Message>
  </log4j:Event>
  <log4j:Event logger="net.minecraft.class_391" timestamp="1790593013477" level="INFO" thread="Worker-Main-9">
    <log4j:Message><![CDATA[Found unifont_jp_patch-15.1.04.hex, loading]]></log4j:Message>
  </log4j:Event>
  <log4j:Event logger="net.minecraft.class_1140" timestamp="1790593014929" level="WARN" thread="Render thread">
    <log4j:Message><![CDATA[Missing sound for event: minecraft:item.goat_horn.play]]></log4j:Message>
  </log4j:Event>
  <log4j:Event logger="net.minecraft.class_1140" timestamp="1790593014930" level="WARN" thread="Render thread">
    <log4j:Message><![CDATA[Missing sound for event: minecraft:entity.goat.screaming.horn_break]]></log4j:Message>
  </log4j:Event>
  <log4j:Event logger="net.minecraft.class_4225" timestamp="1790593015014" level="INFO" thread="Render thread">
    <log4j:Message><![CDATA[OpenAL initialized on device OpenAL Soft on 扬声器 (UU远程虚拟音频设备)]]></log4j:Message>
  </log4j:Event>
  <log4j:Event logger="net.minecraft.class_1140" timestamp="1790593015014" level="INFO" thread="Render thread">
    <log4j:Message><![CDATA[Sound engine started]]></log4j:Message>
  </log4j:Event>
  <log4j:Event logger="net.minecraft.class_1059" timestamp="1790593015131" level="INFO" thread="Render thread">
    <log4j:Message><![CDATA[Created: 1024x512x4 minecraft:textures/atlas/blocks.png-atlas]]></log4j:Message>
  </log4j:Event>
  <log4j:Event logger="net.minecraft.class_1059" timestamp="1790593015138" level="INFO" thread="Render thread">
    <log4j:Message><![CDATA[Created: 256x256x4 minecraft:textures/atlas/signs.png-atlas]]></log4j:Message>
  </log4j:Event>
  <log4j:Event logger="net.minecraft.class_1059" timestamp="1790593015138" level="INFO" thread="Render thread">
    <log4j:Message><![CDATA[Created: 512x512x4 minecraft:textures/atlas/shield_patterns.png-atlas]]></log4j:Message>
  </log4j:Event>
  <log4j:Event logger="net.minecraft.class_1059" timestamp="1790593015138" level="INFO" thread="Render thread">
    <log4j:Message><![CDATA[Created: 512x512x4 minecraft:textures/atlas/banner_patterns.png-atlas]]></log4j:Message>
  </log4j:Event>
  <log4j:Event logger="net.minecraft.class_1059" timestamp="1790593015140" level="INFO" thread="Render thread">
    <log4j:Message><![CDATA[Created: 1024x1024x4 minecraft:textures/atlas/armor_trims.png-atlas]]></log4j:Message>
  </log4j:Event>
  <log4j:Event logger="net.minecraft.class_1059" timestamp="1790593015143" level="INFO" thread="Render thread">
    <log4j:Message><![CDATA[Created: 128x64x4 minecraft:textures/atlas/decorated_pot.png-atlas]]></log4j:Message>
  </log4j:Event>
  <log4j:Event logger="net.minecraft.class_1059" timestamp="1790593015143" level="INFO" thread="Render thread">
    <log4j:Message><![CDATA[Created: 256x256x4 minecraft:textures/atlas/chest.png-atlas]]></log4j:Message>
  </log4j:Event>
  <log4j:Event logger="net.minecraft.class_1059" timestamp="1790593015143" level="INFO" thread="Render thread">
    <log4j:Message><![CDATA[Created: 512x256x4 minecraft:textures/atlas/shulker_boxes.png-atlas]]></log4j:Message>
  </log4j:Event>
  <log4j:Event logger="net.minecraft.class_1059" timestamp="1790593015143" level="INFO" thread="Render thread">
    <log4j:Message><![CDATA[Created: 512x256x4 minecraft:textures/atlas/beds.png-atlas]]></log4j:Message>
  </log4j:Event>
  <log4j:Event logger="net.minecraft.class_1059" timestamp="1790593015296" level="INFO" thread="Render thread">
    <log4j:Message><![CDATA[Created: 512x256x0 minecraft:textures/atlas/particles.png-atlas]]></log4j:Message>
  </log4j:Event>
  <log4j:Event logger="net.minecraft.class_1059" timestamp="1790593015297" level="INFO" thread="Render thread">
    <log4j:Message><![CDATA[Created: 256x256x0 minecraft:textures/atlas/paintings.png-atlas]]></log4j:Message>
  </log4j:Event>
  <log4j:Event logger="net.minecraft.class_1059" timestamp="1790593015297" level="INFO" thread="Render thread">
    <log4j:Message><![CDATA[Created: 256x128x0 minecraft:textures/atlas/mob_effects.png-atlas]]></log4j:Message>
  </log4j:Event>
  <log4j:Event logger="net.minecraft.class_1059" timestamp="1790593015297" level="INFO" thread="Render thread">
    <log4j:Message><![CDATA[Created: 64x64x0 minecraft:textures/atlas/map_decorations.png-atlas]]></log4j:Message>
  </log4j:Event>
  <log4j:Event logger="net.minecraft.class_1059" timestamp="1790593015297" level="INFO" thread="Render thread">
    <log4j:Message><![CDATA[Created: 1024x512x0 minecraft:textures/atlas/gui.png-atlas]]></log4j:Message>
  </log4j:Event>
  <log4j:Event logger="net.minecraft.class_5944" timestamp="1790593015401" level="WARN" thread="Render thread">
    <log4j:Message><![CDATA[Shader rendertype_entity_translucent_emissive could not find sampler named Sampler2 in the specified shader program.]]></log4j:Message>
  </log4j:Event>
  <log4j:Event logger="net.minecraft.class_412" timestamp="1790593015540" level="INFO" thread="Render thread">
    <log4j:Message><![CDATA[Connecting to 127.0.0.1, 25741]]></log4j:Message>
  </log4j:Event>
  <log4j:Event logger="net.minecraft.class_163" timestamp="1790593017127" level="INFO" thread="Render thread">
    <log4j:Message><![CDATA[Loaded 2 advancements]]></log4j:Message>
  </log4j:Event>
  <log4j:Event logger="net.minecraft.class_338" timestamp="1790593019891" level="INFO" thread="Render thread">
    <log4j:Message><![CDATA[[System] [CHAT] [Server] QZ_GUI_SURVIVAL_26bde8a112409714]]></log4j:Message>
  </log4j:Event>
  <log4j:Event logger="net.minecraft.class_338" timestamp="1790593050280" level="INFO" thread="Render thread">
    <log4j:Message><![CDATA[[System] [CHAT] Saved screenshot as 2026-09-28_19.57.30.png]]></log4j:Message>
  </log4j:Event>
  <log4j:Event logger="net.minecraft.class_338" timestamp="1790593080261" level="INFO" thread="Render thread">
    <log4j:Message><![CDATA[[System] [CHAT] [Server] QZ_GUI_SURVIVAL_956dd032fcf1a30b]]></log4j:Message>
  </log4j:Event>
  <log4j:Event logger="net.minecraft.class_310" timestamp="1790593080461" level="INFO" thread="Render thread">
    <log4j:Message><![CDATA[Stopping!]]></log4j:Message>
  </log4j:Event>
