Starting net.fabricmc.loader.impl.game.minecraft.BundlerClassPathCapture
[19:56:23] [main/INFO]: Loading Minecraft 1.20.6 with Fabric Loader 0.19.5
[19:56:23] [main/WARN]: Ignoring invalid library path "
[19:56:23] [main/WARN]: Ignoring invalid library path D:\Program Files\Node.js\"
[19:56:23] [main/INFO]: Loading 41 mods:
	- fabric-api 0.100.8+1.20.6
	   |-- fabric-api-base 0.4.40+80f8cf51b0
	   |-- fabric-api-lookup-api-v1 1.6.59+e9d2a72bb0
	   |-- fabric-biome-api-v1 13.0.25+be5d88beb0
	   |-- fabric-block-api-v1 1.0.20+6dfe4c9bb0
	   |-- fabric-block-view-api-v2 1.0.8+80f8cf51b0
	   |-- fabric-command-api-v1 1.2.45+f71b366fb0
	   |-- fabric-command-api-v2 2.2.24+80f8cf51b0
	   |-- fabric-commands-v0 0.2.62+df3654b3b0
	   |-- fabric-content-registries-v0 8.0.6+b82b2392b0
	   |-- fabric-convention-tags-v1 2.0.7+7f945d5bb0
	   |-- fabric-convention-tags-v2 2.1.3+f4bfb622b0
	   |-- fabric-crash-report-info-v1 0.2.27+80f8cf51b0
	   |-- fabric-data-attachment-api-v1 1.1.17+2a2c66b6b0
	   |-- fabric-data-generation-api-v1 19.2.5+a5d5299db0
	   |-- fabric-dimensions-v1 2.1.68+94793913b0
	   |-- fabric-entity-events-v1 1.6.8+e9d2a72bb0
	   |-- fabric-events-interaction-v0 0.7.6+c5fc38b3b0
	   |-- fabric-game-rule-api-v1 1.0.50+80f8cf51b0
	   |-- fabric-item-api-v1 8.2.3+6e5bbc4ab0
	   |-- fabric-item-group-api-v1 4.1.1+f4bfb622b0
	   |-- fabric-lifecycle-events-v1 2.3.4+c5fc38b3b0
	   |-- fabric-loot-api-v2 3.0.6+97f703dab0
	   |-- fabric-message-api-v1 6.0.11+a7dc0e41b0
	   |-- fabric-networking-api-v1 4.2.0+a916f7c5b0
	   |-- fabric-object-builder-api-v1 15.1.5+c5fc38b3b0
	   |-- fabric-particles-v1 4.0.0+c5fc38b3b0
	   |-- fabric-recipe-api-v1 5.0.6+9c745bbbb0
	   |-- fabric-registry-sync-v0 5.0.19+c7d49fa1b0
	   |-- fabric-rendering-data-attachment-v1 0.3.46+73761d2eb0
	   |-- fabric-rendering-fluids-v1 3.1.3+2c869dedb0
	   |-- fabric-resource-conditions-api-v1 4.2.0+a5d5299db0
	   |-- fabric-resource-loader-v0 1.1.1+f4bfb622b0
	   |-- fabric-screen-handler-api-v1 1.3.76+8c7b71c2b0
	   |-- fabric-transfer-api-v1 5.1.7+7fc4b352b0
	   \-- fabric-transitive-access-wideners-v1 6.0.10+74e2f560b0
	- fabricloader 0.19.5
	   \-- mixinextras 0.5.5
	- java 21
	- minecraft 1.20.6
	- qizhangverdict 0.5.0-dev
[19:56:23] [main/INFO]: SpongePowered MIXIN Subsystem Version=0.8.7 Source=file:/E:/CodexTemp/QiZhangVerdict/compat-1.20.6/client-fixtures/fabric-1.20.6/runs/candidate-42-01/server/libraries/net/fabricmc/sponge-mixin/0.17.4+mixin.0.8.7/sponge-mixin-0.17.4+mixin.0.8.7.jar Service=Knot/Fabric Env=SERVER
[19:56:24] [main/INFO]: Initializing MixinExtras via com.llamalad7.mixinextras.service.MixinExtrasServiceImpl(version=0.5.5).
[19:56:30] [main/INFO]: External mod presence only: grimac=false, antixray=false; actual function must be tested separately
[19:56:30] [main/INFO]: Environment: Environment[sessionHost=https://sessionserver.mojang.com, servicesHost=https://api.minecraftservices.com, name=PROD]
[19:56:30] [main/INFO]: No existing world data, creating new world
[19:56:31] [main/INFO]: Loaded 1175 recipes
[19:56:31] [main/INFO]: Loaded 1276 advancements
[19:56:32] [main/INFO]: Applied 0 biome modifications to 0 of 64 new biomes in 1.286 ms
[19:56:32] [Server thread/INFO]: QiZhangGuard started: QiZhangVerdict sessions=0, trackedIPs=0, accountPairs=0, rules=42, companion=required, vm=DENY, blacklist=DENY, rateBuckets=0, accountBans=0, deviceBans=0, deviceRequired=true. Reports are self-reported, not trusted attestation.
[19:56:32] [Server thread/INFO]: Starting minecraft server version 1.20.6
[19:56:32] [Server thread/INFO]: Loading properties
[19:56:32] [Server thread/INFO]: Default game type: SURVIVAL
[19:56:32] [Server thread/INFO]: Generating keypair
[19:56:32] [Server thread/INFO]: Starting Minecraft server on 127.0.0.1:25741
[19:56:32] [Server thread/INFO]: Using default channel type
[19:56:32] [Server thread/WARN]: **** SERVER IS RUNNING IN OFFLINE/INSECURE MODE!
[19:56:32] [Server thread/WARN]: The server will make no attempt to authenticate usernames. Beware.
[19:56:32] [Server thread/WARN]: While this makes the game possible to play without internet access, it also opens up the ability for hackers to connect with any username they choose.
[19:56:32] [Server thread/WARN]: To change this, set "online-mode" to "true" in the server.properties file.
[19:56:32] [Server thread/INFO]: Preparing level "world"
[19:56:32] [Server thread/INFO]: Preparing start region for dimension minecraft:overworld
[19:56:32] [Worker-Main-10/INFO]: Preparing spawn area: 2%
[19:56:33] [Server thread/INFO]: Time elapsed: 318 ms
[19:56:33] [Server thread/INFO]: Done (0.783s)! For help, type "help"
[19:56:56] [Server thread/INFO]: Verdict1206[/127.0.0.1:8789] logged in with entity id 1 at (10.5, -60.0, -7.5)
[19:56:56] [Server thread/INFO]: Verdict1206 joined the game
[19:56:59] [Server thread/INFO]: There are 1 of a max of 5 players online: Verdict1206
[19:56:59] [Server thread/INFO]: QiZhangVerdict sessions=1, trackedIPs=1, accountPairs=1, rules=42, companion=required, vm=DENY, blacklist=DENY, rateBuckets=1, accountBans=0, deviceBans=0, deviceRequired=true
[19:56:59] [Server thread/INFO]: [Not Secure] [Server] QZ_GUI_SURVIVAL_26bde8a112409714
[19:58:00] [Server thread/INFO]: There are 1 of a max of 5 players online: Verdict1206
[19:58:00] [Server thread/INFO]: QiZhangVerdict sessions=1, trackedIPs=1, accountPairs=1, rules=42, companion=required, vm=DENY, blacklist=DENY, rateBuckets=1, accountBans=0, deviceBans=0, deviceRequired=true
[19:58:00] [Server thread/INFO]: [Not Secure] [Server] QZ_GUI_SURVIVAL_956dd032fcf1a30b
[19:58:00] [Server thread/INFO]: Verdict1206 lost connection: Disconnected
[19:58:00] [Server thread/INFO]: Verdict1206 left the game
[19:58:01] [Server thread/INFO]: Stopping the server
[19:58:01] [Server thread/INFO]: Stopping server
[19:58:01] [Server thread/INFO]: Saving players
[19:58:01] [Server thread/INFO]: Saving worlds
[19:58:01] [Server thread/INFO]: Saving chunks for level 'ServerLevel[world]'/minecraft:overworld
[19:58:01] [Server thread/INFO]: Saving chunks for level 'ServerLevel[world]'/minecraft:the_nether
[19:58:01] [Server thread/INFO]: Saving chunks for level 'ServerLevel[world]'/minecraft:the_end
[19:58:01] [Server thread/INFO]: ThreadedAnvilChunkStorage (world): All chunks are saved
[19:58:01] [Server thread/INFO]: ThreadedAnvilChunkStorage (DIM-1): All chunks are saved
[19:58:01] [Server thread/INFO]: ThreadedAnvilChunkStorage (DIM1): All chunks are saved
[19:58:01] [Server thread/INFO]: ThreadedAnvilChunkStorage: All dimensions are saved
