Picked up JAVA_TOOL_OPTIONS: -Djava.io.tmpdir=E:/CodexTemp/QiZhangVerdict/compat-1.21.11/builds/03-fabric-smoke-source-set/temp -Dqzguard.testDir=E:/CodexTemp/QiZhangVerdict/compat-1.21.11/builds/03-fabric-smoke-source-set/core-tests -Djavax.net.ssl.trustStoreType=Windows-ROOT -Djavax.net.ssl.trustStore=NONE
To honour the JVM settings for this build a single-use Daemon process will be forked. For more on this, please refer to https://docs.gradle.org/9.2.1/userguide/gradle_daemon.html#sec:disabling_the_daemon in the Gradle documentation.
Daemon will be stopped at the end of the build 

> Configure project :fabric
Fabric Loom: 1.14.10

> Configure project :neoforge
Creating Minecraft artifacts without recompilation.

> Task :fabric:compileJava FROM-CACHE
> Task :fabric:processResources
> Task :fabric:classes
> Task :fabric:compileSmokeJava
> Task :fabric:compileTestJava NO-SOURCE
> Task :fabric:jar
> Task :fabric:processIncludeJars
> Task :fabric:remapJar
> Task :fabric:sourcesJar
> Task :fabric:remapSourcesJar
> Task :fabric:assemble
> Task :fabric:processSmokeResources NO-SOURCE
> Task :fabric:smokeClasses

> Task :fabric:clientChallengeDispatchSmoke
Picked up JAVA_TOOL_OPTIONS: -Djava.io.tmpdir=E:/CodexTemp/QiZhangVerdict/compat-1.21.11/builds/03-fabric-smoke-source-set/temp -Dqzguard.testDir=E:/CodexTemp/QiZhangVerdict/compat-1.21.11/builds/03-fabric-smoke-source-set/core-tests -Djavax.net.ssl.trustStoreType=Windows-ROOT -Djavax.net.ssl.trustStore=NONE
PASS fabric-client-dispatch 1: receive defers inspection until queued login work
PASS fabric-client-dispatch 2: original sender receives after login
PASS fabric-client-dispatch 3: switching servers discards old challenge
PASS fabric-client-dispatch 4: disconnect discards queued challenge
PASS fabric-client-dispatch 5: closed transport is excluded even with retained sender
PASS fabric-client-dispatch 6: null origin never queues a receive
PASS fabric-client-dispatch 7: origin comparison uses identity
PASS fabric-client-dispatch 8: response allowed only for original live listener and sender
PASS fabric-client-dispatch 9: changed response sender rejected
PASS fabric-client-dispatch 10: changed response listener rejected
PASS fabric-client-dispatch 11: closed response transport rejected
PASS fabric-client-dispatch 12: null origin listener cannot match disconnected client
PASS fabric-client-dispatch total=12

> Task :fabric:commandParserSmoke
Picked up JAVA_TOOL_OPTIONS: -Djava.io.tmpdir=E:/CodexTemp/QiZhangVerdict/compat-1.21.11/builds/03-fabric-smoke-source-set/temp -Dqzguard.testDir=E:/CodexTemp/QiZhangVerdict/compat-1.21.11/builds/03-fabric-smoke-source-set/core-tests -Djavax.net.ssl.trustStoreType=Windows-ROOT -Djavax.net.ssl.trustStore=NONE
[23:40:47] [main/INFO]: [STDOUT]: PASS: production command tree accepts unquoted device digests and legacy rule IDs, glob spaces and ban reasons; rejects non-admin access and invalid pages

> Task :fabric:payloadCodecSmoke
Picked up JAVA_TOOL_OPTIONS: -Djava.io.tmpdir=E:/CodexTemp/QiZhangVerdict/compat-1.21.11/builds/03-fabric-smoke-source-set/temp -Dqzguard.testDir=E:/CodexTemp/QiZhangVerdict/compat-1.21.11/builds/03-fabric-smoke-source-set/core-tests -Djavax.net.ssl.trustStoreType=Windows-ROOT -Djavax.net.ssl.trustStore=NONE
PASS: four raw wire round trips, inbound/outbound bounds and defensive array ownership

> Task :fabric:processTestResources NO-SOURCE
> Task :fabric:testClasses UP-TO-DATE
> Task :fabric:test NO-SOURCE
> Task :fabric:validateAccessWidener NO-SOURCE
> Task :fabric:check
> Task :fabric:build

[Incubating] Problems report is available at: file:///E:/Codex_work/QiZhangVerdict/platforms/1.21.11/build/reports/problems/problems-report.html

Deprecated Gradle features were used in this build, making it incompatible with Gradle 10.

You can use '--warning-mode all' to show the individual deprecation warnings and determine if they come from your own scripts or plugins.

For more on this, please refer to https://docs.gradle.org/9.2.1/userguide/command_line_interface.html#sec:command_line_warnings in the Gradle documentation.

BUILD SUCCESSFUL in 34s
11 actionable tasks: 10 executed, 1 from cache
