Picked up JAVA_TOOL_OPTIONS: -Djava.io.tmpdir=E:/CodexTemp/QiZhangVerdict/compat-1.21.11/builds/06-combined/temp -Dqzguard.testDir=E:/CodexTemp/QiZhangVerdict/compat-1.21.11/builds/06-combined/core-tests -Djavax.net.ssl.trustStoreType=Windows-ROOT -Djavax.net.ssl.trustStore=NONE
To honour the JVM settings for this build a single-use Daemon process will be forked. For more on this, please refer to https://docs.gradle.org/9.2.1/userguide/gradle_daemon.html#sec:disabling_the_daemon in the Gradle documentation.
Daemon will be stopped at the end of the build 

> Configure project :fabric
Fabric Loom: 1.14.10

> Configure project :neoforge
Creating Minecraft artifacts without recompilation.

> Task :assemble UP-TO-DATE
> Task :check UP-TO-DATE
> Task :build UP-TO-DATE
> Task :fabric:compileJava FROM-CACHE
> Task :fabric:processResources
> Task :fabric:classes
> Task :fabric:compileSmokeJava FROM-CACHE
> Task :fabric:compileTestJava NO-SOURCE
> Task :fabric:jar
> Task :fabric:processIncludeJars
> Task :fabric:remapJar
> Task :fabric:sourcesJar
> Task :fabric:remapSourcesJar
> Task :fabric:assemble
> Task :fabric:processSmokeResources NO-SOURCE
> Task :fabric:smokeClasses UP-TO-DATE

> Task :fabric:clientChallengeDispatchSmoke
Picked up JAVA_TOOL_OPTIONS: -Djava.io.tmpdir=E:/CodexTemp/QiZhangVerdict/compat-1.21.11/builds/06-combined/temp -Dqzguard.testDir=E:/CodexTemp/QiZhangVerdict/compat-1.21.11/builds/06-combined/core-tests -Djavax.net.ssl.trustStoreType=Windows-ROOT -Djavax.net.ssl.trustStore=NONE
PASS fabric-client-dispatch 1: receive defers inspection until queued login work
PASS fabric-client-dispatch 2: original sender receives after login
PASS fabric-client-dispatch 3: switching servers discards old challenge
PASS fabric-client-dispatch 4: disconnect discards queued challenge
PASS fabric-client-dispatch 5: closed transport is excluded even with retained sender
PASS fabric-client-dispatch 6: null origin never queues a receive
PASS fabric-client-dispatch 7: origin comparison uses identity
PASS fabric-client-dispatch 8: response allowed only for original live listener and sender
PASS fabric-client-dispatch 9: changed response sender rejected
PASS fabric-client-dispatch 10: changed response listener rejected
PASS fabric-client-dispatch 11: closed response transport rejected
PASS fabric-client-dispatch 12: null origin listener cannot match disconnected client
PASS fabric-client-dispatch total=12

> Task :fabric:commandParserSmoke
Picked up JAVA_TOOL_OPTIONS: -Djava.io.tmpdir=E:/CodexTemp/QiZhangVerdict/compat-1.21.11/builds/06-combined/temp -Dqzguard.testDir=E:/CodexTemp/QiZhangVerdict/compat-1.21.11/builds/06-combined/core-tests -Djavax.net.ssl.trustStoreType=Windows-ROOT -Djavax.net.ssl.trustStore=NONE
[23:54:35] [main/INFO]: [STDOUT]: PASS: production command tree accepts unquoted device digests and legacy rule IDs, glob spaces and ban reasons; rejects non-admin access and invalid pages

> Task :fabric:payloadCodecSmoke
Picked up JAVA_TOOL_OPTIONS: -Djava.io.tmpdir=E:/CodexTemp/QiZhangVerdict/compat-1.21.11/builds/06-combined/temp -Dqzguard.testDir=E:/CodexTemp/QiZhangVerdict/compat-1.21.11/builds/06-combined/core-tests -Djavax.net.ssl.trustStoreType=Windows-ROOT -Djavax.net.ssl.trustStore=NONE
PASS: four raw wire round trips, inbound/outbound bounds and defensive array ownership

> Task :fabric:processTestResources NO-SOURCE
> Task :fabric:testClasses UP-TO-DATE
> Task :fabric:test NO-SOURCE
> Task :fabric:validateAccessWidener NO-SOURCE
> Task :fabric:check
> Task :fabric:build

> Task :neoforge:createMinecraftArtifacts
Picked up JAVA_TOOL_OPTIONS: -Djava.io.tmpdir=E:/CodexTemp/QiZhangVerdict/compat-1.21.11/builds/06-combined/temp -Dqzguard.testDir=E:/CodexTemp/QiZhangVerdict/compat-1.21.11/builds/06-combined/core-tests -Djavax.net.ssl.trustStoreType=Windows-ROOT -Djavax.net.ssl.trustStore=NONE
Loaded 141 artifacts from E:\Codex_work\QiZhangVerdict\platforms\1.21.11\neoforge\build\tmp\createMinecraftArtifacts\nfrt_artifact_manifest.properties
*** Started working on downloadJson
 DONE  Completed downloadJson in 0.02s
*** Started working on downloadServer
*** Started working on downloadClientMappings
*** Started working on downloadClient
 DONE  Completed downloadClient in 0.03s
 DONE  Completed downloadServer in 0.03s
 DONE  Completed downloadClientMappings in 0.03s
*** Started working on mergeMappings
 REUSE Used cache of mergeMappings in 0.00s
*** Started working on extractServer
 REUSE Used cache of extractServer in 0.00s
*** Started working on stripClient
*** Started working on stripServer
 REUSE Used cache of stripClient in 0.00s
 REUSE Used cache of stripServer in 0.00s
*** Started working on merge
 REUSE Used cache of merge in 0.00s
*** Started working on rename
 REUSE Used cache of rename in 0.00s
*** Started working on binaryPatch
 REUSE Used cache of binaryPatch in 0.00s
*** Started working on copyUnpatchedClasses
 REUSE Used cache of copyUnpatchedClasses in 0.00s
*** Started working on applyDevTransforms
 REUSE Used cache of applyDevTransforms in 0.00s
*** Started working on binaryWithNeoForge
 REUSE Used cache of binaryWithNeoForge in 0.00s
Total runtime: 1.43s


> Task :neoforge:compileJava FROM-CACHE
> Task :neoforge:processResources
> Task :neoforge:classes
> Task :neoforge:jarJar NO-SOURCE
> Task :neoforge:jar
> Task :neoforge:sourcesJar
> Task :neoforge:assemble
> Task :neoforge:compileSmokeJava FROM-CACHE
> Task :neoforge:processSmokeResources NO-SOURCE
> Task :neoforge:smokeClasses UP-TO-DATE

> Task :neoforge:clientChallengeDispatchSmoke
Picked up JAVA_TOOL_OPTIONS: -Djava.io.tmpdir=E:/CodexTemp/QiZhangVerdict/compat-1.21.11/builds/06-combined/temp -Dqzguard.testDir=E:/CodexTemp/QiZhangVerdict/compat-1.21.11/builds/06-combined/core-tests -Djavax.net.ssl.trustStoreType=Windows-ROOT -Djavax.net.ssl.trustStore=NONE
PASS client-dispatch 1: queues without inspecting pre-login state
PASS client-dispatch 2: receives challenge after queued login on original connection
PASS client-dispatch 3: switched connection discards old challenge
PASS client-dispatch 4: disconnected listener discards queued challenge
PASS client-dispatch 5: supplier excludes closed connection while object remains
PASS client-dispatch 6: null origin cannot match a missing current connection
PASS client-dispatch 7: comparison uses identity rather than equals
PASS client-dispatch 8: next challenge on same live connection remains supported
PASS client-dispatch 9: reconnect drops obsolete queued work and accepts new origin
PASS client-dispatch total=9

> Task :neoforge:compileTestJava FROM-CACHE

> Task :neoforge:downloadAssets
Picked up JAVA_TOOL_OPTIONS: -Djava.io.tmpdir=E:/CodexTemp/QiZhangVerdict/compat-1.21.11/builds/06-combined/temp -Dqzguard.testDir=E:/CodexTemp/QiZhangVerdict/compat-1.21.11/builds/06-combined/core-tests -Djavax.net.ssl.trustStoreType=Windows-ROOT -Djavax.net.ssl.trustStore=NONE
Loaded 141 artifacts from E:\Codex_work\QiZhangVerdict\platforms\1.21.11\neoforge\build\tmp\downloadAssets\nfrt_artifact_manifest.properties
Downloading asset index 29
Using Minecraft asset root: E:\CodexTemp\Gradle\QiZhang_Games\caches\neoformruntime\assets
  DL    https://piston-meta.mojang.com/v1/packages/adb0a43fae291fd88ee27d85a372ba6f2072b0a3/29.json

> Task :neoforge:prepareNeoForgeTestFiles
> Task :neoforge:processTestResources NO-SOURCE
> Task :neoforge:testClasses UP-TO-DATE
> Task :neoforge:test FROM-CACHE
> Task :neoforge:check
> Task :neoforge:build

[Incubating] Problems report is available at: file:///E:/Codex_work/QiZhangVerdict/platforms/1.21.11/build/reports/problems/problems-report.html

Deprecated Gradle features were used in this build, making it incompatible with Gradle 10.

You can use '--warning-mode all' to show the individual deprecation warnings and determine if they come from your own scripts or plugins.

For more on this, please refer to https://docs.gradle.org/9.2.1/userguide/command_line_interface.html#sec:command_line_warnings in the Gradle documentation.

BUILD SUCCESSFUL in 37s
22 actionable tasks: 16 executed, 6 from cache
