Picked up JAVA_TOOL_OPTIONS: -Djava.io.tmpdir=E:/CodexTemp/QiZhangVerdict/compat-1.21.11/builds/05-neoforge-junit/temp -Dqzguard.testDir=E:/CodexTemp/QiZhangVerdict/compat-1.21.11/builds/05-neoforge-junit/core-tests -Djavax.net.ssl.trustStoreType=Windows-ROOT -Djavax.net.ssl.trustStore=NONE
To honour the JVM settings for this build a single-use Daemon process will be forked. For more on this, please refer to https://docs.gradle.org/9.2.1/userguide/gradle_daemon.html#sec:disabling_the_daemon in the Gradle documentation.
Daemon will be stopped at the end of the build 

> Configure project :fabric
Fabric Loom: 1.14.10

> Configure project :neoforge
Creating Minecraft artifacts without recompilation.

> Task :neoforge:createMinecraftArtifacts
Picked up JAVA_TOOL_OPTIONS: -Djava.io.tmpdir=E:/CodexTemp/QiZhangVerdict/compat-1.21.11/builds/05-neoforge-junit/temp -Dqzguard.testDir=E:/CodexTemp/QiZhangVerdict/compat-1.21.11/builds/05-neoforge-junit/core-tests -Djavax.net.ssl.trustStoreType=Windows-ROOT -Djavax.net.ssl.trustStore=NONE
Loaded 141 artifacts from E:\Codex_work\QiZhangVerdict\platforms\1.21.11\neoforge\build\tmp\createMinecraftArtifacts\nfrt_artifact_manifest.properties
*** Started working on downloadJson
 DONE  Completed downloadJson in 0.02s
*** Started working on downloadClientMappings
*** Started working on downloadClient
*** Started working on downloadServer
 DONE  Completed downloadServer in 0.03s
 DONE  Completed downloadClientMappings in 0.03s
 DONE  Completed downloadClient in 0.03s
*** Started working on mergeMappings
 REUSE Used cache of mergeMappings in 0.00s
*** Started working on extractServer
 REUSE Used cache of extractServer in 0.00s
*** Started working on stripClient
*** Started working on stripServer
 REUSE Used cache of stripClient in 0.00s
 REUSE Used cache of stripServer in 0.00s
*** Started working on merge
 REUSE Used cache of merge in 0.00s
*** Started working on rename
 REUSE Used cache of rename in 0.00s
*** Started working on binaryPatch
 REUSE Used cache of binaryPatch in 0.00s
*** Started working on copyUnpatchedClasses
 REUSE Used cache of copyUnpatchedClasses in 0.00s
*** Started working on applyDevTransforms
 REUSE Used cache of applyDevTransforms in 0.00s
*** Started working on binaryWithNeoForge
 REUSE Used cache of binaryWithNeoForge in 0.00s
Total runtime: 1.48s


> Task :neoforge:compileJava FROM-CACHE
> Task :neoforge:processResources
> Task :neoforge:classes
> Task :neoforge:jarJar NO-SOURCE
> Task :neoforge:jar
> Task :neoforge:sourcesJar
> Task :neoforge:assemble
> Task :neoforge:compileSmokeJava FROM-CACHE
> Task :neoforge:processSmokeResources NO-SOURCE
> Task :neoforge:smokeClasses UP-TO-DATE

> Task :neoforge:clientChallengeDispatchSmoke
Picked up JAVA_TOOL_OPTIONS: -Djava.io.tmpdir=E:/CodexTemp/QiZhangVerdict/compat-1.21.11/builds/05-neoforge-junit/temp -Dqzguard.testDir=E:/CodexTemp/QiZhangVerdict/compat-1.21.11/builds/05-neoforge-junit/core-tests -Djavax.net.ssl.trustStoreType=Windows-ROOT -Djavax.net.ssl.trustStore=NONE
PASS client-dispatch 1: queues without inspecting pre-login state
PASS client-dispatch 2: receives challenge after queued login on original connection
PASS client-dispatch 3: switched connection discards old challenge
PASS client-dispatch 4: disconnected listener discards queued challenge
PASS client-dispatch 5: supplier excludes closed connection while object remains
PASS client-dispatch 6: null origin cannot match a missing current connection
PASS client-dispatch 7: comparison uses identity rather than equals
PASS client-dispatch 8: next challenge on same live connection remains supported
PASS client-dispatch 9: reconnect drops obsolete queued work and accepts new origin
PASS client-dispatch total=9

> Task :neoforge:compileTestJava
注: E:\Codex_work\QiZhangVerdict\platforms\1.21.11\common\src\smoke\java\cn\qizhang\guard\minecraft\PayloadCodecSmoke.java使用或覆盖了已过时的 API。
注: 有关详细信息, 请使用 -Xlint:deprecation 重新编译。

> Task :neoforge:downloadAssets
Picked up JAVA_TOOL_OPTIONS: -Djava.io.tmpdir=E:/CodexTemp/QiZhangVerdict/compat-1.21.11/builds/05-neoforge-junit/temp -Dqzguard.testDir=E:/CodexTemp/QiZhangVerdict/compat-1.21.11/builds/05-neoforge-junit/core-tests -Djavax.net.ssl.trustStoreType=Windows-ROOT -Djavax.net.ssl.trustStore=NONE
Loaded 141 artifacts from E:\Codex_work\QiZhangVerdict\platforms\1.21.11\neoforge\build\tmp\downloadAssets\nfrt_artifact_manifest.properties
Downloading asset index 29
Using Minecraft asset root: E:\CodexTemp\Gradle\QiZhang_Games\caches\neoformruntime\assets
  DL    https://piston-meta.mojang.com/v1/packages/adb0a43fae291fd88ee27d85a372ba6f2072b0a3/29.json
100/4591 downloads
200/4591 downloads
300/4591 downloads
400/4591 downloads
500/4591 downloads
600/4591 downloads
700/4591 downloads
800/4591 downloads
900/4591 downloads
1000/4591 downloads
1100/4591 downloads
1200/4591 downloads
1300/4591 downloads
1400/4591 downloads
1500/4591 downloads
1600/4591 downloads
1700/4591 downloads
1800/4591 downloads
1900/4591 downloads
2000/4591 downloads
2100/4591 downloads
2200/4591 downloads
2300/4591 downloads
2400/4591 downloads
2500/4591 downloads
2600/4591 downloads
2700/4591 downloads
2800/4591 downloads
2900/4591 downloads
3000/4591 downloads
3100/4591 downloads
3200/4591 downloads
3300/4591 downloads
3400/4591 downloads
3500/4591 downloads
3600/4591 downloads
3700/4591 downloads
3800/4591 downloads
3900/4591 downloads
4000/4591 downloads
4100/4591 downloads
4200/4591 downloads
4300/4591 downloads
4400/4591 downloads
4500/4591 downloads
Downloaded 4591 files with a total size of 430 MiB

> Task :neoforge:prepareNeoForgeTestFiles
> Task :neoforge:processTestResources NO-SOURCE
> Task :neoforge:testClasses

> Task :neoforge:test
Picked up JAVA_TOOL_OPTIONS: -Djava.io.tmpdir=E:/CodexTemp/QiZhangVerdict/compat-1.21.11/builds/05-neoforge-junit/temp -Dqzguard.testDir=E:/CodexTemp/QiZhangVerdict/compat-1.21.11/builds/05-neoforge-junit/core-tests -Djavax.net.ssl.trustStoreType=Windows-ROOT -Djavax.net.ssl.trustStore=NONE

Gradle Test Executor 1 STANDARD_ERROR
    2026-09-25T14:51:23.656468800Z Test worker WARN Advanced terminal features are not available in this environment

Picked up JAVA_TOOL_OPTIONS: -Djava.io.tmpdir=E:/CodexTemp/QiZhangVerdict/compat-1.21.11/builds/05-neoforge-junit/temp -Dqzguard.testDir=E:/CodexTemp/QiZhangVerdict/compat-1.21.11/builds/05-neoforge-junit/core-tests -Djavax.net.ssl.trustStoreType=Windows-ROOT -Djavax.net.ssl.trustStore=NONE

> Task :neoforge:test
    WARNING: A Java agent has been loaded dynamically (E:\CodexTemp\QiZhangVerdict\compat-1.21.11\builds\05-neoforge-junit\temp\agentattach2727210728684070666.jar)
    WARNING: If a serviceability tool is in use, please run with -XX:+EnableDynamicAgentLoading to hide this warning
    WARNING: If a serviceability tool is not in use, please run with -Djdk.instrument.traceUsage for more information
    WARNING: Dynamic loading of agents will be disallowed by default in a future release

Gradle Test Executor 1 STANDARD_OUT
    [23:51:24] [Test worker/INFO] [ne.ne.fm.st.InstrumentationHelper/]: Using our own agent
    [23:51:24] [Test worker/INFO] [ne.ne.fm.lo.FMLLoader/]: Starting FancyModLoader version 10.0.36 (DEDICATED_SERVER in DEV)
    [23:51:24] [Test worker/INFO] [ne.ne.fm.lo.FMLLoader/]: Game directory: 
    [23:51:24] [Test worker/INFO] [ne.ne.fm.lo.EarlyServiceDiscovery/]: Found 0 early service jars (out of 0) in 5ms
    [23:51:24] [Test worker/INFO] [ne.ne.fm.lo.ImmediateWindowHandler/]: Not loading early display in headless mode.
    [23:51:24] [Test worker/INFO] [ne.ne.fm.lo.mo.lo.GameLocator/]: Detected a joined NeoForge and Minecraft configuration. Applying filtering...
    [23:51:24] [Test worker/INFO] [ne.ne.fm.lo.mo.lo.InDevFolderLocator/CORE]: Got mod coordinates qizhangverdict%%E:\Codex_work\QiZhangVerdict\platforms\1.21.11\neoforge\build\classes\java\main;qizhangverdict%%E:\Codex_work\QiZhangVerdict\platforms\1.21.11\neoforge\build\resources\main;qizhangverdict%%E:\Codex_work\QiZhangVerdict\platforms\1.21.11\neoforge\build\classes\java\test;qizhangverdict%%E:\Codex_work\QiZhangVerdict\platforms\1.21.11\neoforge\build\resources\test from env
    [23:51:24] [Test worker/INFO] [ne.ne.fm.lo.mo.lo.JarInJarDependencyLocator/]: Found 2 dependencies adding them to mods collection
    [23:51:24] [Test worker/INFO] [ne.ne.fm.lo.mo.ModDiscoverer/]: 
         Mod List:
    		Name Version (Mod Id)

    		Minecraft 1.21.11 (minecraft)
    		NeoForge 21.11.45 (neoforge)
    		QiZhang's Verdict 0.4.0-dev (qizhangverdict)
    [23:51:25] [Test worker/INFO] [mixin/]: SpongePowered MIXIN Subsystem Version=0.8.7 Source=file:/E:/CodexTemp/Gradle/QiZhang_Games/caches/modules-2/files-2.1/net.fabricmc/sponge-mixin/0.16.5+mixin.0.8.7/80fc3a9f592673cea87f4cd702f87991c6c9fe4d/sponge-mixin-0.16.5+mixin.0.8.7.jar Service=FML Env=SERVER
    [23:51:25] [Test worker/INFO] [ne.ne.fm.lo.FMLLoader/]: Loading FML Plugins:
    [23:51:25] [Test worker/INFO] [ne.ne.fm.lo.FMLLoader/]:  - E:/Codex_work/QiZhangVerdict/platforms/1.21.11/neoforge/build/moddev/artifacts/neoforge-21.11.45.jar > net.neoforged.neoforge-coremods-21.11.45.jar
    [23:51:25] [Test worker/INFO] [ne.ne.fm.lo.FMLLoader/]: Building game content classloader:
     - minecraft (composite(filtered(jar(E:/Codex_work/QiZhangVerdict/platforms/1.21.11/neoforge/build/moddev/artifacts/neoforge-21.11.45-client-extra-aka-minecraft-resources.jar)), filtered(jar(E:/Codex_work/QiZhangVerdict/platforms/1.21.11/neoforge/build/moddev/artifacts/neoforge-21.11.45.jar))))
     - mixinextras.neoforge (jar(E:/Codex_work/QiZhangVerdict/platforms/1.21.11/neoforge/build/moddev/artifacts/neoforge-21.11.45.jar > mixinextras-neoforge-0.5.3.jar))
     - neoforge (composite(filtered(jar(E:/Codex_work/QiZhangVerdict/platforms/1.21.11/neoforge/build/moddev/artifacts/neoforge-21.11.45.jar))))
     - net.neoforged.fml.generated (empty(VirtualJar/net.neoforged.fml.generated))
     - qizhangverdict (composite(folder(E:/Codex_work/QiZhangVerdict/platforms/1.21.11/neoforge/build/classes/java/main), folder(E:/Codex_work/QiZhangVerdict/platforms/1.21.11/neoforge/build/resources/main), folder(E:/Codex_work/QiZhangVerdict/platforms/1.21.11/neoforge/build/classes/java/test)))
    [23:51:25] [Test worker/INFO] [ne.ne.fm.lo.FMLLoader/]: Built game content classloader in 36ms
    [23:51:25] [Test worker/INFO] [ne.ne.fm.ju.JUnitService/]: Starting FML took 1633ms
    [23:51:25] [Test worker/INFO] [MixinExtras|Service/]: Initializing MixinExtras via com.llamalad7.mixinextras.service.MixinExtrasServiceImpl(version=0.5.3).
    [23:51:31] [modloading-worker-0/INFO] [ne.ne.ne.co.NeoForgeMod/NEOFORGE-MOD]: NeoForge mod loading, version 21.11.45, for MC 1.21.11
    [23:51:32] [Test worker/INFO] [ne.ne.fm.ju.JUnitService/]: Running game bootstrapper net.neoforged.neoforge.junit.JUnitMain took 6428ms
    [23:51:32] [Test worker/INFO] [ne.ne.fm.ju.JUnitService/]: Active FML loader 35304516

PlatformContractTest > administratorCommandTree() STANDARD_OUT
    PASS: production command tree accepts unquoted device digests and legacy rule IDs, glob spaces and ban reasons; rejects non-admin access and invalid pages

PlatformContractTest > administratorCommandTree() PASSED

PlatformContractTest > boundedBukkitCompatiblePayload() STANDARD_OUT
    PASS: four raw wire round trips, inbound/outbound bounds and defensive array ownership

PlatformContractTest > boundedBukkitCompatiblePayload() PASSED

Gradle Test Executor 1 STANDARD_OUT
    [23:51:32] [Test worker/INFO] [ne.ne.fm.lo.FMLLoader/]: Closing FML Loader 35304516
    [23:51:32] [Test worker/INFO] [ne.ne.fm.ModLoader/]: Clearing ModLoader

> Task :neoforge:check
> Task :neoforge:build

[Incubating] Problems report is available at: file:///E:/Codex_work/QiZhangVerdict/platforms/1.21.11/build/reports/problems/problems-report.html

Deprecated Gradle features were used in this build, making it incompatible with Gradle 10.

You can use '--warning-mode all' to show the individual deprecation warnings and determine if they come from your own scripts or plugins.

For more on this, please refer to https://docs.gradle.org/9.2.1/userguide/command_line_interface.html#sec:command_line_warnings in the Gradle documentation.

BUILD SUCCESSFUL in 50s
11 actionable tasks: 9 executed, 2 from cache
