Picked up JAVA_TOOL_OPTIONS: -Djava.io.tmpdir=E:/CodexTemp/QiZhangVerdict/compat-1.21.11/toolchain-02/tmp -Djavax.net.ssl.trustStoreType=Windows-ROOT -Djavax.net.ssl.trustStore=NONE
Downloading https://services.gradle.org/distributions/gradle-9.2.1-bin.zip
............10%.............20%.............30%.............40%.............50%.............60%.............70%.............80%.............90%.............100%

Welcome to Gradle 9.2.1!

Here are the highlights of this release:
 - Windows ARM support
 - Improved publishing APIs
 - Better guidance for dependency verification failures

For more details see https://docs.gradle.org/9.2.1/release-notes.html


------------------------------------------------------------
Gradle 9.2.1
------------------------------------------------------------

Build time:    2025-11-17 13:40:48 UTC
Revision:      30ecdc708db275e8f8769ea0620f6dd919a58f76

Kotlin:        2.2.20
Groovy:        4.0.28
Ant:           Apache Ant(TM) version 1.10.15 compiled on August 25 2024
Launcher JVM:  21.0.8 (Oracle Corporation 21.0.8+12-LTS-250)
Daemon JVM:    D:\Java\jdk-21 (no JDK specified, using current Java home)
OS:            Windows 11 10.0 amd64

