Picked up JAVA_TOOL_OPTIONS: -Djava.io.tmpdir=E:/CodexTemp/QiZhangVerdict/compat-1.20.6/builds/neoforge-01/temp -Dqzguard.testDir=E:/CodexTemp/QiZhangVerdict/compat-1.20.6/builds/neoforge-01/core-tests -Djavax.net.ssl.trustStoreType=Windows-ROOT -Djavax.net.ssl.trustStore=NONE
To honour the JVM settings for this build a single-use Daemon process will be forked. For more on this, please refer to https://docs.gradle.org/9.2.1/userguide/gradle_daemon.html#sec:disabling_the_daemon in the Gradle documentation.
Daemon will be stopped at the end of the build 

> Configure project :fabric
Fabric Loom: 1.14.10

> Configure project :neoforge
Creating Minecraft artifacts without recompilation.

> Task :neoforge:createMinecraftArtifacts
Picked up JAVA_TOOL_OPTIONS: -Djava.io.tmpdir=E:/CodexTemp/QiZhangVerdict/compat-1.20.6/builds/neoforge-01/temp -Dqzguard.testDir=E:/CodexTemp/QiZhangVerdict/compat-1.20.6/builds/neoforge-01/core-tests -Djavax.net.ssl.trustStoreType=Windows-ROOT -Djavax.net.ssl.trustStore=NONE
Loaded 145 artifacts from E:\Codex_work\QiZhangVerdict\platforms\1.20.6\neoforge\build\tmp\createMinecraftArtifacts\nfrt_artifact_manifest.properties
*** Started working on downloadJson
  DL    https://piston-meta.mojang.com/mc/game/version_manifest_v2.json
  DL    https://piston-meta.mojang.com/v1/packages/c9b52edcb15feffc8ea0c4c90027e20cdcb1b1f6/1.20.6.json
 DONE  Completed downloadJson in 0.53s
*** Started working on downloadClient
*** Started working on downloadServer
*** Started working on downloadClientMappings
  DL    https://piston-data.mojang.com/v1/objects/de46c8f33d7826eb83e8ef0e9f80dc1f08cb9498/client.txt
  DL    https://piston-data.mojang.com/v1/objects/05b6f1c6b46a29d6ea82b4e0d42190e42402030f/client.jar
  DL    https://piston-data.mojang.com/v1/objects/145ff0858209bcfc164859ba735d4199aafa1eea/server.jar
 DONE  Completed downloadClientMappings in 0.50s
*** Started working on mergeMappings
 RUN   Running external tool net.neoforged.installertools:installertools:2.1.2:fatjar
 DONE  Completed downloadClient in 0.80s
*** Started working on stripClient
 DONE  Completed downloadServer in 1.03s
*** Started working on extractServer
 RUN   Running external tool net.neoforged.installertools:installertools:2.1.2:fatjar
 DONE  Completed extractServer in 0.86s
*** Started working on stripServer
 DONE  Completed mergeMappings in 2.04s
 DONE  Completed stripClient in 2.70s
 DONE  Completed stripServer in 1.60s
*** Started working on merge
 RUN   Running external tool net.neoforged:mergetool:2.0.3:fatjar
 DONE  Completed merge in 3.32s
*** Started working on rename
 RUN   Running external tool net.neoforged:AutoRenamingTool:2.0.3:all
 DONE  Completed rename in 4.76s
*** Started working on binaryPatch
  WARNING: net.minecraftforge:binarypatcher:1.1.1:fatjar is not present in the artifact manifest
  DL    https://maven.neoforged.net/releases/net/minecraftforge/binarypatcher/1.1.1/binarypatcher-1.1.1-fatjar.jar
 RUN   Running external tool net.minecraftforge:binarypatcher:1.1.1:fatjar
 DONE  Completed binaryPatch in 22.09s
*** Started working on copyUnpatchedClasses
 DONE  Completed copyUnpatchedClasses in 1.56s
*** Started working on applyDevTransforms
 RUN   Running external tool net.neoforged.installertools:installertools:4.0.12:fatjar
 DONE  Completed applyDevTransforms in 2.03s
*** Started working on binaryWithNeoForge
 DONE  Completed binaryWithNeoForge in 5.10s
Performing periodic cache maintenance on E:\CodexTemp\Gradle\QiZhang_Games\caches\neoformruntime
Cleaning intermediate results cache in E:\CodexTemp\Gradle\QiZhang_Games\caches\neoformruntime\intermediate_results
 Maximum age: 744h
 Maximum cache size: 10 GiB
 44 files found
 352 MiB overall size
 0 expired keys found
 Deleted 19 outdated lock files
Total runtime: 44.07s


> Task :neoforge:compileJava
> Task :neoforge:processResources
> Task :neoforge:classes
> Task :neoforge:jarJar NO-SOURCE
> Task :neoforge:jar
> Task :neoforge:sourcesJar
> Task :neoforge:assemble

> Task :neoforge:compileSmokeJava
注: E:\Codex_work\QiZhangVerdict\platforms\1.20.6\common\src\smoke\java\cn\qizhang\guard\minecraft\PayloadCodecSmoke.java使用或覆盖了已过时的 API。
注: 有关详细信息, 请使用 -Xlint:deprecation 重新编译。

> Task :neoforge:processSmokeResources NO-SOURCE
> Task :neoforge:smokeClasses

> Task :neoforge:clientChallengeDispatchSmoke
Picked up JAVA_TOOL_OPTIONS: -Djava.io.tmpdir=E:/CodexTemp/QiZhangVerdict/compat-1.20.6/builds/neoforge-01/temp -Dqzguard.testDir=E:/CodexTemp/QiZhangVerdict/compat-1.20.6/builds/neoforge-01/core-tests -Djavax.net.ssl.trustStoreType=Windows-ROOT -Djavax.net.ssl.trustStore=NONE
PASS client-dispatch 1: queues without inspecting pre-login state
PASS client-dispatch 2: receives challenge after queued login on original connection
PASS client-dispatch 3: switched connection discards old challenge
PASS client-dispatch 4: disconnected listener discards queued challenge
PASS client-dispatch 5: supplier excludes closed connection while object remains
PASS client-dispatch 6: null origin cannot match a missing current connection
PASS client-dispatch 7: comparison uses identity rather than equals
PASS client-dispatch 8: next challenge on same live connection remains supported
PASS client-dispatch 9: reconnect drops obsolete queued work and accepts new origin
PASS client-dispatch total=9

> Task :neoforge:compileTestJava
注: E:\Codex_work\QiZhangVerdict\platforms\1.20.6\common\src\smoke\java\cn\qizhang\guard\minecraft\PayloadCodecSmoke.java使用或覆盖了已过时的 API。
注: 有关详细信息, 请使用 -Xlint:deprecation 重新编译。

> Task :neoforge:downloadAssets
Picked up JAVA_TOOL_OPTIONS: -Djava.io.tmpdir=E:/CodexTemp/QiZhangVerdict/compat-1.20.6/builds/neoforge-01/temp -Dqzguard.testDir=E:/CodexTemp/QiZhangVerdict/compat-1.20.6/builds/neoforge-01/core-tests -Djavax.net.ssl.trustStoreType=Windows-ROOT -Djavax.net.ssl.trustStore=NONE
Loaded 145 artifacts from E:\Codex_work\QiZhangVerdict\platforms\1.20.6\neoforge\build\tmp\downloadAssets\nfrt_artifact_manifest.properties
Downloading asset index 16
Using Minecraft asset root: E:\CodexTemp\Gradle\QiZhang_Games\caches\neoformruntime\assets
  DL    https://piston-meta.mojang.com/v1/packages/c1fa4a8d41b8104ae6a8f9d32b5de21e72f49cdd/16.json
100/3670 downloads
200/3670 downloads
300/3670 downloads
400/3670 downloads
500/3670 downloads
600/3670 downloads
700/3670 downloads
800/3670 downloads
900/3670 downloads
1000/3670 downloads
1100/3670 downloads
1200/3670 downloads
1300/3670 downloads
1400/3670 downloads
1500/3670 downloads
1600/3670 downloads
1700/3670 downloads
1800/3670 downloads
1900/3670 downloads
2000/3670 downloads
2100/3670 downloads
2200/3670 downloads
2300/3670 downloads
2400/3670 downloads
2500/3670 downloads
2600/3670 downloads
2700/3670 downloads
2800/3670 downloads
2900/3670 downloads
3000/3670 downloads
3100/3670 downloads
3200/3670 downloads
3300/3670 downloads
3400/3670 downloads
3500/3670 downloads
3600/3670 downloads
Downloaded 3670 files with a total size of 530 MiB

> Task :neoforge:writeNeoForgeTestClasspath
> Task :neoforge:prepareNeoForgeTestFiles
> Task :neoforge:processTestResources NO-SOURCE
> Task :neoforge:testClasses

> Task :neoforge:test
Picked up JAVA_TOOL_OPTIONS: -Djava.io.tmpdir=E:/CodexTemp/QiZhangVerdict/compat-1.20.6/builds/neoforge-01/temp -Dqzguard.testDir=E:/CodexTemp/QiZhangVerdict/compat-1.20.6/builds/neoforge-01/core-tests -Djavax.net.ssl.trustStoreType=Windows-ROOT -Djavax.net.ssl.trustStore=NONE

Gradle Test Executor 1 STANDARD_ERROR
    ********************************************************************************
    Starting in unit testing mode. Misconfiguration may mask bugs that would occur in normal operation.
    ********************************************************************************

Gradle Test Executor 1 STANDARD_OUT
    WARN StatusConsoleListener Advanced terminal features are not available in this environment
    [18:28:40] [Test worker/INFO] [cp.mo.mo.Launcher/MODLAUNCHER]: ModLauncher running: args [--launchTarget, forgejunituserdev, --version, 20.6.141, --assetIndex, 16, --assetsDir, E:\CodexTemp\Gradle\QiZhang_Games\caches\neoformruntime\assets, --gameDir, ., --fml.neoForgeVersion, 20.6.141, --fml.fmlVersion, 3.0.45, --fml.mcVersion, 1.20.6, --fml.neoFormVersion, 20240627.102356]
    [18:28:40] [Test worker/INFO] [cp.mo.mo.Launcher/MODLAUNCHER]: JVM identified as Oracle Corporation Java HotSpot(TM) 64-Bit Server VM 21.0.8+12-LTS-250
    [18:28:40] [Test worker/INFO] [cp.mo.mo.Launcher/MODLAUNCHER]: ModLauncher 11.0.2+main.4612c65f starting: java version 21.0.8 by Oracle Corporation; OS Windows 11 arch amd64 version 10.0
    [18:28:40] [Test worker/WARN] [ne.ne.fm.lo.FMLConfig/CORE]: Configuration file E:\Codex_work\QiZhangVerdict\platforms\1.20.6\neoforge\build\minecraft-junit\config\fml.toml is not correct. Correcting
    [18:28:40] [Test worker/INFO] [ne.ne.fm.lo.FMLConfig/CORE]: Incorrect key [disableConfigWatcher] was corrected from null to false
    [18:28:40] [Test worker/INFO] [ne.ne.fm.lo.FMLConfig/CORE]: Incorrect key [earlyWindowSkipGLVersions] was corrected from null to []
    [18:28:40] [Test worker/INFO] [ne.ne.fm.lo.FMLConfig/CORE]: Incorrect key [earlyWindowSquir] was corrected from null to false
    [18:28:40] [Test worker/INFO] [ne.ne.fm.lo.ImmediateWindowHandler/]: ImmediateWindowProvider not loading because launch target is forgejunituserdev
    [18:28:40] [Test worker/INFO] [mixin/]: SpongePowered MIXIN Subsystem Version=0.8.5 Source=union:/E:/CodexTemp/Gradle/QiZhang_Games/caches/modules-2/files-2.1/net.fabricmc/sponge-mixin/0.13.4+mixin.0.8.5/8adf0cff1795a169141b9e16ad7b9f6e2527a990/sponge-mixin-0.13.4+mixin.0.8.5.jar%23132!/ Service=ModLauncher Env=SERVER
    [18:28:40] [Test worker/INFO] [ne.ne.fm.lo.mo.lo.JarInJarDependencyLocator/]: Found 1 dependencies adding them to mods collection
    [18:28:41] [Test worker/INFO] [ne.ne.fm.lo.FMLServiceProvider/CORE]: Loading coremod script-engine for [neoforge]
    [18:28:41] [Test worker/INFO] [mixin/]: Compatibility level set to JAVA_21
    [18:28:41] [Test worker/INFO] [cp.mo.mo.LaunchServiceHandler/MODLAUNCHER]: Launching target 'forgejunituserdev' with arguments [--version, 20.6.141, --gameDir, ., --assetsDir, E:\CodexTemp\Gradle\QiZhang_Games\caches\neoformruntime\assets, --assetIndex, 16]
    [18:28:47] [modloading-worker-0/INFO] [ne.ne.ne.co.NeoForgeMod/NEOFORGE-MOD]: NeoForge mod loading, version 20.6.141, for MC 1.20.6
    [18:28:47] [modloading-sync-worker/WARN] [ne.ne.ne.co.ModConfigSpec/CORE]: Configuration file E:\Codex_work\QiZhangVerdict\platforms\1.20.6\neoforge\build\minecraft-junit\config\neoforge-common.toml is not correct. Correcting
    [18:28:47] [modloading-sync-worker/WARN] [ne.ne.ne.co.ModConfigSpec/CORE]: Incorrect key general was corrected from null to its default, SimpleCommentedConfig:{}. 
    [18:28:47] [modloading-sync-worker/WARN] [ne.ne.ne.co.ModConfigSpec/CORE]: Incorrect key general.logUntranslatedItemTagWarnings was corrected from null to its default, SILENCED. 
    [18:28:47] [modloading-sync-worker/WARN] [ne.ne.ne.co.ModConfigSpec/CORE]: Incorrect key general.logLegacyTagWarnings was corrected from null to its default, DEV_SHORT. 

PlatformContractTest > administratorCommandTree() STANDARD_OUT
    [18:28:47] [Test worker/INFO] [MixinExtras|Service/]: Initializing MixinExtras via com.llamalad7.mixinextras.service.MixinExtrasServiceImpl(version=0.4.1).
    PASS: production command tree accepts unquoted device digests and legacy rule IDs, glob spaces and ban reasons; rejects non-admin access and invalid pages

PlatformContractTest > administratorCommandTree() PASSED

PlatformContractTest > boundedBukkitCompatiblePayload() STANDARD_OUT
    PASS: four raw wire round trips, inbound/outbound bounds and defensive array ownership

PlatformContractTest > boundedBukkitCompatiblePayload() PASSED

> Task :neoforge:check
> Task :neoforge:build

[Incubating] Problems report is available at: file:///E:/Codex_work/QiZhangVerdict/platforms/1.20.6/build/reports/problems/problems-report.html

Deprecated Gradle features were used in this build, making it incompatible with Gradle 10.

You can use '--warning-mode all' to show the individual deprecation warnings and determine if they come from your own scripts or plugins.

For more on this, please refer to https://docs.gradle.org/9.2.1/userguide/command_line_interface.html#sec:command_line_warnings in the Gradle documentation.

BUILD SUCCESSFUL in 2m
12 actionable tasks: 12 executed
