2026-09-28T14:28:44.9655237Z Current runner version: '2.337.0'
2026-09-28T14:28:44.9680416Z ##[group]Runner Image Provisioner
2026-09-28T14:28:44.9681644Z Hosted Compute Agent
2026-09-28T14:28:44.9682413Z Version: 20260828.587
2026-09-28T14:28:44.9683097Z Commit: abac92662cab4cc7352de4f9f9d2e2419aad9c29
2026-09-28T14:28:44.9683863Z Build Date: 2026-08-28T16:44:25Z
2026-09-28T14:28:44.9684592Z Worker ID: {01ade017-5f30-413c-9e4d-e7c00b713976}
2026-09-28T14:28:44.9685312Z Azure Region: westus
2026-09-28T14:28:44.9685977Z ##[endgroup]
2026-09-28T14:28:44.9687604Z ##[group]Operating System
2026-09-28T14:28:44.9688318Z Ubuntu
2026-09-28T14:28:44.9688862Z 24.04.5
2026-09-28T14:28:44.9689368Z LTS
2026-09-28T14:28:44.9690066Z ##[endgroup]
2026-09-28T14:28:44.9690900Z ##[group]Runner Image
2026-09-28T14:28:44.9691654Z Image: ubuntu-24.04
2026-09-28T14:28:44.9692350Z Version: 20260920.314.1
2026-09-28T14:28:44.9694041Z Included Software: https://github.com/actions/runner-images/blob/ubuntu24/20260920.314/images/ubuntu/Ubuntu2404-Readme.md
2026-09-28T14:28:44.9695630Z Image Release: https://github.com/actions/runner-images/releases/tag/ubuntu24%2F20260920.314
2026-09-28T14:28:44.9696640Z ##[endgroup]
2026-09-28T14:28:44.9697762Z ##[group]GITHUB_TOKEN Permissions
2026-09-28T14:28:44.9700002Z Contents: read
2026-09-28T14:28:44.9700891Z Metadata: read
2026-09-28T14:28:44.9701487Z ##[endgroup]
2026-09-28T14:28:44.9703635Z Secret source: Actions
2026-09-28T14:28:44.9704635Z Cache mode: write
2026-09-28T14:28:44.9705433Z Prepare workflow directory
2026-09-28T14:28:45.0115231Z Prepare all required actions
2026-09-28T14:28:45.0165454Z Getting action download info
2026-09-28T14:28:45.4333040Z Download action repository 'actions/checkout@3d3c42e5aac5ba805825da76410c181273ba90b1' (SHA:3d3c42e5aac5ba805825da76410c181273ba90b1)
2026-09-28T14:28:45.5419582Z Download action repository 'actions/download-artifact@3e5f45b2cfb9172054b4087a40e8e0b5a5461e7c' (SHA:3e5f45b2cfb9172054b4087a40e8e0b5a5461e7c)
2026-09-28T14:28:45.9398937Z Download action repository 'actions/upload-artifact@043fb46d1a93c77aae656e7c1c64a875d1fc6a0a' (SHA:043fb46d1a93c77aae656e7c1c64a875d1fc6a0a)
2026-09-28T14:28:46.1133638Z Complete job name: Collect seventeen modern JARs
2026-09-28T14:28:46.1902989Z ##[group]Run actions/checkout@3d3c42e5aac5ba805825da76410c181273ba90b1
2026-09-28T14:28:46.1904117Z with:
2026-09-28T14:28:46.1904588Z   persist-credentials: false
2026-09-28T14:28:46.1905139Z   repository: EeryFrank/QiZhangVerdict
2026-09-28T14:28:46.1908855Z   token: ***
2026-09-28T14:28:46.1909280Z   ssh-strict: true
2026-09-28T14:28:46.1909717Z   ssh-user: git
2026-09-28T14:28:46.1910134Z   clean: true
2026-09-28T14:28:46.1910574Z   sparse-checkout-cone-mode: true
2026-09-28T14:28:46.1911294Z   fetch-depth: 1
2026-09-28T14:28:46.1911721Z   fetch-tags: false
2026-09-28T14:28:46.1912161Z   show-progress: true
2026-09-28T14:28:46.1912603Z   lfs: false
2026-09-28T14:28:46.1913024Z   submodules: false
2026-09-28T14:28:46.1913470Z   set-safe-directory: true
2026-09-28T14:28:46.1913973Z   allow-unsafe-pr-checkout: false
2026-09-28T14:28:46.1914775Z env:
2026-09-28T14:28:46.1915175Z   CI: true
2026-09-28T14:28:46.1915579Z ##[endgroup]
2026-09-28T14:28:46.2918410Z Syncing repository: EeryFrank/QiZhangVerdict
2026-09-28T14:28:46.2921315Z ##[group]Getting Git version info
2026-09-28T14:28:46.2922604Z Working directory is '/home/runner/work/QiZhangVerdict/QiZhangVerdict'
2026-09-28T14:28:46.2924362Z [command]/usr/bin/git version
2026-09-28T14:28:46.2997126Z git version 2.55.0
2026-09-28T14:28:46.3028900Z ##[endgroup]
2026-09-28T14:28:46.3037226Z Temporarily overriding HOME='/home/runner/work/_temp/d2091904-1b7b-4abf-afb6-2691c4d53bac' before making global git config changes
2026-09-28T14:28:46.3039583Z Adding repository directory to the temporary git global config as a safe directory
2026-09-28T14:28:46.3045080Z [command]/usr/bin/git config --global --add safe.directory /home/runner/work/QiZhangVerdict/QiZhangVerdict
2026-09-28T14:28:46.3106489Z Deleting the contents of '/home/runner/work/QiZhangVerdict/QiZhangVerdict'
2026-09-28T14:28:46.3112565Z ##[group]Determining repository object format
2026-09-28T14:28:46.3114567Z ##[endgroup]
2026-09-28T14:28:46.3116197Z ##[group]Initializing the repository
2026-09-28T14:28:46.3118072Z [command]/usr/bin/git init /home/runner/work/QiZhangVerdict/QiZhangVerdict
2026-09-28T14:28:46.3242370Z hint: Using 'master' as the name for the initial branch. This default branch name
2026-09-28T14:28:46.3244491Z hint: will change to "main" in Git 3.0. To configure the initial branch name
2026-09-28T14:28:46.3247126Z hint: to use in all of your new repositories, which will suppress this warning,
2026-09-28T14:28:46.3248744Z hint: call:
2026-09-28T14:28:46.3249810Z hint:
2026-09-28T14:28:46.3251338Z hint: 	git config --global init.defaultBranch <name>
2026-09-28T14:28:46.3252430Z hint:
2026-09-28T14:28:46.3253374Z hint: Names commonly chosen instead of 'master' are 'main', 'trunk' and
2026-09-28T14:28:46.3254912Z hint: 'development'. The just-created branch can be renamed via this command:
2026-09-28T14:28:46.3256183Z hint:
2026-09-28T14:28:46.3257156Z hint: 	git branch -m <name>
2026-09-28T14:28:46.3257888Z hint:
2026-09-28T14:28:46.3258545Z hint: Disable this message with "git config set advice.defaultBranchName false"
2026-09-28T14:28:46.3259603Z Initialized empty Git repository in /home/runner/work/QiZhangVerdict/QiZhangVerdict/.git/
2026-09-28T14:28:46.3261880Z [command]/usr/bin/git remote add origin https://github.com/EeryFrank/QiZhangVerdict
2026-09-28T14:28:46.3308949Z ##[endgroup]
2026-09-28T14:28:46.3310432Z ##[group]Disabling automatic garbage collection
2026-09-28T14:28:46.3313969Z [command]/usr/bin/git config --local gc.auto 0
2026-09-28T14:28:46.3356200Z ##[endgroup]
2026-09-28T14:28:46.3358256Z ##[group]Setting up auth
2026-09-28T14:28:46.3359588Z Removing SSH command configuration
2026-09-28T14:28:46.3365172Z [command]/usr/bin/git config --local --name-only --get-regexp core\.sshCommand
2026-09-28T14:28:46.3403948Z [command]/usr/bin/git submodule foreach --recursive sh -c "git config --local --name-only --get-regexp 'core\.sshCommand' && git config --local --unset-all 'core.sshCommand' || :"
2026-09-28T14:28:46.3784549Z Removing HTTP extra header
2026-09-28T14:28:46.3792541Z [command]/usr/bin/git config --local --name-only --get-regexp http\.https\:\/\/github\.com\/\.extraheader
2026-09-28T14:28:46.3829992Z [command]/usr/bin/git submodule foreach --recursive sh -c "git config --local --name-only --get-regexp 'http\.https\:\/\/github\.com\/\.extraheader' && git config --local --unset-all 'http.https://github.com/.extraheader' || :"
2026-09-28T14:28:46.4059057Z Removing includeIf entries pointing to credentials config files
2026-09-28T14:28:46.4064937Z [command]/usr/bin/git config --local --name-only --get-regexp ^includeIf\.gitdir:
2026-09-28T14:28:46.4105856Z [command]/usr/bin/git submodule foreach --recursive git config --local --show-origin --name-only --get-regexp remote.origin.url
2026-09-28T14:28:46.4413625Z [command]/usr/bin/git config --file /home/runner/work/_temp/git-credentials-742fdc3b-b10b-4a97-be1b-5bf4be8eb5ac.config http.https://github.com/.extraheader AUTHORIZATION: basic ***
2026-09-28T14:28:46.4419753Z [command]/usr/bin/git config --local includeIf.gitdir:/home/runner/work/QiZhangVerdict/QiZhangVerdict/.git.path /home/runner/work/_temp/git-credentials-742fdc3b-b10b-4a97-be1b-5bf4be8eb5ac.config
2026-09-28T14:28:46.4437698Z [command]/usr/bin/git config --local includeIf.gitdir:/home/runner/work/QiZhangVerdict/QiZhangVerdict/.git/worktrees/*.path /home/runner/work/_temp/git-credentials-742fdc3b-b10b-4a97-be1b-5bf4be8eb5ac.config
2026-09-28T14:28:46.4484485Z [command]/usr/bin/git config --local includeIf.gitdir:/github/workspace/.git.path /github/runner_temp/git-credentials-742fdc3b-b10b-4a97-be1b-5bf4be8eb5ac.config
2026-09-28T14:28:46.4532425Z [command]/usr/bin/git config --local includeIf.gitdir:/github/workspace/.git/worktrees/*.path /github/runner_temp/git-credentials-742fdc3b-b10b-4a97-be1b-5bf4be8eb5ac.config
2026-09-28T14:28:46.4575589Z ##[endgroup]
2026-09-28T14:28:46.4578079Z ##[group]Fetching the repository
2026-09-28T14:28:46.4582466Z [command]/usr/bin/git -c protocol.version=2 fetch --no-tags --prune --no-recurse-submodules --depth=1 origin +22549cbc1334990801ec1cb87bd3cb395d624ff8:refs/remotes/origin/main
2026-09-28T14:28:48.0365287Z From https://github.com/EeryFrank/QiZhangVerdict
2026-09-28T14:28:48.0366460Z  * [new ref]         22549cbc1334990801ec1cb87bd3cb395d624ff8 -> origin/main
2026-09-28T14:28:48.0375281Z [command]/usr/bin/git branch --list --remote origin/main
2026-09-28T14:28:48.0407164Z   origin/main
2026-09-28T14:28:48.0417377Z [command]/usr/bin/git rev-parse refs/remotes/origin/main
2026-09-28T14:28:48.0446205Z 22549cbc1334990801ec1cb87bd3cb395d624ff8
2026-09-28T14:28:48.0450420Z ##[endgroup]
2026-09-28T14:28:48.0451638Z ##[group]Determining the checkout info
2026-09-28T14:28:48.0452405Z ##[endgroup]
2026-09-28T14:28:48.0456118Z [command]/usr/bin/git sparse-checkout disable
2026-09-28T14:28:48.0512647Z [command]/usr/bin/git config --local --unset-all extensions.worktreeConfig
2026-09-28T14:28:48.0548023Z ##[group]Checking out the ref
2026-09-28T14:28:48.0552357Z [command]/usr/bin/git checkout --progress --force -B main refs/remotes/origin/main
2026-09-28T14:28:48.2896850Z Switched to a new branch 'main'
2026-09-28T14:28:48.2922393Z branch 'main' set up to track 'origin/main'.
2026-09-28T14:28:48.2933335Z ##[endgroup]
2026-09-28T14:28:48.2984712Z [command]/usr/bin/git log -1 --format=%H
2026-09-28T14:28:48.3016168Z 22549cbc1334990801ec1cb87bd3cb395d624ff8
2026-09-28T14:28:48.3026753Z ##[group]Removing auth
2026-09-28T14:28:48.3027400Z Removing SSH command configuration
2026-09-28T14:28:48.3031829Z [command]/usr/bin/git config --local --name-only --get-regexp core\.sshCommand
2026-09-28T14:28:48.3072172Z [command]/usr/bin/git submodule foreach --recursive sh -c "git config --local --name-only --get-regexp 'core\.sshCommand' && git config --local --unset-all 'core.sshCommand' || :"
2026-09-28T14:28:48.3326749Z Removing HTTP extra header
2026-09-28T14:28:48.3330097Z [command]/usr/bin/git config --local --name-only --get-regexp http\.https\:\/\/github\.com\/\.extraheader
2026-09-28T14:28:48.3371458Z [command]/usr/bin/git submodule foreach --recursive sh -c "git config --local --name-only --get-regexp 'http\.https\:\/\/github\.com\/\.extraheader' && git config --local --unset-all 'http.https://github.com/.extraheader' || :"
2026-09-28T14:28:48.3615980Z Removing includeIf entries pointing to credentials config files
2026-09-28T14:28:48.3623220Z [command]/usr/bin/git config --local --name-only --get-regexp ^includeIf\.gitdir:
2026-09-28T14:28:48.3654813Z includeif.gitdir:/home/runner/work/QiZhangVerdict/QiZhangVerdict/.git.path
2026-09-28T14:28:48.3656284Z includeif.gitdir:/home/runner/work/QiZhangVerdict/QiZhangVerdict/.git/worktrees/*.path
2026-09-28T14:28:48.3657559Z includeif.gitdir:/github/workspace/.git.path
2026-09-28T14:28:48.3658483Z includeif.gitdir:/github/workspace/.git/worktrees/*.path
2026-09-28T14:28:48.3667142Z [command]/usr/bin/git config --local --get-all includeif.gitdir:/home/runner/work/QiZhangVerdict/QiZhangVerdict/.git.path
2026-09-28T14:28:48.3697590Z /home/runner/work/_temp/git-credentials-742fdc3b-b10b-4a97-be1b-5bf4be8eb5ac.config
2026-09-28T14:28:48.3709253Z [command]/usr/bin/git config --local --unset includeif.gitdir:/home/runner/work/QiZhangVerdict/QiZhangVerdict/.git.path \/home\/runner\/work\/_temp\/git\-credentials\-742fdc3b\-b10b\-4a97\-be1b\-5bf4be8eb5ac\.config
2026-09-28T14:28:48.3752406Z [command]/usr/bin/git config --local --get-all includeif.gitdir:/home/runner/work/QiZhangVerdict/QiZhangVerdict/.git/worktrees/*.path
2026-09-28T14:28:48.3781552Z /home/runner/work/_temp/git-credentials-742fdc3b-b10b-4a97-be1b-5bf4be8eb5ac.config
2026-09-28T14:28:48.3791511Z [command]/usr/bin/git config --local --unset includeif.gitdir:/home/runner/work/QiZhangVerdict/QiZhangVerdict/.git/worktrees/*.path \/home\/runner\/work\/_temp\/git\-credentials\-742fdc3b\-b10b\-4a97\-be1b\-5bf4be8eb5ac\.config
2026-09-28T14:28:48.3839424Z [command]/usr/bin/git config --local --get-all includeif.gitdir:/github/workspace/.git.path
2026-09-28T14:28:48.3872335Z /github/runner_temp/git-credentials-742fdc3b-b10b-4a97-be1b-5bf4be8eb5ac.config
2026-09-28T14:28:48.3881099Z [command]/usr/bin/git config --local --unset includeif.gitdir:/github/workspace/.git.path \/github\/runner_temp\/git\-credentials\-742fdc3b\-b10b\-4a97\-be1b\-5bf4be8eb5ac\.config
2026-09-28T14:28:48.3918717Z [command]/usr/bin/git config --local --get-all includeif.gitdir:/github/workspace/.git/worktrees/*.path
2026-09-28T14:28:48.3945609Z /github/runner_temp/git-credentials-742fdc3b-b10b-4a97-be1b-5bf4be8eb5ac.config
2026-09-28T14:28:48.3953091Z [command]/usr/bin/git config --local --unset includeif.gitdir:/github/workspace/.git/worktrees/*.path \/github\/runner_temp\/git\-credentials\-742fdc3b\-b10b\-4a97\-be1b\-5bf4be8eb5ac\.config
2026-09-28T14:28:48.3991455Z [command]/usr/bin/git submodule foreach --recursive git config --local --show-origin --name-only --get-regexp remote.origin.url
2026-09-28T14:28:48.4217968Z Removing credentials config '/home/runner/work/_temp/git-credentials-742fdc3b-b10b-4a97-be1b-5bf4be8eb5ac.config'
2026-09-28T14:28:48.4228968Z ##[endgroup]
2026-09-28T14:28:48.4520509Z ##[group]Run actions/download-artifact@3e5f45b2cfb9172054b4087a40e8e0b5a5461e7c
2026-09-28T14:28:48.4521192Z with:
2026-09-28T14:28:48.4521413Z   pattern: qizhang-ci-*
2026-09-28T14:28:48.4521670Z   path: ci-input
2026-09-28T14:28:48.4521886Z   merge-multiple: false
2026-09-28T14:28:48.4522160Z   repository: EeryFrank/QiZhangVerdict
2026-09-28T14:28:48.4522458Z   run-id: 36435367558
2026-09-28T14:28:48.4522680Z   skip-decompress: false
2026-09-28T14:28:48.4522909Z   digest-mismatch: error
2026-09-28T14:28:48.4523120Z env:
2026-09-28T14:28:48.4523299Z   CI: true
2026-09-28T14:28:48.4523480Z ##[endgroup]
2026-09-28T14:28:48.8863352Z Found 16 artifact(s)
2026-09-28T14:28:48.8864569Z Filtering artifacts by pattern 'qizhang-ci-*'
2026-09-28T14:28:48.8885998Z Preparing to download the following artifacts:
2026-09-28T14:28:48.8892266Z - qizhang-ci-mods-1.20.6 (ID: 10975662815, Size: 279313, Expected Digest: sha256:1695ff0d5d3d54dda22aff4085035557168cbe264e683830e7bb22f1cf67b170)
2026-09-28T14:28:48.8912088Z - qizhang-ci-mods-1.20.1 (ID: 10975182351, Size: 179575, Expected Digest: sha256:4c0e5283e96b8a42ed9728ebc26cf8f92877159dda7171ecf1f01a4e3bed0fe6)
2026-09-28T14:28:48.8913958Z - qizhang-ci-mods-1.19.2 (ID: 10974958582, Size: 179284, Expected Digest: sha256:a90a18dd4994d2e813398994673ac4294d9aee9fa4138d633b14c0646356b96f)
2026-09-28T14:28:48.8916047Z - qizhang-ci-mods-1.21.1 (ID: 10974953637, Size: 181263, Expected Digest: sha256:2d1897b513e343dd7d3a7b0490ce4d56b780f246df571900028e73462ef212e2)
2026-09-28T14:28:48.8918154Z - qizhang-ci-mods-1.20.4 (ID: 10974854435, Size: 273804, Expected Digest: sha256:408b44aa6e62a0d8e1b3db58c48f5d911a740e0725372b7440341451e2839afa)
2026-09-28T14:28:48.8920030Z - qizhang-ci-mods-1.17.1 (ID: 10974754418, Size: 185859, Expected Digest: sha256:642ca716e50a8153f0ea69f10932a0d493b0afa4d88158765deb13d287800f83)
2026-09-28T14:28:48.8922294Z - qizhang-ci-mods-1.21.11 (ID: 10974614465, Size: 185605, Expected Digest: sha256:316084b27c938b075cf782ce78a372303991e20b8f6d909e8de78dd3ec087838)
2026-09-28T14:28:48.8924248Z - qizhang-ci-core-bukkit (ID: 10974579294, Size: 73857, Expected Digest: sha256:6c7529087ff6f7b6293f14e636bdb948feedc45f32e37505d75d114c8eef3a43)
2026-09-28T14:28:49.4262610Z Redirecting to blob download url: https://productionresultssa19.blob.core.windows.net/actions-results/9b620898-b450-4d99-ae33-d68697cfb2c6/workflow-job-run-f2664108-b161-5735-a431-d8650d910cb7/artifacts/c77539abe97de877896af0e2899710c0d3db2e01e69d4941783d1533095b06c4.zip
2026-09-28T14:28:49.4264317Z Starting download of artifact to: /home/runner/work/QiZhangVerdict/QiZhangVerdict/ci-input/qizhang-ci-mods-1.21.11
2026-09-28T14:28:49.4293603Z Redirecting to blob download url: https://productionresultssa19.blob.core.windows.net/actions-results/9b620898-b450-4d99-ae33-d68697cfb2c6/workflow-job-run-40375189-4fab-5643-8132-2d039456c426/artifacts/619d149d186c9b77d5672f1b584c0fc9010efbc907ffb5c510123193efa5789f.zip
2026-09-28T14:28:49.4295502Z Starting download of artifact to: /home/runner/work/QiZhangVerdict/QiZhangVerdict/ci-input/qizhang-ci-core-bukkit
2026-09-28T14:28:49.4356562Z Redirecting to blob download url: https://productionresultssa19.blob.core.windows.net/actions-results/9b620898-b450-4d99-ae33-d68697cfb2c6/workflow-job-run-051e8afc-98ff-560e-adf6-1f927552ba9d/artifacts/ad96ff0868a664f36c652a6a82687ddf5b09a246e2f7dc20ca32fc81b1cbff3a.zip
2026-09-28T14:28:49.4358758Z Starting download of artifact to: /home/runner/work/QiZhangVerdict/QiZhangVerdict/ci-input/qizhang-ci-mods-1.17.1
2026-09-28T14:28:49.4416164Z Redirecting to blob download url: https://productionresultssa19.blob.core.windows.net/actions-results/9b620898-b450-4d99-ae33-d68697cfb2c6/workflow-job-run-05a6c6ba-ed08-5b33-9d79-77ce65677b6a/artifacts/af1e6204192e26249ff7da75f6ab0cf76c9aa0e1adc56cea5373d669aa934389.zip
2026-09-28T14:28:49.4417654Z Starting download of artifact to: /home/runner/work/QiZhangVerdict/QiZhangVerdict/ci-input/qizhang-ci-mods-1.20.6
2026-09-28T14:28:49.4429220Z Redirecting to blob download url: https://productionresultssa19.blob.core.windows.net/actions-results/9b620898-b450-4d99-ae33-d68697cfb2c6/workflow-job-run-ae54c85f-2bb2-543d-ba91-238732187cc5/artifacts/4521afbc4544f067b400f6c52b55c2d4f7807246f0c09e3e5e2f68c65f1b9f64.zip
2026-09-28T14:28:49.4434420Z Starting download of artifact to: /home/runner/work/QiZhangVerdict/QiZhangVerdict/ci-input/qizhang-ci-mods-1.19.2
2026-09-28T14:28:49.4699933Z Redirecting to blob download url: https://productionresultssa19.blob.core.windows.net/actions-results/9b620898-b450-4d99-ae33-d68697cfb2c6/workflow-job-run-2718d29f-4ec9-5a38-abaa-2988ad838f40/artifacts/4ab6a52bcffbf097a1b44667daa9e31bd10e69227f6db49953b471f56ac03ae7.zip
2026-09-28T14:28:49.4702950Z Starting download of artifact to: /home/runner/work/QiZhangVerdict/QiZhangVerdict/ci-input/qizhang-ci-mods-1.21.1
2026-09-28T14:28:49.4729369Z Redirecting to blob download url: https://productionresultssa19.blob.core.windows.net/actions-results/9b620898-b450-4d99-ae33-d68697cfb2c6/workflow-job-run-6c6ba6a8-4b31-57ba-9f14-dde3afce6d2f/artifacts/52ee1dee0c4b747719a8e7438c2a85199f90776c64ad2c9d1a5628ac26f27500.zip
2026-09-28T14:28:49.4731924Z Starting download of artifact to: /home/runner/work/QiZhangVerdict/QiZhangVerdict/ci-input/qizhang-ci-mods-1.20.1
2026-09-28T14:28:49.5073962Z Redirecting to blob download url: https://productionresultssa19.blob.core.windows.net/actions-results/9b620898-b450-4d99-ae33-d68697cfb2c6/workflow-job-run-af8af90c-1007-5845-ad7a-1171b5c80328/artifacts/2239211228932bbc0a530e64473f117984619639ae0bbd66f5f725501a2e4c57.zip
2026-09-28T14:28:49.5077687Z Starting download of artifact to: /home/runner/work/QiZhangVerdict/QiZhangVerdict/ci-input/qizhang-ci-mods-1.20.4
2026-09-28T14:28:49.6810581Z (node:2348) [DEP0005] DeprecationWarning: Buffer() is deprecated due to security and usability issues. Please use the Buffer.alloc(), Buffer.allocUnsafe(), or Buffer.from() methods instead.
2026-09-28T14:28:49.6812955Z (Use `node --trace-deprecation ...` to show where the warning was created)
2026-09-28T14:28:49.8085039Z SHA256 digest of downloaded artifact is 6c7529087ff6f7b6293f14e636bdb948feedc45f32e37505d75d114c8eef3a43
2026-09-28T14:28:49.8086274Z Artifact download completed successfully.
2026-09-28T14:28:49.8542974Z SHA256 digest of downloaded artifact is 316084b27c938b075cf782ce78a372303991e20b8f6d909e8de78dd3ec087838
2026-09-28T14:28:49.8543781Z Artifact download completed successfully.
2026-09-28T14:28:49.8681834Z SHA256 digest of downloaded artifact is 642ca716e50a8153f0ea69f10932a0d493b0afa4d88158765deb13d287800f83
2026-09-28T14:28:49.8682585Z Artifact download completed successfully.
2026-09-28T14:28:49.9040973Z SHA256 digest of downloaded artifact is 4c0e5283e96b8a42ed9728ebc26cf8f92877159dda7171ecf1f01a4e3bed0fe6
2026-09-28T14:28:49.9042093Z Artifact download completed successfully.
2026-09-28T14:28:49.9044412Z SHA256 digest of downloaded artifact is 2d1897b513e343dd7d3a7b0490ce4d56b780f246df571900028e73462ef212e2
2026-09-28T14:28:49.9045275Z Artifact download completed successfully.
2026-09-28T14:28:49.9241676Z SHA256 digest of downloaded artifact is a90a18dd4994d2e813398994673ac4294d9aee9fa4138d633b14c0646356b96f
2026-09-28T14:28:49.9242307Z Artifact download completed successfully.
2026-09-28T14:28:49.9526867Z SHA256 digest of downloaded artifact is 1695ff0d5d3d54dda22aff4085035557168cbe264e683830e7bb22f1cf67b170
2026-09-28T14:28:49.9527496Z Artifact download completed successfully.
2026-09-28T14:28:50.0200439Z SHA256 digest of downloaded artifact is 408b44aa6e62a0d8e1b3db58c48f5d911a740e0725372b7440341451e2839afa
2026-09-28T14:28:50.0201806Z Artifact download completed successfully.
2026-09-28T14:28:50.0202427Z Total of 8 artifact(s) downloaded
2026-09-28T14:28:50.0207006Z Download artifact has finished successfully
2026-09-28T14:28:50.0332137Z ##[group]Run python3 -B scripts/ci_modern_artifacts.py collect --input ci-input --output ci-release --layout github
2026-09-28T14:28:50.0333154Z [36;1mpython3 -B scripts/ci_modern_artifacts.py collect --input ci-input --output ci-release --layout github[0m
2026-09-28T14:28:50.0597978Z shell: /usr/bin/bash --noprofile --norc -e -o pipefail {0}
2026-09-28T14:28:50.0598495Z env:
2026-09-28T14:28:50.0598781Z   CI: true
2026-09-28T14:28:50.0599082Z ##[endgroup]
2026-09-28T14:28:50.1111846Z PASS: 17 exact modern artifact names and SHA-256 checksums; no legacy/source JARs included
2026-09-28T14:28:50.1253643Z ##[group]Run actions/upload-artifact@043fb46d1a93c77aae656e7c1c64a875d1fc6a0a
2026-09-28T14:28:50.1254140Z with:
2026-09-28T14:28:50.1254588Z   name: qizhangverdict-seventeen-modern-jars-22549cbc1334990801ec1cb87bd3cb395d624ff8
2026-09-28T14:28:50.1255118Z   path: ci-release/
2026-09-28T14:28:50.1255397Z   if-no-files-found: error
2026-09-28T14:28:50.1255688Z   retention-days: 30
2026-09-28T14:28:50.1255963Z   compression-level: 6
2026-09-28T14:28:50.1256238Z   overwrite: false
2026-09-28T14:28:50.1256530Z   include-hidden-files: false
2026-09-28T14:28:50.1256828Z   archive: true
2026-09-28T14:28:50.1257080Z env:
2026-09-28T14:28:50.1257313Z   CI: true
2026-09-28T14:28:50.1257557Z ##[endgroup]
2026-09-28T14:28:50.2802131Z With the provided path, there will be 18 files uploaded
2026-09-28T14:28:50.2803374Z Artifact name is valid!
2026-09-28T14:28:50.2803932Z Root directory input is valid!
2026-09-28T14:28:50.6751831Z Uploading artifact: qizhangverdict-seventeen-modern-jars-22549cbc1334990801ec1cb87bd3cb395d624ff8.zip
2026-09-28T14:28:50.6798345Z Beginning upload of artifact content to blob storage
2026-09-28T14:28:51.4246238Z Uploaded bytes 1537215
2026-09-28T14:28:51.4934076Z Finished uploading artifact content to blob storage!
2026-09-28T14:28:51.4935548Z SHA256 digest of uploaded artifact is 993b527666f19964c5d9f99df42324d6849ecef86cc4e09d9b87336f810c3f34
2026-09-28T14:28:51.4936705Z Finalizing artifact upload
2026-09-28T14:28:51.9195529Z Artifact qizhangverdict-seventeen-modern-jars-22549cbc1334990801ec1cb87bd3cb395d624ff8 successfully finalized. Artifact ID 10975468079
2026-09-28T14:28:51.9199769Z Artifact qizhangverdict-seventeen-modern-jars-22549cbc1334990801ec1cb87bd3cb395d624ff8 has been successfully uploaded! Final size is 1537215 bytes. Artifact ID is 10975468079
2026-09-28T14:28:51.9202818Z Artifact download URL: https://github.com/EeryFrank/QiZhangVerdict/actions/runs/36435367558/artifacts/10975468079
2026-09-28T14:28:51.9409679Z Post job cleanup.
2026-09-28T14:28:52.0329883Z [command]/usr/bin/git version
2026-09-28T14:28:52.0390508Z git version 2.55.0
2026-09-28T14:28:52.0429160Z Temporarily overriding HOME='/home/runner/work/_temp/329961c6-19f4-4b9e-ae34-1ff543420380' before making global git config changes
2026-09-28T14:28:52.0431151Z Adding repository directory to the temporary git global config as a safe directory
2026-09-28T14:28:52.0434702Z [command]/usr/bin/git config --global --add safe.directory /home/runner/work/QiZhangVerdict/QiZhangVerdict
2026-09-28T14:28:52.0470490Z Removing SSH command configuration
2026-09-28T14:28:52.0477873Z [command]/usr/bin/git config --local --name-only --get-regexp core\.sshCommand
2026-09-28T14:28:52.0515578Z [command]/usr/bin/git submodule foreach --recursive sh -c "git config --local --name-only --get-regexp 'core\.sshCommand' && git config --local --unset-all 'core.sshCommand' || :"
2026-09-28T14:28:52.0778291Z Removing HTTP extra header
2026-09-28T14:28:52.0783737Z [command]/usr/bin/git config --local --name-only --get-regexp http\.https\:\/\/github\.com\/\.extraheader
2026-09-28T14:28:52.0823665Z [command]/usr/bin/git submodule foreach --recursive sh -c "git config --local --name-only --get-regexp 'http\.https\:\/\/github\.com\/\.extraheader' && git config --local --unset-all 'http.https://github.com/.extraheader' || :"
2026-09-28T14:28:52.1088643Z Removing includeIf entries pointing to credentials config files
2026-09-28T14:28:52.1097752Z [command]/usr/bin/git config --local --name-only --get-regexp ^includeIf\.gitdir:
2026-09-28T14:28:52.1139315Z [command]/usr/bin/git submodule foreach --recursive git config --local --show-origin --name-only --get-regexp remote.origin.url
2026-09-28T14:28:52.1558908Z Cleaning up orphan processes
