Applying patches
Starting org.bukkit.craftbukkit.Main
WARN StatusConsoleListener Advanced terminal features are not available in this environment
[15:47:38 INFO]: [bootstrap] Running Java 21 (Java HotSpot(TM) 64-Bit Server VM 21.0.8+12-LTS-250; Oracle Corporation null) on Windows 11 10.0 (amd64)
[15:47:38 INFO]: [bootstrap] Loading Purpur 1.21.1-2329-ver/1.21.1@803bf62 (2024-10-31T20:25:04Z) for Minecraft 1.21.1
[15:47:40 INFO]: [PluginInitializerManager] Initializing plugins...
[15:47:41 INFO]: [ReobfServer] Remapping server...
[15:47:49 INFO]: [ReobfServer] Done remapping server in 7504ms.
[15:47:49 INFO]: [PluginRemapper] Remapping plugin 'plugins\qizhangverdict-bukkit-0.1.1.jar'...
[15:47:49 INFO]: [PluginRemapper] Done remapping plugin 'plugins\qizhangverdict-bukkit-0.1.1.jar' in 222ms.
[15:47:49 INFO]: [PluginInitializerManager] Initialized 2 plugins
[15:47:49 INFO]: [PluginInitializerManager] Bukkit plugins (2):
 - GrimAC (2.3.73), QiZhangVerdict (0.1.1)
[15:47:56 INFO]: Environment: Environment[sessionHost=https://sessionserver.mojang.com, servicesHost=https://api.minecraftservices.com, name=PROD]
[15:47:56 INFO]: Found new data pack file/bukkit, loading it automatically
[15:47:56 INFO]: Found new data pack paper, loading it automatically
[15:47:58 INFO]: No existing world data, creating new world
[15:47:59 INFO]: Loaded 1290 recipes
[15:47:59 INFO]: Loaded 1399 advancements
[15:48:00 INFO]: Starting minecraft server version 1.21.1
[15:48:00 INFO]: Loading properties
[15:48:00 INFO]: This server is running Purpur version 1.21.1-2329-ver/1.21.1@803bf62 (2024-10-31T20:25:04Z) (Implementing API version 1.21.1-R0.1-SNAPSHOT)
[15:48:01 INFO]: [spark] This server bundles the spark profiler. For more information please visit https://docs.papermc.io/paper/profiling
[15:48:01 INFO]: Server Ping Player Sample Count: 12
[15:48:01 INFO]: Using 4 threads for Netty based IO
[15:48:02 INFO]: [ChunkTaskScheduler] Chunk system is using 1 I/O threads, 4 worker threads, and population gen parallelism of 4 threads
[15:48:03 WARN]: [Configurations] The world defaults config file didn't have a version set, assuming latest
[15:48:03 WARN]: [Pufferfish] SIMD operations are available for your server, but are not configured!
[15:48:03 WARN]: [Pufferfish] To enable additional optimizations, add "--add-modules=jdk.incubator.vector" to your startup flags, BEFORE the "-jar".
[15:48:03 WARN]: [Pufferfish] If you have already added this flag, then SIMD operations are not supported on your JVM or CPU.
[15:48:03 WARN]: [Pufferfish] Debug: Java: 21.0.8, test run: true
[15:48:03 INFO]: Default game type: SURVIVAL
[15:48:03 INFO]: Generating keypair
[15:48:03 INFO]: Starting Minecraft server on 127.0.0.1:25582
[15:48:03 INFO]: Using default channel type
[15:48:03 INFO]: Paper: Using Java compression from Velocity.
[15:48:03 INFO]: Paper: Using Java cipher from Velocity.
[15:48:04 WARN]: [org.bukkit.craftbukkit.legacy.CraftLegacy] Initializing Legacy Material Support. Unless you have legacy plugins and/or data this is a bug!
[15:48:18 WARN]: Legacy plugin QiZhangVerdict v0.1.1 does not specify an api-version.
[15:48:18 INFO]: [GrimAC] Loading server plugin GrimAC v2.3.73
[15:48:18 INFO]: [GrimAC] Loading PacketEvents...
[15:48:21 INFO]: [QiZhangVerdict] Loading server plugin QiZhangVerdict v0.1.1
[15:48:21 WARN]: **** SERVER IS RUNNING IN OFFLINE/INSECURE MODE!
[15:48:21 WARN]: The server will make no attempt to authenticate usernames. Beware.
[15:48:21 WARN]: While this makes the game possible to play without internet access, it also opens up the ability for hackers to connect with any username they choose.
[15:48:21 WARN]: To change this, set "online-mode" to "true" in the server.properties file.
[15:48:21 INFO]: Preparing level "world"
[15:48:23 WARN]: [Configurations] The world config file for world_nether didn't have a version set, assuming latest
[15:48:23 WARN]: [Configurations] The world config file for world_the_end didn't have a version set, assuming latest
[15:48:24 INFO]: Preparing start region for dimension minecraft:overworld
[15:48:24 INFO]: Time elapsed: 194 ms
[15:48:24 INFO]: Preparing start region for dimension minecraft:the_nether
[15:48:25 INFO]: Time elapsed: 979 ms
[15:48:25 INFO]: Preparing start region for dimension minecraft:the_end
[15:48:25 INFO]: Time elapsed: 235 ms
[15:48:25 INFO]: [GrimAC] Enabling GrimAC v2.3.73
[15:48:25 INFO]: [GrimAC] Registering packets...
[15:48:25 INFO]: [GrimAC] Registering tick schedulers...
[15:48:26 INFO]: [37mGrim Version: [96m2.3.73[0m
[15:48:26 INFO]: [GrimAC] Registering singular bukkit event... (PistonEvent)
[15:48:26 INFO]: [QiZhangVerdict] Enabling QiZhangVerdict v0.1.1*
[15:48:26 WARN]: [QiZhangVerdict] Offline mode: UUID/account ownership needs external authentication; IP limits are not proof of identity. Secure proxy forwarding and firewall the backend.
[15:48:26 INFO]: [QiZhangVerdict] QiZhangVerdict sessions=0, trackedIPs=0, accountPairs=0, rules=11, companion=required, vm=DENY, blacklist=DENY, rateBuckets=0, accountBans=0, deviceBans=0, deviceRequired=true
[15:48:26 INFO]: [QiZhangVerdict] Integrations: GrimAC=2.3.73 enabled (check configuration); Orebfuscator=absent; Paper Anti-Xray=available; enable and verify per-world config. These engines are installed separately.
[15:48:26 INFO]: [spark] Starting background profiler...
[15:48:26 INFO]: [spark] The async-profiler engine is not supported for your os/arch (windows11/amd64), so the built-in Java engine will be used instead.
[15:48:26 INFO]: Done preparing level "world" (4.659s)
[15:48:26 INFO]: Running delayed init tasks
[15:48:26 INFO]: Done (49.761s)! For help, type "help"
[15:48:26 INFO]: *************************************************************************************
[15:48:26 INFO]: This is the first time you're starting this server.
[15:48:26 INFO]: It's recommended you read our 'Getting Started' documentation for guidance.
[15:48:26 INFO]: View this and more helpful information here: https://docs.papermc.io/paper/next-steps
[15:48:26 INFO]: *************************************************************************************
[15:48:26 INFO]: QiZhangVerdict sessions=0, trackedIPs=0, accountPairs=0, rules=11, companion=required, vm=DENY, blacklist=DENY, rateBuckets=0, accountBans=0, deviceBans=0, deviceRequired=true
[15:48:26 INFO]: Integrations: GrimAC=2.3.73 enabled (check configuration); Orebfuscator=absent; Paper Anti-Xray=available; enable and verify per-world config. These engines are installed separately.
[15:48:27 INFO]: [96mNew GrimAC version found![37m Version [3m[37m2.3.74-8eb5f28[0m[37m is available to be downloaded here: [4m[37mhttps://modrinth.com/plugin/grimac[0m
[15:48:27 INFO]: QiZhangVerdict configuration reloaded. QiZhangVerdict sessions=0, trackedIPs=0, accountPairs=0, rules=11, companion=required, vm=ALERT, blacklist=DENY, rateBuckets=0, accountBans=0, deviceBans=0, deviceRequired=true
[15:48:29 INFO]: UUID of player QVBot1 is 302e3316-040a-3ba8-bc0a-8af19ee4c69f
[15:48:30 INFO]: [93mQVBot1 joined the game[0m
[15:48:30 INFO]: QVBot1[/127.0.0.1:7441] logged in with entity id 27 at ([world]-9.5, 0.0, -9.5)
[15:48:31 INFO]: QVBot1 lost connection: Disconnected
[15:48:31 INFO]: [93mQVBot1 left the game[0m
[15:48:32 INFO]: QiZhangVerdict configuration reloaded. QiZhangVerdict sessions=0, trackedIPs=1, accountPairs=1, rules=11, companion=required, vm=ALERT, blacklist=DENY, rateBuckets=1, accountBans=0, deviceBans=0, deviceRequired=true
[15:48:33 INFO]: UUID of player GateAccount is fc6bd56e-8019-3db1-9715-951d22c2222e
[15:48:33 INFO]: [93mGateAccount joined the game[0m
[15:48:33 INFO]: GateAccount[/127.0.0.1:7448] logged in with entity id 28 at ([world]3.5, 0.0, -3.5)
[15:48:35 INFO]: Made GateAccount a server operator
[15:48:36 INFO]: GateAccount issued server command: /say QZ_PRE_GATE
[15:48:37 INFO]: GateAccount issued server command: /say QZ_POST_GATE
[15:48:37 INFO]: [Not Secure] [GateAccount] QZ_POST_GATE
[15:48:38 INFO]: GateAccount lost connection: Disconnected
[15:48:38 INFO]: [93mGateAccount left the game[0m
[15:48:38 INFO]: Made GateAccount no longer a server operator
[15:48:40 INFO]: QiZhangVerdict configuration reloaded. QiZhangVerdict sessions=0, trackedIPs=1, accountPairs=2, rules=11, companion=required, vm=ALERT, blacklist=DENY, rateBuckets=1, accountBans=0, deviceBans=0, deviceRequired=true
[15:48:41 INFO]: UUID of player QVBot2 is c391ec56-9486-3bb0-a127-16b65599b3c3
[15:48:41 INFO]: [93mQVBot2 joined the game[0m
[15:48:41 INFO]: QVBot2[/127.0.0.1:7467] logged in with entity id 29 at ([world]-8.5, 0.0, 8.5)
[15:48:45 INFO]: QVBot2 lost connection: [QiZhangVerdict] Required companion report timed out.
[15:48:45 INFO]: [93mQVBot2 left the game[0m
[15:48:46 INFO]: UUID of player BadWire is b8f65aa8-4bef-3209-a0b4-51413fc5f805
[15:48:46 INFO]: [93mBadWire joined the game[0m
[15:48:46 INFO]: BadWire[/127.0.0.1:11768] logged in with entity id 30 at ([world]-8.5, 0.0, 8.5)
[15:48:46 INFO]: BadWire lost connection: [QiZhangVerdict] Malformed or oversized companion report
[15:48:46 INFO]: [93mBadWire left the game[0m
[15:48:48 INFO]: UUID of player BadWire is b8f65aa8-4bef-3209-a0b4-51413fc5f805
[15:48:48 INFO]: [93mBadWire joined the game[0m
[15:48:48 INFO]: BadWire[/127.0.0.1:11770] logged in with entity id 31 at ([world]-8.5, 0.0, 8.5)
[15:48:49 INFO]: BadWire lost connection: Disconnected
[15:48:49 INFO]: [93mBadWire left the game[0m
[15:48:50 INFO]: UUID of player QVBot3 is 50924b6f-987d-38d4-90b1-a22ee93c8820
[15:48:50 INFO]: [93mQVBot3 joined the game[0m
[15:48:50 INFO]: QVBot3[/127.0.0.1:11773] logged in with entity id 32 at ([world]9.5, 0.0, 8.5)
[15:48:51 INFO]: UUID of player QVBot4 is 4beec275-1c73-35e7-bdf1-2c126d646551
[15:48:51 INFO]: [93mQVBot4 joined the game[0m
[15:48:51 INFO]: QVBot4[/127.0.0.1:11778] logged in with entity id 33 at ([world]2.5, 0.0, 8.5)
[15:48:51 INFO]: QVBot4 lost connection: [QiZhangVerdict] Only the configured number of accounts may use the same IP and device concurrently
[15:48:51 INFO]: [93mQVBot4 left the game[0m
[15:48:53 INFO]: UUID of player QVBot5 is 2df28731-e970-3777-bfb2-78713237f548
[15:48:53 INFO]: [93mQVBot5 joined the game[0m
[15:48:53 INFO]: QVBot5[/127.0.0.1:11780] logged in with entity id 34 at ([world]-3.5, 0.0, -0.5)
[15:48:54 INFO]: UUID of player QVBot6 is 85caf31d-3ffc-3dd3-957f-9ee2fb681f1a
[15:48:54 INFO]: [93mQVBot6 joined the game[0m
[15:48:54 INFO]: QVBot6[/127.0.0.1:11783] logged in with entity id 35 at ([world]-4.5, 0.0, -5.5)
[15:48:55 INFO]: UUID of player QVBot7 is bec7ecc5-18ca-3eec-8bee-da5c34d433ac
[15:48:55 INFO]: Disconnecting QVBot7 (/127.0.0.1:11786): Too many simultaneous accounts from this IP
[15:48:55 INFO]: QVBot7 (/127.0.0.1:11786) lost connection: Too many simultaneous accounts from this IP
[15:48:57 INFO]: QVBot3 lost connection: Disconnected
[15:48:57 INFO]: [93mQVBot3 left the game[0m
[15:48:57 INFO]: QVBot5 lost connection: Disconnected
[15:48:57 INFO]: [93mQVBot5 left the game[0m
[15:48:57 INFO]: QVBot6 lost connection: Disconnected
[15:48:57 INFO]: [93mQVBot6 left the game[0m
[15:48:57 INFO]: UUID of player QVBot8 is 62f6cf9b-2c3f-3396-8660-cdcd2f7aa16c
[15:48:57 INFO]: [93mQVBot8 joined the game[0m
[15:48:57 INFO]: QVBot8[/127.0.0.1:11789] logged in with entity id 37 at ([world]5.5, 0.0, -3.5)
[15:48:58 INFO]: QVBot8 lost connection: Disconnected
[15:48:58 INFO]: [93mQVBot8 left the game[0m
[15:48:59 INFO]: UUID of player CheatAccount is ee8edd50-8e16-3b59-8145-e657af823101
[15:48:59 INFO]: [93mCheatAccount joined the game[0m
[15:48:59 INFO]: CheatAccount[/127.0.0.1:11791] logged in with entity id 38 at ([world]3.5, 0.0, 10.5)
[15:48:59 INFO]: CheatAccount lost connection: [QiZhangVerdict] Reported mod matches an exact server blacklist rule
[15:48:59 INFO]: [93mCheatAccount left the game[0m
[15:49:00 INFO]: UUID of player LinkedAccount is b791d91a-dbdc-3a65-a036-fc39d6993ac9
[15:49:00 INFO]: [93mLinkedAccount joined the game[0m
[15:49:00 INFO]: LinkedAccount[/127.0.0.1:11801] logged in with entity id 39 at ([world]9.5, 0.0, 4.5)
[15:49:00 INFO]: LinkedAccount lost connection: [QiZhangVerdict] This reported device identifier is banned
[15:49:00 INFO]: [93mLinkedAccount left the game[0m
[15:49:02 INFO]: UUID of player CheatAccount is ee8edd50-8e16-3b59-8145-e657af823101
[15:49:02 INFO]: Disconnecting CheatAccount (/127.0.0.1:11812): This account is banned by the server
[15:49:02 INFO]: CheatAccount (/127.0.0.1:11812) lost connection: This account is banned by the server
[15:49:03 INFO]: Unbanned target. Account and device bans are separate; check /qzverdict bans.
[15:49:04 INFO]: Unbanned target. Account and device bans are separate; check /qzverdict bans.
[15:49:06 INFO]: UUID of player CheatAccount is ee8edd50-8e16-3b59-8145-e657af823101
[15:49:06 INFO]: [93mCheatAccount joined the game[0m
[15:49:06 INFO]: CheatAccount[/127.0.0.1:11815] logged in with entity id 41 at ([world]3.5, 0.0, 10.5)
[15:49:07 INFO]: CheatAccount lost connection: Disconnected
[15:49:07 INFO]: [93mCheatAccount left the game[0m
[15:49:08 INFO]: Added rule and rechecking online players: 7c3d8677-384b-44b1-9017-78917cab1cc6
[15:49:09 INFO]: UUID of player QVBot9 is 06205eb0-363d-35e3-8c60-8c1ef8b83c9c
[15:49:09 INFO]: [93mQVBot9 joined the game[0m
[15:49:09 INFO]: QVBot9[/127.0.0.1:11818] logged in with entity id 46 at ([world]-8.5, 0.0, -4.5)
[15:49:09 INFO]: QVBot9 lost connection: [QiZhangVerdict] Reported mod matches a server blacklist rule
[15:49:09 INFO]: [93mQVBot9 left the game[0m
[15:49:10 INFO]: Added rule and rechecking online players: 2259c87c-d6ac-4b16-9d4d-aa7402b9b94e
[15:49:12 INFO]: UUID of player QVBot10 is 9a4b403a-cc6a-3641-9784-37b412ff6bc4
[15:49:12 INFO]: [93mQVBot10 joined the game[0m
[15:49:12 INFO]: QVBot10[/127.0.0.1:14844] logged in with entity id 47 at ([world]-7.5, 0.0, 4.5)
[15:49:13 INFO]: QVBot10 lost connection: Disconnected
[15:49:13 INFO]: [93mQVBot10 left the game[0m
[15:49:13 INFO]: Removed rule.
[15:49:15 INFO]: UUID of player QVBot11 is 15519aaa-3950-3430-bc9c-c0c7c47a9cf3
[15:49:15 INFO]: [93mQVBot11 joined the game[0m
[15:49:15 INFO]: QVBot11[/127.0.0.1:14344] logged in with entity id 50 at ([world]2.5, 0.0, 5.5)
[15:49:15 INFO]: QVBot11 lost connection: [QiZhangVerdict] Reported mod matches a server blacklist rule
[15:49:15 INFO]: [93mQVBot11 left the game[0m
[15:49:16 INFO]: Removed rule.
[15:49:17 INFO]: UUID of player QVBot12 is 382cf52e-061b-3184-9e85-252b22220c31
[15:49:17 INFO]: [93mQVBot12 joined the game[0m
[15:49:17 INFO]: QVBot12[/127.0.0.1:14358] logged in with entity id 51 at ([world]-1.5, 0.0, 2.5)
[15:49:19 INFO]: QVBot12 lost connection: Disconnected
[15:49:19 INFO]: [93mQVBot12 left the game[0m
[15:49:19 INFO]: Added rule and rechecking online players: a31bb4d5-6ff0-463a-811d-a3db882877d0
[15:49:20 INFO]: UUID of player QVBot13 is d8c92e3a-17df-39d2-a36d-e08c0d1aab2e
[15:49:20 INFO]: [93mQVBot13 joined the game[0m
[15:49:20 INFO]: QVBot13[/127.0.0.1:14359] logged in with entity id 54 at ([world]6.5, 0.0, 5.5)
[15:49:20 INFO]: QVBot13 lost connection: [QiZhangVerdict] Reported mod matches a server blacklist rule
[15:49:21 INFO]: [93mQVBot13 left the game[0m
[15:49:22 INFO]: QiZhangVerdict configuration reloaded. QiZhangVerdict sessions=0, trackedIPs=1, accountPairs=16, rules=12, companion=required, vm=ALERT, blacklist=DENY, rateBuckets=1, accountBans=4, deviceBans=3, deviceRequired=true
[15:49:23 INFO]: UUID of player QVBot14 is 51a7c2a8-2650-354e-a968-802471be0458
[15:49:23 INFO]: Disconnecting QVBot14 (/127.0.0.1:14363): This IP is denied by server policy
[15:49:23 INFO]: QVBot14 (/127.0.0.1:14363) lost connection: This IP is denied by server policy
[15:49:24 INFO]: QiZhangVerdict configuration reloaded. QiZhangVerdict sessions=0, trackedIPs=1, accountPairs=16, rules=12, companion=required, vm=DENY, blacklist=DENY, rateBuckets=1, accountBans=4, deviceBans=3, deviceRequired=true
[15:49:26 INFO]: UUID of player QVBot15 is 87b706ea-8c04-3118-b4cc-2d720ee925df
[15:49:26 INFO]: [93mQVBot15 joined the game[0m
[15:49:26 INFO]: QVBot15[/127.0.0.1:14365] logged in with entity id 56 at ([world]9.5, 0.0, -2.5)
[15:49:26 INFO]: QVBot15 lost connection: [QiZhangVerdict] Companion reported a virtual machine indicator
[15:49:26 INFO]: [93mQVBot15 left the game[0m
[15:49:27 INFO]: UUID of player QVBot16 is edc8f3dc-ba2e-3999-9748-0637a3718bb0
[15:49:27 INFO]: [93mQVBot16 joined the game[0m
[15:49:27 INFO]: QVBot16[/127.0.0.1:14368] logged in with entity id 57 at ([world]3.5, 0.0, -0.5)
[15:49:27 WARN]: [QiZhangVerdict] Client policy VM_UNKNOWN player=edc8f3dc-ba2e-3999-9748-0637a3718bb0 VM status is unknown or has only inconclusive indicators
[15:49:28 INFO]: QVBot16 lost connection: Disconnected
[15:49:28 INFO]: [93mQVBot16 left the game[0m
[15:49:29 INFO]: QiZhangVerdict configuration reloaded. QiZhangVerdict sessions=0, trackedIPs=1, accountPairs=18, rules=12, companion=required, vm=ALERT, blacklist=DENY, rateBuckets=1, accountBans=5, deviceBans=4, deviceRequired=true
[15:49:30 INFO]: UUID of player QVBot17 is 5b533659-05b5-39b0-a6a9-ac5e86e8b029
[15:49:30 INFO]: [93mQVBot17 joined the game[0m
[15:49:30 INFO]: QVBot17[/127.0.0.1:14369] logged in with entity id 58 at ([world]-2.5, 0.0, -6.5)
[15:49:32 INFO]: UUID of player QVBot18 is ecfd3357-b8aa-3614-aea7-77c554dcd1fe
[15:49:32 INFO]: [93mQVBot18 joined the game[0m
[15:49:32 INFO]: QVBot18[/127.0.0.1:14370] logged in with entity id 59 at ([world]5.5, 0.0, -1.5)
[15:49:33 INFO]: UUID of player QVBot19 is c5edb108-f1cd-3216-b9e2-d8d5de97270f
[15:49:33 INFO]: Disconnecting QVBot19 (/127.0.0.1:14371): Too many simultaneous accounts from this IP
[15:49:33 INFO]: QVBot19 (/127.0.0.1:14371) lost connection: Too many simultaneous accounts from this IP
[15:49:34 INFO]: QVBot17 lost connection: Disconnected
[15:49:34 INFO]: [93mQVBot17 left the game[0m
[15:49:34 INFO]: QVBot18 lost connection: Disconnected
[15:49:34 INFO]: [93mQVBot18 left the game[0m
[15:49:35 INFO]: bans page 1/1
[15:49:35 INFO]: 06205eb0-363d-35e3-8c60-8c1ef8b83c9c	BLACKLIST_DENIED
[15:49:35 INFO]: 15519aaa-3950-3430-bc9c-c0c7c47a9cf3	BLACKLIST_DENIED
[15:49:35 INFO]: 87b706ea-8c04-3118-b4cc-2d720ee925df	VM_DENIED
[15:49:35 INFO]: b791d91a-dbdc-3a65-a036-fc39d6993ac9	DEVICE_BANNED
[15:49:35 INFO]: d8c92e3a-17df-39d2-a36d-e08c0d1aab2e	BLACKLIST_DENIED
[15:49:35 INFO]: device:0723e1710c0a08646895f23b3eaf0153e6fb1d316ec121abe3e842cbff565460	VM_DENIED
[15:49:35 INFO]: device:746caab8fda1c4e339d0724f9fb70b2d52b533cbfce2a0a2b98a039648cbf174	BLACKLIST_DENIED
[15:49:35 INFO]: device:d6578071b2c3a3ef93925882a0215c31812b6db116703c2082e07adec5a2499e	BLACKLIST_DENIED
[15:49:35 INFO]: device:fb7f23f1518fc50a1bfa07fc581a2f340c89a3596042f418617b9dd66614e239	BLACKLIST_DENIED
[15:49:36 INFO]: rules page 1/2
[15:49:36 INFO]: legacy:automation:baritone	BLACK	MOD	EXACT	baritone	ALERT
[15:49:36 INFO]: legacy:mod:advanced-xray-fabric	BLACK	MOD	EXACT	advanced-xray-fabric	DENY
[15:49:36 INFO]: legacy:mod:bleachhack	BLACK	MOD	EXACT	bleachhack	DENY
[15:49:36 INFO]: legacy:mod:earthhack	BLACK	MOD	EXACT	earthhack	DENY
[15:49:36 INFO]: legacy:mod:kamiblue	BLACK	MOD	EXACT	kamiblue	DENY
[15:49:36 INFO]: legacy:mod:liquidbounce	BLACK	MOD	EXACT	liquidbounce	DENY
[15:49:36 INFO]: legacy:mod:salhack	BLACK	MOD	EXACT	salhack	DENY
[15:49:36 INFO]: legacy:mod:thunderhack	BLACK	MOD	EXACT	thunderhack	DENY
[15:49:36 INFO]: legacy:mod:wurst	BLACK	MOD	EXACT	wurst	DENY
[15:49:36 INFO]: legacy:mod:xray	BLACK	MOD	EXACT	xray	DENY
[15:49:38 INFO]: Stopping the server
[15:49:38 INFO]: Stopping server
[15:49:38 INFO]: [QiZhangVerdict] Disabling QiZhangVerdict v0.1.1
[15:49:38 INFO]: [GrimAC] Disabling GrimAC v2.3.73
[15:49:38 INFO]: [GrimAC] Terminating PacketEvents...
[15:49:38 INFO]: Saving players
[15:49:38 INFO]: Saving worlds
[15:49:38 INFO]: Saving chunks for level 'ServerLevel[world]'/minecraft:overworld
[15:49:38 INFO]: [ChunkHolderManager] Waiting 60s for chunk system to halt for world 'world'
[15:49:38 INFO]: [ChunkHolderManager] Halted chunk system for world 'world'
[15:49:38 INFO]: [ChunkHolderManager] Saving all chunkholders for world 'world'
[15:49:38 INFO]: [ChunkHolderManager] Saved 841 block chunks, 144 entity chunks, 0 poi chunks in world 'world' in 0.36s
[15:49:38 INFO]: Saving chunks for level 'ServerLevel[world_nether]'/minecraft:the_nether
[15:49:38 INFO]: [ChunkHolderManager] Waiting 60s for chunk system to halt for world 'world_nether'
[15:49:38 INFO]: [ChunkHolderManager] Halted chunk system for world 'world_nether'
[15:49:38 INFO]: [ChunkHolderManager] Saving all chunkholders for world 'world_nether'
[15:49:39 INFO]: [ChunkHolderManager] Saved 841 block chunks, 49 entity chunks, 0 poi chunks in world 'world_nether' in 0.38s
[15:49:39 INFO]: Saving chunks for level 'ServerLevel[world_the_end]'/minecraft:the_end
[15:49:39 INFO]: [ChunkHolderManager] Waiting 60s for chunk system to halt for world 'world_the_end'
[15:49:39 INFO]: [ChunkHolderManager] Halted chunk system for world 'world_the_end'
[15:49:39 INFO]: [ChunkHolderManager] Saving all chunkholders for world 'world_the_end'
[15:49:39 INFO]: [ChunkHolderManager] Saved 841 block chunks, 49 entity chunks, 0 poi chunks in world 'world_the_end' in 0.30s
[15:49:39 INFO]: ThreadedAnvilChunkStorage (world): All chunks are saved
[15:49:39 INFO]: ThreadedAnvilChunkStorage (DIM-1): All chunks are saved
[15:49:39 INFO]: ThreadedAnvilChunkStorage (DIM1): All chunks are saved
[15:49:39 INFO]: ThreadedAnvilChunkStorage: All dimensions are saved
