Downloading vanilla jar...
Patching vanilla jar...
Loading libraries, please wait...
2026-09-25 15:07:44,625 main WARN Disabling terminal, you're running in an unsupported environment.
[15:07:45 INFO]: Starting minecraft server version 1.12.2
[15:07:45 INFO]: Loading properties
[15:07:46 INFO]: Default game type: SURVIVAL
[15:07:46 INFO]: This server is running Paper version git-Paper-1620 (MC: 1.12.2) (Implementing API version 1.12.2-R0.1-SNAPSHOT)
[15:07:46 INFO]: Debug logging is disabled
[15:07:46 INFO]: Server Ping Player Sample Count: 12
[15:07:46 INFO]: Using 4 threads for Netty based IO
[15:07:46 INFO]: Generating keypair
[15:07:46 INFO]: Starting Minecraft server on 127.0.0.1:25601
[15:07:46 INFO]: Using default channel type
[15:07:47 INFO]: Set PluginClassLoader as parallel capable
[15:07:47 INFO]: [QiZhangVerdict] Loading QiZhangVerdict v0.1.0
[15:07:47 WARN]: **** SERVER IS RUNNING IN OFFLINE/INSECURE MODE!
[15:07:47 WARN]: The server will make no attempt to authenticate usernames. Beware.
[15:07:47 WARN]: While this makes the game possible to play without internet access, it also opens up the ability for hackers to connect with any username they choose.
[15:07:47 WARN]: To change this, set "online-mode" to "true" in the server.properties file.
[15:07:47 INFO]: **** Beginning UUID conversion, this may take A LONG time ****
[15:07:47 INFO]: Preparing level "world"
[15:07:47 INFO]: -------- World Settings For [world] --------
[15:07:47 INFO]: View Distance: 2
[15:07:47 INFO]: Item Despawn Rate: 6000
[15:07:47 INFO]: Item Merge Radius: 2.5
[15:07:47 INFO]: Zombie Aggressive Towards Villager: true
[15:07:47 INFO]: Allow Zombie Pigmen to spawn from portal blocks: true
[15:07:47 INFO]: Arrow Despawn Rate: 1200
[15:07:47 INFO]: Nerfing mobs spawned from spawners: false
[15:07:47 INFO]: Custom Map Seeds:  Village: 10387312 Feature: 14357617 Monument: 10387313 Slime: 987234911
[15:07:47 INFO]: Experience Merge Radius: 3.0
[15:07:47 INFO]: Cactus Growth Modifier: 100%
[15:07:47 INFO]: Cane Growth Modifier: 100%
[15:07:47 INFO]: Melon Growth Modifier: 100%
[15:07:47 INFO]: Mushroom Growth Modifier: 100%
[15:07:47 INFO]: Pumpkin Growth Modifier: 100%
[15:07:47 INFO]: Sapling Growth Modifier: 100%
[15:07:47 INFO]: Wheat Growth Modifier: 100%
[15:07:47 INFO]: NetherWart Growth Modifier: 100%
[15:07:47 INFO]: Vine Growth Modifier: 100%
[15:07:47 INFO]: Cocoa Growth Modifier: 100%
[15:07:47 INFO]: Mob Spawn Range: 4
[15:07:47 INFO]: Entity Tracking Range: Pl 48 / An 48 / Mo 48 / Mi 32 / Other 64
[15:07:47 INFO]: Entity Activation Range: An 32 / Mo 32 / Mi 16 / Tiv true
[15:07:47 INFO]: Hopper Transfer: 8 Hopper Check: 1 Hopper Amount: 1
[15:07:47 INFO]: Random Lighting Updates: false
[15:07:47 INFO]: Structure Info Saving: true
[15:07:47 INFO]: Max TNT Explosions: 100
[15:07:47 INFO]: Tile Max Tick Time: 50ms Entity max Tick Time: 50ms
[15:07:48 INFO]: -------- World Settings For [world_nether] --------
[15:07:48 INFO]: View Distance: 2
[15:07:48 INFO]: Item Despawn Rate: 6000
[15:07:48 INFO]: Item Merge Radius: 2.5
[15:07:48 INFO]: Zombie Aggressive Towards Villager: true
[15:07:48 INFO]: Allow Zombie Pigmen to spawn from portal blocks: true
[15:07:48 INFO]: Arrow Despawn Rate: 1200
[15:07:48 INFO]: Nerfing mobs spawned from spawners: false
[15:07:48 INFO]: Custom Map Seeds:  Village: 10387312 Feature: 14357617 Monument: 10387313 Slime: 987234911
[15:07:48 INFO]: Experience Merge Radius: 3.0
[15:07:48 INFO]: Cactus Growth Modifier: 100%
[15:07:48 INFO]: Cane Growth Modifier: 100%
[15:07:48 INFO]: Melon Growth Modifier: 100%
[15:07:48 INFO]: Mushroom Growth Modifier: 100%
[15:07:48 INFO]: Pumpkin Growth Modifier: 100%
[15:07:48 INFO]: Sapling Growth Modifier: 100%
[15:07:48 INFO]: Wheat Growth Modifier: 100%
[15:07:48 INFO]: NetherWart Growth Modifier: 100%
[15:07:48 INFO]: Vine Growth Modifier: 100%
[15:07:48 INFO]: Cocoa Growth Modifier: 100%
[15:07:48 INFO]: Mob Spawn Range: 4
[15:07:48 INFO]: Entity Tracking Range: Pl 48 / An 48 / Mo 48 / Mi 32 / Other 64
[15:07:48 INFO]: Entity Activation Range: An 32 / Mo 32 / Mi 16 / Tiv true
[15:07:48 INFO]: Hopper Transfer: 8 Hopper Check: 1 Hopper Amount: 1
[15:07:48 INFO]: Random Lighting Updates: false
[15:07:48 INFO]: Structure Info Saving: true
[15:07:48 INFO]: Max TNT Explosions: 100
[15:07:48 INFO]: Tile Max Tick Time: 50ms Entity max Tick Time: 50ms
[15:07:48 INFO]: -------- World Settings For [world_the_end] --------
[15:07:48 INFO]: View Distance: 2
[15:07:48 INFO]: Item Despawn Rate: 6000
[15:07:48 INFO]: Item Merge Radius: 2.5
[15:07:48 INFO]: Zombie Aggressive Towards Villager: true
[15:07:48 INFO]: Allow Zombie Pigmen to spawn from portal blocks: true
[15:07:48 INFO]: Arrow Despawn Rate: 1200
[15:07:48 INFO]: Nerfing mobs spawned from spawners: false
[15:07:48 INFO]: Custom Map Seeds:  Village: 10387312 Feature: 14357617 Monument: 10387313 Slime: 987234911
[15:07:48 INFO]: Experience Merge Radius: 3.0
[15:07:48 INFO]: Cactus Growth Modifier: 100%
[15:07:48 INFO]: Cane Growth Modifier: 100%
[15:07:48 INFO]: Melon Growth Modifier: 100%
[15:07:48 INFO]: Mushroom Growth Modifier: 100%
[15:07:48 INFO]: Pumpkin Growth Modifier: 100%
[15:07:48 INFO]: Sapling Growth Modifier: 100%
[15:07:48 INFO]: Wheat Growth Modifier: 100%
[15:07:48 INFO]: NetherWart Growth Modifier: 100%
[15:07:48 INFO]: Vine Growth Modifier: 100%
[15:07:48 INFO]: Cocoa Growth Modifier: 100%
[15:07:48 INFO]: Mob Spawn Range: 4
[15:07:48 INFO]: Entity Tracking Range: Pl 48 / An 48 / Mo 48 / Mi 32 / Other 64
[15:07:48 INFO]: Entity Activation Range: An 32 / Mo 32 / Mi 16 / Tiv true
[15:07:48 INFO]: Hopper Transfer: 8 Hopper Check: 1 Hopper Amount: 1
[15:07:48 INFO]: Random Lighting Updates: false
[15:07:48 INFO]: Structure Info Saving: true
[15:07:48 INFO]: Max TNT Explosions: 100
[15:07:48 INFO]: Tile Max Tick Time: 50ms Entity max Tick Time: 50ms
[15:07:48 INFO]: Preparing start region for level 0 (Seed: 12955)
[15:07:48 INFO]: Preparing start region for level 1 (Seed: 12955)
[15:07:48 INFO]: Preparing start region for level 2 (Seed: 12955)
[15:07:48 INFO]: [QiZhangVerdict] Enabling QiZhangVerdict v0.1.0
[15:07:48 WARN]: [QiZhangVerdict] Offline mode: UUID/account ownership needs external authentication; IP limits are not proof of identity. Secure proxy forwarding and firewall the backend.
[15:07:48 INFO]: [QiZhangVerdict] QiZhangVerdict sessions=0, trackedIPs=0, accountPairs=0, rules=11, companion=required, vm=DENY, blacklist=DENY, rateBuckets=0, accountBans=0, deviceBans=0, deviceRequired=true
[15:07:48 INFO]: [QiZhangVerdict] Integrations: GrimAC=MISSING; movement/combat prediction unavailable; Orebfuscator=absent; Paper Anti-Xray=available; enable and verify per-world config. These engines are installed separately.
[15:07:49 INFO]: Done (1.252s)! For help, type "help" or "?"
[15:07:49 INFO]: Timings Reset
[15:07:49 INFO]: QiZhangVerdict sessions=0, trackedIPs=0, accountPairs=0, rules=11, companion=required, vm=DENY, blacklist=DENY, rateBuckets=0, accountBans=0, deviceBans=0, deviceRequired=true
[15:07:49 INFO]: UUID of player QVLegacyA is c41f345d-a4d2-3c8c-ac30-bdaac1fbf6cb
[15:07:49 INFO]: QVLegacyA[/127.0.0.1:12746] logged in with entity id 3 at ([world]-33.5, 4.0, -44.5)
[15:07:51 INFO]: UUID of player QVLegacyB is 3b0f90bf-492c-396c-bc09-e8884fa3536f
[15:07:51 INFO]: QVLegacyB[/127.0.0.1:12748] logged in with entity id 4 at ([world]-29.5, 4.0, -31.5)
[15:07:51 INFO]: QVLegacyB lost connection: [QiZhangVerdict] Only the configured number of accounts may use the same IP and device concurrently
[15:07:51 INFO]: QVLegacyB left the game
[15:07:51 WARN]: handleDisconnection() called twice
[15:07:52 INFO]: UUID of player QVLegacyB is 3b0f90bf-492c-396c-bc09-e8884fa3536f
[15:07:52 INFO]: QVLegacyB[/127.0.0.1:12750] logged in with entity id 5 at ([world]-29.5, 4.0, -31.5)
[15:07:53 INFO]: UUID of player QVLegacyC is 61569500-3bbe-3ec7-9a35-d11a9b6d8a5d
[15:07:53 INFO]: QVLegacyC[/127.0.0.1:12754] logged in with entity id 6 at ([world]-14.5, 4.0, -34.5)
[15:07:54 INFO]: UUID of player QVLegacyD is baf10ef6-c862-32b8-a9b4-c0a016c0fe86
[15:07:54 INFO]: Disconnecting com.mojang.authlib.GameProfile@196930c[id=baf10ef6-c862-32b8-a9b4-c0a016c0fe86,name=QVLegacyD,properties={},legacy=false] (/127.0.0.1:12756): Too many simultaneous accounts from this IP
[15:07:54 INFO]: com.mojang.authlib.GameProfile@196930c[id=baf10ef6-c862-32b8-a9b4-c0a016c0fe86,name=QVLegacyD,properties={},legacy=false] (/127.0.0.1:12756) lost connection: Too many simultaneous accounts from this IP
[15:07:55 INFO]: QVLegacyA lost connection: Disconnected
[15:07:55 INFO]: QVLegacyA left the game
[15:07:55 INFO]: UUID of player QVLegacyD is baf10ef6-c862-32b8-a9b4-c0a016c0fe86
[15:07:55 INFO]: QVLegacyD[/127.0.0.1:12758] logged in with entity id 8 at ([world]-13.5, 4.0, -32.5)
[15:07:56 INFO]: QVLegacyB lost connection: Disconnected
[15:07:56 INFO]: QVLegacyB left the game
[15:07:56 INFO]: QVLegacyC lost connection: Disconnected
[15:07:56 INFO]: QVLegacyC left the game
[15:07:56 INFO]: QVLegacyD lost connection: Disconnected
[15:07:56 INFO]: QVLegacyD left the game
[15:07:57 INFO]: UUID of player QVLegacyA is c41f345d-a4d2-3c8c-ac30-bdaac1fbf6cb
[15:07:57 INFO]: QVLegacyA[/127.0.0.1:12762] logged in with entity id 9 at ([world]-33.5, 4.0, -44.5)
[15:07:57 INFO]: QVLegacyA lost connection: [QiZhangVerdict] This server requires a scoped device identifier
[15:07:57 INFO]: QVLegacyA left the game
[15:07:57 WARN]: handleDisconnection() called twice
[15:07:58 INFO]: UUID of player QVLegacyA is c41f345d-a4d2-3c8c-ac30-bdaac1fbf6cb
[15:07:58 INFO]: QVLegacyA[/127.0.0.1:12764] logged in with entity id 10 at ([world]-33.5, 4.0, -44.5)
[15:07:58 INFO]: QVLegacyA lost connection: [QiZhangVerdict] Malformed or oversized companion report
[15:07:58 INFO]: QVLegacyA left the game
[15:07:58 WARN]: handleDisconnection() called twice
[15:07:59 INFO]: UUID of player QVLegacyA is c41f345d-a4d2-3c8c-ac30-bdaac1fbf6cb
[15:07:59 INFO]: QVLegacyA[/127.0.0.1:12766] logged in with entity id 11 at ([world]-33.5, 4.0, -44.5)
[15:08:00 INFO]: QVLegacyA lost connection: Disconnected
[15:08:00 INFO]: QVLegacyA left the game
[15:08:00 INFO]: UUID of player QVLegacyA is c41f345d-a4d2-3c8c-ac30-bdaac1fbf6cb
[15:08:00 INFO]: QVLegacyA[/127.0.0.1:12768] logged in with entity id 12 at ([world]-33.5, 4.0, -44.5)
[15:08:21 INFO]: QVLegacyA lost connection: [QiZhangVerdict] Required companion report timed out.
[15:08:21 INFO]: QVLegacyA left the game
[15:08:21 WARN]: handleDisconnection() called twice
[15:08:21 INFO]: UUID of player QVLegacyA is c41f345d-a4d2-3c8c-ac30-bdaac1fbf6cb
[15:08:21 INFO]: QVLegacyA[/127.0.0.1:8710] logged in with entity id 13 at ([world]-33.5, 4.0, -44.5)
[15:08:22 INFO]: QVLegacyA lost connection: Disconnected
[15:08:22 INFO]: QVLegacyA left the game
[15:08:22 INFO]: QiZhangVerdict sessions=0, trackedIPs=1, accountPairs=4, rules=11, companion=required, vm=DENY, blacklist=DENY, rateBuckets=1, accountBans=0, deviceBans=0, deviceRequired=true
[15:08:23 INFO]: Stopping the server
[15:08:23 INFO]: Stopping server
[15:08:23 INFO]: [QiZhangVerdict] Disabling QiZhangVerdict v0.1.0
[15:08:23 INFO]: Saving players
[15:08:23 INFO]: Saving worlds
[15:08:23 INFO]: Saving chunks for level 'world'/overworld
[15:08:23 INFO]: Saving chunks for level 'world_nether'/the_nether
[15:08:23 INFO]: Saving chunks for level 'world_the_end'/the_end
