Downloading vanilla jar...
Patching vanilla jar...
Loading libraries, please wait...
2026-09-25 15:23:10,888 main WARN Disabling terminal, you're running in an unsupported environment.
[15:23:11 INFO]: Starting minecraft server version 1.12.2
[15:23:11 INFO]: Loading properties
[15:23:12 INFO]: Default game type: SURVIVAL
[15:23:12 INFO]: This server is running Paper version git-Paper-1620 (MC: 1.12.2) (Implementing API version 1.12.2-R0.1-SNAPSHOT)
[15:23:12 INFO]: Debug logging is disabled
[15:23:12 INFO]: Server Ping Player Sample Count: 12
[15:23:12 INFO]: Using 4 threads for Netty based IO
[15:23:12 INFO]: Generating keypair
[15:23:12 INFO]: Starting Minecraft server on 127.0.0.1:25601
[15:23:12 INFO]: Using default channel type
[15:23:13 INFO]: Set PluginClassLoader as parallel capable
[15:23:13 INFO]: [QiZhangVerdict] Loading QiZhangVerdict v0.1.1
[15:23:13 WARN]: **** SERVER IS RUNNING IN OFFLINE/INSECURE MODE!
[15:23:13 WARN]: The server will make no attempt to authenticate usernames. Beware.
[15:23:13 WARN]: While this makes the game possible to play without internet access, it also opens up the ability for hackers to connect with any username they choose.
[15:23:13 WARN]: To change this, set "online-mode" to "true" in the server.properties file.
[15:23:13 INFO]: **** Beginning UUID conversion, this may take A LONG time ****
[15:23:13 INFO]: Preparing level "world"
[15:23:13 INFO]: -------- World Settings For [world] --------
[15:23:13 INFO]: Custom Map Seeds:  Village: 10387312 Feature: 14357617 Monument: 10387313 Slime: 987234911
[15:23:13 INFO]: Hopper Transfer: 8 Hopper Check: 1 Hopper Amount: 1
[15:23:13 INFO]: Entity Tracking Range: Pl 48 / An 48 / Mo 48 / Mi 32 / Other 64
[15:23:13 INFO]: Mob Spawn Range: 4
[15:23:13 INFO]: Cactus Growth Modifier: 100%
[15:23:13 INFO]: Cane Growth Modifier: 100%
[15:23:13 INFO]: Melon Growth Modifier: 100%
[15:23:13 INFO]: Mushroom Growth Modifier: 100%
[15:23:13 INFO]: Pumpkin Growth Modifier: 100%
[15:23:13 INFO]: Sapling Growth Modifier: 100%
[15:23:13 INFO]: Wheat Growth Modifier: 100%
[15:23:13 INFO]: NetherWart Growth Modifier: 100%
[15:23:13 INFO]: Vine Growth Modifier: 100%
[15:23:13 INFO]: Cocoa Growth Modifier: 100%
[15:23:13 INFO]: Random Lighting Updates: false
[15:23:13 INFO]: Entity Activation Range: An 32 / Mo 32 / Mi 16 / Tiv true
[15:23:13 INFO]: Structure Info Saving: true
[15:23:13 INFO]: Max TNT Explosions: 100
[15:23:13 INFO]: Tile Max Tick Time: 50ms Entity max Tick Time: 50ms
[15:23:13 INFO]: Item Despawn Rate: 6000
[15:23:13 INFO]: Item Merge Radius: 2.5
[15:23:13 INFO]: View Distance: 2
[15:23:13 INFO]: Arrow Despawn Rate: 1200
[15:23:13 INFO]: Allow Zombie Pigmen to spawn from portal blocks: true
[15:23:13 INFO]: Zombie Aggressive Towards Villager: true
[15:23:13 INFO]: Experience Merge Radius: 3.0
[15:23:13 INFO]: Nerfing mobs spawned from spawners: false
[15:23:13 INFO]: -------- World Settings For [world_nether] --------
[15:23:13 INFO]: Custom Map Seeds:  Village: 10387312 Feature: 14357617 Monument: 10387313 Slime: 987234911
[15:23:13 INFO]: Hopper Transfer: 8 Hopper Check: 1 Hopper Amount: 1
[15:23:13 INFO]: Entity Tracking Range: Pl 48 / An 48 / Mo 48 / Mi 32 / Other 64
[15:23:13 INFO]: Mob Spawn Range: 4
[15:23:13 INFO]: Cactus Growth Modifier: 100%
[15:23:13 INFO]: Cane Growth Modifier: 100%
[15:23:13 INFO]: Melon Growth Modifier: 100%
[15:23:13 INFO]: Mushroom Growth Modifier: 100%
[15:23:13 INFO]: Pumpkin Growth Modifier: 100%
[15:23:13 INFO]: Sapling Growth Modifier: 100%
[15:23:13 INFO]: Wheat Growth Modifier: 100%
[15:23:13 INFO]: NetherWart Growth Modifier: 100%
[15:23:13 INFO]: Vine Growth Modifier: 100%
[15:23:13 INFO]: Cocoa Growth Modifier: 100%
[15:23:13 INFO]: Random Lighting Updates: false
[15:23:13 INFO]: Entity Activation Range: An 32 / Mo 32 / Mi 16 / Tiv true
[15:23:13 INFO]: Structure Info Saving: true
[15:23:13 INFO]: Max TNT Explosions: 100
[15:23:13 INFO]: Tile Max Tick Time: 50ms Entity max Tick Time: 50ms
[15:23:13 INFO]: Item Despawn Rate: 6000
[15:23:13 INFO]: Item Merge Radius: 2.5
[15:23:13 INFO]: View Distance: 2
[15:23:13 INFO]: Arrow Despawn Rate: 1200
[15:23:13 INFO]: Allow Zombie Pigmen to spawn from portal blocks: true
[15:23:13 INFO]: Zombie Aggressive Towards Villager: true
[15:23:13 INFO]: Experience Merge Radius: 3.0
[15:23:13 INFO]: Nerfing mobs spawned from spawners: false
[15:23:13 INFO]: -------- World Settings For [world_the_end] --------
[15:23:13 INFO]: Custom Map Seeds:  Village: 10387312 Feature: 14357617 Monument: 10387313 Slime: 987234911
[15:23:13 INFO]: Hopper Transfer: 8 Hopper Check: 1 Hopper Amount: 1
[15:23:13 INFO]: Entity Tracking Range: Pl 48 / An 48 / Mo 48 / Mi 32 / Other 64
[15:23:13 INFO]: Mob Spawn Range: 4
[15:23:13 INFO]: Cactus Growth Modifier: 100%
[15:23:13 INFO]: Cane Growth Modifier: 100%
[15:23:13 INFO]: Melon Growth Modifier: 100%
[15:23:13 INFO]: Mushroom Growth Modifier: 100%
[15:23:13 INFO]: Pumpkin Growth Modifier: 100%
[15:23:13 INFO]: Sapling Growth Modifier: 100%
[15:23:13 INFO]: Wheat Growth Modifier: 100%
[15:23:13 INFO]: NetherWart Growth Modifier: 100%
[15:23:13 INFO]: Vine Growth Modifier: 100%
[15:23:13 INFO]: Cocoa Growth Modifier: 100%
[15:23:13 INFO]: Random Lighting Updates: false
[15:23:13 INFO]: Entity Activation Range: An 32 / Mo 32 / Mi 16 / Tiv true
[15:23:13 INFO]: Structure Info Saving: true
[15:23:13 INFO]: Max TNT Explosions: 100
[15:23:13 INFO]: Tile Max Tick Time: 50ms Entity max Tick Time: 50ms
[15:23:13 INFO]: Item Despawn Rate: 6000
[15:23:13 INFO]: Item Merge Radius: 2.5
[15:23:13 INFO]: View Distance: 2
[15:23:13 INFO]: Arrow Despawn Rate: 1200
[15:23:13 INFO]: Allow Zombie Pigmen to spawn from portal blocks: true
[15:23:13 INFO]: Zombie Aggressive Towards Villager: true
[15:23:13 INFO]: Experience Merge Radius: 3.0
[15:23:13 INFO]: Nerfing mobs spawned from spawners: false
[15:23:13 INFO]: Preparing start region for level 0 (Seed: 12955)
[15:23:13 INFO]: Preparing start region for level 1 (Seed: 12955)
[15:23:14 INFO]: Preparing start region for level 2 (Seed: 12955)
[15:23:14 INFO]: [QiZhangVerdict] Enabling QiZhangVerdict v0.1.1
[15:23:14 WARN]: [QiZhangVerdict] Offline mode: UUID/account ownership needs external authentication; IP limits are not proof of identity. Secure proxy forwarding and firewall the backend.
[15:23:14 INFO]: [QiZhangVerdict] QiZhangVerdict sessions=0, trackedIPs=0, accountPairs=0, rules=11, companion=required, vm=DENY, blacklist=DENY, rateBuckets=0, accountBans=0, deviceBans=0, deviceRequired=true
[15:23:14 INFO]: [QiZhangVerdict] Integrations: GrimAC=MISSING; movement/combat prediction unavailable; Orebfuscator=absent; Paper Anti-Xray=available; enable and verify per-world config. These engines are installed separately.
[15:23:14 INFO]: Done (1.197s)! For help, type "help" or "?"
[15:23:14 INFO]: Timings Reset
[15:23:14 INFO]: QiZhangVerdict sessions=0, trackedIPs=0, accountPairs=0, rules=11, companion=required, vm=DENY, blacklist=DENY, rateBuckets=0, accountBans=0, deviceBans=0, deviceRequired=true
[15:23:15 INFO]: UUID of player QVLegacyA is c41f345d-a4d2-3c8c-ac30-bdaac1fbf6cb
[15:23:15 INFO]: QVLegacyA[/127.0.0.1:9792] logged in with entity id 3 at ([world]-28.5, 4.0, -45.5)
[15:23:38 INFO]: QiZhangVerdict sessions=1, trackedIPs=1, accountPairs=1, rules=11, companion=required, vm=DENY, blacklist=DENY, rateBuckets=1, accountBans=0, deviceBans=0, deviceRequired=true
[15:23:38 INFO]: UUID of player QVLegacyB is 3b0f90bf-492c-396c-bc09-e8884fa3536f
[15:23:38 INFO]: QVLegacyB[/127.0.0.1:9813] logged in with entity id 4 at ([world]-17.5, 4.0, -41.5)
[15:23:38 INFO]: QVLegacyB lost connection: [QiZhangVerdict] Only the configured number of accounts may use the same IP and device concurrently
[15:23:38 INFO]: QVLegacyB left the game
[15:23:38 WARN]: handleDisconnection() called twice
[15:23:39 INFO]: UUID of player QVLegacyB is 3b0f90bf-492c-396c-bc09-e8884fa3536f
[15:23:39 INFO]: QVLegacyB[/127.0.0.1:9814] logged in with entity id 5 at ([world]-17.5, 4.0, -41.5)
[15:23:40 INFO]: UUID of player QVLegacyC is 61569500-3bbe-3ec7-9a35-d11a9b6d8a5d
[15:23:40 INFO]: QVLegacyC[/127.0.0.1:9816] logged in with entity id 6 at ([world]-33.5, 4.0, -42.5)
[15:23:41 INFO]: UUID of player QVLegacyD is baf10ef6-c862-32b8-a9b4-c0a016c0fe86
[15:23:42 INFO]: Disconnecting com.mojang.authlib.GameProfile@c5e728b[id=baf10ef6-c862-32b8-a9b4-c0a016c0fe86,name=QVLegacyD,properties={},legacy=false] (/127.0.0.1:9818): Too many simultaneous accounts from this IP
[15:23:42 INFO]: com.mojang.authlib.GameProfile@c5e728b[id=baf10ef6-c862-32b8-a9b4-c0a016c0fe86,name=QVLegacyD,properties={},legacy=false] (/127.0.0.1:9818) lost connection: Too many simultaneous accounts from this IP
[15:23:42 INFO]: QVLegacyA lost connection: Disconnected
[15:23:42 INFO]: QVLegacyA left the game
[15:23:43 INFO]: UUID of player QVLegacyD is baf10ef6-c862-32b8-a9b4-c0a016c0fe86
[15:23:43 INFO]: QVLegacyD[/127.0.0.1:8978] logged in with entity id 8 at ([world]-13.5, 4.0, -42.5)
[15:23:44 INFO]: QVLegacyB lost connection: Disconnected
[15:23:44 INFO]: QVLegacyB left the game
[15:23:44 INFO]: QVLegacyC lost connection: Disconnected
[15:23:44 INFO]: QVLegacyC left the game
[15:23:44 INFO]: QVLegacyD lost connection: Disconnected
[15:23:44 INFO]: QVLegacyD left the game
[15:23:45 INFO]: UUID of player QVLegacyA is c41f345d-a4d2-3c8c-ac30-bdaac1fbf6cb
[15:23:45 INFO]: QVLegacyA[/127.0.0.1:8981] logged in with entity id 9 at ([world]-28.5, 4.0, -45.5)
[15:23:45 INFO]: QVLegacyA lost connection: [QiZhangVerdict] This server requires a scoped device identifier
[15:23:45 INFO]: QVLegacyA left the game
[15:23:45 WARN]: handleDisconnection() called twice
[15:23:46 INFO]: UUID of player QVLegacyA is c41f345d-a4d2-3c8c-ac30-bdaac1fbf6cb
[15:23:46 INFO]: QVLegacyA[/127.0.0.1:8982] logged in with entity id 10 at ([world]-28.5, 4.0, -45.5)
[15:23:46 INFO]: QVLegacyA lost connection: [QiZhangVerdict] Malformed or oversized companion report
[15:23:46 INFO]: QVLegacyA left the game
[15:23:46 WARN]: handleDisconnection() called twice
[15:23:47 INFO]: UUID of player QVLegacyA is c41f345d-a4d2-3c8c-ac30-bdaac1fbf6cb
[15:23:47 INFO]: QVLegacyA[/127.0.0.1:8983] logged in with entity id 11 at ([world]-28.5, 4.0, -45.5)
[15:23:48 INFO]: QVLegacyA lost connection: Disconnected
[15:23:48 INFO]: QVLegacyA left the game
[15:23:48 INFO]: UUID of player QVLegacyA is c41f345d-a4d2-3c8c-ac30-bdaac1fbf6cb
[15:23:48 INFO]: QVLegacyA[/127.0.0.1:8984] logged in with entity id 12 at ([world]-28.5, 4.0, -45.5)
[15:24:09 INFO]: QVLegacyA lost connection: [QiZhangVerdict] Required companion report timed out.
[15:24:09 INFO]: QVLegacyA left the game
[15:24:09 WARN]: handleDisconnection() called twice
[15:24:09 INFO]: UUID of player QVLegacyA is c41f345d-a4d2-3c8c-ac30-bdaac1fbf6cb
[15:24:09 INFO]: QVLegacyA[/127.0.0.1:8999] logged in with entity id 13 at ([world]-28.5, 4.0, -45.5)
[15:24:10 INFO]: QVLegacyA lost connection: Disconnected
[15:24:10 INFO]: QVLegacyA left the game
[15:24:11 INFO]: QiZhangVerdict sessions=0, trackedIPs=1, accountPairs=4, rules=11, companion=required, vm=DENY, blacklist=DENY, rateBuckets=1, accountBans=0, deviceBans=0, deviceRequired=true
[15:24:12 INFO]: Stopping the server
[15:24:12 INFO]: Stopping server
[15:24:12 INFO]: [QiZhangVerdict] Disabling QiZhangVerdict v0.1.1
[15:24:12 INFO]: Saving players
[15:24:12 INFO]: Saving worlds
[15:24:12 INFO]: Saving chunks for level 'world'/overworld
[15:24:12 INFO]: Saving chunks for level 'world_nether'/the_nether
[15:24:12 INFO]: Saving chunks for level 'world_the_end'/the_end
