Downloading vanilla jar...
Patching vanilla jar...
Loading libraries, please wait...
[15:07:41 INFO]: Starting minecraft server version 1.8.8
[15:07:41 INFO]: Loading properties
[15:07:41 INFO]: Default game type: SURVIVAL
[15:07:41 INFO]: This server is running CraftBukkit version git-PaperSpigot-445 (MC: 1.8.8) (Implementing API version 1.8.8-R0.1-SNAPSHOT)
[15:07:41 INFO]: Unable to find file banned-players.json, creating it.
[15:07:41 INFO]: Unable to find file banned-ips.json, creating it.
[15:07:41 INFO]: Unable to find file ops.json, creating it.
[15:07:41 INFO]: Unable to find file whitelist.json, creating it.
[15:07:41 INFO]: Debug logging is disabled
[15:07:41 INFO]: Spigot Timings: true - Verbose: true - Interval: 5m - Length: 60m
[15:07:41 INFO]: Using 4 threads for Netty based IO
[15:07:41 INFO]: Server Ping Player Sample Count: 12
[15:07:41 INFO]: Data value allowed items: 
[15:07:41 INFO]: Generating keypair
[15:07:42 INFO]: Starting Minecraft server on 127.0.0.1:25600
[15:07:42 INFO]: Using default channel type
[15:07:42 INFO]: Set PluginClassLoader as parallel capable
[15:07:42 INFO]: [QiZhangVerdict] Loading QiZhangVerdict v0.1.0
[15:07:42 WARN]: **** SERVER IS RUNNING IN OFFLINE/INSECURE MODE!
[15:07:42 WARN]: The server will make no attempt to authenticate usernames. Beware.
[15:07:42 WARN]: While this makes the game possible to play without internet access, it also opens up the ability for hackers to connect with any username they choose.
[15:07:42 WARN]: To change this, set "online-mode" to "true" in the server.properties file.
[15:07:42 INFO]: **** Beginning UUID conversion, this may take A LONG time ****
[15:07:42 INFO]: Preparing level "world"
[15:07:42 INFO]: -------- World Settings For [world] --------
[15:07:42 INFO]: Arrow Despawn Rate: 1200
[15:07:42 INFO]: Entity Tracking Range: Pl 48 / An 48 / Mo 48 / Mi 32 / Other 64
[15:07:42 INFO]: Nerfing mobs spawned from spawners: false
[15:07:42 INFO]: Cactus Growth Modifier: 100%
[15:07:42 INFO]: Cane Growth Modifier: 100%
[15:07:42 INFO]: Melon Growth Modifier: 100%
[15:07:42 INFO]: Mushroom Growth Modifier: 100%
[15:07:42 INFO]: Pumpkin Growth Modifier: 100%
[15:07:42 INFO]: Sapling Growth Modifier: 100%
[15:07:42 INFO]: Wheat Growth Modifier: 100%
[15:07:42 INFO]: NetherWart Growth Modifier: 100%
[15:07:42 INFO]: Anti X-Ray: true
[15:07:42 INFO]: 	Engine Mode: 1
[15:07:42 INFO]: 	Hidden Blocks: [14, 15, 16, 21, 48, 49, 54, 56, 73, 74, 82, 129, 130]
[15:07:42 INFO]: 	Replace Blocks: [1, 5]
[15:07:42 INFO]: Entity Activation Range: An 32 / Mo 32 / Mi 16
[15:07:42 INFO]: Hopper Transfer: 8 Hopper Check: 8 Hopper Amount: 1
[15:07:42 INFO]: Mob Spawn Range: 4
[15:07:42 INFO]: Random Lighting Updates: false
[15:07:42 INFO]: Structure Info Saving: true
[15:07:42 INFO]: Max TNT Explosions: 100
[15:07:42 INFO]: Tile Max Tick Time: 50ms Entity max Tick Time: 50ms
[15:07:42 INFO]: Sending up to 10 chunks per packet
[15:07:42 INFO]: Zombie Aggressive Towards Villager: true
[15:07:42 INFO]: Item Merge Radius: 2.5
[15:07:42 INFO]: Item Despawn Rate: 6000
[15:07:42 INFO]: Allow Zombie Pigmen to spawn from portal blocks: true
[15:07:42 INFO]: Max Entity Collisions: 8
[15:07:42 INFO]: Custom Map Seeds:  Village: 10387312 Feature: 14357617
[15:07:42 INFO]: View Distance: 2
[15:07:42 INFO]: Chunks to Grow per Tick: 650
[15:07:42 INFO]: Clear tick list: false
[15:07:42 INFO]: Experience Merge Radius: 3.0
[15:07:42 INFO]: -------- World Settings For [world] --------
[15:07:42 INFO]: Squids will spawn between Y: 45.0 and Y: 63.0
[15:07:42 INFO]: Fix TNT cannons: false
[15:07:42 INFO]: Keep spawn chunk loaded: true
[15:07:42 INFO]: Allow undead horse types to be leashed: false
[15:07:42 INFO]: Water over lava flow speed: 5
[15:07:42 INFO]: Living Entity Despawn Ranges:  Soft: 32 Hard: 128
[15:07:42 INFO]: Remove invalid mob spawner tile entities: true
[15:07:42 INFO]: Player blocking damage multiplier set to 0.5
[15:07:42 INFO]: Max height for cactus growth 3. Max height for reed growth 3
[15:07:42 INFO]: World async lighting: false
[15:07:42 INFO]: WorldServer TickNextTick cap set at 10000
[15:07:42 INFO]: WorldServer TickNextTickList cap always processes redstone: false
[15:07:43 INFO]: -------- World Settings For [world_nether] --------
[15:07:43 INFO]: Arrow Despawn Rate: 1200
[15:07:43 INFO]: Entity Tracking Range: Pl 48 / An 48 / Mo 48 / Mi 32 / Other 64
[15:07:43 INFO]: Nerfing mobs spawned from spawners: false
[15:07:43 INFO]: Cactus Growth Modifier: 100%
[15:07:43 INFO]: Cane Growth Modifier: 100%
[15:07:43 INFO]: Melon Growth Modifier: 100%
[15:07:43 INFO]: Mushroom Growth Modifier: 100%
[15:07:43 INFO]: Pumpkin Growth Modifier: 100%
[15:07:43 INFO]: Sapling Growth Modifier: 100%
[15:07:43 INFO]: Wheat Growth Modifier: 100%
[15:07:43 INFO]: NetherWart Growth Modifier: 100%
[15:07:43 INFO]: Anti X-Ray: true
[15:07:43 INFO]: 	Engine Mode: 1
[15:07:43 INFO]: 	Hidden Blocks: [14, 15, 16, 21, 48, 49, 54, 56, 73, 74, 82, 129, 130]
[15:07:43 INFO]: 	Replace Blocks: [1, 5]
[15:07:43 INFO]: Entity Activation Range: An 32 / Mo 32 / Mi 16
[15:07:43 INFO]: Hopper Transfer: 8 Hopper Check: 8 Hopper Amount: 1
[15:07:43 INFO]: Mob Spawn Range: 4
[15:07:43 INFO]: Random Lighting Updates: false
[15:07:43 INFO]: Structure Info Saving: true
[15:07:43 INFO]: Max TNT Explosions: 100
[15:07:43 INFO]: Tile Max Tick Time: 50ms Entity max Tick Time: 50ms
[15:07:43 INFO]: Sending up to 10 chunks per packet
[15:07:43 INFO]: Zombie Aggressive Towards Villager: true
[15:07:43 INFO]: Item Merge Radius: 2.5
[15:07:43 INFO]: Item Despawn Rate: 6000
[15:07:43 INFO]: Allow Zombie Pigmen to spawn from portal blocks: true
[15:07:43 INFO]: Max Entity Collisions: 8
[15:07:43 INFO]: Custom Map Seeds:  Village: 10387312 Feature: 14357617
[15:07:43 INFO]: View Distance: 2
[15:07:43 INFO]: Chunks to Grow per Tick: 650
[15:07:43 INFO]: Clear tick list: false
[15:07:43 INFO]: Experience Merge Radius: 3.0
[15:07:43 INFO]: -------- World Settings For [world_nether] --------
[15:07:43 INFO]: Squids will spawn between Y: 45.0 and Y: 63.0
[15:07:43 INFO]: Fix TNT cannons: false
[15:07:43 INFO]: Keep spawn chunk loaded: true
[15:07:43 INFO]: Allow undead horse types to be leashed: false
[15:07:43 INFO]: Water over lava flow speed: 5
[15:07:43 INFO]: Living Entity Despawn Ranges:  Soft: 32 Hard: 128
[15:07:43 INFO]: Remove invalid mob spawner tile entities: true
[15:07:43 INFO]: Player blocking damage multiplier set to 0.5
[15:07:43 INFO]: Max height for cactus growth 3. Max height for reed growth 3
[15:07:43 INFO]: World async lighting: false
[15:07:43 INFO]: WorldServer TickNextTick cap set at 10000
[15:07:43 INFO]: WorldServer TickNextTickList cap always processes redstone: false
[15:07:43 INFO]: -------- World Settings For [world_the_end] --------
[15:07:43 INFO]: Arrow Despawn Rate: 1200
[15:07:43 INFO]: Entity Tracking Range: Pl 48 / An 48 / Mo 48 / Mi 32 / Other 64
[15:07:43 INFO]: Nerfing mobs spawned from spawners: false
[15:07:43 INFO]: Cactus Growth Modifier: 100%
[15:07:43 INFO]: Cane Growth Modifier: 100%
[15:07:43 INFO]: Melon Growth Modifier: 100%
[15:07:43 INFO]: Mushroom Growth Modifier: 100%
[15:07:43 INFO]: Pumpkin Growth Modifier: 100%
[15:07:43 INFO]: Sapling Growth Modifier: 100%
[15:07:43 INFO]: Wheat Growth Modifier: 100%
[15:07:43 INFO]: NetherWart Growth Modifier: 100%
[15:07:43 INFO]: Anti X-Ray: true
[15:07:43 INFO]: 	Engine Mode: 1
[15:07:43 INFO]: 	Hidden Blocks: [14, 15, 16, 21, 48, 49, 54, 56, 73, 74, 82, 129, 130]
[15:07:43 INFO]: 	Replace Blocks: [1, 5]
[15:07:43 INFO]: Entity Activation Range: An 32 / Mo 32 / Mi 16
[15:07:43 INFO]: Hopper Transfer: 8 Hopper Check: 8 Hopper Amount: 1
[15:07:43 INFO]: Mob Spawn Range: 4
[15:07:43 INFO]: Random Lighting Updates: false
[15:07:43 INFO]: Structure Info Saving: true
[15:07:43 INFO]: Max TNT Explosions: 100
[15:07:43 INFO]: Tile Max Tick Time: 50ms Entity max Tick Time: 50ms
[15:07:43 INFO]: Sending up to 10 chunks per packet
[15:07:43 INFO]: Zombie Aggressive Towards Villager: true
[15:07:43 INFO]: Item Merge Radius: 2.5
[15:07:43 INFO]: Item Despawn Rate: 6000
[15:07:43 INFO]: Allow Zombie Pigmen to spawn from portal blocks: true
[15:07:43 INFO]: Max Entity Collisions: 8
[15:07:43 INFO]: Custom Map Seeds:  Village: 10387312 Feature: 14357617
[15:07:43 INFO]: View Distance: 2
[15:07:43 INFO]: Chunks to Grow per Tick: 650
[15:07:43 INFO]: Clear tick list: false
[15:07:43 INFO]: Experience Merge Radius: 3.0
[15:07:43 INFO]: -------- World Settings For [world_the_end] --------
[15:07:43 INFO]: Squids will spawn between Y: 45.0 and Y: 63.0
[15:07:43 INFO]: Fix TNT cannons: false
[15:07:43 INFO]: Keep spawn chunk loaded: true
[15:07:43 INFO]: Allow undead horse types to be leashed: false
[15:07:43 INFO]: Water over lava flow speed: 5
[15:07:43 INFO]: Living Entity Despawn Ranges:  Soft: 32 Hard: 128
[15:07:43 INFO]: Remove invalid mob spawner tile entities: true
[15:07:43 INFO]: Player blocking damage multiplier set to 0.5
[15:07:43 INFO]: Max height for cactus growth 3. Max height for reed growth 3
[15:07:43 INFO]: World async lighting: false
[15:07:43 INFO]: WorldServer TickNextTick cap set at 10000
[15:07:43 INFO]: WorldServer TickNextTickList cap always processes redstone: false
[15:07:43 INFO]: Preparing start region for level 0 (Seed: 12955)
[15:07:43 INFO]: Preparing start region for level 1 (Seed: 12955)
[15:07:44 INFO]: Preparing spawn area: 19%
[15:07:45 INFO]: Preparing spawn area: 51%
[15:07:46 INFO]: Preparing spawn area: 88%
[15:07:46 INFO]: Preparing start region for level 2 (Seed: 12955)
[15:07:47 INFO]: Preparing spawn area: 66%
[15:07:48 INFO]: [QiZhangVerdict] Enabling QiZhangVerdict v0.1.0
[15:07:48 WARN]: [QiZhangVerdict] Offline mode: UUID/account ownership needs external authentication; IP limits are not proof of identity. Secure proxy forwarding and firewall the backend.
[15:07:48 INFO]: [QiZhangVerdict] QiZhangVerdict sessions=0, trackedIPs=0, accountPairs=0, rules=11, companion=required, vm=DENY, blacklist=DENY, rateBuckets=0, accountBans=0, deviceBans=0, deviceRequired=true
[15:07:48 INFO]: [QiZhangVerdict] Integrations: GrimAC=MISSING; movement/combat prediction unavailable; Orebfuscator=absent; Paper Anti-Xray=available; enable and verify per-world config. These engines are installed separately.
[15:07:48 INFO]: Done (5.614s)! For help, type "help" or "?"
[15:07:48 INFO]: Timings Reset
[15:07:48 INFO]: QiZhangVerdict sessions=0, trackedIPs=0, accountPairs=0, rules=11, companion=required, vm=DENY, blacklist=DENY, rateBuckets=0, accountBans=0, deviceBans=0, deviceRequired=true
[15:07:49 INFO]: UUID of player QVLegacyA is c41f345d-a4d2-3c8c-ac30-bdaac1fbf6cb
[15:07:49 INFO]: QVLegacyA[/127.0.0.1:12745] logged in with entity id 31 at ([world]-19.5, 4.0, -44.5)
[15:07:50 INFO]: UUID of player QVLegacyB is 3b0f90bf-492c-396c-bc09-e8884fa3536f
[15:07:50 INFO]: QVLegacyB[/127.0.0.1:12747] logged in with entity id 32 at ([world]-27.5, 4.0, -38.5)
[15:07:50 INFO]: QVLegacyB lost connection: [QiZhangVerdict] Only the configured number of accounts may use the same IP and device concurrently
[15:07:50 INFO]: QVLegacyB left the game.
[15:07:50 WARN]: handleDisconnection() called twice
[15:07:51 INFO]: UUID of player QVLegacyB is 3b0f90bf-492c-396c-bc09-e8884fa3536f
[15:07:51 INFO]: QVLegacyB[/127.0.0.1:12749] logged in with entity id 33 at ([world]-27.5, 4.0, -38.5)
[15:07:52 INFO]: UUID of player QVLegacyC is 61569500-3bbe-3ec7-9a35-d11a9b6d8a5d
[15:07:52 INFO]: QVLegacyC[/127.0.0.1:12752] logged in with entity id 34 at ([world]-24.5, 4.0, -39.5)
[15:07:53 INFO]: UUID of player QVLegacyD is baf10ef6-c862-32b8-a9b4-c0a016c0fe86
[15:07:53 INFO]: Disconnecting com.mojang.authlib.GameProfile@2c12032a[id=baf10ef6-c862-32b8-a9b4-c0a016c0fe86,name=QVLegacyD,properties={},legacy=false] (/127.0.0.1:12755): Too many simultaneous accounts from this IP
[15:07:53 INFO]: com.mojang.authlib.GameProfile@2c12032a[id=baf10ef6-c862-32b8-a9b4-c0a016c0fe86,name=QVLegacyD,properties={},legacy=false] (/127.0.0.1:12755) lost connection: Too many simultaneous accounts from this IP
[15:07:54 INFO]: QVLegacyA lost connection: Disconnected
[15:07:54 INFO]: QVLegacyA left the game.
[15:07:55 INFO]: UUID of player QVLegacyD is baf10ef6-c862-32b8-a9b4-c0a016c0fe86
[15:07:55 INFO]: QVLegacyD[/127.0.0.1:12757] logged in with entity id 36 at ([world]-21.5, 4.0, -39.5)
[15:07:56 INFO]: QVLegacyB lost connection: Disconnected
[15:07:56 INFO]: QVLegacyB left the game.
[15:07:56 INFO]: QVLegacyC lost connection: Disconnected
[15:07:56 INFO]: QVLegacyC left the game.
[15:07:56 INFO]: QVLegacyD lost connection: Disconnected
[15:07:56 INFO]: QVLegacyD left the game.
[15:07:56 INFO]: UUID of player QVLegacyA is c41f345d-a4d2-3c8c-ac30-bdaac1fbf6cb
[15:07:56 INFO]: QVLegacyA[/127.0.0.1:12761] logged in with entity id 37 at ([world]-19.5, 4.0, -44.5)
[15:07:57 INFO]: QVLegacyA lost connection: [QiZhangVerdict] This server requires a scoped device identifier
[15:07:57 INFO]: QVLegacyA left the game.
[15:07:57 WARN]: handleDisconnection() called twice
[15:07:58 INFO]: UUID of player QVLegacyA is c41f345d-a4d2-3c8c-ac30-bdaac1fbf6cb
[15:07:58 INFO]: QVLegacyA[/127.0.0.1:12763] logged in with entity id 38 at ([world]-19.5, 4.0, -44.5)
[15:07:58 INFO]: QVLegacyA lost connection: [QiZhangVerdict] Malformed or oversized companion report
[15:07:58 INFO]: QVLegacyA left the game.
[15:07:58 WARN]: handleDisconnection() called twice
[15:07:59 INFO]: UUID of player QVLegacyA is c41f345d-a4d2-3c8c-ac30-bdaac1fbf6cb
[15:07:59 INFO]: QVLegacyA[/127.0.0.1:12765] logged in with entity id 39 at ([world]-19.5, 4.0, -44.5)
[15:08:00 INFO]: QVLegacyA lost connection: Disconnected
[15:08:00 INFO]: QVLegacyA left the game.
[15:08:00 INFO]: UUID of player QVLegacyA is c41f345d-a4d2-3c8c-ac30-bdaac1fbf6cb
[15:08:00 INFO]: QVLegacyA[/127.0.0.1:12767] logged in with entity id 40 at ([world]-19.5, 4.0, -44.5)
[15:08:21 INFO]: QVLegacyA lost connection: [QiZhangVerdict] Required companion report timed out.
[15:08:21 INFO]: QVLegacyA left the game.
[15:08:21 WARN]: handleDisconnection() called twice
[15:08:21 INFO]: UUID of player QVLegacyA is c41f345d-a4d2-3c8c-ac30-bdaac1fbf6cb
[15:08:21 INFO]: QVLegacyA[/127.0.0.1:8711] logged in with entity id 41 at ([world]-19.5, 4.0, -44.5)
[15:08:22 INFO]: QVLegacyA lost connection: Disconnected
[15:08:22 INFO]: QVLegacyA left the game.
[15:08:23 INFO]: QiZhangVerdict sessions=0, trackedIPs=1, accountPairs=4, rules=11, companion=required, vm=DENY, blacklist=DENY, rateBuckets=1, accountBans=0, deviceBans=0, deviceRequired=true
[15:08:23 INFO]: Stopping the server
[15:08:23 INFO]: Stopping server
[15:08:23 INFO]: [QiZhangVerdict] Disabling QiZhangVerdict v0.1.0
[15:08:23 INFO]: Saving players
[15:08:24 INFO]: Saving worlds
[15:08:24 INFO]: Saving chunks for level 'world'/Overworld
[15:08:24 INFO]: Saving chunks for level 'world_nether'/Nether
[15:08:24 INFO]: Saving chunks for level 'world_the_end'/The End
