[16:02:57.924] [main/INFO] [Launcher/MODLAUNCHER]: ModLauncher running: args [--launchTarget, forgeserver, --fml.neoForgeVersion, 21.1.244, --fml.fmlVersion, 4.0.43, --fml.mcVersion, 1.21.1, --fml.neoFormVersion, 20240808.144430, nogui] 
[16:02:57.928] [main/INFO] [Launcher/MODLAUNCHER]: JVM identified as Oracle Corporation Java HotSpot(TM) 64-Bit Server VM 21.0.8+12-LTS-250 
[16:02:57.930] [main/INFO] [Launcher/MODLAUNCHER]: ModLauncher 11.0.5+main.901c6ea8 starting: java version 21.0.8 by Oracle Corporation; OS Windows 11 arch amd64 version 10.0 
[16:02:58.097] [main/INFO] [loading.ImmediateWindowHandler/]: ImmediateWindowProvider not loading because launch target is forgeserver 
[16:02:58.166] [main/INFO] [mixin/]: SpongePowered MIXIN Subsystem Version=0.8.7 Source=union:/E:/CodexTemp/QiZhangVerdict/client-matrix/neoforge-1.21.1/candidate-0.1.1-gpl-01/server/libraries/net/fabricmc/sponge-mixin/0.15.2+mixin.0.8.7/sponge-mixin-0.15.2+mixin.0.8.7.jar%2373!/ Service=ModLauncher Env=SERVER 
[16:02:58.583] [main/INFO] [loading.moddiscovery.ModDiscoverer/SCAN]: Found mod file "server-1.21.1-20240808.144430-srg.jar" [locator: production server provider +net.neoforged:neoforge:21.1.244:server] 
[16:02:58.630] [main/INFO] [loading.moddiscovery.ModDiscoverer/SCAN]: Found mod file "neoforge-21.1.244-universal.jar" [locator: PathBasedLocator[name=neoforge, paths=[libraries\net\neoforged\neoforge\21.1.244\neoforge-21.1.244-universal.jar]], reader: mod manifest] 
[16:02:58.644] [main/INFO] [loading.moddiscovery.ModDiscoverer/SCAN]: Found mod file "antixray-neoforge-1.4.8+1.21.1.jar" [locator: {mods folder locator at E:\CodexTemp\QiZhangVerdict\client-matrix\neoforge-1.21.1\candidate-0.1.1-gpl-01\server\mods}, reader: mod manifest] 
[16:02:58.659] [main/INFO] [loading.moddiscovery.ModDiscoverer/SCAN]: Found mod file "qizhangverdict-neoforge-1.21.1-0.1.1.jar" [locator: {mods folder locator at E:\CodexTemp\QiZhangVerdict\client-matrix\neoforge-1.21.1\candidate-0.1.1-gpl-01\server\mods}, reader: mod manifest] 
[16:02:58.801] [main/INFO] [loading.moddiscovery.locators.JarInJarDependencyLocator/]: Found 3 dependencies adding them to mods collection 
[16:02:58.801] [main/INFO] [loading.moddiscovery.ModDiscoverer/SCAN]: Found gamelibrary file "mixinextras-neoforge-0.5.3.jar" [parent: neoforge-21.1.244-universal.jar, locator: jarinjar, reader: mod manifest] 
[16:02:58.802] [main/INFO] [loading.moddiscovery.ModDiscoverer/SCAN]: Found library file "toml4j-0.7.2.jar" [parent: antixray-neoforge-1.4.8+1.21.1.jar, locator: jarinjar] 
[16:02:58.802] [main/INFO] [loading.moddiscovery.ModDiscoverer/SCAN]: Found library file "net.neoforged.neoforge-coremods-21.1.244.jar" [parent: neoforge-21.1.244-universal.jar, locator: jarinjar, reader: mod manifest] 
[16:02:58.805] [main/INFO] [loading.moddiscovery.ModDiscoverer/]: 
     Mod List:
		Name Version (Mod Id)

		AntiXray 1.4.8 (antixray)
		Minecraft 1.21.1 (minecraft)
		NeoForge 21.1.244 (neoforge)
		QiZhang's Verdict / 七章的裁决 0.1.1 (qizhangverdict) 
[16:02:59.363] [main/INFO] [mixin/]: Compatibility level set to JAVA_21 
[16:02:59.379] [main/INFO] [LaunchServiceHandler/MODLAUNCHER]: Launching target 'forgeserver' with arguments [nogui] 
WARN StatusConsoleListener Advanced terminal features are not available in this environment
[16:03:01] [main/INFO] [MixinExtras|Service/]: Initializing MixinExtras via com.llamalad7.mixinextras.service.MixinExtrasServiceImpl(version=0.5.3).
[16:03:07] [modloading-worker-0/INFO] [me.dr.an.co.AntiXray/]: Successfully initialized antixray for neoforge
[16:03:07] [modloading-worker-0/INFO] [ne.ne.ne.co.NeoForgeMod/NEOFORGE-MOD]: NeoForge mod loading, version 21.1.244, for MC 1.21.1
[16:03:07] [main/INFO] [mojang/YggdrasilAuthenticationService]: Environment: Environment[sessionHost=https://sessionserver.mojang.com, servicesHost=https://api.minecraftservices.com, name=PROD]
[16:03:07] [main/WARN] [ne.ne.ne.co.CommonHooks/WP]: The following mods have version differences that were not resolved:
qizhangverdict (version 0.1.0 -> 0.1.1)
Things may not work well.
[16:03:07] [main/WARN] [minecraft/VanillaPackResourcesBuilder]: Assets URL 'union:/E:/CodexTemp/QiZhangVerdict/client-matrix/neoforge-1.21.1/candidate-0.1.1-gpl-01/server/libraries/net/minecraft/server/1.21.1-20240808.144430/server-1.21.1-20240808.144430-srg.jar%23119!/assets/.mcassetsroot' uses unexpected schema
[16:03:07] [main/WARN] [minecraft/VanillaPackResourcesBuilder]: Assets URL 'union:/E:/CodexTemp/QiZhangVerdict/client-matrix/neoforge-1.21.1/candidate-0.1.1-gpl-01/server/libraries/net/minecraft/server/1.21.1-20240808.144430/server-1.21.1-20240808.144430-srg.jar%23119!/data/.mcassetsroot' uses unexpected schema
[16:03:09] [main/INFO] [minecraft/RecipeManager]: Loaded 1290 recipes
[16:03:09] [main/INFO] [minecraft/AdvancementTree]: Loaded 1399 advancements
[16:03:09] [Server thread/INFO] [minecraft/DedicatedServer]: Starting minecraft server version 1.21.1
[16:03:09] [Server thread/INFO] [minecraft/DedicatedServer]: Loading properties
[16:03:09] [Server thread/INFO] [minecraft/DedicatedServer]: Default game type: SURVIVAL
[16:03:09] [Server thread/INFO] [minecraft/MinecraftServer]: Generating keypair
[16:03:09] [Server thread/INFO] [minecraft/DedicatedServer]: Starting Minecraft server on 127.0.0.1:25596
[16:03:09] [Server thread/INFO] [minecraft/ServerConnectionListener]: Using default channel type
[16:03:09] [Server thread/WARN] [minecraft/DedicatedServer]: **** SERVER IS RUNNING IN OFFLINE/INSECURE MODE!
[16:03:09] [Server thread/WARN] [minecraft/DedicatedServer]: The server will make no attempt to authenticate usernames. Beware.
[16:03:09] [Server thread/WARN] [minecraft/DedicatedServer]: While this makes the game possible to play without internet access, it also opens up the ability for hackers to connect with any username they choose.
[16:03:09] [Server thread/WARN] [minecraft/DedicatedServer]: To change this, set "online-mode" to "true" in the server.properties file.
[16:03:09] [Server thread/INFO] [minecraft/DedicatedServer]: Preparing level "smoke-world"
[16:03:10] [Server thread/INFO] [minecraft/MinecraftServer]: Preparing start region for dimension minecraft:overworld
[16:03:11] [Worker-Main-1/INFO] [minecraft/LoggerChunkProgressListener]: Preparing spawn area: 0%
[16:03:11] [Worker-Main-15/INFO] [minecraft/LoggerChunkProgressListener]: Preparing spawn area: 51%
[16:03:11] [Server thread/INFO] [minecraft/LoggerChunkProgressListener]: Time elapsed: 560 ms
[16:03:11] [Server thread/INFO] [minecraft/DedicatedServer]: Done (1.507s)! For help, type "help"
[16:03:11] [LanServerPinger #1/WARN] [minecraft/LanServerPinger]: LanServerPinger: Network is unreachable: sendto
[16:03:11] [Server thread/INFO] [ne.ne.ne.se.pe.PermissionAPI/]: Successfully initialized permission handler neoforge:default_handler
[16:03:11] [Server thread/INFO] [QiZhangVerdict/]: External mod presence only: grimac=false, antixray=true; actual function must be tested separately
[16:03:11] [Server thread/INFO] [QiZhangVerdict/]: QiZhangGuard started: QiZhangVerdict sessions=0, trackedIPs=0, accountPairs=0, rules=11, companion=required, vm=DENY, blacklist=DENY, rateBuckets=0, accountBans=0, deviceBans=0, deviceRequired=true. Reports are self-reported, not trusted attestation.
[16:03:11] [Server thread/INFO] [minecraft/MinecraftServer]: The difficulty did not change; it is already set to peaceful
[16:03:11] [Server thread/INFO] [minecraft/MinecraftServer]: Gamerule doMobSpawning is now set to: false
[16:03:11] [Server thread/INFO] [minecraft/MinecraftServer]: QiZhangVerdict sessions=0, trackedIPs=0, accountPairs=0, rules=11, companion=required, vm=DENY, blacklist=DENY, rateBuckets=0, accountBans=0, deviceBans=0, deviceRequired=true
[16:03:30] [Server thread/INFO] [minecraft/PlayerList]: VerdictClient[/127.0.0.1:3253] logged in with entity id 11 at (0.5, 67.0, 8.5)
[16:03:30] [Server thread/INFO] [minecraft/MinecraftServer]: VerdictClient joined the game
[16:04:01] [Server thread/INFO] [minecraft/MinecraftServer]: There are 1 of a max of 5 players online: VerdictClient
[16:04:01] [Server thread/INFO] [minecraft/MinecraftServer]: QiZhangVerdict sessions=1, trackedIPs=1, accountPairs=1, rules=11, companion=required, vm=DENY, blacklist=DENY, rateBuckets=1, accountBans=0, deviceBans=0, deviceRequired=true
[16:04:01] [Server thread/INFO] [minecraft/MinecraftServer]: VerdictClient has the following entity data: 0
[16:04:16] [Server thread/INFO] [minecraft/MinecraftServer]: There are 1 of a max of 5 players online: VerdictClient
[16:04:16] [Server thread/INFO] [minecraft/MinecraftServer]: QiZhangVerdict sessions=1, trackedIPs=1, accountPairs=1, rules=11, companion=required, vm=DENY, blacklist=DENY, rateBuckets=1, accountBans=0, deviceBans=0, deviceRequired=true
[16:04:16] [Server thread/INFO] [minecraft/MinecraftServer]: VerdictClient has the following entity data: 0
[16:04:31] [Server thread/INFO] [minecraft/MinecraftServer]: There are 1 of a max of 5 players online: VerdictClient
[16:04:31] [Server thread/INFO] [minecraft/MinecraftServer]: QiZhangVerdict sessions=1, trackedIPs=1, accountPairs=1, rules=11, companion=required, vm=DENY, blacklist=DENY, rateBuckets=1, accountBans=0, deviceBans=0, deviceRequired=true
[16:04:31] [Server thread/INFO] [minecraft/MinecraftServer]: VerdictClient has the following entity data: 0
[16:04:36] [Server thread/INFO] [minecraft/ServerGamePacketListenerImpl]: VerdictClient lost connection: Disconnected
[16:04:36] [Server thread/INFO] [minecraft/MinecraftServer]: VerdictClient left the game
[16:04:36] [Server thread/INFO] [minecraft/MinecraftServer]: Stopping the server
[16:04:36] [Server thread/INFO] [minecraft/MinecraftServer]: Stopping server
[16:04:36] [Server thread/INFO] [minecraft/MinecraftServer]: Saving players
[16:04:36] [Server thread/INFO] [minecraft/MinecraftServer]: Saving worlds
[16:04:37] [Server thread/INFO] [minecraft/MinecraftServer]: Saving chunks for level 'ServerLevel[smoke-world]'/minecraft:overworld
[16:04:37] [Server thread/INFO] [minecraft/MinecraftServer]: Saving chunks for level 'ServerLevel[smoke-world]'/minecraft:the_nether
[16:04:37] [Server thread/INFO] [minecraft/MinecraftServer]: Saving chunks for level 'ServerLevel[smoke-world]'/minecraft:the_end
[16:04:37] [Server thread/INFO] [minecraft/MinecraftServer]: ThreadedAnvilChunkStorage (smoke-world): All chunks are saved
[16:04:37] [Server thread/INFO] [minecraft/MinecraftServer]: ThreadedAnvilChunkStorage (DIM-1): All chunks are saved
[16:04:37] [Server thread/INFO] [minecraft/MinecraftServer]: ThreadedAnvilChunkStorage (DIM1): All chunks are saved
[16:04:37] [Server thread/INFO] [minecraft/MinecraftServer]: ThreadedAnvilChunkStorage: All dimensions are saved
