Downloading mojang_1.18.2.jar
Applying patches
Starting org.bukkit.craftbukkit.Main
*** Warning, you've not updated in a while! ***
*** Please download a new build as per instructions from https://papermc.io/downloads ***
System Info: Java 17 (OpenJDK 64-Bit Server VM 17.0.20.1+1) Host: Windows 11 10.0 (amd64)
Loading libraries, please wait...
2026-09-25 15:05:44,887 ServerMain WARN Advanced terminal features are not available in this environment
[15:05:50 INFO]: Environment: authHost='https://authserver.mojang.com', accountsHost='https://api.mojang.com', sessionHost='https://sessionserver.mojang.com', servicesHost='https://api.minecraftservices.com', name='PROD'
[15:05:50 INFO]: Found new data pack file/bukkit, loading it automatically
[15:05:52 INFO]: Loaded 7 recipes
[15:05:53 INFO]: Starting minecraft server version 1.18.2
[15:05:53 INFO]: Loading properties
[15:05:53 INFO]: This server is running Paper version git-Paper-388 (MC: 1.18.2) (Implementing API version 1.18.2-R0.1-SNAPSHOT) (Git: fc9ee65 on ver/1.18.2)
[15:05:54 INFO]: Using 4 threads for Netty based IO
[15:05:54 INFO]: Server Ping Player Sample Count: 12
[15:05:54 INFO]: Default game type: SURVIVAL
[15:05:54 INFO]: Generating keypair
[15:05:54 INFO]: Starting Minecraft server on 127.0.0.1:25603
[15:05:54 INFO]: Using default channel type
[15:05:54 INFO]: Paper: Using Java 11 compression from Velocity.
[15:05:54 INFO]: Paper: Using Java cipher from Velocity.
[15:05:54 ERROR]: [STDERR] [org.bukkit.craftbukkit.v1_18_R2.legacy.CraftLegacy] Initializing Legacy Material Support. Unless you have legacy plugins and/or data this is a bug!
[15:05:58 WARN]: Legacy plugin QiZhangVerdict v0.1.0 does not specify an api-version.
[15:05:59 INFO]: [QiZhangVerdict] Loading QiZhangVerdict v0.1.0
[15:05:59 WARN]: **** SERVER IS RUNNING IN OFFLINE/INSECURE MODE!
[15:05:59 WARN]: The server will make no attempt to authenticate usernames. Beware.
[15:05:59 WARN]: While this makes the game possible to play without internet access, it also opens up the ability for hackers to connect with any username they choose.
[15:05:59 WARN]: To change this, set "online-mode" to "true" in the server.properties file.
[15:05:59 INFO]: Preparing level "world"
[15:05:59 ERROR]: No key layers in MapLike[{}]
[15:06:02 INFO]: Preparing start region for dimension minecraft:overworld
[15:06:02 INFO]: Preparing spawn area: 2%
[15:06:03 INFO]: Preparing spawn area: 30%
[15:06:03 INFO]: Time elapsed: 762 ms
[15:06:03 INFO]: Preparing start region for dimension minecraft:the_end
[15:06:03 INFO]: Preparing spawn area: 2%
[15:06:03 INFO]: Time elapsed: 264 ms
[15:06:03 INFO]: Preparing start region for dimension minecraft:the_nether
[15:06:03 INFO]: Time elapsed: 18 ms
[15:06:03 INFO]: [QiZhangVerdict] Enabling QiZhangVerdict v0.1.0*
[15:06:03 WARN]: [QiZhangVerdict] Offline mode: UUID/account ownership needs external authentication; IP limits are not proof of identity. Secure proxy forwarding and firewall the backend.
[15:06:03 INFO]: [QiZhangVerdict] QiZhangVerdict sessions=0, trackedIPs=0, accountPairs=0, rules=11, companion=required, vm=DENY, blacklist=DENY, rateBuckets=0, accountBans=0, deviceBans=0, deviceRequired=true
[15:06:03 INFO]: [QiZhangVerdict] Integrations: GrimAC=MISSING; movement/combat prediction unavailable; Orebfuscator=absent; Paper Anti-Xray=available; enable and verify per-world config. These engines are installed separately.
[15:06:03 INFO]: Running delayed init tasks
[15:06:03 INFO]: Done (9.874s)! For help, type "help"
[15:06:03 INFO]: Timings Reset
[15:06:03 INFO]: QiZhangVerdict sessions=0, trackedIPs=0, accountPairs=0, rules=11, companion=required, vm=DENY, blacklist=DENY, rateBuckets=0, accountBans=0, deviceBans=0, deviceRequired=true
[15:06:05 INFO]: UUID of player QVLegacyA is c41f345d-a4d2-3c8c-ac30-bdaac1fbf6cb
[15:06:05 INFO]: QVLegacyA joined the game
[15:06:05 INFO]: QVLegacyA[/127.0.0.1:10070] logged in with entity id 21 at ([world]-8.5, -60.0, -8.5)
[15:06:06 INFO]: UUID of player QVLegacyB is 3b0f90bf-492c-396c-bc09-e8884fa3536f
[15:06:06 INFO]: QVLegacyB joined the game
[15:06:06 INFO]: QVLegacyB[/127.0.0.1:10071] logged in with entity id 22 at ([world]-1.5, -60.0, 1.5)
[15:06:06 INFO]: QVLegacyB lost connection: [QiZhangVerdict] Only the configured number of accounts may use the same IP and device concurrently
[15:06:07 INFO]: QVLegacyB left the game
[15:06:07 INFO]: UUID of player QVLegacyB is 3b0f90bf-492c-396c-bc09-e8884fa3536f
[15:06:08 INFO]: QVLegacyB joined the game
[15:06:08 INFO]: QVLegacyB[/127.0.0.1:10072] logged in with entity id 23 at ([world]-1.5, -60.0, 1.5)
[15:06:09 INFO]: UUID of player QVLegacyC is 61569500-3bbe-3ec7-9a35-d11a9b6d8a5d
[15:06:09 INFO]: QVLegacyC joined the game
[15:06:09 INFO]: QVLegacyC[/127.0.0.1:10073] logged in with entity id 24 at ([world]6.5, -60.0, -5.5)
[15:06:10 INFO]: UUID of player QVLegacyD is baf10ef6-c862-32b8-a9b4-c0a016c0fe86
[15:06:10 INFO]: Disconnecting com.mojang.authlib.GameProfile@9b9a37e[id=baf10ef6-c862-32b8-a9b4-c0a016c0fe86,name=QVLegacyD,properties={},legacy=false] (/127.0.0.1:10078): Too many simultaneous accounts from this IP
[15:06:10 INFO]: com.mojang.authlib.GameProfile@9b9a37e[id=baf10ef6-c862-32b8-a9b4-c0a016c0fe86,name=QVLegacyD,properties={},legacy=false] (/127.0.0.1:10078) lost connection: Too many simultaneous accounts from this IP
[15:06:11 INFO]: QVLegacyA lost connection: Disconnected
[15:06:11 INFO]: QVLegacyA left the game
[15:06:11 INFO]: UUID of player QVLegacyD is baf10ef6-c862-32b8-a9b4-c0a016c0fe86
[15:06:11 INFO]: QVLegacyD joined the game
[15:06:11 INFO]: QVLegacyD[/127.0.0.1:10081] logged in with entity id 26 at ([world]-3.5, -60.0, -6.5)
[15:06:13 INFO]: QVLegacyB lost connection: Disconnected
[15:06:13 INFO]: QVLegacyB left the game
[15:06:13 INFO]: QVLegacyC lost connection: Disconnected
[15:06:13 INFO]: QVLegacyC left the game
[15:06:13 INFO]: QVLegacyD lost connection: Disconnected
[15:06:13 INFO]: QVLegacyD left the game
[15:06:13 INFO]: UUID of player QVLegacyA is c41f345d-a4d2-3c8c-ac30-bdaac1fbf6cb
[15:06:13 INFO]: QVLegacyA joined the game
[15:06:13 INFO]: QVLegacyA[/127.0.0.1:13079] logged in with entity id 27 at ([world]-8.5, -60.0, -8.5)
[15:06:13 INFO]: QVLegacyA lost connection: [QiZhangVerdict] This server requires a scoped device identifier
[15:06:13 INFO]: QVLegacyA left the game
[15:06:14 INFO]: UUID of player QVLegacyA is c41f345d-a4d2-3c8c-ac30-bdaac1fbf6cb
[15:06:14 INFO]: QVLegacyA joined the game
[15:06:14 INFO]: QVLegacyA[/127.0.0.1:13084] logged in with entity id 28 at ([world]-8.5, -60.0, -8.5)
[15:06:14 INFO]: QVLegacyA lost connection: [QiZhangVerdict] Malformed or oversized companion report
[15:06:14 INFO]: QVLegacyA left the game
[15:06:15 INFO]: UUID of player QVLegacyA is c41f345d-a4d2-3c8c-ac30-bdaac1fbf6cb
[15:06:15 INFO]: QVLegacyA joined the game
[15:06:15 INFO]: QVLegacyA[/127.0.0.1:13087] logged in with entity id 29 at ([world]-8.5, -60.0, -8.5)
[15:06:16 INFO]: QVLegacyA lost connection: Disconnected
[15:06:16 INFO]: QVLegacyA left the game
[15:06:17 INFO]: UUID of player QVLegacyA is c41f345d-a4d2-3c8c-ac30-bdaac1fbf6cb
[15:06:17 INFO]: QVLegacyA joined the game
[15:06:17 INFO]: QVLegacyA[/127.0.0.1:13090] logged in with entity id 30 at ([world]-8.5, -60.0, -8.5)
[15:06:37 INFO]: QVLegacyA lost connection: [QiZhangVerdict] Required companion report timed out.
[15:06:37 INFO]: QVLegacyA left the game
[15:06:37 INFO]: UUID of player QVLegacyA is c41f345d-a4d2-3c8c-ac30-bdaac1fbf6cb
[15:06:37 INFO]: QVLegacyA joined the game
[15:06:37 INFO]: QVLegacyA[/127.0.0.1:13128] logged in with entity id 31 at ([world]-8.5, -60.0, -8.5)
[15:06:38 INFO]: QVLegacyA lost connection: Disconnected
[15:06:38 INFO]: QVLegacyA left the game
[15:06:39 INFO]: QiZhangVerdict sessions=0, trackedIPs=1, accountPairs=4, rules=11, companion=required, vm=DENY, blacklist=DENY, rateBuckets=1, accountBans=0, deviceBans=0, deviceRequired=true
[15:06:40 INFO]: Stopping the server
[15:06:40 INFO]: Stopping server
[15:06:40 INFO]: [QiZhangVerdict] Disabling QiZhangVerdict v0.1.0
[15:06:40 INFO]: Saving players
[15:06:40 INFO]: Saving worlds
[15:06:40 INFO]: Saving chunks for level 'ServerLevel[world]'/minecraft:overworld
[15:06:41 INFO]: Saving chunks for level 'ServerLevel[world_the_end]'/minecraft:the_end
[15:06:41 INFO]: Saving chunks for level 'ServerLevel[world_nether]'/minecraft:the_nether
[15:06:41 INFO]: ThreadedAnvilChunkStorage (world): All chunks are saved
[15:06:41 INFO]: ThreadedAnvilChunkStorage (DIM1): All chunks are saved
[15:06:41 INFO]: ThreadedAnvilChunkStorage (DIM-1): All chunks are saved
[15:06:41 INFO]: ThreadedAnvilChunkStorage: All dimensions are saved
[15:06:41 INFO]: Flushing Chunk IO
[15:06:41 INFO]: Closing Thread Pool
2026-09-25 15:06:41,844 Log4j2-AsyncAppenderEventDispatcher-1-Async WARN Advanced terminal features are not available in this environment
[15:06:41 INFO]: Closing Server
