Downloading mojang_1.18.2.jar
Applying patches
Starting org.bukkit.craftbukkit.Main
*** Warning, you've not updated in a while! ***
*** Please download a new build as per instructions from https://papermc.io/downloads ***
System Info: Java 17 (OpenJDK 64-Bit Server VM 17.0.20.1+1) Host: Windows 11 10.0 (amd64)
Loading libraries, please wait...
2026-09-25 15:20:27,952 ServerMain WARN Advanced terminal features are not available in this environment
[15:20:32 INFO]: Environment: authHost='https://authserver.mojang.com', accountsHost='https://api.mojang.com', sessionHost='https://sessionserver.mojang.com', servicesHost='https://api.minecraftservices.com', name='PROD'
[15:20:32 INFO]: Found new data pack file/bukkit, loading it automatically
[15:20:33 INFO]: Loaded 7 recipes
[15:20:34 INFO]: Starting minecraft server version 1.18.2
[15:20:34 INFO]: Loading properties
[15:20:34 INFO]: This server is running Paper version git-Paper-388 (MC: 1.18.2) (Implementing API version 1.18.2-R0.1-SNAPSHOT) (Git: fc9ee65 on ver/1.18.2)
[15:20:34 INFO]: Server Ping Player Sample Count: 12
[15:20:34 INFO]: Using 4 threads for Netty based IO
[15:20:34 INFO]: Default game type: SURVIVAL
[15:20:34 INFO]: Generating keypair
[15:20:34 INFO]: Starting Minecraft server on 127.0.0.1:25603
[15:20:34 INFO]: Using default channel type
[15:20:34 INFO]: Paper: Using Java 11 compression from Velocity.
[15:20:34 INFO]: Paper: Using Java cipher from Velocity.
[15:20:35 ERROR]: [STDERR] [org.bukkit.craftbukkit.v1_18_R2.legacy.CraftLegacy] Initializing Legacy Material Support. Unless you have legacy plugins and/or data this is a bug!
[15:20:38 WARN]: Legacy plugin QiZhangVerdict v0.1.1 does not specify an api-version.
[15:20:38 INFO]: [QiZhangVerdict] Loading QiZhangVerdict v0.1.1
[15:20:38 WARN]: **** SERVER IS RUNNING IN OFFLINE/INSECURE MODE!
[15:20:38 WARN]: The server will make no attempt to authenticate usernames. Beware.
[15:20:38 WARN]: While this makes the game possible to play without internet access, it also opens up the ability for hackers to connect with any username they choose.
[15:20:38 WARN]: To change this, set "online-mode" to "true" in the server.properties file.
[15:20:38 INFO]: Preparing level "world"
[15:20:40 INFO]: Preparing start region for dimension minecraft:overworld
[15:20:40 INFO]: Preparing spawn area: 2%
[15:20:41 INFO]: Preparing spawn area: 51%
[15:20:41 INFO]: Time elapsed: 608 ms
[15:20:41 INFO]: Preparing start region for dimension minecraft:the_end
[15:20:41 INFO]: Preparing spawn area: 2%
[15:20:41 INFO]: Time elapsed: 227 ms
[15:20:41 INFO]: Preparing start region for dimension minecraft:the_nether
[15:20:41 INFO]: Preparing spawn area: 2%
[15:20:41 INFO]: Time elapsed: 225 ms
[15:20:41 INFO]: [QiZhangVerdict] Enabling QiZhangVerdict v0.1.1*
[15:20:41 WARN]: [QiZhangVerdict] Offline mode: UUID/account ownership needs external authentication; IP limits are not proof of identity. Secure proxy forwarding and firewall the backend.
[15:20:41 INFO]: [QiZhangVerdict] QiZhangVerdict sessions=0, trackedIPs=0, accountPairs=0, rules=11, companion=required, vm=DENY, blacklist=DENY, rateBuckets=0, accountBans=0, deviceBans=0, deviceRequired=true
[15:20:41 INFO]: [QiZhangVerdict] Integrations: GrimAC=MISSING; movement/combat prediction unavailable; Orebfuscator=absent; Paper Anti-Xray=available; enable and verify per-world config. These engines are installed separately.
[15:20:41 INFO]: Running delayed init tasks
[15:20:41 INFO]: Done (7.385s)! For help, type "help"
[15:20:41 INFO]: Timings Reset
[15:20:42 INFO]: QiZhangVerdict sessions=0, trackedIPs=0, accountPairs=0, rules=11, companion=required, vm=DENY, blacklist=DENY, rateBuckets=0, accountBans=0, deviceBans=0, deviceRequired=true
[15:20:43 INFO]: UUID of player QVLegacyA is c41f345d-a4d2-3c8c-ac30-bdaac1fbf6cb
[15:20:43 INFO]: QVLegacyA joined the game
[15:20:43 INFO]: QVLegacyA[/127.0.0.1:10669] logged in with entity id 21 at ([world]-9.5, -60.0, -5.5)
[15:21:06 INFO]: QiZhangVerdict sessions=1, trackedIPs=1, accountPairs=1, rules=11, companion=required, vm=DENY, blacklist=DENY, rateBuckets=1, accountBans=0, deviceBans=0, deviceRequired=true
[15:21:06 INFO]: UUID of player QVLegacyB is 3b0f90bf-492c-396c-bc09-e8884fa3536f
[15:21:06 INFO]: QVLegacyB joined the game
[15:21:06 INFO]: QVLegacyB[/127.0.0.1:10701] logged in with entity id 22 at ([world]5.5, -60.0, 3.5)
[15:21:06 INFO]: QVLegacyB lost connection: [QiZhangVerdict] Only the configured number of accounts may use the same IP and device concurrently
[15:21:06 INFO]: QVLegacyB left the game
[15:21:07 INFO]: UUID of player QVLegacyB is 3b0f90bf-492c-396c-bc09-e8884fa3536f
[15:21:07 INFO]: QVLegacyB joined the game
[15:21:07 INFO]: QVLegacyB[/127.0.0.1:10703] logged in with entity id 23 at ([world]5.5, -60.0, 3.5)
[15:21:08 INFO]: UUID of player QVLegacyC is 61569500-3bbe-3ec7-9a35-d11a9b6d8a5d
[15:21:08 INFO]: QVLegacyC joined the game
[15:21:08 INFO]: QVLegacyC[/127.0.0.1:10705] logged in with entity id 24 at ([world]-2.5, -60.0, -3.5)
[15:21:09 INFO]: UUID of player QVLegacyD is baf10ef6-c862-32b8-a9b4-c0a016c0fe86
[15:21:09 INFO]: Disconnecting com.mojang.authlib.GameProfile@39de9368[id=baf10ef6-c862-32b8-a9b4-c0a016c0fe86,name=QVLegacyD,properties={},legacy=false] (/127.0.0.1:10707): Too many simultaneous accounts from this IP
[15:21:09 INFO]: com.mojang.authlib.GameProfile@39de9368[id=baf10ef6-c862-32b8-a9b4-c0a016c0fe86,name=QVLegacyD,properties={},legacy=false] (/127.0.0.1:10707) lost connection: Too many simultaneous accounts from this IP
[15:21:10 INFO]: QVLegacyA lost connection: Disconnected
[15:21:10 INFO]: QVLegacyA left the game
[15:21:11 INFO]: UUID of player QVLegacyD is baf10ef6-c862-32b8-a9b4-c0a016c0fe86
[15:21:11 INFO]: QVLegacyD joined the game
[15:21:11 INFO]: QVLegacyD[/127.0.0.1:10708] logged in with entity id 26 at ([world]6.5, -60.0, -9.5)
[15:21:12 INFO]: QVLegacyB lost connection: Disconnected
[15:21:12 INFO]: QVLegacyB left the game
[15:21:12 INFO]: QVLegacyC lost connection: Disconnected
[15:21:12 INFO]: QVLegacyC left the game
[15:21:12 INFO]: QVLegacyD lost connection: Disconnected
[15:21:12 INFO]: QVLegacyD left the game
[15:21:13 INFO]: UUID of player QVLegacyA is c41f345d-a4d2-3c8c-ac30-bdaac1fbf6cb
[15:21:13 INFO]: QVLegacyA joined the game
[15:21:13 INFO]: QVLegacyA[/127.0.0.1:8216] logged in with entity id 27 at ([world]-9.5, -60.0, -5.5)
[15:21:13 INFO]: QVLegacyA lost connection: [QiZhangVerdict] This server requires a scoped device identifier
[15:21:13 INFO]: QVLegacyA left the game
[15:21:14 INFO]: UUID of player QVLegacyA is c41f345d-a4d2-3c8c-ac30-bdaac1fbf6cb
[15:21:14 INFO]: QVLegacyA joined the game
[15:21:14 INFO]: QVLegacyA[/127.0.0.1:8219] logged in with entity id 28 at ([world]-9.5, -60.0, -5.5)
[15:21:14 INFO]: QVLegacyA lost connection: [QiZhangVerdict] Malformed or oversized companion report
[15:21:14 INFO]: QVLegacyA left the game
[15:21:15 INFO]: UUID of player QVLegacyA is c41f345d-a4d2-3c8c-ac30-bdaac1fbf6cb
[15:21:15 INFO]: QVLegacyA joined the game
[15:21:15 INFO]: QVLegacyA[/127.0.0.1:8220] logged in with entity id 29 at ([world]-9.5, -60.0, -5.5)
[15:21:16 INFO]: QVLegacyA lost connection: Disconnected
[15:21:16 INFO]: QVLegacyA left the game
[15:21:16 INFO]: UUID of player QVLegacyA is c41f345d-a4d2-3c8c-ac30-bdaac1fbf6cb
[15:21:17 INFO]: QVLegacyA joined the game
[15:21:17 INFO]: QVLegacyA[/127.0.0.1:8221] logged in with entity id 30 at ([world]-9.5, -60.0, -5.5)
[15:21:37 INFO]: QVLegacyA lost connection: [QiZhangVerdict] Required companion report timed out.
[15:21:37 INFO]: QVLegacyA left the game
[15:21:37 INFO]: UUID of player QVLegacyA is c41f345d-a4d2-3c8c-ac30-bdaac1fbf6cb
[15:21:37 INFO]: QVLegacyA joined the game
[15:21:37 INFO]: QVLegacyA[/127.0.0.1:8242] logged in with entity id 31 at ([world]-9.5, -60.0, -5.5)
[15:21:38 INFO]: QVLegacyA lost connection: Disconnected
[15:21:38 INFO]: QVLegacyA left the game
[15:21:39 INFO]: QiZhangVerdict sessions=0, trackedIPs=1, accountPairs=4, rules=11, companion=required, vm=DENY, blacklist=DENY, rateBuckets=1, accountBans=0, deviceBans=0, deviceRequired=true
[15:21:40 INFO]: Stopping the server
[15:21:40 INFO]: Stopping server
[15:21:40 INFO]: [QiZhangVerdict] Disabling QiZhangVerdict v0.1.1
[15:21:40 INFO]: Saving players
[15:21:40 INFO]: Saving worlds
[15:21:40 INFO]: Saving chunks for level 'ServerLevel[world]'/minecraft:overworld
[15:21:41 INFO]: Saving chunks for level 'ServerLevel[world_the_end]'/minecraft:the_end
[15:21:41 INFO]: Saving chunks for level 'ServerLevel[world_nether]'/minecraft:the_nether
[15:21:41 INFO]: ThreadedAnvilChunkStorage (world): All chunks are saved
[15:21:41 INFO]: ThreadedAnvilChunkStorage (DIM1): All chunks are saved
[15:21:41 INFO]: ThreadedAnvilChunkStorage (DIM-1): All chunks are saved
[15:21:41 INFO]: ThreadedAnvilChunkStorage: All dimensions are saved
[15:21:41 INFO]: Flushing Chunk IO
[15:21:41 INFO]: Closing Thread Pool
2026-09-25 15:21:41,916 Log4j2-AsyncAppenderEventDispatcher-1-Async WARN Advanced terminal features are not available in this environment
[15:21:41 INFO]: Closing Server
