Downloading vanilla jar...
Patching vanilla jar...
System Info: Java 1.8 (OpenJDK 64-Bit Server VM 25.504-b01) Host: Windows 11 10.0 (amd64)
Loading libraries, please wait...
2026-09-25 15:19:15,086 main WARN Advanced terminal features are not available in this environment
[15:19:17 ERROR]: No key structures in MapLike[{}]
[15:19:17 INFO]: Environment: authHost='https://authserver.mojang.com', accountsHost='https://api.mojang.com', sessionHost='https://sessionserver.mojang.com', servicesHost='https://api.minecraftservices.com', name='PROD'
[15:19:17 INFO]: Found new data pack file/bukkit, loading it automatically
[15:19:17 INFO]: Reloading ResourceManager: Default, bukkit
[15:19:18 INFO]: Loaded 7 recipes
[15:19:19 INFO]: Starting minecraft server version 1.16.5
[15:19:19 INFO]: Loading properties
[15:19:19 INFO]: This server is running Paper version git-Paper-794 (MC: 1.16.5) (Implementing API version 1.16.5-R0.1-SNAPSHOT)
[15:19:19 INFO]: Debug logging is disabled
[15:19:19 INFO]: Using 4 threads for Netty based IO
[15:19:19 INFO]: Server Ping Player Sample Count: 12
[15:19:19 INFO]: Default game type: SURVIVAL
[15:19:19 INFO]: Generating keypair
[15:19:19 INFO]: Starting Minecraft server on 127.0.0.1:25602
[15:19:19 INFO]: Using default channel type
[15:19:20 WARN]: Initializing Legacy Material Support. Unless you have legacy plugins and/or data this is a bug!
[15:19:22 WARN]: Legacy plugin QiZhangVerdict v0.1.1 does not specify an api-version.
[15:19:22 INFO]: [QiZhangVerdict] Loading QiZhangVerdict v0.1.1
[15:19:22 WARN]: **** SERVER IS RUNNING IN OFFLINE/INSECURE MODE!
[15:19:22 WARN]: The server will make no attempt to authenticate usernames. Beware.
[15:19:22 WARN]: While this makes the game possible to play without internet access, it also opens up the ability for hackers to connect with any username they choose.
[15:19:22 WARN]: To change this, set "online-mode" to "true" in the server.properties file.
[15:19:22 INFO]: Preparing level "world"
[15:19:23 WARN]: Unable to find spawn biome
[15:19:23 WARN]: Unable to find spawn biome
[15:19:24 INFO]: Preparing start region for dimension minecraft:overworld
[15:19:24 INFO]: Preparing spawn area: 2%
[15:19:24 INFO]: Time elapsed: 86 ms
[15:19:24 INFO]: Preparing start region for dimension minecraft:the_nether
[15:19:24 INFO]: Preparing spawn area: 2%
[15:19:24 INFO]: Time elapsed: 73 ms
[15:19:24 INFO]: Preparing start region for dimension minecraft:the_end
[15:19:24 INFO]: Time elapsed: 23 ms
[15:19:24 INFO]: [QiZhangVerdict] Enabling QiZhangVerdict v0.1.1*
[15:19:24 WARN]: [QiZhangVerdict] Offline mode: UUID/account ownership needs external authentication; IP limits are not proof of identity. Secure proxy forwarding and firewall the backend.
[15:19:24 INFO]: [QiZhangVerdict] QiZhangVerdict sessions=0, trackedIPs=0, accountPairs=0, rules=11, companion=required, vm=DENY, blacklist=DENY, rateBuckets=0, accountBans=0, deviceBans=0, deviceRequired=true
[15:19:24 INFO]: [QiZhangVerdict] Integrations: GrimAC=MISSING; movement/combat prediction unavailable; Orebfuscator=absent; Paper Anti-Xray=available; enable and verify per-world config. These engines are installed separately.
[15:19:24 INFO]: Running delayed init tasks
[15:19:24 INFO]: Done (5.249s)! For help, type "help"
[15:19:24 WARN]: [io.papermc.paper.util.PaperJvmChecker] ************************************************************
[15:19:24 WARN]: [io.papermc.paper.util.PaperJvmChecker] * WARNING - YOU ARE RUNNING AN OUTDATED VERSION OF JAVA.
[15:19:24 WARN]: [io.papermc.paper.util.PaperJvmChecker] * PAPER WILL STOP BEING COMPATIBLE WITH THIS VERSION OF
[15:19:24 WARN]: [io.papermc.paper.util.PaperJvmChecker] * JAVA WHEN MINECRAFT 1.17 IS RELEASED.
[15:19:24 WARN]: [io.papermc.paper.util.PaperJvmChecker] *
[15:19:24 WARN]: [io.papermc.paper.util.PaperJvmChecker] * Please update the version of Java you use to run Paper
[15:19:24 WARN]: [io.papermc.paper.util.PaperJvmChecker] * to at least Java 16. When Paper for Minecraft 1.17 is
[15:19:24 WARN]: [io.papermc.paper.util.PaperJvmChecker] * released support for versions of Java before 16 will
[15:19:24 WARN]: [io.papermc.paper.util.PaperJvmChecker] * be dropped.
[15:19:24 WARN]: [io.papermc.paper.util.PaperJvmChecker] *
[15:19:24 WARN]: [io.papermc.paper.util.PaperJvmChecker] * Current Java version: 1.8.0_504
[15:19:24 WARN]: [io.papermc.paper.util.PaperJvmChecker] *
[15:19:24 WARN]: [io.papermc.paper.util.PaperJvmChecker] * Check this forum post for more information: 
[15:19:24 WARN]: [io.papermc.paper.util.PaperJvmChecker] *   https://papermc.io/java16
[15:19:24 WARN]: [io.papermc.paper.util.PaperJvmChecker] ************************************************************
[15:19:24 INFO]: Timings Reset
[15:19:24 INFO]: QiZhangVerdict sessions=0, trackedIPs=0, accountPairs=0, rules=11, companion=required, vm=DENY, blacklist=DENY, rateBuckets=0, accountBans=0, deviceBans=0, deviceRequired=true
[15:19:25 INFO]: UUID of player QVLegacyA is c41f345d-a4d2-3c8c-ac30-bdaac1fbf6cb
[15:19:25 INFO]: QVLegacyA joined the game
[15:19:25 INFO]: QVLegacyA[/127.0.0.1:8134] logged in with entity id 25 at ([world]-22.5, 4.0, -75.5)
[15:19:48 INFO]: QiZhangVerdict sessions=1, trackedIPs=1, accountPairs=1, rules=11, companion=required, vm=DENY, blacklist=DENY, rateBuckets=1, accountBans=0, deviceBans=0, deviceRequired=true
[15:19:48 INFO]: UUID of player QVLegacyB is 3b0f90bf-492c-396c-bc09-e8884fa3536f
[15:19:48 INFO]: QVLegacyB joined the game
[15:19:48 INFO]: QVLegacyB[/127.0.0.1:9671] logged in with entity id 26 at ([world]-10.5, 4.0, -81.5)
[15:19:49 INFO]: QVLegacyB lost connection: [QiZhangVerdict] Only the configured number of accounts may use the same IP and device concurrently
[15:19:49 INFO]: QVLegacyB left the game
[15:19:50 INFO]: UUID of player QVLegacyB is 3b0f90bf-492c-396c-bc09-e8884fa3536f
[15:19:50 INFO]: QVLegacyB joined the game
[15:19:50 INFO]: QVLegacyB[/127.0.0.1:9672] logged in with entity id 27 at ([world]-10.5, 4.0, -81.5)
[15:19:51 INFO]: UUID of player QVLegacyC is 61569500-3bbe-3ec7-9a35-d11a9b6d8a5d
[15:19:51 INFO]: QVLegacyC joined the game
[15:19:51 INFO]: QVLegacyC[/127.0.0.1:9673] logged in with entity id 28 at ([world]-8.5, 4.0, -88.5)
[15:19:52 INFO]: UUID of player QVLegacyD is baf10ef6-c862-32b8-a9b4-c0a016c0fe86
[15:19:52 INFO]: Disconnecting com.mojang.authlib.GameProfile@613915de[id=baf10ef6-c862-32b8-a9b4-c0a016c0fe86,name=QVLegacyD,properties={},legacy=false] (/127.0.0.1:9675): Too many simultaneous accounts from this IP
[15:19:52 INFO]: com.mojang.authlib.GameProfile@613915de[id=baf10ef6-c862-32b8-a9b4-c0a016c0fe86,name=QVLegacyD,properties={},legacy=false] (/127.0.0.1:9675) lost connection: Too many simultaneous accounts from this IP
[15:19:53 INFO]: QVLegacyA lost connection: Disconnected
[15:19:53 INFO]: QVLegacyA left the game
[15:19:53 INFO]: UUID of player QVLegacyD is baf10ef6-c862-32b8-a9b4-c0a016c0fe86
[15:19:53 INFO]: QVLegacyD joined the game
[15:19:53 INFO]: QVLegacyD[/127.0.0.1:9677] logged in with entity id 30 at ([world]-13.5, 4.0, -86.5)
[15:19:54 INFO]: QVLegacyB lost connection: Disconnected
[15:19:54 INFO]: QVLegacyB left the game
[15:19:54 INFO]: QVLegacyC lost connection: Disconnected
[15:19:54 INFO]: QVLegacyC left the game
[15:19:54 INFO]: QVLegacyD lost connection: Disconnected
[15:19:54 INFO]: QVLegacyD left the game
[15:19:55 INFO]: UUID of player QVLegacyA is c41f345d-a4d2-3c8c-ac30-bdaac1fbf6cb
[15:19:55 INFO]: QVLegacyA joined the game
[15:19:55 INFO]: QVLegacyA[/127.0.0.1:9683] logged in with entity id 31 at ([world]-22.5, 4.0, -75.5)
[15:19:55 INFO]: QVLegacyA lost connection: [QiZhangVerdict] This server requires a scoped device identifier
[15:19:55 INFO]: QVLegacyA left the game
[15:19:56 INFO]: UUID of player QVLegacyA is c41f345d-a4d2-3c8c-ac30-bdaac1fbf6cb
[15:19:56 INFO]: QVLegacyA joined the game
[15:19:56 INFO]: QVLegacyA[/127.0.0.1:9685] logged in with entity id 32 at ([world]-22.5, 4.0, -75.5)
[15:19:56 INFO]: QVLegacyA lost connection: [QiZhangVerdict] Malformed or oversized companion report
[15:19:56 INFO]: QVLegacyA left the game
[15:19:57 INFO]: UUID of player QVLegacyA is c41f345d-a4d2-3c8c-ac30-bdaac1fbf6cb
[15:19:57 INFO]: QVLegacyA joined the game
[15:19:57 INFO]: QVLegacyA[/127.0.0.1:9687] logged in with entity id 33 at ([world]-22.5, 4.0, -75.5)
[15:19:58 INFO]: QVLegacyA lost connection: Disconnected
[15:19:58 INFO]: QVLegacyA left the game
[15:19:59 INFO]: UUID of player QVLegacyA is c41f345d-a4d2-3c8c-ac30-bdaac1fbf6cb
[15:19:59 INFO]: QVLegacyA joined the game
[15:19:59 INFO]: QVLegacyA[/127.0.0.1:9689] logged in with entity id 34 at ([world]-22.5, 4.0, -75.5)
[15:20:20 INFO]: QVLegacyA lost connection: [QiZhangVerdict] Required companion report timed out.
[15:20:20 INFO]: QVLegacyA left the game
[15:20:20 INFO]: UUID of player QVLegacyA is c41f345d-a4d2-3c8c-ac30-bdaac1fbf6cb
[15:20:20 INFO]: QVLegacyA joined the game
[15:20:20 INFO]: QVLegacyA[/127.0.0.1:2800] logged in with entity id 35 at ([world]-22.5, 4.0, -75.5)
[15:20:21 INFO]: QVLegacyA lost connection: Disconnected
[15:20:21 INFO]: QVLegacyA left the game
[15:20:21 INFO]: QiZhangVerdict sessions=0, trackedIPs=1, accountPairs=4, rules=11, companion=required, vm=DENY, blacklist=DENY, rateBuckets=1, accountBans=0, deviceBans=0, deviceRequired=true
[15:20:22 INFO]: Stopping the server
[15:20:22 INFO]: Stopping server
[15:20:22 INFO]: [QiZhangVerdict] Disabling QiZhangVerdict v0.1.1
[15:20:22 INFO]: Saving players
[15:20:23 INFO]: Saving worlds
[15:20:23 INFO]: Saving chunks for level 'ServerLevel[world]'/minecraft:overworld
[15:20:23 INFO]: ThreadedAnvilChunkStorage (world): All chunks are saved
[15:20:23 INFO]: Saving chunks for level 'ServerLevel[world_nether]'/minecraft:the_nether
[15:20:23 INFO]: ThreadedAnvilChunkStorage (DIM-1): All chunks are saved
[15:20:23 INFO]: Saving chunks for level 'ServerLevel[world_the_end]'/minecraft:the_end
[15:20:23 INFO]: ThreadedAnvilChunkStorage (DIM1): All chunks are saved
[15:20:23 INFO]: ThreadedAnvilChunkStorage (world): All chunks are saved
[15:20:23 INFO]: ThreadedAnvilChunkStorage (DIM-1): All chunks are saved
[15:20:23 INFO]: ThreadedAnvilChunkStorage (DIM1): All chunks are saved
[15:20:23 INFO]: Flushing Chunk IO
[15:20:23 INFO]: Closing Thread Pool
[15:20:23 INFO]: Closing Server
