Downloading mojang_1.19.4.jar
Applying patches
Starting org.bukkit.craftbukkit.Main
*** Warning, you've not updated in a while! ***
*** Please download a new build as per instructions from https://papermc.io/downloads/paper ***
System Info: Java 17 (OpenJDK 64-Bit Server VM 17.0.20.1+1) Host: Windows 11 10.0 (amd64)
Loading libraries, please wait...
2026-09-25 15:05:45,495 ServerMain WARN Advanced terminal features are not available in this environment
[15:05:52 INFO]: Environment: authHost='https://authserver.mojang.com', accountsHost='https://api.mojang.com', sessionHost='https://sessionserver.mojang.com', servicesHost='https://api.minecraftservices.com', name='PROD'
[15:05:52 INFO]: Found new data pack file/bukkit, loading it automatically
[15:05:53 ERROR]: No key layers in MapLike[{}]
[15:05:54 INFO]: Loaded 7 recipes
[15:05:55 INFO]: Starting minecraft server version 1.19.4
[15:05:55 INFO]: Loading properties
[15:05:55 INFO]: This server is running Paper version git-Paper-550 (MC: 1.19.4) (Implementing API version 1.19.4-R0.1-SNAPSHOT) (Git: 483368e on ver/1.19.4)
[15:05:55 INFO]: Using 4 threads for Netty based IO
[15:05:55 INFO]: Server Ping Player Sample Count: 12
[15:05:55 INFO]: [ChunkTaskScheduler] Chunk system is using 1 I/O threads, 4 worker threads, and gen parallelism of 4 threads
[15:05:55 WARN]: [!] The timings profiler has been enabled but has been scheduled for removal from Paper in the future.
    We recommend installing the spark profiler as a replacement: https://spark.lucko.me/
    For more information please visit: https://github.com/PaperMC/Paper/issues/8948
[15:05:55 INFO]: Default game type: SURVIVAL
[15:05:55 INFO]: Generating keypair
[15:05:55 INFO]: Starting Minecraft server on 127.0.0.1:25604
[15:05:56 INFO]: Using default channel type
[15:05:56 INFO]: Paper: Using Java compression from Velocity.
[15:05:56 INFO]: Paper: Using Java cipher from Velocity.
[15:05:56 WARN]: [org.bukkit.craftbukkit.v1_19_R3.legacy.CraftLegacy] Initializing Legacy Material Support. Unless you have legacy plugins and/or data this is a bug!
[15:05:59 WARN]: Legacy plugin QiZhangVerdict v0.1.0 does not specify an api-version.
[15:05:59 INFO]: [QiZhangVerdict] Loading server plugin QiZhangVerdict v0.1.0
[15:05:59 WARN]: **** SERVER IS RUNNING IN OFFLINE/INSECURE MODE!
[15:05:59 WARN]: The server will make no attempt to authenticate usernames. Beware.
[15:05:59 WARN]: While this makes the game possible to play without internet access, it also opens up the ability for hackers to connect with any username they choose.
[15:05:59 WARN]: To change this, set "online-mode" to "true" in the server.properties file.
[15:05:59 INFO]: Preparing level "world"
[15:05:59 ERROR]: No key layers in MapLike[{}]
[15:06:02 ERROR]: No key layers in MapLike[{}]
[15:06:06 ERROR]: No key layers in MapLike[{}]
[15:06:09 INFO]: Preparing start region for dimension minecraft:overworld
[15:06:09 INFO]: Time elapsed: 177 ms
[15:06:09 INFO]: Preparing start region for dimension minecraft:the_nether
[15:06:09 INFO]: Time elapsed: 9 ms
[15:06:09 INFO]: Preparing start region for dimension minecraft:the_end
[15:06:09 INFO]: Time elapsed: 8 ms
[15:06:09 INFO]: [QiZhangVerdict] Enabling QiZhangVerdict v0.1.0*
[15:06:09 WARN]: [QiZhangVerdict] Offline mode: UUID/account ownership needs external authentication; IP limits are not proof of identity. Secure proxy forwarding and firewall the backend.
[15:06:09 INFO]: [QiZhangVerdict] QiZhangVerdict sessions=0, trackedIPs=0, accountPairs=0, rules=11, companion=required, vm=DENY, blacklist=DENY, rateBuckets=0, accountBans=0, deviceBans=0, deviceRequired=true
[15:06:09 INFO]: [QiZhangVerdict] Integrations: GrimAC=MISSING; movement/combat prediction unavailable; Orebfuscator=absent; Paper Anti-Xray=available; enable and verify per-world config. These engines are installed separately.
[15:06:09 INFO]: Running delayed init tasks
[15:06:09 INFO]: Done (14.252s)! For help, type "help"
[15:06:09 INFO]: Timings Reset
[15:06:09 INFO]: QiZhangVerdict sessions=0, trackedIPs=0, accountPairs=0, rules=11, companion=required, vm=DENY, blacklist=DENY, rateBuckets=0, accountBans=0, deviceBans=0, deviceRequired=true
[15:06:10 INFO]: UUID of player QVLegacyA is c41f345d-a4d2-3c8c-ac30-bdaac1fbf6cb
[15:06:11 INFO]: QVLegacyA joined the game
[15:06:11 INFO]: QVLegacyA[/127.0.0.1:10079] logged in with entity id 1 at ([world]-8.5, -60.0, 0.5)
[15:06:12 INFO]: UUID of player QVLegacyB is 3b0f90bf-492c-396c-bc09-e8884fa3536f
[15:06:12 INFO]: QVLegacyB joined the game
[15:06:12 INFO]: QVLegacyB[/127.0.0.1:10082] logged in with entity id 9 at ([world]-6.5, -60.0, -4.5)
[15:06:12 INFO]: QVLegacyB lost connection: [QiZhangVerdict] Only the configured number of accounts may use the same IP and device concurrently
[15:06:12 INFO]: QVLegacyB left the game
[15:06:13 INFO]: UUID of player QVLegacyB is 3b0f90bf-492c-396c-bc09-e8884fa3536f
[15:06:13 INFO]: QVLegacyB joined the game
[15:06:13 INFO]: QVLegacyB[/127.0.0.1:13078] logged in with entity id 22 at ([world]-6.5, -60.0, -4.5)
[15:06:14 INFO]: UUID of player QVLegacyC is 61569500-3bbe-3ec7-9a35-d11a9b6d8a5d
[15:06:14 INFO]: QVLegacyC joined the game
[15:06:14 INFO]: QVLegacyC[/127.0.0.1:13083] logged in with entity id 25 at ([world]-6.5, -60.0, -6.5)
[15:06:15 INFO]: UUID of player QVLegacyD is baf10ef6-c862-32b8-a9b4-c0a016c0fe86
[15:06:15 INFO]: Disconnecting com.mojang.authlib.GameProfile@7e92a12b[id=baf10ef6-c862-32b8-a9b4-c0a016c0fe86,name=QVLegacyD,properties={},legacy=false] (/127.0.0.1:13086): Too many simultaneous accounts from this IP
[15:06:15 INFO]: com.mojang.authlib.GameProfile@7e92a12b[id=baf10ef6-c862-32b8-a9b4-c0a016c0fe86,name=QVLegacyD,properties={},legacy=false] (/127.0.0.1:13086) lost connection: Too many simultaneous accounts from this IP
[15:06:16 INFO]: QVLegacyA lost connection: Disconnected
[15:06:16 INFO]: QVLegacyA left the game
[15:06:17 INFO]: UUID of player QVLegacyD is baf10ef6-c862-32b8-a9b4-c0a016c0fe86
[15:06:17 INFO]: QVLegacyD joined the game
[15:06:17 INFO]: QVLegacyD[/127.0.0.1:13089] logged in with entity id 32 at ([world]10.5, -60.0, 8.5)
[15:06:18 INFO]: QVLegacyB lost connection: Disconnected
[15:06:18 INFO]: QVLegacyB left the game
[15:06:18 INFO]: QVLegacyC lost connection: Disconnected
[15:06:18 INFO]: QVLegacyC left the game
[15:06:18 INFO]: QVLegacyD lost connection: Disconnected
[15:06:18 INFO]: QVLegacyD left the game
[15:06:18 INFO]: UUID of player QVLegacyA is c41f345d-a4d2-3c8c-ac30-bdaac1fbf6cb
[15:06:18 INFO]: QVLegacyA joined the game
[15:06:18 INFO]: QVLegacyA[/127.0.0.1:13092] logged in with entity id 33 at ([world]-8.5, -60.0, 0.5)
[15:06:18 INFO]: QVLegacyA lost connection: [QiZhangVerdict] This server requires a scoped device identifier
[15:06:18 INFO]: QVLegacyA left the game
[15:06:19 INFO]: UUID of player QVLegacyA is c41f345d-a4d2-3c8c-ac30-bdaac1fbf6cb
[15:06:19 INFO]: QVLegacyA joined the game
[15:06:19 INFO]: QVLegacyA[/127.0.0.1:13095] logged in with entity id 34 at ([world]-8.5, -60.0, 0.5)
[15:06:19 INFO]: QVLegacyA lost connection: [QiZhangVerdict] Malformed or oversized companion report
[15:06:19 INFO]: QVLegacyA left the game
[15:06:20 INFO]: UUID of player QVLegacyA is c41f345d-a4d2-3c8c-ac30-bdaac1fbf6cb
[15:06:20 INFO]: QVLegacyA joined the game
[15:06:20 INFO]: QVLegacyA[/127.0.0.1:13098] logged in with entity id 35 at ([world]-8.5, -60.0, 0.5)
[15:06:21 INFO]: QVLegacyA lost connection: Disconnected
[15:06:21 INFO]: QVLegacyA left the game
[15:06:22 INFO]: UUID of player QVLegacyA is c41f345d-a4d2-3c8c-ac30-bdaac1fbf6cb
[15:06:22 INFO]: QVLegacyA joined the game
[15:06:22 INFO]: QVLegacyA[/127.0.0.1:13103] logged in with entity id 36 at ([world]-8.5, -60.0, 0.5)
[15:06:42 INFO]: QVLegacyA lost connection: [QiZhangVerdict] Required companion report timed out.
[15:06:42 INFO]: QVLegacyA left the game
[15:06:42 INFO]: UUID of player QVLegacyA is c41f345d-a4d2-3c8c-ac30-bdaac1fbf6cb
[15:06:42 INFO]: QVLegacyA joined the game
[15:06:42 INFO]: QVLegacyA[/127.0.0.1:13129] logged in with entity id 37 at ([world]-8.5, -60.0, 0.5)
[15:06:43 INFO]: QVLegacyA lost connection: Disconnected
[15:06:43 INFO]: QVLegacyA left the game
[15:06:43 INFO]: QiZhangVerdict sessions=0, trackedIPs=1, accountPairs=4, rules=11, companion=required, vm=DENY, blacklist=DENY, rateBuckets=1, accountBans=0, deviceBans=0, deviceRequired=true
[15:06:44 INFO]: Stopping the server
[15:06:44 INFO]: Stopping server
[15:06:44 INFO]: [QiZhangVerdict] Disabling QiZhangVerdict v0.1.0
[15:06:44 INFO]: Saving players
[15:06:44 INFO]: Saving worlds
[15:06:44 INFO]: Saving chunks for level 'ServerLevel[world]'/minecraft:overworld
[15:06:44 INFO]: [ChunkHolderManager] Waiting 60s for chunk system to halt for world 'world'
[15:06:44 INFO]: [ChunkHolderManager] Halted chunk system for world 'world'
[15:06:44 INFO]: [ChunkHolderManager] Saving all chunkholders for world 'world'
[15:06:45 INFO]: [ChunkHolderManager] Saved 1089 block chunks, 143 entity chunks, 0 poi chunks in world 'world' in 0.95s
[15:06:45 INFO]: ThreadedAnvilChunkStorage (world): All chunks are saved
[15:06:45 INFO]: Saving chunks for level 'ServerLevel[world_nether]'/minecraft:the_nether
[15:06:45 INFO]: [ChunkHolderManager] Waiting 60s for chunk system to halt for world 'world_nether'
[15:06:45 INFO]: [ChunkHolderManager] Halted chunk system for world 'world_nether'
[15:06:45 INFO]: [ChunkHolderManager] Saving all chunkholders for world 'world_nether'
[15:06:46 INFO]: [ChunkHolderManager] Saved 961 block chunks, 81 entity chunks, 0 poi chunks in world 'world_nether' in 0.72s
[15:06:46 INFO]: ThreadedAnvilChunkStorage (DIM-1): All chunks are saved
[15:06:46 INFO]: Saving chunks for level 'ServerLevel[world_the_end]'/minecraft:the_end
[15:06:46 INFO]: [ChunkHolderManager] Waiting 60s for chunk system to halt for world 'world_the_end'
[15:06:46 INFO]: [ChunkHolderManager] Halted chunk system for world 'world_the_end'
[15:06:46 INFO]: [ChunkHolderManager] Saving all chunkholders for world 'world_the_end'
[15:06:47 INFO]: [ChunkHolderManager] Saved 961 block chunks, 81 entity chunks, 0 poi chunks in world 'world_the_end' in 0.67s
[15:06:47 INFO]: ThreadedAnvilChunkStorage (DIM1): All chunks are saved
[15:06:47 INFO]: ThreadedAnvilChunkStorage: All dimensions are saved
[15:06:47 INFO]: Flushing Chunk IO
[15:06:47 INFO]: Closing Thread Pool
2026-09-25 15:06:47,379 Log4j2-AsyncAppenderEventDispatcher-1-Async WARN Advanced terminal features are not available in this environment
[15:06:47 INFO]: Closing Server
