test_ambiguous_and_automation_ids_cannot_default_deny (test_catalog.CatalogTests.test_ambiguous_and_automation_ids_cannot_default_deny) ... ok
test_automation_and_mod_share_core_identity (test_catalog.CatalogTests.test_automation_and_mod_share_core_identity) ... ok
test_cached_hash_corruption_rejected (test_catalog.CatalogTests.test_cached_hash_corruption_rejected) ... ok
test_core_normalized_duplicate_rejected (test_catalog.CatalogTests.test_core_normalized_duplicate_rejected) ... ok
test_core_rule_count_limit (test_catalog.CatalogTests.test_core_rule_count_limit) ... ok
test_core_value_limits_and_control_characters (test_catalog.CatalogTests.test_core_value_limits_and_control_characters) ... ok
test_deny_without_identifier_proof_rejected (test_catalog.CatalogTests.test_deny_without_identifier_proof_rejected) ... ok
test_deny_without_purpose_rejected (test_catalog.CatalogTests.test_deny_without_purpose_rejected) ... ok
test_descriptor_value_is_checked (test_catalog.CatalogTests.test_descriptor_value_is_checked) ... ok
test_duplicate_admin_rules_rejected (test_catalog.CatalogTests.test_duplicate_admin_rules_rejected) ... ok
test_duplicate_conflicting_identity_rejected (test_catalog.CatalogTests.test_duplicate_conflicting_identity_rejected) ... ok
test_duplicate_json_keys_rejected (test_catalog.CatalogTests.test_duplicate_json_keys_rejected) ... ok
test_export_exact_only_and_deterministic (test_catalog.CatalogTests.test_export_exact_only_and_deterministic) ... ok
test_export_refuses_existing_file (test_catalog.CatalogTests.test_export_refuses_existing_file) ... ok
test_invalid_urls_rejected (test_catalog.CatalogTests.test_invalid_urls_rejected) ... ok
test_merge_preserves_admin_and_only_adds_explicit_selection (test_catalog.CatalogTests.test_merge_preserves_admin_and_only_adds_explicit_selection) ... ok
test_merge_rejects_implicit_all_existing_output_and_same_input (test_catalog.CatalogTests.test_merge_rejects_implicit_all_existing_output_and_same_input) ... ok
test_non_ascii_space_not_java_trimmed (test_catalog.CatalogTests.test_non_ascii_space_not_java_trimmed) ... ok
test_pending_cannot_invent_id (test_catalog.CatalogTests.test_pending_cannot_invent_id) ... ok
test_reviewed_catalog (test_catalog.CatalogTests.test_reviewed_catalog) ... ok
test_source_cannot_be_a_binary (test_catalog.CatalogTests.test_source_cannot_be_a_binary) ... ok
test_template_binding_read_without_execution (test_catalog.CatalogTests.test_template_binding_read_without_execution) ... ok
test_unknown_source_rejected (test_catalog.CatalogTests.test_unknown_source_rejected) ... ok
test_unpinned_source_rejected (test_catalog.CatalogTests.test_unpinned_source_rejected) ... ok
test_wildcard_and_tsv_injection_rejected (test_catalog.CatalogTests.test_wildcard_and_tsv_injection_rejected) ... ok

----------------------------------------------------------------------
Ran 25 tests in 0.699s

OK
