Downloading mojang_1.19.4.jar
Applying patches
Starting org.bukkit.craftbukkit.Main
*** Warning, you've not updated in a while! ***
*** Please download a new build as per instructions from https://papermc.io/downloads/paper ***
System Info: Java 17 (OpenJDK 64-Bit Server VM 17.0.20.1+1) Host: Windows 11 10.0 (amd64)
Loading libraries, please wait...
2026-09-25 15:21:46,633 ServerMain WARN Advanced terminal features are not available in this environment
[15:21:52 INFO]: Environment: authHost='https://authserver.mojang.com', accountsHost='https://api.mojang.com', sessionHost='https://sessionserver.mojang.com', servicesHost='https://api.minecraftservices.com', name='PROD'
[15:21:52 INFO]: Found new data pack file/bukkit, loading it automatically
[15:21:53 INFO]: Loaded 7 recipes
[15:21:54 INFO]: Starting minecraft server version 1.19.4
[15:21:54 INFO]: Loading properties
[15:21:54 INFO]: This server is running Paper version git-Paper-550 (MC: 1.19.4) (Implementing API version 1.19.4-R0.1-SNAPSHOT) (Git: 483368e on ver/1.19.4)
[15:21:54 INFO]: Server Ping Player Sample Count: 12
[15:21:54 INFO]: Using 4 threads for Netty based IO
[15:21:54 INFO]: [ChunkTaskScheduler] Chunk system is using 1 I/O threads, 4 worker threads, and gen parallelism of 4 threads
[15:21:54 WARN]: [!] The timings profiler has been enabled but has been scheduled for removal from Paper in the future.
    We recommend installing the spark profiler as a replacement: https://spark.lucko.me/
    For more information please visit: https://github.com/PaperMC/Paper/issues/8948
[15:21:54 INFO]: Default game type: SURVIVAL
[15:21:54 INFO]: Generating keypair
[15:21:54 INFO]: Starting Minecraft server on 127.0.0.1:25604
[15:21:54 INFO]: Using default channel type
[15:21:54 INFO]: Paper: Using Java compression from Velocity.
[15:21:54 INFO]: Paper: Using Java cipher from Velocity.
[15:21:54 WARN]: [org.bukkit.craftbukkit.v1_19_R3.legacy.CraftLegacy] Initializing Legacy Material Support. Unless you have legacy plugins and/or data this is a bug!
[15:21:56 WARN]: Legacy plugin QiZhangVerdict v0.1.1 does not specify an api-version.
[15:21:56 INFO]: [QiZhangVerdict] Loading server plugin QiZhangVerdict v0.1.1
[15:21:56 WARN]: **** SERVER IS RUNNING IN OFFLINE/INSECURE MODE!
[15:21:56 WARN]: The server will make no attempt to authenticate usernames. Beware.
[15:21:56 WARN]: While this makes the game possible to play without internet access, it also opens up the ability for hackers to connect with any username they choose.
[15:21:56 WARN]: To change this, set "online-mode" to "true" in the server.properties file.
[15:21:56 INFO]: Preparing level "world"
[15:22:02 INFO]: Preparing start region for dimension minecraft:overworld
[15:22:02 INFO]: Time elapsed: 28 ms
[15:22:02 INFO]: Preparing start region for dimension minecraft:the_nether
[15:22:02 INFO]: Time elapsed: 5 ms
[15:22:02 INFO]: Preparing start region for dimension minecraft:the_end
[15:22:02 INFO]: Time elapsed: 6 ms
[15:22:02 INFO]: [QiZhangVerdict] Enabling QiZhangVerdict v0.1.1*
[15:22:02 WARN]: [QiZhangVerdict] Offline mode: UUID/account ownership needs external authentication; IP limits are not proof of identity. Secure proxy forwarding and firewall the backend.
[15:22:02 INFO]: [QiZhangVerdict] QiZhangVerdict sessions=0, trackedIPs=0, accountPairs=0, rules=11, companion=required, vm=DENY, blacklist=DENY, rateBuckets=0, accountBans=0, deviceBans=0, deviceRequired=true
[15:22:02 INFO]: [QiZhangVerdict] Integrations: GrimAC=MISSING; movement/combat prediction unavailable; Orebfuscator=absent; Paper Anti-Xray=available; enable and verify per-world config. These engines are installed separately.
[15:22:02 INFO]: Running delayed init tasks
[15:22:02 INFO]: Done (8.341s)! For help, type "help"
[15:22:02 INFO]: Timings Reset
[15:22:02 INFO]: QiZhangVerdict sessions=0, trackedIPs=0, accountPairs=0, rules=11, companion=required, vm=DENY, blacklist=DENY, rateBuckets=0, accountBans=0, deviceBans=0, deviceRequired=true
[15:22:03 INFO]: UUID of player QVLegacyA is c41f345d-a4d2-3c8c-ac30-bdaac1fbf6cb
[15:22:03 INFO]: QVLegacyA joined the game
[15:22:03 INFO]: QVLegacyA[/127.0.0.1:8693] logged in with entity id 1 at ([world]-5.5, -60.0, -0.5)
[15:22:26 INFO]: QiZhangVerdict sessions=1, trackedIPs=1, accountPairs=1, rules=11, companion=required, vm=DENY, blacklist=DENY, rateBuckets=1, accountBans=0, deviceBans=0, deviceRequired=true
[15:22:26 INFO]: UUID of player QVLegacyB is 3b0f90bf-492c-396c-bc09-e8884fa3536f
[15:22:27 INFO]: QVLegacyB joined the game
[15:22:27 INFO]: QVLegacyB[/127.0.0.1:3122] logged in with entity id 28 at ([world]-0.5, -60.0, -1.5)
[15:22:27 INFO]: QVLegacyB lost connection: [QiZhangVerdict] Only the configured number of accounts may use the same IP and device concurrently
[15:22:27 INFO]: QVLegacyB left the game
[15:22:27 INFO]: UUID of player QVLegacyB is 3b0f90bf-492c-396c-bc09-e8884fa3536f
[15:22:28 INFO]: QVLegacyB joined the game
[15:22:28 INFO]: QVLegacyB[/127.0.0.1:3123] logged in with entity id 29 at ([world]-0.5, -60.0, -1.5)
[15:22:29 INFO]: UUID of player QVLegacyC is 61569500-3bbe-3ec7-9a35-d11a9b6d8a5d
[15:22:29 INFO]: QVLegacyC joined the game
[15:22:29 INFO]: QVLegacyC[/127.0.0.1:3124] logged in with entity id 30 at ([world]-9.5, -60.0, -6.5)
[15:22:30 INFO]: UUID of player QVLegacyD is baf10ef6-c862-32b8-a9b4-c0a016c0fe86
[15:22:30 INFO]: Disconnecting com.mojang.authlib.GameProfile@26e65dc6[id=baf10ef6-c862-32b8-a9b4-c0a016c0fe86,name=QVLegacyD,properties={},legacy=false] (/127.0.0.1:3126): Too many simultaneous accounts from this IP
[15:22:30 INFO]: com.mojang.authlib.GameProfile@26e65dc6[id=baf10ef6-c862-32b8-a9b4-c0a016c0fe86,name=QVLegacyD,properties={},legacy=false] (/127.0.0.1:3126) lost connection: Too many simultaneous accounts from this IP
[15:22:31 INFO]: QVLegacyA lost connection: Disconnected
[15:22:31 INFO]: QVLegacyA left the game
[15:22:31 INFO]: UUID of player QVLegacyD is baf10ef6-c862-32b8-a9b4-c0a016c0fe86
[15:22:31 INFO]: QVLegacyD joined the game
[15:22:31 INFO]: QVLegacyD[/127.0.0.1:3130] logged in with entity id 32 at ([world]-7.5, -60.0, -3.5)
[15:22:32 INFO]: QVLegacyB lost connection: Disconnected
[15:22:32 INFO]: QVLegacyB left the game
[15:22:32 INFO]: QVLegacyC lost connection: Disconnected
[15:22:32 INFO]: QVLegacyC left the game
[15:22:32 INFO]: QVLegacyD lost connection: Disconnected
[15:22:32 INFO]: QVLegacyD left the game
[15:22:33 INFO]: UUID of player QVLegacyA is c41f345d-a4d2-3c8c-ac30-bdaac1fbf6cb
[15:22:33 INFO]: QVLegacyA joined the game
[15:22:33 INFO]: QVLegacyA[/127.0.0.1:3133] logged in with entity id 33 at ([world]-5.5, -60.0, -0.5)
[15:22:33 INFO]: QVLegacyA lost connection: [QiZhangVerdict] This server requires a scoped device identifier
[15:22:33 INFO]: QVLegacyA left the game
[15:22:34 INFO]: UUID of player QVLegacyA is c41f345d-a4d2-3c8c-ac30-bdaac1fbf6cb
[15:22:34 INFO]: QVLegacyA joined the game
[15:22:34 INFO]: QVLegacyA[/127.0.0.1:3147] logged in with entity id 34 at ([world]-5.5, -60.0, -0.5)
[15:22:34 INFO]: QVLegacyA lost connection: [QiZhangVerdict] Malformed or oversized companion report
[15:22:34 INFO]: QVLegacyA left the game
[15:22:35 INFO]: UUID of player QVLegacyA is c41f345d-a4d2-3c8c-ac30-bdaac1fbf6cb
[15:22:35 INFO]: QVLegacyA joined the game
[15:22:35 INFO]: QVLegacyA[/127.0.0.1:3152] logged in with entity id 35 at ([world]-5.5, -60.0, -0.5)
[15:22:36 INFO]: QVLegacyA lost connection: Disconnected
[15:22:36 INFO]: QVLegacyA left the game
[15:22:36 INFO]: UUID of player QVLegacyA is c41f345d-a4d2-3c8c-ac30-bdaac1fbf6cb
[15:22:36 INFO]: QVLegacyA joined the game
[15:22:36 INFO]: QVLegacyA[/127.0.0.1:3156] logged in with entity id 36 at ([world]-5.5, -60.0, -0.5)
[15:22:57 INFO]: QVLegacyA lost connection: [QiZhangVerdict] Required companion report timed out.
[15:22:57 INFO]: QVLegacyA left the game
[15:22:57 INFO]: UUID of player QVLegacyA is c41f345d-a4d2-3c8c-ac30-bdaac1fbf6cb
[15:22:57 INFO]: QVLegacyA joined the game
[15:22:57 INFO]: QVLegacyA[/127.0.0.1:2848] logged in with entity id 37 at ([world]-5.5, -60.0, -0.5)
[15:22:58 INFO]: QVLegacyA lost connection: Disconnected
[15:22:58 INFO]: QVLegacyA left the game
[15:22:58 INFO]: QiZhangVerdict sessions=0, trackedIPs=1, accountPairs=4, rules=11, companion=required, vm=DENY, blacklist=DENY, rateBuckets=1, accountBans=0, deviceBans=0, deviceRequired=true
[15:22:59 INFO]: Stopping the server
[15:22:59 INFO]: Stopping server
[15:22:59 INFO]: [QiZhangVerdict] Disabling QiZhangVerdict v0.1.1
[15:22:59 INFO]: Saving players
[15:23:00 INFO]: Saving worlds
[15:23:00 INFO]: Saving chunks for level 'ServerLevel[world]'/minecraft:overworld
[15:23:00 INFO]: [ChunkHolderManager] Waiting 60s for chunk system to halt for world 'world'
[15:23:00 INFO]: [ChunkHolderManager] Halted chunk system for world 'world'
[15:23:00 INFO]: [ChunkHolderManager] Saving all chunkholders for world 'world'
[15:23:00 INFO]: [ChunkHolderManager] Saved 1024 block chunks, 121 entity chunks, 0 poi chunks in world 'world' in 0.70s
[15:23:00 INFO]: ThreadedAnvilChunkStorage (world): All chunks are saved
[15:23:00 INFO]: Saving chunks for level 'ServerLevel[world_nether]'/minecraft:the_nether
[15:23:00 INFO]: [ChunkHolderManager] Waiting 60s for chunk system to halt for world 'world_nether'
[15:23:00 INFO]: [ChunkHolderManager] Halted chunk system for world 'world_nether'
[15:23:00 INFO]: [ChunkHolderManager] Saving all chunkholders for world 'world_nether'
[15:23:01 INFO]: [ChunkHolderManager] Saved 961 block chunks, 81 entity chunks, 0 poi chunks in world 'world_nether' in 0.52s
[15:23:01 INFO]: ThreadedAnvilChunkStorage (DIM-1): All chunks are saved
[15:23:01 INFO]: Saving chunks for level 'ServerLevel[world_the_end]'/minecraft:the_end
[15:23:01 INFO]: [ChunkHolderManager] Waiting 60s for chunk system to halt for world 'world_the_end'
[15:23:01 INFO]: [ChunkHolderManager] Halted chunk system for world 'world_the_end'
[15:23:01 INFO]: [ChunkHolderManager] Saving all chunkholders for world 'world_the_end'
[15:23:01 INFO]: [ChunkHolderManager] Saved 961 block chunks, 81 entity chunks, 0 poi chunks in world 'world_the_end' in 0.31s
[15:23:01 INFO]: ThreadedAnvilChunkStorage (DIM1): All chunks are saved
[15:23:01 INFO]: ThreadedAnvilChunkStorage: All dimensions are saved
[15:23:01 INFO]: Flushing Chunk IO
[15:23:01 INFO]: Closing Thread Pool
2026-09-25 15:23:01,589 Log4j2-AsyncAppenderEventDispatcher-1-Async WARN Advanced terminal features are not available in this environment
[15:23:01 INFO]: Closing Server
