[16:03:15.821] [main/INFO] [Launcher/MODLAUNCHER]: ModLauncher running: args [--username, VerdictClient, --version, neoforge-21.1.244, --gameDir, E:\CodexTemp\QiZhangVerdict\client-matrix\neoforge-1.21.1\client\game, --assetsDir, E:\CodexTemp\QiZhangVerdict\client-matrix\neoforge-1.21.1\client\assets, --assetIndex, 17, --uuid, 86f10d93-6a7a-3707-bf5f-b5decc1e46a7, --accessToken, ‚ùÑ‚ùÑ‚ùÑ‚ùÑ‚ùÑ‚ùÑ‚ùÑ‚ùÑ, --userType, legacy, --versionType, release, --width, 640, --height, 360, --quickPlayMultiplayer, 127.0.0.1:25596, --fml.neoForgeVersion, 21.1.244, --fml.fmlVersion, 4.0.43, --fml.mcVersion, 1.21.1, --fml.neoFormVersion, 20240808.144430, --launchTarget, forgeclient] 
[16:03:15.825] [main/INFO] [Launcher/MODLAUNCHER]: JVM identified as Oracle Corporation Java HotSpot(TM) 64-Bit Server VM 21.0.8+12-LTS-250 
[16:03:15.827] [main/INFO] [Launcher/MODLAUNCHER]: ModLauncher 11.0.5+main.901c6ea8 starting: java version 21.0.8 by Oracle Corporation; OS Windows 11 arch amd64 version 10.0 
[16:03:15.997] [main/INFO] [loading.ImmediateWindowHandler/]: Loading ImmediateWindowProvider fmlearlywindow 
[16:03:16.193] [main/INFO] [EARLYDISPLAY/]: Trying GL version 4.6 
[16:03:16.464] [main/INFO] [EARLYDISPLAY/]: Requested GL version 4.6 got version 4.6 
[16:03:16.633] [main/INFO] [mixin/]: SpongePowered MIXIN Subsystem Version=0.8.7 Source=union:/E:/CodexTemp/QiZhangVerdict/client-matrix/neoforge-1.21.1/client/libraries/net/fabricmc/sponge-mixin/0.15.2+mixin.0.8.7/sponge-mixin-0.15.2+mixin.0.8.7.jar%23175!/ Service=ModLauncher Env=CLIENT 
[16:03:16.914] [pool-2-thread-1/INFO] [EARLYDISPLAY/]: GL info: AMD Radeon(TM) Graphics GL version 4.6.0 Core Profile Context 22.40.84.06.231130, ATI Technologies Inc. 
[16:03:17.122] [main/INFO] [loading.moddiscovery.ModDiscoverer/SCAN]: Found mod file "client-1.21.1-20240808.144430-srg.jar" [locator: production client provider +net.neoforged:neoforge:21.1.244:client] 
[16:03:17.154] [main/INFO] [loading.moddiscovery.ModDiscoverer/SCAN]: Found mod file "neoforge-21.1.244-universal.jar" [locator: PathBasedLocator[name=neoforge, paths=[E:\CodexTemp\QiZhangVerdict\client-matrix\neoforge-1.21.1\client\libraries\net\neoforged\neoforge\21.1.244\neoforge-21.1.244-universal.jar]], reader: mod manifest] 
[16:03:17.170] [main/INFO] [loading.moddiscovery.ModDiscoverer/SCAN]: Found mod file "qizhangverdict-neoforge-1.21.1-0.1.1.jar" [locator: {mods folder locator at E:\CodexTemp\QiZhangVerdict\client-matrix\neoforge-1.21.1\client\game\mods}, reader: mod manifest] 
[16:03:17.304] [main/INFO] [loading.moddiscovery.locators.JarInJarDependencyLocator/]: Found 2 dependencies adding them to mods collection 
[16:03:17.305] [main/INFO] [loading.moddiscovery.ModDiscoverer/SCAN]: Found gamelibrary file "mixinextras-neoforge-0.5.3.jar" [parent: neoforge-21.1.244-universal.jar, locator: jarinjar, reader: mod manifest] 
[16:03:17.305] [main/INFO] [loading.moddiscovery.ModDiscoverer/SCAN]: Found library file "net.neoforged.neoforge-coremods-21.1.244.jar" [parent: neoforge-21.1.244-universal.jar, locator: jarinjar, reader: mod manifest] 
[16:03:17.307] [main/INFO] [loading.moddiscovery.ModDiscoverer/]: 
     Mod List:
		Name Version (Mod Id)

		Minecraft 1.21.1 (minecraft)
		NeoForge 21.1.244 (neoforge)
		QiZhang's Verdict / ‰∏ÉÁ´†ÁöÑË£ÅÂÜ≥ 0.1.1 (qizhangverdict) 
[16:03:17.811] [main/INFO] [mixin/]: Compatibility level set to JAVA_21 
[16:03:17.829] [main/INFO] [LaunchServiceHandler/MODLAUNCHER]: Launching target 'forgeclient' with arguments [--version, neoforge-21.1.244, --gameDir, E:\CodexTemp\QiZhangVerdict\client-matrix\neoforge-1.21.1\client\game, --assetsDir, E:\CodexTemp\QiZhangVerdict\client-matrix\neoforge-1.21.1\client\assets, --uuid, 86f10d93-6a7a-3707-bf5f-b5decc1e46a7, --username, VerdictClient, --assetIndex, 17, --accessToken, ‚ùÑ‚ùÑ‚ùÑ‚ùÑ‚ùÑ‚ùÑ‚ùÑ‚ùÑ, --userType, legacy, --versionType, release, --width, 640, --height, 360, --quickPlayMultiplayer, 127.0.0.1:25596] 
WARN StatusConsoleListener Advanced terminal features are not available in this environment
[16:03:20] [Datafixer Bootstrap/INFO] [mojang/DataFixerBuilder]: 229 Datafixer optimizations took 420 milliseconds
[16:03:20] [pool-7-thread-1/INFO] [MixinExtras|Service/]: Initializing MixinExtras via com.llamalad7.mixinextras.service.MixinExtrasServiceImpl(version=0.5.3).
[16:03:25] [Render thread/WARN] [minecraft/VanillaPackResourcesBuilder]: Assets URL 'union:/E:/CodexTemp/QiZhangVerdict/client-matrix/neoforge-1.21.1/client/libraries/net/minecraft/client/1.21.1-20240808.144430/client-1.21.1-20240808.144430-srg.jar%23189!/assets/.mcassetsroot' uses unexpected schema
[16:03:25] [Render thread/WARN] [minecraft/VanillaPackResourcesBuilder]: Assets URL 'union:/E:/CodexTemp/QiZhangVerdict/client-matrix/neoforge-1.21.1/client/libraries/net/minecraft/client/1.21.1-20240808.144430/client-1.21.1-20240808.144430-srg.jar%23189!/data/.mcassetsroot' uses unexpected schema
[16:03:25] [Render thread/INFO] [mojang/YggdrasilAuthenticationService]: Environment: Environment[sessionHost=https://sessionserver.mojang.com, servicesHost=https://api.minecraftservices.com, name=PROD]
[16:03:25] [Render thread/INFO] [minecraft/Minecraft]: Setting user: VerdictClient
[16:03:25] [Render thread/INFO] [minecraft/Minecraft]: Backend library: LWJGL version 3.3.3+5
[16:03:25] [modloading-worker-0/INFO] [ne.ne.ne.co.NeoForgeMod/NEOFORGE-MOD]: NeoForge mod loading, version 21.1.244, for MC 1.21.1
[16:03:26] [Render thread/INFO] [minecraft/ReloadableResourceManager]: Reloading ResourceManager: vanilla, mod_resources, mod/qizhangverdict, mod/neoforge
[16:03:26] [Worker-Main-13/INFO] [minecraft/UnihexProvider]: Found unifont_all_no_pua-15.1.05.hex, loading
[16:03:26] [Worker-Main-2/INFO] [minecraft/UnihexProvider]: Found unifont_jp_patch-15.1.05.hex, loading
[16:03:28] [Render thread/WARN] [minecraft/SoundEngine]: Missing sound for event: minecraft:item.goat_horn.play
[16:03:28] [Render thread/WARN] [minecraft/SoundEngine]: Missing sound for event: minecraft:entity.goat.screaming.horn_break
[16:03:28] [Render thread/INFO] [mojang/Library]: OpenAL initialized on device OpenAL Soft on —Ô…˘∆˜ (UU‘∂≥Ã–Èƒ‚“Ù∆µ…Ë±∏)
[16:03:28] [Render thread/INFO] [minecraft/SoundEngine]: Sound engine started
[16:03:28] [Render thread/INFO] [minecraft/TextureAtlas]: Created: 1024x512x4 minecraft:textures/atlas/blocks.png-atlas
[16:03:28] [Render thread/INFO] [minecraft/TextureAtlas]: Created: 256x256x4 minecraft:textures/atlas/signs.png-atlas
[16:03:28] [Render thread/INFO] [minecraft/TextureAtlas]: Created: 512x512x4 minecraft:textures/atlas/banner_patterns.png-atlas
[16:03:28] [Render thread/INFO] [minecraft/TextureAtlas]: Created: 512x512x4 minecraft:textures/atlas/shield_patterns.png-atlas
[16:03:28] [Render thread/INFO] [minecraft/TextureAtlas]: Created: 1024x1024x4 minecraft:textures/atlas/armor_trims.png-atlas
[16:03:28] [Render thread/INFO] [minecraft/TextureAtlas]: Created: 256x256x4 minecraft:textures/atlas/chest.png-atlas
[16:03:28] [Render thread/INFO] [minecraft/TextureAtlas]: Created: 128x64x4 minecraft:textures/atlas/decorated_pot.png-atlas
[16:03:28] [Render thread/INFO] [minecraft/TextureAtlas]: Created: 512x256x4 minecraft:textures/atlas/beds.png-atlas
[16:03:28] [Render thread/INFO] [minecraft/TextureAtlas]: Created: 512x256x4 minecraft:textures/atlas/shulker_boxes.png-atlas
[16:03:28] [Render thread/INFO] [minecraft/TextureAtlas]: Created: 512x256x0 minecraft:textures/atlas/particles.png-atlas
[16:03:28] [Render thread/INFO] [minecraft/TextureAtlas]: Created: 512x256x0 minecraft:textures/atlas/paintings.png-atlas
[16:03:28] [Render thread/INFO] [minecraft/TextureAtlas]: Created: 256x128x0 minecraft:textures/atlas/mob_effects.png-atlas
[16:03:28] [Render thread/INFO] [minecraft/TextureAtlas]: Created: 64x64x0 minecraft:textures/atlas/map_decorations.png-atlas
[16:03:28] [Render thread/INFO] [minecraft/TextureAtlas]: Created: 1024x512x0 minecraft:textures/atlas/gui.png-atlas
[16:03:29] [Render thread/WARN] [minecraft/ShaderInstance]: Shader rendertype_entity_translucent_emissive could not find sampler named Sampler2 in the specified shader program.
[16:03:29] [Render thread/INFO] [ne.ne.ne.cl.en.an.js.AnimationLoader/]: Loaded 0 entity animations
[16:03:29] [Render thread/INFO] [minecraft/ConnectScreen]: Connecting to 127.0.0.1, 25596
[16:03:31] [Render thread/INFO] [minecraft/AdvancementTree]: Loaded 2 advancements
[16:04:01] [Render thread/INFO] [minecraft/ChatComponent]: [System] [CHAT] Saved screenshot as 2026-09-25_16.04.01.png
[16:04:36] [Render thread/INFO] [minecraft/Minecraft]: Stopping!
