Unpacking 1.21.1/server-1.21.1.jar (versions:1.21.1) to versions\1.21.1\server-1.21.1.jar
Starting net.fabricmc.loader.impl.game.minecraft.BundlerClassPathCapture
[16:00:57] [main/INFO]: Loading Minecraft 1.21.1 with Fabric Loader 0.16.14
[16:00:57] [main/WARN]: Warnings were found!
 - 模组 'GrimAC' (grimac) 2.3.73 建议安装 fabric-permissions-api-v0 的 任意版本，但没有安装它！
	 - 为了最佳体验，您应该安装 fabric-permissions-api-v0 的 任意版本。
[16:00:57] [main/INFO]: Loading 84 mods:
	- antixray 1.4.8
	   \-- com_moandjiezana_toml_toml4j 0.7.2
	- cloud 2.0.0-beta.10
	   |-- io_leangen_geantyref_geantyref 1.3.15
	   |-- org_incendo_cloud-brigadier 2.0.0-beta.10
	   |-- org_incendo_cloud-core 2.0.0
	   |-- org_incendo_cloud-minecraft-modded-common-fabric-repack 2.0.0-beta.10
	   \-- org_incendo_cloud-services 2.0.0
	- fabric-api 0.116.17+1.21.1
	   |-- fabric-api-base 0.4.42+6573ed8c19
	   |-- fabric-api-lookup-api-v1 1.6.72+7b3d111d19
	   |-- fabric-biome-api-v1 13.0.31+d527f9fd19
	   |-- fabric-block-api-v1 1.1.0+0bc3503219
	   |-- fabric-block-view-api-v2 1.0.11+ebb2264e19
	   |-- fabric-blockrenderlayer-v1 1.1.52+0af3f5a719
	   |-- fabric-client-tags-api-v1 1.2.0+1eb36c0719
	   |-- fabric-command-api-v1 1.2.49+f71b366f19
	   |-- fabric-command-api-v2 2.2.28+6ced4dd919
	   |-- fabric-commands-v0 0.2.66+df3654b319
	   |-- fabric-content-registries-v0 8.0.19+b559734419
	   |-- fabric-convention-tags-v1 2.1.7+7f945d5b19
	   |-- fabric-convention-tags-v2 2.12.0+c3656daa19
	   |-- fabric-crash-report-info-v1 0.2.29+0af3f5a719
	   |-- fabric-data-attachment-api-v1 1.4.7+5b36e0f719
	   |-- fabric-data-generation-api-v1 20.3.0+1eb36c0719
	   |-- fabric-dimensions-v1 4.0.1+65213ef819
	   |-- fabric-entity-events-v1 1.8.0+2b27e0a419
	   |-- fabric-events-interaction-v0 0.7.14+ba9dae0619
	   |-- fabric-game-rule-api-v1 1.0.53+6ced4dd919
	   |-- fabric-item-api-v1 11.3.0+467044f319
	   |-- fabric-item-group-api-v1 4.1.7+def88e3a19
	   |-- fabric-key-binding-api-v1 1.0.47+0af3f5a719
	   |-- fabric-keybindings-v0 0.2.45+df3654b319
	   |-- fabric-lifecycle-events-v1 2.6.0+0865547519
	   |-- fabric-loot-api-v2 3.0.15+3f89f5a519
	   |-- fabric-loot-api-v3 1.0.3+3f89f5a519
	   |-- fabric-message-api-v1 6.0.14+8aaf3aca19
	   |-- fabric-model-loading-api-v1 2.1.0+b4d813fc19
	   |-- fabric-networking-api-v1 4.3.1+d30f6a7919
	   |-- fabric-object-builder-api-v1 15.2.1+40875a9319
	   |-- fabric-particles-v1 4.0.2+6573ed8c19
	   |-- fabric-recipe-api-v1 5.0.16+2475392c19
	   |-- fabric-registry-sync-v0 5.3.2+e3eddc2119
	   |-- fabric-renderer-api-v1 3.4.1+b4d813fc19
	   |-- fabric-renderer-indigo 1.7.1+c705a49c19
	   |-- fabric-renderer-registries-v1 3.2.71+df3654b319
	   |-- fabric-rendering-data-attachment-v1 0.3.49+73761d2e19
	   |-- fabric-rendering-fluids-v1 3.1.6+1daea21519
	   |-- fabric-rendering-v0 1.1.74+df3654b319
	   |-- fabric-rendering-v1 5.2.1+f44c2eea19
	   |-- fabric-resource-conditions-api-v1 4.3.0+8dc279b119
	   |-- fabric-resource-loader-v0 1.3.1+5b5275af19
	   |-- fabric-screen-api-v1 2.0.26+639b4c0719
	   |-- fabric-screen-handler-api-v1 1.3.91+b559734419
	   |-- fabric-sound-api-v1 1.0.23+6573ed8c19
	   |-- fabric-tag-api-v1 1.3.0+1eb36c0719
	   |-- fabric-transfer-api-v1 5.4.4+7b3d111d19
	   \-- fabric-transitive-access-wideners-v1 6.2.0+45b9699719
	- fabricloader 0.16.14
	   \-- mixinextras 0.4.1
	- grimac 2.3.73
	   |-- ac_grim_grimac_common 2.3.73
	   |-- ac_grim_grimac_grim-internal 1.2.4.0
	   |-- ac_grim_grimac_grimapi 1.2.4.0
	   |-- com_github_alexheretic_dynamics 4.0
	   |-- com_github_alexheretic_fluent 2.0
	   |-- com_googlecode_json-simple_json-simple 1.1.1
	   |-- com_zaxxer_hikaricp 7.0.2
	   |-- github_scarsz_configuralize_slim 1.4.1
	   |-- grimac-mc1161 2.3.73
	   |-- grimac-mc1171 2.3.73
	   |-- grimac-mc1194 2.3.73
	   |-- grimac-mc1205 2.3.73
	   |-- net_kyori_adventure-text-minimessage 4.25.0
	   |-- org_incendo_cloud-annotations 2.0.0
	   |-- org_incendo_cloud-processors-requirements 1.0.0-rc.1
	   |-- org_jetbrains_annotations 24.1.0
	   |-- org_slf4j_slf4j-api 2.0.17
	   |-- org_yaml_snakeyaml 2.2
	   \-- packetevents 2.11.2+675bc5c-SNAPSHOT
	        |-- com_github_retrooper_api 2.11.2+675bc5c-SNAPSHOT
	        |-- com_github_retrooper_netty-common 2.11.2+675bc5c-SNAPSHOT
	        |-- conditional-mixin 0.6.4
	        |-- net_kyori_adventure-api 4.25.0
	        |-- net_kyori_adventure-key 4.25.0
	        |-- net_kyori_adventure-nbt 4.25.0
	        |-- net_kyori_examination-api 1.3.0
	        |-- net_kyori_examination-string 1.3.0
	        |-- packetevents-mc1140 2.11.2+675bc5c-SNAPSHOT
	        |-- packetevents-mc1194 2.11.2+675bc5c-SNAPSHOT
	        |-- packetevents-mc1202 2.11.2+675bc5c-SNAPSHOT
	        \-- packetevents-mc1211 2.11.2+675bc5c-SNAPSHOT
	- java 21
	- minecraft 1.21.1
	- qizhangverdict 0.1.1
	- sqlite-jdbc 3.53.2.0+2026-06-06
[16:00:58] [main/INFO]: SpongePowered MIXIN Subsystem Version=0.8.7 Source=file:/E:/CodexTemp/QiZhangVerdict/client-matrix/fabric-1.21.1/candidate-0.1.1-gpl-01/server/libraries/net/fabricmc/sponge-mixin/0.15.5+mixin.0.8.7/sponge-mixin-0.15.5+mixin.0.8.7.jar Service=Knot/Fabric Env=SERVER
[16:00:58] [main/INFO]: Compatibility level set to JAVA_17
[16:00:58] [main/INFO]: Compatibility level set to JAVA_21
[16:00:58] [main/ERROR]: Failed reading REFMAP JSON from : java.lang.NullPointerException Cannot invoke "org.spongepowered.asm.mixin.refmap.ReferenceMapper.setResourceName(String)" because "mapper" is null
[16:00:58] [main/WARN]: Reference map '' for packetevents-mc1140.mixins.json could not be read. If this is a development environment you can ignore this message
[16:00:58] [main/ERROR]: Failed reading REFMAP JSON from : java.lang.NullPointerException Cannot invoke "org.spongepowered.asm.mixin.refmap.ReferenceMapper.setResourceName(String)" because "mapper" is null
[16:00:58] [main/WARN]: Reference map '' for packetevents-mc1914.mixins.json could not be read. If this is a development environment you can ignore this message
[16:00:58] [main/ERROR]: Failed reading REFMAP JSON from : java.lang.NullPointerException Cannot invoke "org.spongepowered.asm.mixin.refmap.ReferenceMapper.setResourceName(String)" because "mapper" is null
[16:00:58] [main/WARN]: Reference map '' for packetevents-mc1202.mixins.json could not be read. If this is a development environment you can ignore this message
[16:01:01] [main/INFO]: Initializing MixinExtras via com.llamalad7.mixinextras.service.MixinExtrasServiceImpl(version=0.4.1).
[16:01:09] [main/INFO]: Successfully initialized antixray for fabric
[16:01:09] [main/INFO]: Loading PacketEvents...
[16:01:10] [main/INFO]: External mod presence only: grimac=true, antixray=true; actual function must be tested separately
[16:01:10] [main/INFO]: Environment: Environment[sessionHost=https://sessionserver.mojang.com, servicesHost=https://api.minecraftservices.com, name=PROD]
[16:01:12] [main/INFO]: Loaded 1290 recipes
[16:01:12] [main/INFO]: Loaded 1399 advancements
[16:01:13] [main/INFO]: Applied 0 biome modifications to 0 of 64 new biomes in 1.425 ms
[16:01:13] [Server thread/INFO]: Registering packets...
[16:01:13] [Server thread/INFO]: Registering tick schedulers...
[16:01:13] [Server thread/INFO]: Grim Version: 2.3.73
[16:01:13] [Server thread/INFO]: QiZhangGuard started: QiZhangVerdict sessions=0, trackedIPs=0, accountPairs=0, rules=11, companion=required, vm=DENY, blacklist=DENY, rateBuckets=0, accountBans=0, deviceBans=0, deviceRequired=true. Reports are self-reported, not trusted attestation.
[16:01:13] [Server thread/INFO]: Starting minecraft server version 1.21.1
[16:01:13] [Server thread/INFO]: Loading properties
[16:01:13] [Server thread/INFO]: Default game type: SURVIVAL
[16:01:13] [Server thread/INFO]: Generating keypair
[16:01:13] [Server thread/INFO]: Starting Minecraft server on 127.0.0.1:25597
[16:01:13] [Server thread/INFO]: Using default channel type
[16:01:13] [Server thread/WARN]: **** SERVER IS RUNNING IN OFFLINE/INSECURE MODE!
[16:01:13] [Server thread/WARN]: The server will make no attempt to authenticate usernames. Beware.
[16:01:13] [Server thread/WARN]: While this makes the game possible to play without internet access, it also opens up the ability for hackers to connect with any username they choose.
[16:01:13] [Server thread/WARN]: To change this, set "online-mode" to "true" in the server.properties file.
[16:01:13] [Server thread/INFO]: Preparing level "smoke-world"
[16:01:13] [Thread-2/INFO]: New GrimAC version found! Version 2.3.74-8eb5f28 is available to be downloaded here: https://modrinth.com/plugin/grimac
[16:01:14] [Server thread/INFO]: Preparing start region for dimension minecraft:overworld
[16:01:14] [Worker-Main-2/INFO]: Preparing spawn area: 0%
[16:01:14] [Server thread/INFO]: Time elapsed: 571 ms
[16:01:14] [Server thread/INFO]: Done (1.478s)! For help, type "help"
[16:01:15] [Server thread/INFO]: The difficulty did not change; it is already set to peaceful
[16:01:15] [Server thread/INFO]: Gamerule doMobSpawning is now set to: false
[16:01:15] [Server thread/INFO]: QiZhangVerdict sessions=0, trackedIPs=0, accountPairs=0, rules=11, companion=required, vm=DENY, blacklist=DENY, rateBuckets=0, accountBans=0, deviceBans=0, deviceRequired=true
[16:01:34] [Server thread/INFO]: VerdictClient[/127.0.0.1:3779] logged in with entity id 106 at (0.5, 64.0, -8.5)
[16:01:34] [Server thread/INFO]: VerdictClient joined the game
[16:01:34] [Netty Server IO #1/INFO]: Loading block mappings for V_1_20_5/15...
[16:01:35] [Netty Server IO #1/INFO]: Finished loading block mappings for V_1_20_5/15 in 893.3804ms
[16:01:36] [Server thread/INFO]: Report decision player=86f10d93-6a7a-3707-bf5f-b5decc1e46a7 code=VM_UNKNOWN message=VM status is unknown or has only inconclusive indicators
[16:02:04] [Server thread/INFO]: There are 1 of a max of 5 players online: VerdictClient
[16:02:04] [Server thread/INFO]: QiZhangVerdict sessions=1, trackedIPs=1, accountPairs=1, rules=11, companion=required, vm=DENY, blacklist=DENY, rateBuckets=1, accountBans=0, deviceBans=0, deviceRequired=true
[16:02:04] [Server thread/INFO]: VerdictClient has the following entity data: 0
[16:02:19] [Server thread/INFO]: There are 1 of a max of 5 players online: VerdictClient
[16:02:19] [Server thread/INFO]: QiZhangVerdict sessions=1, trackedIPs=1, accountPairs=1, rules=11, companion=required, vm=DENY, blacklist=DENY, rateBuckets=1, accountBans=0, deviceBans=0, deviceRequired=true
[16:02:19] [Server thread/INFO]: VerdictClient has the following entity data: 0
[16:02:34] [Server thread/INFO]: There are 1 of a max of 5 players online: VerdictClient
[16:02:34] [Server thread/INFO]: QiZhangVerdict sessions=1, trackedIPs=1, accountPairs=1, rules=11, companion=required, vm=DENY, blacklist=DENY, rateBuckets=1, accountBans=0, deviceBans=0, deviceRequired=true
[16:02:34] [Server thread/INFO]: VerdictClient has the following entity data: 0
[16:02:39] [Server thread/INFO]: VerdictClient lost connection: Disconnected
[16:02:39] [Server thread/INFO]: VerdictClient left the game
[16:02:40] [Server thread/INFO]: Stopping the server
[16:02:40] [Server thread/INFO]: Terminating PacketEvents...
[16:02:40] [Server thread/INFO]: Stopping server
[16:02:40] [Server thread/INFO]: Saving players
[16:02:40] [Server thread/INFO]: Saving worlds
[16:02:40] [Server thread/INFO]: Saving chunks for level 'ServerLevel[smoke-world]'/minecraft:overworld
[16:02:40] [Server thread/INFO]: Saving chunks for level 'ServerLevel[smoke-world]'/minecraft:the_nether
[16:02:40] [Server thread/INFO]: Saving chunks for level 'ServerLevel[smoke-world]'/minecraft:the_end
[16:02:40] [Server thread/INFO]: ThreadedAnvilChunkStorage (smoke-world): All chunks are saved
[16:02:40] [Server thread/INFO]: ThreadedAnvilChunkStorage (DIM-1): All chunks are saved
[16:02:40] [Server thread/INFO]: ThreadedAnvilChunkStorage (DIM1): All chunks are saved
[16:02:40] [Server thread/INFO]: ThreadedAnvilChunkStorage: All dimensions are saved
