Unpacking 1.19.4/server-1.19.4.jar (versions:1.19.4) to versions\1.19.4\server-1.19.4.jar
Unpacking com/github/oshi/oshi-core/6.2.2/oshi-core-6.2.2.jar (libraries:com.github.oshi:oshi-core:6.2.2) to libraries\com\github\oshi\oshi-core\6.2.2\oshi-core-6.2.2.jar
Unpacking com/google/code/gson/gson/2.10/gson-2.10.jar (libraries:com.google.code.gson:gson:2.10) to libraries\com\google\code\gson\gson\2.10\gson-2.10.jar
Unpacking com/google/guava/failureaccess/1.0.1/failureaccess-1.0.1.jar (libraries:com.google.guava:failureaccess:1.0.1) to libraries\com\google\guava\failureaccess\1.0.1\failureaccess-1.0.1.jar
Unpacking com/google/guava/guava/31.1-jre/guava-31.1-jre.jar (libraries:com.google.guava:guava:31.1-jre) to libraries\com\google\guava\guava\31.1-jre\guava-31.1-jre.jar
Unpacking com/mojang/authlib/3.18.38/authlib-3.18.38.jar (libraries:com.mojang:authlib:3.18.38) to libraries\com\mojang\authlib\3.18.38\authlib-3.18.38.jar
Unpacking com/mojang/brigadier/1.0.18/brigadier-1.0.18.jar (libraries:com.mojang:brigadier:1.0.18) to libraries\com\mojang\brigadier\1.0.18\brigadier-1.0.18.jar
Unpacking com/mojang/datafixerupper/6.0.6/datafixerupper-6.0.6.jar (libraries:com.mojang:datafixerupper:6.0.6) to libraries\com\mojang\datafixerupper\6.0.6\datafixerupper-6.0.6.jar
Unpacking com/mojang/logging/1.1.1/logging-1.1.1.jar (libraries:com.mojang:logging:1.1.1) to libraries\com\mojang\logging\1.1.1\logging-1.1.1.jar
Unpacking commons-io/commons-io/2.11.0/commons-io-2.11.0.jar (libraries:commons-io:commons-io:2.11.0) to libraries\commons-io\commons-io\2.11.0\commons-io-2.11.0.jar
Unpacking io/netty/netty-buffer/4.1.82.Final/netty-buffer-4.1.82.Final.jar (libraries:io.netty:netty-buffer:4.1.82.Final) to libraries\io\netty\netty-buffer\4.1.82.Final\netty-buffer-4.1.82.Final.jar
Unpacking io/netty/netty-codec/4.1.82.Final/netty-codec-4.1.82.Final.jar (libraries:io.netty:netty-codec:4.1.82.Final) to libraries\io\netty\netty-codec\4.1.82.Final\netty-codec-4.1.82.Final.jar
Unpacking io/netty/netty-common/4.1.82.Final/netty-common-4.1.82.Final.jar (libraries:io.netty:netty-common:4.1.82.Final) to libraries\io\netty\netty-common\4.1.82.Final\netty-common-4.1.82.Final.jar
Unpacking io/netty/netty-handler/4.1.82.Final/netty-handler-4.1.82.Final.jar (libraries:io.netty:netty-handler:4.1.82.Final) to libraries\io\netty\netty-handler\4.1.82.Final\netty-handler-4.1.82.Final.jar
Unpacking io/netty/netty-resolver/4.1.82.Final/netty-resolver-4.1.82.Final.jar (libraries:io.netty:netty-resolver:4.1.82.Final) to libraries\io\netty\netty-resolver\4.1.82.Final\netty-resolver-4.1.82.Final.jar
Unpacking io/netty/netty-transport/4.1.82.Final/netty-transport-4.1.82.Final.jar (libraries:io.netty:netty-transport:4.1.82.Final) to libraries\io\netty\netty-transport\4.1.82.Final\netty-transport-4.1.82.Final.jar
Unpacking io/netty/netty-transport-classes-epoll/4.1.82.Final/netty-transport-classes-epoll-4.1.82.Final.jar (libraries:io.netty:netty-transport-classes-epoll:4.1.82.Final) to libraries\io\netty\netty-transport-classes-epoll\4.1.82.Final\netty-transport-classes-epoll-4.1.82.Final.jar
Unpacking io/netty/netty-transport-native-epoll/4.1.82.Final/netty-transport-native-epoll-4.1.82.Final-linux-x86_64.jar (libraries:io.netty:netty-transport-native-epoll:4.1.82.Final:linux-x86_64) to libraries\io\netty\netty-transport-native-epoll\4.1.82.Final\netty-transport-native-epoll-4.1.82.Final-linux-x86_64.jar
Unpacking io/netty/netty-transport-native-epoll/4.1.82.Final/netty-transport-native-epoll-4.1.82.Final-linux-aarch_64.jar (libraries:io.netty:netty-transport-native-epoll:4.1.82.Final:linux-aarch_64) to libraries\io\netty\netty-transport-native-epoll\4.1.82.Final\netty-transport-native-epoll-4.1.82.Final-linux-aarch_64.jar
Unpacking io/netty/netty-transport-native-unix-common/4.1.82.Final/netty-transport-native-unix-common-4.1.82.Final.jar (libraries:io.netty:netty-transport-native-unix-common:4.1.82.Final) to libraries\io\netty\netty-transport-native-unix-common\4.1.82.Final\netty-transport-native-unix-common-4.1.82.Final.jar
Unpacking it/unimi/dsi/fastutil/8.5.9/fastutil-8.5.9.jar (libraries:it.unimi.dsi:fastutil:8.5.9) to libraries\it\unimi\dsi\fastutil\8.5.9\fastutil-8.5.9.jar
Unpacking net/java/dev/jna/jna/5.12.1/jna-5.12.1.jar (libraries:net.java.dev.jna:jna:5.12.1) to libraries\net\java\dev\jna\jna\5.12.1\jna-5.12.1.jar
Unpacking net/java/dev/jna/jna-platform/5.12.1/jna-platform-5.12.1.jar (libraries:net.java.dev.jna:jna-platform:5.12.1) to libraries\net\java\dev\jna\jna-platform\5.12.1\jna-platform-5.12.1.jar
Unpacking net/sf/jopt-simple/jopt-simple/5.0.4/jopt-simple-5.0.4.jar (libraries:net.sf.jopt-simple:jopt-simple:5.0.4) to libraries\net\sf\jopt-simple\jopt-simple\5.0.4\jopt-simple-5.0.4.jar
Unpacking org/apache/commons/commons-lang3/3.12.0/commons-lang3-3.12.0.jar (libraries:org.apache.commons:commons-lang3:3.12.0) to libraries\org\apache\commons\commons-lang3\3.12.0\commons-lang3-3.12.0.jar
Unpacking org/apache/logging/log4j/log4j-api/2.19.0/log4j-api-2.19.0.jar (libraries:org.apache.logging.log4j:log4j-api:2.19.0) to libraries\org\apache\logging\log4j\log4j-api\2.19.0\log4j-api-2.19.0.jar
Unpacking org/apache/logging/log4j/log4j-core/2.19.0/log4j-core-2.19.0.jar (libraries:org.apache.logging.log4j:log4j-core:2.19.0) to libraries\org\apache\logging\log4j\log4j-core\2.19.0\log4j-core-2.19.0.jar
Unpacking org/apache/logging/log4j/log4j-slf4j2-impl/2.19.0/log4j-slf4j2-impl-2.19.0.jar (libraries:org.apache.logging.log4j:log4j-slf4j2-impl:2.19.0) to libraries\org\apache\logging\log4j\log4j-slf4j2-impl\2.19.0\log4j-slf4j2-impl-2.19.0.jar
Unpacking org/joml/joml/1.10.5/joml-1.10.5.jar (libraries:org.joml:joml:1.10.5) to libraries\org\joml\joml\1.10.5\joml-1.10.5.jar
Unpacking org/slf4j/slf4j-api/2.0.1/slf4j-api-2.0.1.jar (libraries:org.slf4j:slf4j-api:2.0.1) to libraries\org\slf4j\slf4j-api\2.0.1\slf4j-api-2.0.1.jar
Starting net.fabricmc.loader.impl.game.minecraft.BundlerClassPathCapture
[15:35:13] [main/INFO]: Loading Minecraft 1.19.4 with Fabric Loader 0.16.14
[15:35:13] [main/INFO]: Fabric is preparing JARs on first launch, this may take a few seconds...
[15:35:13] [main/INFO]: Loading 43 mods:
	- fabric-api 0.87.2+1.19.4
	   |-- fabric-api-base 0.4.28+737a6ee8f4
	   |-- fabric-api-lookup-api-v1 1.6.29+504944c8f4
	   |-- fabric-biome-api-v1 13.0.10+6b242079f4
	   |-- fabric-block-api-v1 1.0.8+e022e5d1f4
	   |-- fabric-blockrenderlayer-v1 1.1.38+10ce000ff4
	   |-- fabric-client-tags-api-v1 1.1.1+0eee1254f4
	   |-- fabric-command-api-v1 1.2.31+f71b366ff4
	   |-- fabric-command-api-v2 2.2.10+10ce000ff4
	   |-- fabric-commands-v0 0.2.48+df3654b3f4
	   |-- fabric-containers-v0 0.1.59+df3654b3f4
	   |-- fabric-content-registries-v0 3.5.14+10ce000ff4
	   |-- fabric-convention-tags-v1 1.5.3+6d727b51f4
	   |-- fabric-crash-report-info-v1 0.2.17+aeb40ebef4
	   |-- fabric-data-generation-api-v1 11.5.2+26f09d40f4
	   |-- fabric-dimensions-v1 2.1.50+44c9c860f4
	   |-- fabric-entity-events-v1 1.5.17+10ce000ff4
	   |-- fabric-events-interaction-v0 0.6.1+4b6b93f0f4
	   |-- fabric-events-lifecycle-v0 0.2.56+df3654b3f4
	   |-- fabric-game-rule-api-v1 1.0.36+3f657af2f4
	   |-- fabric-item-api-v1 2.1.21+10ce000ff4
	   |-- fabric-item-group-api-v1 3.0.10+8400c67ef4
	   |-- fabric-key-binding-api-v1 1.0.35+504944c8f4
	   |-- fabric-keybindings-v0 0.2.33+df3654b3f4
	   |-- fabric-lifecycle-events-v1 2.2.19+10ce000ff4
	   |-- fabric-loot-api-v2 1.1.32+10ce000ff4
	   |-- fabric-loot-tables-v1 1.1.36+9e7660c6f4
	   |-- fabric-message-api-v1 5.1.5+53c11dadf4
	   |-- fabric-mining-level-api-v1 2.1.44+10ce000ff4
	   |-- fabric-model-loading-api-v1 1.0.2+3a1ea2f1f4
	   |-- fabric-models-v0 0.4.1+a0255436f4
	   |-- fabric-networking-api-v1 1.3.6+ae9c4c6af4
	   |-- fabric-networking-v0 0.3.46+df3654b3f4
	   |-- fabric-object-builder-api-v1 7.1.1+d63b52eaf4
	   |-- fabric-particles-v1 1.1.1+86d48884f4
	   |-- fabric-recipe-api-v1 1.0.13+10ce000ff4
	   |-- fabric-registry-sync-v0 2.3.2+95ae8716f4
	   |-- fabric-renderer-api-v1 2.4.2+90110d8df4
	   |-- fabric-renderer-indigo 1.4.2+90110d8df4
	   |-- fabric-renderer-registries-v1 3.2.42+df3654b3f4
	   |-- fabric-rendering-data-attachment-v1 0.3.32+10ce000ff4
	   |-- fabric-rendering-fluids-v1 3.0.25+10ce000ff4
	   |-- fabric-rendering-v0 1.1.45+df3654b3f4
	   |-- fabric-rendering-v1 2.1.5+10ce000ff4
	   |-- fabric-resource-conditions-api-v1 2.3.3+10ce000ff4
	   |-- fabric-resource-loader-v0 0.11.7+8400c67ef4
	   |-- fabric-screen-api-v1 1.0.49+10ce000ff4
	   |-- fabric-screen-handler-api-v1 1.3.25+10ce000ff4
	   |-- fabric-sound-api-v1 1.0.11+10ce000ff4
	   |-- fabric-transfer-api-v1 3.3.1+602c17c7f4
	   \-- fabric-transitive-access-wideners-v1 3.3.0+1b5f819af4
	- fabricloader 0.16.14
	   \-- mixinextras 0.4.1
	- java 17
	- minecraft 1.19.4
	- qizhangverdict 0.2.0-dev
[15:35:13] [main/INFO]: SpongePowered MIXIN Subsystem Version=0.8.7 Source=file:/E:/CodexTemp/QiZhangVerdict/legacy-runtime/fabric-1.19.4-guard-01/libraries/net/fabricmc/sponge-mixin/0.15.5+mixin.0.8.7/sponge-mixin-0.15.5+mixin.0.8.7.jar Service=Knot/Fabric Env=SERVER
[15:35:13] [main/INFO]: Compatibility level set to JAVA_16
[15:35:13] [main/INFO]: Compatibility level set to JAVA_17
[15:35:14] [main/INFO]: Initializing MixinExtras via com.llamalad7.mixinextras.service.MixinExtrasServiceImpl(version=0.4.1).
[15:35:24] [main/INFO]: External mod presence only: grimac=false, antixray=false; actual function must be tested separately
[15:35:25] [main/INFO]: Environment: authHost='https://authserver.mojang.com', accountsHost='https://api.mojang.com', sessionHost='https://sessionserver.mojang.com', servicesHost='https://api.minecraftservices.com', name='PROD'
[15:35:27] [main/INFO]: Loaded 7 recipes
[15:35:27] [main/INFO]: Loaded 1179 advancements
[15:35:28] [main/INFO]: Applied 0 biome modifications to 0 of 63 new biomes in 3.600 ms
[15:35:28] [Server thread/INFO]: QiZhangGuard started: QiZhangVerdict sessions=0, trackedIPs=0, accountPairs=0, rules=11, companion=required, vm=DENY, blacklist=DENY, rateBuckets=0, accountBans=0, deviceBans=0, deviceRequired=true. Reports are self-reported, not trusted attestation.
[15:35:28] [Server thread/INFO]: Starting minecraft server version 1.19.4
[15:35:28] [Server thread/INFO]: Loading properties
[15:35:28] [Server thread/INFO]: Default game type: SURVIVAL
[15:35:28] [Server thread/INFO]: Generating keypair
[15:35:28] [Server thread/INFO]: Starting Minecraft server on 127.0.0.1:25601
[15:35:28] [Server thread/INFO]: Using default channel type
[15:35:28] [Server thread/WARN]: **** SERVER IS RUNNING IN OFFLINE/INSECURE MODE!
[15:35:28] [Server thread/WARN]: The server will make no attempt to authenticate usernames. Beware.
[15:35:28] [Server thread/WARN]: While this makes the game possible to play without internet access, it also opens up the ability for hackers to connect with any username they choose.
[15:35:28] [Server thread/WARN]: To change this, set "online-mode" to "true" in the server.properties file.
[15:35:28] [Server thread/INFO]: Preparing level "world"
[15:35:30] [Server thread/INFO]: Preparing start region for dimension minecraft:overworld
[15:35:31] [Worker-Main-8/INFO]: Preparing spawn area: 0%
[15:35:31] [Worker-Main-8/INFO]: Preparing spawn area: 0%
[15:35:31] [Worker-Main-14/INFO]: Preparing spawn area: 0%
[15:35:32] [Worker-Main-6/INFO]: Preparing spawn area: 1%
[15:35:32] [Worker-Main-5/INFO]: Preparing spawn area: 4%
[15:35:33] [Worker-Main-7/INFO]: Preparing spawn area: 9%
[15:35:33] [Worker-Main-8/INFO]: Preparing spawn area: 14%
[15:35:36] [Worker-Main-9/INFO]: Preparing spawn area: 14%
[15:35:36] [Worker-Main-5/INFO]: Preparing spawn area: 14%
[15:35:36] [Worker-Main-4/INFO]: Preparing spawn area: 14%
[15:35:36] [Worker-Main-8/INFO]: Preparing spawn area: 14%
[15:35:36] [Worker-Main-9/INFO]: Preparing spawn area: 14%
[15:35:36] [Worker-Main-12/INFO]: Preparing spawn area: 62%
[15:35:37] [Worker-Main-15/INFO]: Preparing spawn area: 72%
[15:35:37] [Worker-Main-10/INFO]: Preparing spawn area: 81%
[15:35:39] [Worker-Main-12/INFO]: Preparing spawn area: 87%
[15:35:39] [Worker-Main-12/INFO]: Preparing spawn area: 87%
[15:35:39] [Worker-Main-12/INFO]: Preparing spawn area: 87%
[15:35:39] [Worker-Main-12/INFO]: Preparing spawn area: 87%
[15:35:40] [Worker-Main-2/INFO]: Preparing spawn area: 96%
[15:35:40] [Worker-Main-5/INFO]: Preparing spawn area: 97%
[15:35:40] [Server thread/INFO]: Time elapsed: 10177 ms
[15:35:40] [Server thread/INFO]: Done (11.876s)! For help, type "help"
[15:35:41] [Server thread/INFO]: QiZhangVerdict sessions=0, trackedIPs=0, accountPairs=0, rules=11, companion=required, vm=DENY, blacklist=DENY, rateBuckets=0, accountBans=0, deviceBans=0, deviceRequired=true
[15:35:44] [Server thread/INFO]: QiZhangVerdict sessions=0, trackedIPs=0, accountPairs=0, rules=11, companion=required, vm=ALERT, blacklist=DENY, rateBuckets=0, accountBans=0, deviceBans=0, deviceRequired=true
[15:35:46] [Server thread/INFO]: QVBot1[/127.0.0.1:9254] logged in with entity id 1 at (-9.5, -60.0, 0.5)
[15:35:46] [Server thread/INFO]: QVBot1 joined the game
[15:35:48] [Server thread/INFO]: QVBot1 lost connection: Disconnected
[15:35:48] [Server thread/INFO]: QVBot1 left the game
[15:35:48] [Server thread/WARN]: handleDisconnection() called twice
[15:35:48] [Server thread/INFO]: QiZhangVerdict sessions=0, trackedIPs=1, accountPairs=1, rules=11, companion=required, vm=ALERT, blacklist=DENY, rateBuckets=1, accountBans=0, deviceBans=0, deviceRequired=true
[15:35:50] [Server thread/INFO]: GateAccount[/127.0.0.1:9257] logged in with entity id 2 at (5.5, -60.0, -6.5)
[15:35:50] [Server thread/INFO]: GateAccount joined the game
[15:35:51] [Server thread/INFO]: Made GateAccount a server operator
[15:35:53] [Server thread/INFO]: [Not Secure] [GateAccount] QZ_POST_GATE
[15:35:54] [Server thread/INFO]: GateAccount lost connection: Disconnected
[15:35:54] [Server thread/INFO]: GateAccount left the game
[15:35:54] [Server thread/INFO]: Made GateAccount no longer a server operator
[15:35:56] [Server thread/INFO]: QiZhangVerdict sessions=0, trackedIPs=1, accountPairs=2, rules=11, companion=required, vm=ALERT, blacklist=DENY, rateBuckets=1, accountBans=0, deviceBans=0, deviceRequired=true
[15:35:57] [Server thread/INFO]: QVBot2[/127.0.0.1:4688] logged in with entity id 3 at (-8.5, -60.0, 2.5)
[15:35:57] [Server thread/INFO]: QVBot2 joined the game
[15:36:02] [Server thread/INFO]: QVBot2 lost connection: QiZhangGuard: required companion report timed out
[15:36:02] [Server thread/INFO]: QVBot2 left the game
[15:36:02] [Server thread/INFO]: BadWire[/127.0.0.1:4690] logged in with entity id 4 at (-1.5, -60.0, -5.5)
[15:36:02] [Server thread/INFO]: BadWire joined the game
[15:36:03] [Server thread/INFO]: BadWire lost connection: Malformed or oversized companion report
[15:36:03] [Server thread/INFO]: BadWire left the game
[15:36:04] [Server thread/INFO]: BadWire[/127.0.0.1:4691] logged in with entity id 5 at (-1.5, -60.0, -5.5)
[15:36:04] [Server thread/INFO]: BadWire joined the game
[15:36:05] [Server thread/INFO]: BadWire lost connection: Disconnected
[15:36:05] [Server thread/INFO]: BadWire left the game
[15:36:06] [Server thread/INFO]: QVBot3[/127.0.0.1:13107] logged in with entity id 6 at (1.5, -60.0, 6.5)
[15:36:06] [Server thread/INFO]: QVBot3 joined the game
[15:36:07] [Server thread/INFO]: QVBot4[/127.0.0.1:13108] logged in with entity id 7 at (-3.5, -60.0, -1.5)
[15:36:07] [Server thread/INFO]: QVBot4 joined the game
[15:36:07] [Server thread/INFO]: QVBot4 lost connection: Only the configured number of accounts may use the same IP and device concurrently
[15:36:07] [Server thread/INFO]: QVBot4 left the game
[15:36:08] [Server thread/INFO]: QVBot5[/127.0.0.1:13109] logged in with entity id 8 at (-4.5, -60.0, -7.5)
[15:36:08] [Server thread/INFO]: QVBot5 joined the game
[15:36:10] [Server thread/INFO]: QVBot6[/127.0.0.1:13110] logged in with entity id 9 at (-9.5, -60.0, -0.5)
[15:36:10] [Server thread/INFO]: QVBot6 joined the game
[15:36:11] [Server thread/INFO]: QVBot7[/127.0.0.1:13111] logged in with entity id 10 at (-5.5, -60.0, -3.5)
[15:36:11] [Server thread/INFO]: QVBot7 joined the game
[15:36:11] [Server thread/INFO]: QVBot7 lost connection: Too many simultaneous accounts from this IP
[15:36:11] [Server thread/INFO]: QVBot7 left the game
[15:36:12] [Server thread/INFO]: QVBot3 lost connection: Disconnected
[15:36:12] [Server thread/INFO]: QVBot3 left the game
[15:36:12] [Server thread/INFO]: QVBot5 lost connection: Disconnected
[15:36:12] [Server thread/INFO]: QVBot5 left the game
[15:36:12] [Server thread/INFO]: QVBot6 lost connection: Disconnected
[15:36:12] [Server thread/INFO]: QVBot6 left the game
[15:36:13] [Server thread/INFO]: QVBot8[/127.0.0.1:10534] logged in with entity id 11 at (8.5, -60.0, -8.5)
[15:36:13] [Server thread/INFO]: QVBot8 joined the game
[15:36:14] [Server thread/INFO]: QVBot8 lost connection: Disconnected
[15:36:14] [Server thread/INFO]: QVBot8 left the game
[15:36:15] [Server thread/INFO]: CheatAccount[/127.0.0.1:10537] logged in with entity id 12 at (9.5, -60.0, -6.5)
[15:36:15] [Server thread/INFO]: CheatAccount joined the game
[15:36:16] [Server thread/INFO]: CheatAccount lost connection: Reported mod matches an exact server blacklist rule
[15:36:16] [Server thread/INFO]: CheatAccount left the game
[15:36:16] [Server thread/INFO]: LinkedAccount[/127.0.0.1:10538] logged in with entity id 13 at (7.5, -60.0, -5.5)
[15:36:16] [Server thread/INFO]: LinkedAccount joined the game
[15:36:17] [Server thread/INFO]: LinkedAccount lost connection: This reported device identifier is banned
[15:36:17] [Server thread/INFO]: LinkedAccount left the game
[15:36:18] [Server thread/INFO]: CheatAccount[/127.0.0.1:10541] logged in with entity id 14 at (9.5, -60.0, -6.5)
[15:36:18] [Server thread/INFO]: CheatAccount joined the game
[15:36:18] [Server thread/INFO]: CheatAccount lost connection: This account is banned by the server
[15:36:18] [Server thread/INFO]: CheatAccount left the game
[15:36:18] [Server thread/WARN]: handleDisconnection() called twice
[15:36:19] [Server thread/INFO]: Unbanned: true
[15:36:20] [Server thread/INFO]: Unbanned: true
[15:36:22] [Server thread/INFO]: CheatAccount[/127.0.0.1:10543] logged in with entity id 15 at (9.5, -60.0, -6.5)
[15:36:22] [Server thread/INFO]: CheatAccount joined the game
[15:36:23] [Server thread/INFO]: CheatAccount lost connection: Disconnected
[15:36:23] [Server thread/INFO]: CheatAccount left the game
[15:36:23] [Server thread/INFO]: Added rule: e38093fc-07d2-4dcd-8616-49dd906f03b3
[15:36:25] [Server thread/INFO]: QVBot9[/127.0.0.1:10544] logged in with entity id 16 at (5.5, -60.0, -4.5)
[15:36:25] [Server thread/INFO]: QVBot9 joined the game
[15:36:26] [Server thread/INFO]: QVBot9 lost connection: Reported mod matches a server blacklist rule
[15:36:26] [Server thread/INFO]: QVBot9 left the game
[15:36:26] [Server thread/INFO]: Added rule: 19d3c577-eede-4207-a134-a00c4a57d8b1
[15:36:27] [Server thread/INFO]: QVBot10[/127.0.0.1:10546] logged in with entity id 17 at (9.5, -60.0, -9.5)
[15:36:27] [Server thread/INFO]: QVBot10 joined the game
[15:36:29] [Server thread/INFO]: QVBot10 lost connection: Disconnected
[15:36:29] [Server thread/INFO]: QVBot10 left the game
[15:36:29] [Server thread/INFO]: Removed: true
[15:36:31] [Server thread/INFO]: QVBot11[/127.0.0.1:10557] logged in with entity id 18 at (5.5, -60.0, 2.5)
[15:36:31] [Server thread/INFO]: QVBot11 joined the game
[15:36:31] [Server thread/INFO]: QVBot11 lost connection: Reported mod matches a server blacklist rule
[15:36:31] [Server thread/INFO]: QVBot11 left the game
[15:36:32] [Server thread/INFO]: Removed: true
[15:36:33] [Server thread/INFO]: QVBot12[/127.0.0.1:10561] logged in with entity id 19 at (0.5, -60.0, 10.5)
[15:36:33] [Server thread/INFO]: QVBot12 joined the game
[15:36:34] [Server thread/INFO]: QVBot12 lost connection: Disconnected
[15:36:34] [Server thread/INFO]: QVBot12 left the game
[15:36:35] [Server thread/INFO]: Added rule: b9e87913-c9ca-4149-b6f4-8edfad99e6e2
[15:36:36] [Server thread/INFO]: QVBot13[/127.0.0.1:10567] logged in with entity id 20 at (0.5, -60.0, 6.5)
[15:36:36] [Server thread/INFO]: QVBot13 joined the game
[15:36:37] [Server thread/INFO]: QVBot13 lost connection: Reported mod matches a server blacklist rule
[15:36:37] [Server thread/INFO]: QVBot13 left the game
[15:36:38] [Server thread/INFO]: QiZhangVerdict sessions=0, trackedIPs=1, accountPairs=16, rules=12, companion=required, vm=ALERT, blacklist=DENY, rateBuckets=1, accountBans=4, deviceBans=3, deviceRequired=true
[15:36:39] [Server thread/INFO]: QVBot14[/127.0.0.1:10568] logged in with entity id 21 at (-0.5, -60.0, 0.5)
[15:36:39] [Server thread/INFO]: QVBot14 joined the game
[15:36:39] [Server thread/INFO]: QVBot14 lost connection: This IP is denied by server policy
[15:36:39] [Server thread/INFO]: QVBot14 left the game
[15:36:39] [Server thread/WARN]: handleDisconnection() called twice
[15:36:40] [Server thread/INFO]: QiZhangVerdict sessions=0, trackedIPs=1, accountPairs=16, rules=12, companion=required, vm=DENY, blacklist=DENY, rateBuckets=1, accountBans=4, deviceBans=3, deviceRequired=true
[15:36:42] [Server thread/INFO]: QVBot15[/127.0.0.1:10581] logged in with entity id 22 at (-1.5, -60.0, -6.5)
[15:36:42] [Server thread/INFO]: QVBot15 joined the game
[15:36:42] [Server thread/INFO]: QVBot15 lost connection: Companion reported a virtual machine indicator
[15:36:42] [Server thread/INFO]: QVBot15 left the game
[15:36:43] [Server thread/INFO]: QVBot16[/127.0.0.1:10592] logged in with entity id 23 at (-9.5, -60.0, 8.5)
[15:36:43] [Server thread/INFO]: QVBot16 joined the game
[15:36:43] [Server thread/INFO]: Report decision player=edc8f3dc-ba2e-3999-9748-0637a3718bb0 code=VM_UNKNOWN message=VM status is unknown or has only inconclusive indicators
[15:36:44] [Server thread/INFO]: QVBot16 lost connection: Disconnected
[15:36:44] [Server thread/INFO]: QVBot16 left the game
[15:36:45] [Server thread/INFO]: QiZhangVerdict sessions=0, trackedIPs=1, accountPairs=18, rules=12, companion=required, vm=ALERT, blacklist=DENY, rateBuckets=1, accountBans=5, deviceBans=4, deviceRequired=true
[15:36:46] [Server thread/INFO]: QVBot17[/127.0.0.1:2548] logged in with entity id 24 at (-1.5, -60.0, 7.5)
[15:36:46] [Server thread/INFO]: QVBot17 joined the game
[15:36:48] [Server thread/INFO]: QVBot18[/127.0.0.1:2549] logged in with entity id 25 at (3.5, -60.0, 9.5)
[15:36:48] [Server thread/INFO]: QVBot18 joined the game
[15:36:49] [Server thread/INFO]: QVBot19[/127.0.0.1:13331] logged in with entity id 26 at (6.5, -60.0, 2.5)
[15:36:49] [Server thread/INFO]: QVBot19 joined the game
[15:36:49] [Server thread/INFO]: QVBot19 lost connection: Too many simultaneous accounts from this IP
[15:36:49] [Server thread/INFO]: QVBot19 left the game
[15:36:49] [Server thread/WARN]: handleDisconnection() called twice
[15:36:50] [Server thread/INFO]: QVBot17 lost connection: Disconnected
[15:36:50] [Server thread/INFO]: QVBot17 left the game
[15:36:50] [Server thread/INFO]: QVBot18 lost connection: Disconnected
[15:36:50] [Server thread/INFO]: QVBot18 left the game
[15:36:51] [Server thread/INFO]: Page 1/1
06205eb0-363d-35e3-8c60-8c1ef8b83c9c	BLACKLIST_DENIED
15519aaa-3950-3430-bc9c-c0c7c47a9cf3	BLACKLIST_DENIED
87b706ea-8c04-3118-b4cc-2d720ee925df	VM_DENIED
b791d91a-dbdc-3a65-a036-fc39d6993ac9	DEVICE_BANNED
d8c92e3a-17df-39d2-a36d-e08c0d1aab2e	BLACKLIST_DENIED
device:0723e1710c0a08646895f23b3eaf0153e6fb1d316ec121abe3e842cbff565460	VM_DENIED
device:746caab8fda1c4e339d0724f9fb70b2d52b533cbfce2a0a2b98a039648cbf174	BLACKLIST_DENIED
device:d6578071b2c3a3ef93925882a0215c31812b6db116703c2082e07adec5a2499e	BLACKLIST_DENIED
device:fb7f23f1518fc50a1bfa07fc581a2f340c89a3596042f418617b9dd66614e239	BLACKLIST_DENIED
[15:36:52] [Server thread/INFO]: Page 1/2
legacy:automation:baritone	BLACK	MOD	EXACT	baritone	ALERT
legacy:mod:advanced-xray-fabric	BLACK	MOD	EXACT	advanced-xray-fabric	DENY
legacy:mod:bleachhack	BLACK	MOD	EXACT	bleachhack	DENY
legacy:mod:earthhack	BLACK	MOD	EXACT	earthhack	DENY
legacy:mod:kamiblue	BLACK	MOD	EXACT	kamiblue	DENY
legacy:mod:liquidbounce	BLACK	MOD	EXACT	liquidbounce	DENY
legacy:mod:salhack	BLACK	MOD	EXACT	salhack	DENY
legacy:mod:thunderhack	BLACK	MOD	EXACT	thunderhack	DENY
legacy:mod:wurst	BLACK	MOD	EXACT	wurst	DENY
legacy:mod:xray	BLACK	MOD	EXACT	xray	DENY
[15:36:54] [Server thread/INFO]: Stopping the server
[15:36:54] [Server thread/INFO]: Stopping server
[15:36:54] [Server thread/INFO]: Saving players
[15:36:54] [Server thread/INFO]: Saving worlds
[15:36:55] [Server thread/INFO]: Saving chunks for level 'ServerLevel[world]'/minecraft:overworld
[15:36:55] [Server thread/INFO]: Saving chunks for level 'ServerLevel[world]'/minecraft:the_nether
[15:36:55] [Server thread/INFO]: Saving chunks for level 'ServerLevel[world]'/minecraft:the_end
[15:36:55] [Server thread/INFO]: ThreadedAnvilChunkStorage (world): All chunks are saved
[15:36:55] [Server thread/INFO]: ThreadedAnvilChunkStorage (DIM-1): All chunks are saved
[15:36:55] [Server thread/INFO]: ThreadedAnvilChunkStorage (DIM1): All chunks are saved
[15:36:55] [Server thread/INFO]: ThreadedAnvilChunkStorage: All dimensions are saved
