Downloading vanilla jar...
Patching vanilla jar...
System Info: Java 1.8 (OpenJDK 64-Bit Server VM 25.504-b01) Host: Windows 11 10.0 (amd64)
Loading libraries, please wait...
2026-09-25 15:05:54,496 main WARN Advanced terminal features are not available in this environment
[15:05:58 ERROR]: No key layers in MapLike[{}]; No key structures in MapLike[{}]
[15:05:58 INFO]: Environment: authHost='https://authserver.mojang.com', accountsHost='https://api.mojang.com', sessionHost='https://sessionserver.mojang.com', servicesHost='https://api.minecraftservices.com', name='PROD'
[15:05:58 INFO]: Found new data pack file/bukkit, loading it automatically
[15:05:58 INFO]: Reloading ResourceManager: Default, bukkit
[15:05:59 INFO]: Loaded 7 recipes
[15:06:00 INFO]: Starting minecraft server version 1.16.5
[15:06:00 INFO]: Loading properties
[15:06:00 INFO]: This server is running Paper version git-Paper-794 (MC: 1.16.5) (Implementing API version 1.16.5-R0.1-SNAPSHOT)
[15:06:00 INFO]: Debug logging is disabled
[15:06:00 INFO]: Server Ping Player Sample Count: 12
[15:06:00 INFO]: Using 4 threads for Netty based IO
[15:06:00 INFO]: Default game type: SURVIVAL
[15:06:00 INFO]: Generating keypair
[15:06:00 INFO]: Starting Minecraft server on 127.0.0.1:25602
[15:06:00 INFO]: Using default channel type
[15:06:03 WARN]: Initializing Legacy Material Support. Unless you have legacy plugins and/or data this is a bug!
[15:06:06 WARN]: Legacy plugin QiZhangVerdict v0.1.0 does not specify an api-version.
[15:06:06 INFO]: [QiZhangVerdict] Loading QiZhangVerdict v0.1.0
[15:06:06 WARN]: **** SERVER IS RUNNING IN OFFLINE/INSECURE MODE!
[15:06:06 WARN]: The server will make no attempt to authenticate usernames. Beware.
[15:06:06 WARN]: While this makes the game possible to play without internet access, it also opens up the ability for hackers to connect with any username they choose.
[15:06:06 WARN]: To change this, set "online-mode" to "true" in the server.properties file.
[15:06:06 INFO]: Preparing level "world"
[15:06:07 WARN]: Unable to find spawn biome
[15:06:08 WARN]: Unable to find spawn biome
[15:06:08 INFO]: Preparing start region for dimension minecraft:overworld
[15:06:08 INFO]: Preparing spawn area: 2%
[15:06:08 INFO]: Time elapsed: 103 ms
[15:06:08 INFO]: Preparing start region for dimension minecraft:the_nether
[15:06:08 INFO]: Time elapsed: 17 ms
[15:06:08 INFO]: Preparing start region for dimension minecraft:the_end
[15:06:08 INFO]: Time elapsed: 16 ms
[15:06:08 INFO]: [QiZhangVerdict] Enabling QiZhangVerdict v0.1.0*
[15:06:08 WARN]: [QiZhangVerdict] Offline mode: UUID/account ownership needs external authentication; IP limits are not proof of identity. Secure proxy forwarding and firewall the backend.
[15:06:08 INFO]: [QiZhangVerdict] QiZhangVerdict sessions=0, trackedIPs=0, accountPairs=0, rules=11, companion=required, vm=DENY, blacklist=DENY, rateBuckets=0, accountBans=0, deviceBans=0, deviceRequired=true
[15:06:08 INFO]: [QiZhangVerdict] Integrations: GrimAC=MISSING; movement/combat prediction unavailable; Orebfuscator=absent; Paper Anti-Xray=available; enable and verify per-world config. These engines are installed separately.
[15:06:08 INFO]: Running delayed init tasks
[15:06:08 INFO]: Done (8.337s)! For help, type "help"
[15:06:08 WARN]: [io.papermc.paper.util.PaperJvmChecker] ************************************************************
[15:06:08 WARN]: [io.papermc.paper.util.PaperJvmChecker] * WARNING - YOU ARE RUNNING AN OUTDATED VERSION OF JAVA.
[15:06:08 WARN]: [io.papermc.paper.util.PaperJvmChecker] * PAPER WILL STOP BEING COMPATIBLE WITH THIS VERSION OF
[15:06:08 WARN]: [io.papermc.paper.util.PaperJvmChecker] * JAVA WHEN MINECRAFT 1.17 IS RELEASED.
[15:06:08 WARN]: [io.papermc.paper.util.PaperJvmChecker] *
[15:06:08 WARN]: [io.papermc.paper.util.PaperJvmChecker] * Please update the version of Java you use to run Paper
[15:06:08 WARN]: [io.papermc.paper.util.PaperJvmChecker] * to at least Java 16. When Paper for Minecraft 1.17 is
[15:06:08 WARN]: [io.papermc.paper.util.PaperJvmChecker] * released support for versions of Java before 16 will
[15:06:08 WARN]: [io.papermc.paper.util.PaperJvmChecker] * be dropped.
[15:06:08 WARN]: [io.papermc.paper.util.PaperJvmChecker] *
[15:06:08 WARN]: [io.papermc.paper.util.PaperJvmChecker] * Current Java version: 1.8.0_504
[15:06:08 WARN]: [io.papermc.paper.util.PaperJvmChecker] *
[15:06:08 WARN]: [io.papermc.paper.util.PaperJvmChecker] * Check this forum post for more information: 
[15:06:08 WARN]: [io.papermc.paper.util.PaperJvmChecker] *   https://papermc.io/java16
[15:06:08 WARN]: [io.papermc.paper.util.PaperJvmChecker] ************************************************************
[15:06:08 INFO]: Timings Reset
[15:06:08 INFO]: QiZhangVerdict sessions=0, trackedIPs=0, accountPairs=0, rules=11, companion=required, vm=DENY, blacklist=DENY, rateBuckets=0, accountBans=0, deviceBans=0, deviceRequired=true
[15:06:10 INFO]: UUID of player QVLegacyA is c41f345d-a4d2-3c8c-ac30-bdaac1fbf6cb
[15:06:10 INFO]: QVLegacyA joined the game
[15:06:10 INFO]: QVLegacyA[/127.0.0.1:10077] logged in with entity id 27 at ([world]-24.5, 4.0, -76.5)
[15:06:11 INFO]: UUID of player QVLegacyB is 3b0f90bf-492c-396c-bc09-e8884fa3536f
[15:06:11 INFO]: QVLegacyB joined the game
[15:06:11 INFO]: QVLegacyB[/127.0.0.1:10080] logged in with entity id 28 at ([world]-19.5, 4.0, -84.5)
[15:06:11 INFO]: QVLegacyB lost connection: [QiZhangVerdict] Only the configured number of accounts may use the same IP and device concurrently
[15:06:11 INFO]: QVLegacyB left the game
[15:06:12 INFO]: UUID of player QVLegacyB is 3b0f90bf-492c-396c-bc09-e8884fa3536f
[15:06:12 INFO]: QVLegacyB joined the game
[15:06:12 INFO]: QVLegacyB[/127.0.0.1:10083] logged in with entity id 29 at ([world]-19.5, 4.0, -84.5)
[15:06:13 INFO]: UUID of player QVLegacyC is 61569500-3bbe-3ec7-9a35-d11a9b6d8a5d
[15:06:14 INFO]: QVLegacyC joined the game
[15:06:14 INFO]: QVLegacyC[/127.0.0.1:13082] logged in with entity id 30 at ([world]-18.5, 4.0, -74.5)
[15:06:15 INFO]: UUID of player QVLegacyD is baf10ef6-c862-32b8-a9b4-c0a016c0fe86
[15:06:15 INFO]: Disconnecting com.mojang.authlib.GameProfile@61b51f3b[id=baf10ef6-c862-32b8-a9b4-c0a016c0fe86,name=QVLegacyD,properties={},legacy=false] (/127.0.0.1:13085): Too many simultaneous accounts from this IP
[15:06:15 INFO]: com.mojang.authlib.GameProfile@61b51f3b[id=baf10ef6-c862-32b8-a9b4-c0a016c0fe86,name=QVLegacyD,properties={},legacy=false] (/127.0.0.1:13085) lost connection: Too many simultaneous accounts from this IP
[15:06:16 INFO]: QVLegacyA lost connection: Disconnected
[15:06:16 INFO]: QVLegacyA left the game
[15:06:16 INFO]: UUID of player QVLegacyD is baf10ef6-c862-32b8-a9b4-c0a016c0fe86
[15:06:16 INFO]: QVLegacyD joined the game
[15:06:16 INFO]: QVLegacyD[/127.0.0.1:13088] logged in with entity id 32 at ([world]-14.5, 4.0, -88.5)
[15:06:17 INFO]: QVLegacyB lost connection: Disconnected
[15:06:17 INFO]: QVLegacyB left the game
[15:06:17 INFO]: QVLegacyC lost connection: Disconnected
[15:06:17 INFO]: QVLegacyC left the game
[15:06:17 INFO]: QVLegacyD lost connection: Disconnected
[15:06:17 INFO]: QVLegacyD left the game
[15:06:18 INFO]: UUID of player QVLegacyA is c41f345d-a4d2-3c8c-ac30-bdaac1fbf6cb
[15:06:18 INFO]: QVLegacyA joined the game
[15:06:18 INFO]: QVLegacyA[/127.0.0.1:13091] logged in with entity id 33 at ([world]-24.5, 4.0, -76.5)
[15:06:18 INFO]: QVLegacyA lost connection: [QiZhangVerdict] This server requires a scoped device identifier
[15:06:18 INFO]: QVLegacyA left the game
[15:06:19 INFO]: UUID of player QVLegacyA is c41f345d-a4d2-3c8c-ac30-bdaac1fbf6cb
[15:06:19 INFO]: QVLegacyA joined the game
[15:06:19 INFO]: QVLegacyA[/127.0.0.1:13094] logged in with entity id 34 at ([world]-24.5, 4.0, -76.5)
[15:06:19 INFO]: QVLegacyA lost connection: [QiZhangVerdict] Malformed or oversized companion report
[15:06:19 INFO]: QVLegacyA left the game
[15:06:20 INFO]: UUID of player QVLegacyA is c41f345d-a4d2-3c8c-ac30-bdaac1fbf6cb
[15:06:20 INFO]: QVLegacyA joined the game
[15:06:20 INFO]: QVLegacyA[/127.0.0.1:13097] logged in with entity id 35 at ([world]-24.5, 4.0, -76.5)
[15:06:21 INFO]: QVLegacyA lost connection: Disconnected
[15:06:21 INFO]: QVLegacyA left the game
[15:06:22 INFO]: UUID of player QVLegacyA is c41f345d-a4d2-3c8c-ac30-bdaac1fbf6cb
[15:06:22 INFO]: QVLegacyA joined the game
[15:06:22 INFO]: QVLegacyA[/127.0.0.1:13104] logged in with entity id 36 at ([world]-24.5, 4.0, -76.5)
[15:06:42 INFO]: QVLegacyA lost connection: [QiZhangVerdict] Required companion report timed out.
[15:06:42 INFO]: QVLegacyA left the game
[15:06:42 INFO]: UUID of player QVLegacyA is c41f345d-a4d2-3c8c-ac30-bdaac1fbf6cb
[15:06:42 INFO]: QVLegacyA joined the game
[15:06:42 INFO]: QVLegacyA[/127.0.0.1:13130] logged in with entity id 37 at ([world]-24.5, 4.0, -76.5)
[15:06:43 INFO]: QVLegacyA lost connection: Disconnected
[15:06:43 INFO]: QVLegacyA left the game
[15:06:44 INFO]: QiZhangVerdict sessions=0, trackedIPs=1, accountPairs=4, rules=11, companion=required, vm=DENY, blacklist=DENY, rateBuckets=1, accountBans=0, deviceBans=0, deviceRequired=true
[15:06:45 INFO]: Stopping the server
[15:06:45 INFO]: Stopping server
[15:06:45 INFO]: [QiZhangVerdict] Disabling QiZhangVerdict v0.1.0
[15:06:45 INFO]: Saving players
[15:06:45 INFO]: Saving worlds
[15:06:45 INFO]: Saving chunks for level 'ServerLevel[world]'/minecraft:overworld
[15:06:45 INFO]: ThreadedAnvilChunkStorage (world): All chunks are saved
[15:06:45 INFO]: Saving chunks for level 'ServerLevel[world_nether]'/minecraft:the_nether
[15:06:45 INFO]: ThreadedAnvilChunkStorage (DIM-1): All chunks are saved
[15:06:45 INFO]: Saving chunks for level 'ServerLevel[world_the_end]'/minecraft:the_end
[15:06:45 INFO]: ThreadedAnvilChunkStorage (DIM1): All chunks are saved
[15:06:46 INFO]: ThreadedAnvilChunkStorage (world): All chunks are saved
[15:06:46 INFO]: ThreadedAnvilChunkStorage (DIM-1): All chunks are saved
[15:06:46 INFO]: ThreadedAnvilChunkStorage (DIM1): All chunks are saved
[15:06:46 INFO]: Flushing Chunk IO
[15:06:46 INFO]: Closing Thread Pool
[15:06:46 INFO]: Closing Server
