Picked up JAVA_TOOL_OPTIONS: -Djavax.net.ssl.trustStoreType=Windows-ROOT -Djavax.net.ssl.trustStore=NONE -Dqzguard.testDir=E:/CodexTemp/QiZhangVerdict/licensing/core-tests
To honour the JVM settings for this build a single-use Daemon process will be forked. For more on this, please refer to https://docs.gradle.org/8.14.1/userguide/gradle_daemon.html#sec:disabling_the_daemon in the Gradle documentation.
Daemon will be stopped at the end of the build 

> Configure project :
Architect Plugin: 3.4.164
Architectury Loom: 1.11.456
This version of Architectury Loom is in beta! Please report any issues you encounter: https://github.com/architectury/architectury-loom/issues

> Task :fabric:compileJava FROM-CACHE
> Task :fabric:processResources
> Task :fabric:classes
> Task :fabric:jar
> Task :fabric:compileTestJava FROM-CACHE
> Task :fabric:processIncludeJars
> Task :fabric:remapJar
> Task :fabric:sourcesJar
> Task :fabric:remapSourcesJar
> Task :fabric:assemble
> Task :fabric:processTestResources NO-SOURCE
> Task :fabric:testClasses UP-TO-DATE
> Task :fabric:test
> Task :fabric:validateAccessWidener NO-SOURCE
> Task :fabric:check
> Task :fabric:build
> Task :neoforge:compileJava FROM-CACHE
> Task :neoforge:processResources
> Task :neoforge:classes
> Task :neoforge:jar
> Task :neoforge:processIncludeJars
> Task :neoforge:remapJar
> Task :neoforge:sourcesJar
> Task :neoforge:remapSourcesJar
> Task :neoforge:assemble
> Task :neoforge:compileTestJava FROM-CACHE
> Task :neoforge:processTestResources NO-SOURCE
> Task :neoforge:testClasses UP-TO-DATE
> Task :neoforge:test
> Task :neoforge:validateAccessWidener NO-SOURCE
> Task :neoforge:check
> Task :neoforge:build

> Task :fabric:commandParserSmoke
Picked up JAVA_TOOL_OPTIONS: -Djavax.net.ssl.trustStoreType=Windows-ROOT -Djavax.net.ssl.trustStore=NONE -Dqzguard.testDir=E:/CodexTemp/QiZhangVerdict/licensing/core-tests
PASS: production command tree accepts unquoted device digests and legacy rule IDs, glob spaces and ban reasons; rejects non-admin access and invalid pages

[Incubating] Problems report is available at: file:///E:/Codex_work/QiZhangVerdict/platforms/1.21.1/build/reports/problems/problems-report.html

Deprecated Gradle features were used in this build, making it incompatible with Gradle 9.0.

You can use '--warning-mode all' to show the individual deprecation warnings and determine if they come from your own scripts or plugins.

For more on this, please refer to https://docs.gradle.org/8.14.1/userguide/command_line_interface.html#sec:command_line_warnings in the Gradle documentation.

BUILD SUCCESSFUL in 29s
19 actionable tasks: 15 executed, 4 from cache
