Downloading vanilla jar...
Patching vanilla jar...
Loading libraries, please wait...
[15:24:17 INFO]: Starting minecraft server version 1.8.8
[15:24:17 INFO]: Loading properties
[15:24:17 INFO]: Default game type: SURVIVAL
[15:24:18 INFO]: This server is running CraftBukkit version git-PaperSpigot-445 (MC: 1.8.8) (Implementing API version 1.8.8-R0.1-SNAPSHOT)
[15:24:18 INFO]: Unable to find file banned-players.json, creating it.
[15:24:18 INFO]: Unable to find file banned-ips.json, creating it.
[15:24:18 INFO]: Unable to find file ops.json, creating it.
[15:24:18 INFO]: Unable to find file whitelist.json, creating it.
[15:24:18 INFO]: Using 4 threads for Netty based IO
[15:24:18 INFO]: Server Ping Player Sample Count: 12
[15:24:18 INFO]: Spigot Timings: true - Verbose: true - Interval: 5m - Length: 60m
[15:24:18 INFO]: Debug logging is disabled
[15:24:18 INFO]: Data value allowed items: 
[15:24:18 INFO]: Generating keypair
[15:24:18 INFO]: Starting Minecraft server on 127.0.0.1:25600
[15:24:18 INFO]: Using default channel type
[15:24:18 INFO]: Set PluginClassLoader as parallel capable
[15:24:18 INFO]: [QiZhangVerdict] Loading QiZhangVerdict v0.1.1
[15:24:18 WARN]: **** SERVER IS RUNNING IN OFFLINE/INSECURE MODE!
[15:24:18 WARN]: The server will make no attempt to authenticate usernames. Beware.
[15:24:18 WARN]: While this makes the game possible to play without internet access, it also opens up the ability for hackers to connect with any username they choose.
[15:24:18 WARN]: To change this, set "online-mode" to "true" in the server.properties file.
[15:24:18 INFO]: **** Beginning UUID conversion, this may take A LONG time ****
[15:24:18 INFO]: Preparing level "world"
[15:24:18 INFO]: -------- World Settings For [world] --------
[15:24:18 INFO]: View Distance: 2
[15:24:18 INFO]: Item Merge Radius: 2.5
[15:24:18 INFO]: Item Despawn Rate: 6000
[15:24:18 INFO]: Arrow Despawn Rate: 1200
[15:24:18 INFO]: Allow Zombie Pigmen to spawn from portal blocks: true
[15:24:18 INFO]: Zombie Aggressive Towards Villager: true
[15:24:18 INFO]: Chunks to Grow per Tick: 650
[15:24:18 INFO]: Clear tick list: false
[15:24:18 INFO]: Experience Merge Radius: 3.0
[15:24:18 INFO]: Nerfing mobs spawned from spawners: false
[15:24:18 INFO]: Anti X-Ray: true
[15:24:18 INFO]: 	Engine Mode: 1
[15:24:18 INFO]: 	Hidden Blocks: [14, 15, 16, 21, 48, 49, 54, 56, 73, 74, 82, 129, 130]
[15:24:18 INFO]: 	Replace Blocks: [1, 5]
[15:24:18 INFO]: Entity Activation Range: An 32 / Mo 32 / Mi 16
[15:24:18 INFO]: Cactus Growth Modifier: 100%
[15:24:18 INFO]: Cane Growth Modifier: 100%
[15:24:18 INFO]: Melon Growth Modifier: 100%
[15:24:18 INFO]: Mushroom Growth Modifier: 100%
[15:24:18 INFO]: Pumpkin Growth Modifier: 100%
[15:24:18 INFO]: Sapling Growth Modifier: 100%
[15:24:18 INFO]: Wheat Growth Modifier: 100%
[15:24:18 INFO]: NetherWart Growth Modifier: 100%
[15:24:18 INFO]: Mob Spawn Range: 4
[15:24:18 INFO]: Entity Tracking Range: Pl 48 / An 48 / Mo 48 / Mi 32 / Other 64
[15:24:18 INFO]: Max TNT Explosions: 100
[15:24:18 INFO]: Structure Info Saving: true
[15:24:18 INFO]: Tile Max Tick Time: 50ms Entity max Tick Time: 50ms
[15:24:18 INFO]: Random Lighting Updates: false
[15:24:18 INFO]: Hopper Transfer: 8 Hopper Check: 8 Hopper Amount: 1
[15:24:18 INFO]: Sending up to 10 chunks per packet
[15:24:18 INFO]: Max Entity Collisions: 8
[15:24:18 INFO]: Custom Map Seeds:  Village: 10387312 Feature: 14357617
[15:24:18 INFO]: -------- World Settings For [world] --------
[15:24:18 INFO]: Fix TNT cannons: false
[15:24:18 INFO]: Water over lava flow speed: 5
[15:24:18 INFO]: Allow undead horse types to be leashed: false
[15:24:18 INFO]: Keep spawn chunk loaded: true
[15:24:18 INFO]: World async lighting: false
[15:24:18 INFO]: WorldServer TickNextTick cap set at 10000
[15:24:18 INFO]: WorldServer TickNextTickList cap always processes redstone: false
[15:24:18 INFO]: Player blocking damage multiplier set to 0.5
[15:24:18 INFO]: Remove invalid mob spawner tile entities: true
[15:24:18 INFO]: Max height for cactus growth 3. Max height for reed growth 3
[15:24:18 INFO]: Squids will spawn between Y: 45.0 and Y: 63.0
[15:24:18 INFO]: Living Entity Despawn Ranges:  Soft: 32 Hard: 128
[15:24:19 INFO]: -------- World Settings For [world_nether] --------
[15:24:19 INFO]: View Distance: 2
[15:24:19 INFO]: Item Merge Radius: 2.5
[15:24:19 INFO]: Item Despawn Rate: 6000
[15:24:19 INFO]: Arrow Despawn Rate: 1200
[15:24:19 INFO]: Allow Zombie Pigmen to spawn from portal blocks: true
[15:24:19 INFO]: Zombie Aggressive Towards Villager: true
[15:24:19 INFO]: Chunks to Grow per Tick: 650
[15:24:19 INFO]: Clear tick list: false
[15:24:19 INFO]: Experience Merge Radius: 3.0
[15:24:19 INFO]: Nerfing mobs spawned from spawners: false
[15:24:19 INFO]: Anti X-Ray: true
[15:24:19 INFO]: 	Engine Mode: 1
[15:24:19 INFO]: 	Hidden Blocks: [14, 15, 16, 21, 48, 49, 54, 56, 73, 74, 82, 129, 130]
[15:24:19 INFO]: 	Replace Blocks: [1, 5]
[15:24:19 INFO]: Entity Activation Range: An 32 / Mo 32 / Mi 16
[15:24:19 INFO]: Cactus Growth Modifier: 100%
[15:24:19 INFO]: Cane Growth Modifier: 100%
[15:24:19 INFO]: Melon Growth Modifier: 100%
[15:24:19 INFO]: Mushroom Growth Modifier: 100%
[15:24:19 INFO]: Pumpkin Growth Modifier: 100%
[15:24:19 INFO]: Sapling Growth Modifier: 100%
[15:24:19 INFO]: Wheat Growth Modifier: 100%
[15:24:19 INFO]: NetherWart Growth Modifier: 100%
[15:24:19 INFO]: Mob Spawn Range: 4
[15:24:19 INFO]: Entity Tracking Range: Pl 48 / An 48 / Mo 48 / Mi 32 / Other 64
[15:24:19 INFO]: Max TNT Explosions: 100
[15:24:19 INFO]: Structure Info Saving: true
[15:24:19 INFO]: Tile Max Tick Time: 50ms Entity max Tick Time: 50ms
[15:24:19 INFO]: Random Lighting Updates: false
[15:24:19 INFO]: Hopper Transfer: 8 Hopper Check: 8 Hopper Amount: 1
[15:24:19 INFO]: Sending up to 10 chunks per packet
[15:24:19 INFO]: Max Entity Collisions: 8
[15:24:19 INFO]: Custom Map Seeds:  Village: 10387312 Feature: 14357617
[15:24:19 INFO]: -------- World Settings For [world_nether] --------
[15:24:19 INFO]: Fix TNT cannons: false
[15:24:19 INFO]: Water over lava flow speed: 5
[15:24:19 INFO]: Allow undead horse types to be leashed: false
[15:24:19 INFO]: Keep spawn chunk loaded: true
[15:24:19 INFO]: World async lighting: false
[15:24:19 INFO]: WorldServer TickNextTick cap set at 10000
[15:24:19 INFO]: WorldServer TickNextTickList cap always processes redstone: false
[15:24:19 INFO]: Player blocking damage multiplier set to 0.5
[15:24:19 INFO]: Remove invalid mob spawner tile entities: true
[15:24:19 INFO]: Max height for cactus growth 3. Max height for reed growth 3
[15:24:19 INFO]: Squids will spawn between Y: 45.0 and Y: 63.0
[15:24:19 INFO]: Living Entity Despawn Ranges:  Soft: 32 Hard: 128
[15:24:19 INFO]: -------- World Settings For [world_the_end] --------
[15:24:19 INFO]: View Distance: 2
[15:24:19 INFO]: Item Merge Radius: 2.5
[15:24:19 INFO]: Item Despawn Rate: 6000
[15:24:19 INFO]: Arrow Despawn Rate: 1200
[15:24:19 INFO]: Allow Zombie Pigmen to spawn from portal blocks: true
[15:24:19 INFO]: Zombie Aggressive Towards Villager: true
[15:24:19 INFO]: Chunks to Grow per Tick: 650
[15:24:19 INFO]: Clear tick list: false
[15:24:19 INFO]: Experience Merge Radius: 3.0
[15:24:19 INFO]: Nerfing mobs spawned from spawners: false
[15:24:19 INFO]: Anti X-Ray: true
[15:24:19 INFO]: 	Engine Mode: 1
[15:24:19 INFO]: 	Hidden Blocks: [14, 15, 16, 21, 48, 49, 54, 56, 73, 74, 82, 129, 130]
[15:24:19 INFO]: 	Replace Blocks: [1, 5]
[15:24:19 INFO]: Entity Activation Range: An 32 / Mo 32 / Mi 16
[15:24:19 INFO]: Cactus Growth Modifier: 100%
[15:24:19 INFO]: Cane Growth Modifier: 100%
[15:24:19 INFO]: Melon Growth Modifier: 100%
[15:24:19 INFO]: Mushroom Growth Modifier: 100%
[15:24:19 INFO]: Pumpkin Growth Modifier: 100%
[15:24:19 INFO]: Sapling Growth Modifier: 100%
[15:24:19 INFO]: Wheat Growth Modifier: 100%
[15:24:19 INFO]: NetherWart Growth Modifier: 100%
[15:24:19 INFO]: Mob Spawn Range: 4
[15:24:19 INFO]: Entity Tracking Range: Pl 48 / An 48 / Mo 48 / Mi 32 / Other 64
[15:24:19 INFO]: Max TNT Explosions: 100
[15:24:19 INFO]: Structure Info Saving: true
[15:24:19 INFO]: Tile Max Tick Time: 50ms Entity max Tick Time: 50ms
[15:24:19 INFO]: Random Lighting Updates: false
[15:24:19 INFO]: Hopper Transfer: 8 Hopper Check: 8 Hopper Amount: 1
[15:24:19 INFO]: Sending up to 10 chunks per packet
[15:24:19 INFO]: Max Entity Collisions: 8
[15:24:19 INFO]: Custom Map Seeds:  Village: 10387312 Feature: 14357617
[15:24:19 INFO]: -------- World Settings For [world_the_end] --------
[15:24:19 INFO]: Fix TNT cannons: false
[15:24:19 INFO]: Water over lava flow speed: 5
[15:24:19 INFO]: Allow undead horse types to be leashed: false
[15:24:19 INFO]: Keep spawn chunk loaded: true
[15:24:19 INFO]: World async lighting: false
[15:24:19 INFO]: WorldServer TickNextTick cap set at 10000
[15:24:19 INFO]: WorldServer TickNextTickList cap always processes redstone: false
[15:24:19 INFO]: Player blocking damage multiplier set to 0.5
[15:24:19 INFO]: Remove invalid mob spawner tile entities: true
[15:24:19 INFO]: Max height for cactus growth 3. Max height for reed growth 3
[15:24:19 INFO]: Squids will spawn between Y: 45.0 and Y: 63.0
[15:24:19 INFO]: Living Entity Despawn Ranges:  Soft: 32 Hard: 128
[15:24:19 INFO]: Preparing start region for level 0 (Seed: 12955)
[15:24:19 INFO]: Preparing start region for level 1 (Seed: 12955)
[15:24:20 INFO]: Preparing spawn area: 29%
[15:24:21 INFO]: Preparing spawn area: 73%
[15:24:22 INFO]: Preparing start region for level 2 (Seed: 12955)
[15:24:23 INFO]: Preparing spawn area: 84%
[15:24:23 INFO]: [QiZhangVerdict] Enabling QiZhangVerdict v0.1.1
[15:24:23 WARN]: [QiZhangVerdict] Offline mode: UUID/account ownership needs external authentication; IP limits are not proof of identity. Secure proxy forwarding and firewall the backend.
[15:24:23 INFO]: [QiZhangVerdict] QiZhangVerdict sessions=0, trackedIPs=0, accountPairs=0, rules=11, companion=required, vm=DENY, blacklist=DENY, rateBuckets=0, accountBans=0, deviceBans=0, deviceRequired=true
[15:24:23 INFO]: [QiZhangVerdict] Integrations: GrimAC=MISSING; movement/combat prediction unavailable; Orebfuscator=absent; Paper Anti-Xray=available; enable and verify per-world config. These engines are installed separately.
[15:24:23 INFO]: Done (4.865s)! For help, type "help" or "?"
[15:24:23 INFO]: Timings Reset
[15:24:23 INFO]: QiZhangVerdict sessions=0, trackedIPs=0, accountPairs=0, rules=11, companion=required, vm=DENY, blacklist=DENY, rateBuckets=0, accountBans=0, deviceBans=0, deviceRequired=true
[15:24:24 INFO]: UUID of player QVLegacyA is c41f345d-a4d2-3c8c-ac30-bdaac1fbf6cb
[15:24:24 INFO]: QVLegacyA[/127.0.0.1:7823] logged in with entity id 22 at ([world]-22.5, 4.0, -40.5)
[15:24:47 INFO]: QiZhangVerdict sessions=1, trackedIPs=1, accountPairs=1, rules=11, companion=required, vm=DENY, blacklist=DENY, rateBuckets=1, accountBans=0, deviceBans=0, deviceRequired=true
[15:24:47 INFO]: UUID of player QVLegacyB is 3b0f90bf-492c-396c-bc09-e8884fa3536f
[15:24:47 INFO]: QVLegacyB[/127.0.0.1:7345] logged in with entity id 23 at ([world]-25.5, 4.0, -37.5)
[15:24:47 INFO]: QVLegacyB lost connection: [QiZhangVerdict] Only the configured number of accounts may use the same IP and device concurrently
[15:24:47 INFO]: QVLegacyB left the game.
[15:24:47 WARN]: handleDisconnection() called twice
[15:24:48 INFO]: UUID of player QVLegacyB is 3b0f90bf-492c-396c-bc09-e8884fa3536f
[15:24:48 INFO]: QVLegacyB[/127.0.0.1:7347] logged in with entity id 24 at ([world]-25.5, 4.0, -37.5)
[15:24:49 INFO]: UUID of player QVLegacyC is 61569500-3bbe-3ec7-9a35-d11a9b6d8a5d
[15:24:49 INFO]: QVLegacyC[/127.0.0.1:7348] logged in with entity id 25 at ([world]-23.5, 4.0, -36.5)
[15:24:50 INFO]: UUID of player QVLegacyD is baf10ef6-c862-32b8-a9b4-c0a016c0fe86
[15:24:50 INFO]: Disconnecting com.mojang.authlib.GameProfile@49e890c2[id=baf10ef6-c862-32b8-a9b4-c0a016c0fe86,name=QVLegacyD,properties={},legacy=false] (/127.0.0.1:7349): Too many simultaneous accounts from this IP
[15:24:50 INFO]: com.mojang.authlib.GameProfile@49e890c2[id=baf10ef6-c862-32b8-a9b4-c0a016c0fe86,name=QVLegacyD,properties={},legacy=false] (/127.0.0.1:7349) lost connection: Too many simultaneous accounts from this IP
[15:24:51 INFO]: QVLegacyA lost connection: Disconnected
[15:24:51 INFO]: QVLegacyA left the game.
[15:24:52 INFO]: UUID of player QVLegacyD is baf10ef6-c862-32b8-a9b4-c0a016c0fe86
[15:24:52 INFO]: QVLegacyD[/127.0.0.1:7352] logged in with entity id 27 at ([world]-21.5, 4.0, -39.5)
[15:24:53 INFO]: QVLegacyB lost connection: Disconnected
[15:24:53 INFO]: QVLegacyB left the game.
[15:24:53 INFO]: QVLegacyC lost connection: Disconnected
[15:24:53 INFO]: QVLegacyC left the game.
[15:24:53 INFO]: QVLegacyD lost connection: Disconnected
[15:24:53 INFO]: QVLegacyD left the game.
[15:24:54 INFO]: UUID of player QVLegacyA is c41f345d-a4d2-3c8c-ac30-bdaac1fbf6cb
[15:24:54 INFO]: QVLegacyA[/127.0.0.1:7353] logged in with entity id 28 at ([world]-22.5, 4.0, -40.5)
[15:24:54 INFO]: QVLegacyA lost connection: [QiZhangVerdict] This server requires a scoped device identifier
[15:24:54 INFO]: QVLegacyA left the game.
[15:24:54 WARN]: handleDisconnection() called twice
[15:24:55 INFO]: UUID of player QVLegacyA is c41f345d-a4d2-3c8c-ac30-bdaac1fbf6cb
[15:24:55 INFO]: QVLegacyA[/127.0.0.1:7354] logged in with entity id 29 at ([world]-22.5, 4.0, -40.5)
[15:24:55 INFO]: QVLegacyA lost connection: [QiZhangVerdict] Malformed or oversized companion report
[15:24:55 INFO]: QVLegacyA left the game.
[15:24:55 WARN]: handleDisconnection() called twice
[15:24:56 INFO]: UUID of player QVLegacyA is c41f345d-a4d2-3c8c-ac30-bdaac1fbf6cb
[15:24:56 INFO]: QVLegacyA[/127.0.0.1:7355] logged in with entity id 30 at ([world]-22.5, 4.0, -40.5)
[15:24:57 INFO]: QVLegacyA lost connection: Disconnected
[15:24:57 INFO]: QVLegacyA left the game.
[15:24:57 INFO]: UUID of player QVLegacyA is c41f345d-a4d2-3c8c-ac30-bdaac1fbf6cb
[15:24:57 INFO]: QVLegacyA[/127.0.0.1:7361] logged in with entity id 31 at ([world]-22.5, 4.0, -40.5)
[15:25:18 INFO]: QVLegacyA lost connection: [QiZhangVerdict] Required companion report timed out.
[15:25:18 INFO]: QVLegacyA left the game.
[15:25:18 WARN]: handleDisconnection() called twice
[15:25:18 INFO]: UUID of player QVLegacyA is c41f345d-a4d2-3c8c-ac30-bdaac1fbf6cb
[15:25:18 INFO]: QVLegacyA[/127.0.0.1:9428] logged in with entity id 32 at ([world]-22.5, 4.0, -40.5)
[15:25:19 INFO]: QVLegacyA lost connection: Disconnected
[15:25:19 INFO]: QVLegacyA left the game.
[15:25:20 INFO]: QiZhangVerdict sessions=0, trackedIPs=1, accountPairs=4, rules=11, companion=required, vm=DENY, blacklist=DENY, rateBuckets=1, accountBans=0, deviceBans=0, deviceRequired=true
[15:25:21 INFO]: Stopping the server
[15:25:21 INFO]: Stopping server
[15:25:21 INFO]: [QiZhangVerdict] Disabling QiZhangVerdict v0.1.1
[15:25:21 INFO]: Saving players
[15:25:21 INFO]: Saving worlds
[15:25:21 INFO]: Saving chunks for level 'world'/Overworld
[15:25:21 INFO]: Saving chunks for level 'world_nether'/Nether
[15:25:21 INFO]: Saving chunks for level 'world_the_end'/The End
