Unpacking 1.20.1/server-1.20.1.jar (versions:1.20.1) to versions\1.20.1\server-1.20.1.jar
Starting net.fabricmc.loader.impl.game.minecraft.BundlerClassPathCapture
[15:58:56] [main/INFO]: Loading Minecraft 1.20.1 with Fabric Loader 0.16.14
[15:58:56] [main/WARN]: Warnings were found!
 - 模组 'GrimAC' (grimac) 2.3.73 建议安装 cloud 的 任意版本，但没有安装它！
	 - 为了最佳体验，您应该安装 cloud 的 任意版本。
 - 模组 'GrimAC' (grimac) 2.3.73 建议安装 fabric-permissions-api-v0 的 任意版本，但没有安装它！
	 - 为了最佳体验，您应该安装 fabric-permissions-api-v0 的 任意版本。
[15:58:56] [main/INFO]: Loading 79 mods:
	- antixray 1.4.6
	   \-- com_moandjiezana_toml_toml4j 0.7.2
	- fabric-api 0.92.12+1.20.1
	   |-- fabric-api-base 0.4.32+1802ada577
	   |-- fabric-api-lookup-api-v1 1.6.37+1802ada577
	   |-- fabric-biome-api-v1 13.0.15+93aa238b77
	   |-- fabric-block-api-v1 1.0.12+1802ada577
	   |-- fabric-block-view-api-v2 1.0.3+924f046a77
	   |-- fabric-blockrenderlayer-v1 1.1.42+1802ada577
	   |-- fabric-client-tags-api-v1 1.2.0+238242b777
	   |-- fabric-command-api-v1 1.2.35+f71b366f77
	   |-- fabric-command-api-v2 2.2.14+1802ada577
	   |-- fabric-commands-v0 0.2.52+df3654b377
	   |-- fabric-containers-v0 0.1.68+df3654b377
	   |-- fabric-content-registries-v0 4.0.13+1802ada577
	   |-- fabric-convention-tags-v1 1.5.6+1802ada577
	   |-- fabric-crash-report-info-v1 0.2.20+1802ada577
	   |-- fabric-data-attachment-api-v1 1.0.2+de0fd6d177
	   |-- fabric-data-generation-api-v1 12.4.0+238242b777
	   |-- fabric-dimensions-v1 2.1.55+1802ada577
	   |-- fabric-entity-events-v1 1.6.1+1c78457f77
	   |-- fabric-events-interaction-v0 0.6.6+13a40c6677
	   |-- fabric-events-lifecycle-v0 0.2.64+df3654b377
	   |-- fabric-game-rule-api-v1 1.0.41+1802ada577
	   |-- fabric-item-api-v1 2.1.29+1802ada577
	   |-- fabric-item-group-api-v1 4.0.14+1802ada577
	   |-- fabric-key-binding-api-v1 1.0.38+1802ada577
	   |-- fabric-keybindings-v0 0.2.36+df3654b377
	   |-- fabric-lifecycle-events-v1 2.2.23+1802ada577
	   |-- fabric-loot-api-v2 1.2.3+1802ada577
	   |-- fabric-loot-tables-v1 1.1.47+9e7660c677
	   |-- fabric-message-api-v1 5.1.10+1802ada577
	   |-- fabric-mining-level-api-v1 2.1.52+1802ada577
	   |-- fabric-model-loading-api-v1 1.0.4+1802ada577
	   |-- fabric-models-v0 0.4.3+9386d8a777
	   |-- fabric-networking-api-v1 1.3.15+0caff8d077
	   |-- fabric-networking-v0 0.3.55+df3654b377
	   |-- fabric-object-builder-api-v1 11.1.5+e35120df77
	   |-- fabric-particles-v1 1.1.3+1802ada577
	   |-- fabric-recipe-api-v1 1.0.25+1802ada577
	   |-- fabric-registry-sync-v0 2.4.1+4c0a70e677
	   |-- fabric-renderer-api-v1 3.2.2+1802ada577
	   |-- fabric-renderer-indigo 1.5.3+85287f9f77
	   |-- fabric-renderer-registries-v1 3.2.48+df3654b377
	   |-- fabric-rendering-data-attachment-v1 0.3.39+92a0d36777
	   |-- fabric-rendering-fluids-v1 3.0.29+1802ada577
	   |-- fabric-rendering-v0 1.1.51+df3654b377
	   |-- fabric-rendering-v1 3.0.10+54550fb677
	   |-- fabric-resource-conditions-api-v1 2.3.9+1802ada577
	   |-- fabric-resource-loader-v0 0.11.12+fb82e9d777
	   |-- fabric-screen-api-v1 2.0.9+1802ada577
	   |-- fabric-screen-handler-api-v1 1.3.34+1802ada577
	   |-- fabric-sound-api-v1 1.0.14+1802ada577
	   |-- fabric-tag-api-v1 1.3.0+238242b777
	   |-- fabric-transfer-api-v1 3.3.6+8dd72ea377
	   \-- fabric-transitive-access-wideners-v1 4.3.2+1802ada577
	- fabricloader 0.16.14
	   \-- mixinextras 0.4.1
	- grimac 2.3.73
	   |-- ac_grim_grimac_common 2.3.73
	   |-- ac_grim_grimac_grim-internal 1.2.4.0
	   |-- ac_grim_grimac_grimapi 1.2.4.0
	   |-- com_github_alexheretic_dynamics 4.0
	   |-- com_github_alexheretic_fluent 2.0
	   |-- com_googlecode_json-simple_json-simple 1.1.1
	   |-- com_zaxxer_hikaricp 7.0.2
	   |-- github_scarsz_configuralize_slim 1.4.1
	   |-- grimac-mc1161 2.3.73
	   |-- grimac-mc1171 2.3.73
	   |-- grimac-mc1194 2.3.73
	   |-- grimac-mc1205 2.3.73
	   |-- net_kyori_adventure-text-minimessage 4.25.0
	   |-- org_incendo_cloud-annotations 2.0.0
	   |-- org_incendo_cloud-processors-requirements 1.0.0-rc.1
	   |-- org_jetbrains_annotations 24.1.0
	   |-- org_slf4j_slf4j-api 2.0.17
	   |-- org_yaml_snakeyaml 2.2
	   \-- packetevents 2.11.2+675bc5c-SNAPSHOT
	        |-- com_github_retrooper_api 2.11.2+675bc5c-SNAPSHOT
	        |-- com_github_retrooper_netty-common 2.11.2+675bc5c-SNAPSHOT
	        |-- conditional-mixin 0.6.4
	        |-- net_kyori_adventure-api 4.25.0
	        |-- net_kyori_adventure-key 4.25.0
	        |-- net_kyori_adventure-nbt 4.25.0
	        |-- net_kyori_examination-api 1.3.0
	        |-- net_kyori_examination-string 1.3.0
	        |-- packetevents-mc1140 2.11.2+675bc5c-SNAPSHOT
	        \-- packetevents-mc1194 2.11.2+675bc5c-SNAPSHOT
	- java 17
	- minecraft 1.20.1
	- qizhangverdict 0.1.1
	- sqlite-jdbc 3.53.2.0+2026-06-06
[15:58:57] [main/INFO]: SpongePowered MIXIN Subsystem Version=0.8.7 Source=file:/E:/CodexTemp/QiZhangVerdict/client-matrix/fabric-1.20.1/candidate-0.1.1-gpl-02/server/libraries/net/fabricmc/sponge-mixin/0.15.5+mixin.0.8.7/sponge-mixin-0.15.5+mixin.0.8.7.jar Service=Knot/Fabric Env=SERVER
[15:58:57] [main/INFO]: Compatibility level set to JAVA_17
[15:58:57] [main/ERROR]: Failed reading REFMAP JSON from : java.lang.NullPointerException Cannot invoke "org.spongepowered.asm.mixin.refmap.ReferenceMapper.setResourceName(String)" because "mapper" is null
[15:58:57] [main/WARN]: Reference map '' for packetevents-mc1140.mixins.json could not be read. If this is a development environment you can ignore this message
[15:58:57] [main/ERROR]: Failed reading REFMAP JSON from : java.lang.NullPointerException Cannot invoke "org.spongepowered.asm.mixin.refmap.ReferenceMapper.setResourceName(String)" because "mapper" is null
[15:58:57] [main/WARN]: Reference map '' for packetevents-mc1914.mixins.json could not be read. If this is a development environment you can ignore this message
[15:58:59] [main/INFO]: Initializing MixinExtras via com.llamalad7.mixinextras.service.MixinExtrasServiceImpl(version=0.4.1).
[15:59:07] [main/INFO]: Successfully initialized antixray for fabric
[15:59:07] [main/WARN]: IMPORTANT: Command Framework failed to load (Missing Cloud Library?). 
Grim will run without commands enabled!
[15:59:07] [main/INFO]: Loading PacketEvents...
[15:59:07] [main/INFO]: External mod presence only: grimac=true, antixray=true; actual function must be tested separately
[15:59:07] [main/INFO]: Environment: authHost='https://authserver.mojang.com', accountsHost='https://api.mojang.com', sessionHost='https://sessionserver.mojang.com', servicesHost='https://api.minecraftservices.com', name='PROD'
[15:59:09] [main/INFO]: Loaded 7 recipes
[15:59:09] [main/INFO]: Loaded 1271 advancements
[15:59:09] [main/INFO]: Applied 0 biome modifications to 0 of 64 new biomes in 1.681 ms
[15:59:09] [Server thread/INFO]: Registering packets...
[15:59:09] [Server thread/INFO]: Registering tick schedulers...
[15:59:10] [Server thread/INFO]: Grim Version: 2.3.73
[15:59:10] [Server thread/INFO]: QiZhangGuard started: QiZhangVerdict sessions=0, trackedIPs=0, accountPairs=0, rules=11, companion=required, vm=DENY, blacklist=DENY, rateBuckets=0, accountBans=0, deviceBans=0, deviceRequired=true. Reports are self-reported, not trusted attestation.
[15:59:10] [Server thread/INFO]: Starting minecraft server version 1.20.1
[15:59:10] [Server thread/INFO]: Loading properties
[15:59:10] [Server thread/INFO]: Default game type: SURVIVAL
[15:59:10] [Server thread/INFO]: Generating keypair
[15:59:10] [Server thread/INFO]: Starting Minecraft server on 127.0.0.1:25594
[15:59:10] [Server thread/INFO]: Using default channel type
[15:59:10] [Server thread/WARN]: **** SERVER IS RUNNING IN OFFLINE/INSECURE MODE!
[15:59:10] [Server thread/WARN]: The server will make no attempt to authenticate usernames. Beware.
[15:59:10] [Server thread/WARN]: While this makes the game possible to play without internet access, it also opens up the ability for hackers to connect with any username they choose.
[15:59:10] [Server thread/WARN]: To change this, set "online-mode" to "true" in the server.properties file.
[15:59:10] [Server thread/INFO]: Preparing level "smoke-world"
[15:59:10] [Thread-3/INFO]: New GrimAC version found! Version 2.3.74-8eb5f28 is available to be downloaded here: https://modrinth.com/plugin/grimac
[15:59:11] [Server thread/INFO]: Preparing start region for dimension minecraft:overworld
[15:59:14] [Worker-Main-10/INFO]: Preparing spawn area: 0%
[15:59:14] [Worker-Main-10/INFO]: Preparing spawn area: 0%
[15:59:14] [Worker-Main-11/INFO]: Preparing spawn area: 0%
[15:59:14] [Worker-Main-11/INFO]: Preparing spawn area: 0%
[15:59:14] [Worker-Main-11/INFO]: Preparing spawn area: 0%
[15:59:14] [Worker-Main-11/INFO]: Preparing spawn area: 0%
[15:59:14] [Worker-Main-4/INFO]: Preparing spawn area: 1%
[15:59:14] [Worker-Main-6/INFO]: Preparing spawn area: 84%
[15:59:14] [Server thread/INFO]: Time elapsed: 3580 ms
[15:59:14] [Server thread/INFO]: Done (4.403s)! For help, type "help"
[15:59:15] [Server thread/INFO]: The difficulty did not change; it is already set to peaceful
[15:59:15] [Server thread/INFO]: Gamerule doMobSpawning is now set to: false
[15:59:15] [Server thread/INFO]: QiZhangVerdict sessions=0, trackedIPs=0, accountPairs=0, rules=11, companion=required, vm=DENY, blacklist=DENY, rateBuckets=0, accountBans=0, deviceBans=0, deviceRequired=true
[15:59:33] [Server thread/INFO]: VerdictClient[/127.0.0.1:3222] logged in with entity id 173 at (10.5, 73.0, -1.5)
[15:59:33] [Server thread/INFO]: VerdictClient joined the game
[15:59:34] [Netty Server IO #1/INFO]: Loading block mappings for V_1_20/12...
[15:59:35] [Netty Server IO #1/INFO]: Finished loading block mappings for V_1_20/12 in 886.4751ms
[15:59:36] [Server thread/INFO]: Report decision player=86f10d93-6a7a-3707-bf5f-b5decc1e46a7 code=VM_UNKNOWN message=VM status is unknown or has only inconclusive indicators
[16:00:03] [Server thread/INFO]: There are 1 of a max of 5 players online: VerdictClient
[16:00:03] [Server thread/INFO]: QiZhangVerdict sessions=1, trackedIPs=1, accountPairs=1, rules=11, companion=required, vm=DENY, blacklist=DENY, rateBuckets=1, accountBans=0, deviceBans=0, deviceRequired=true
[16:00:03] [Server thread/INFO]: VerdictClient has the following entity data: 0
[16:00:18] [Server thread/INFO]: There are 1 of a max of 5 players online: VerdictClient
[16:00:18] [Server thread/INFO]: QiZhangVerdict sessions=1, trackedIPs=1, accountPairs=1, rules=11, companion=required, vm=DENY, blacklist=DENY, rateBuckets=1, accountBans=0, deviceBans=0, deviceRequired=true
[16:00:18] [Server thread/INFO]: VerdictClient has the following entity data: 0
[16:00:34] [Server thread/INFO]: There are 1 of a max of 5 players online: VerdictClient
[16:00:34] [Server thread/INFO]: QiZhangVerdict sessions=1, trackedIPs=1, accountPairs=1, rules=11, companion=required, vm=DENY, blacklist=DENY, rateBuckets=1, accountBans=0, deviceBans=0, deviceRequired=true
[16:00:34] [Server thread/INFO]: VerdictClient has the following entity data: 0
[16:00:38] [Server thread/INFO]: VerdictClient lost connection: Disconnected
[16:00:38] [Server thread/INFO]: VerdictClient left the game
[16:00:39] [Server thread/INFO]: Stopping the server
[16:00:39] [Server thread/INFO]: Terminating PacketEvents...
[16:00:39] [Server thread/INFO]: Stopping server
[16:00:39] [Server thread/INFO]: Saving players
[16:00:39] [Server thread/INFO]: Saving worlds
[16:00:40] [Server thread/INFO]: Saving chunks for level 'ServerLevel[smoke-world]'/minecraft:overworld
[16:00:40] [Server thread/INFO]: Saving chunks for level 'ServerLevel[smoke-world]'/minecraft:the_end
[16:00:40] [Server thread/INFO]: Saving chunks for level 'ServerLevel[smoke-world]'/minecraft:the_nether
[16:00:40] [Server thread/INFO]: ThreadedAnvilChunkStorage (smoke-world): All chunks are saved
[16:00:40] [Server thread/INFO]: ThreadedAnvilChunkStorage (DIM1): All chunks are saved
[16:00:40] [Server thread/INFO]: ThreadedAnvilChunkStorage (DIM-1): All chunks are saved
[16:00:40] [Server thread/INFO]: ThreadedAnvilChunkStorage: All dimensions are saved
