Starting org.bukkit.craftbukkit.Main
WARN StatusConsoleListener Advanced terminal features are not available in this environment
[21:34:57 INFO]: [bootstrap] Running Java 21 (Java HotSpot(TM) 64-Bit Server VM 21.0.8+12-LTS-250; Oracle Corporation null) on Windows 11 10.0 (amd64)
[21:34:57 INFO]: [bootstrap] Loading Purpur 1.21.1-2329-ver/1.21.1@803bf62 (2024-10-31T20:25:04Z) for Minecraft 1.21.1
[21:34:58 INFO]: [PluginInitializerManager] Initializing plugins...
[21:34:59 INFO]: [ReobfServer] Remapping server...
[21:35:05 INFO]: [ReobfServer] Done remapping server in 5785ms.
[21:35:05 INFO]: [PluginRemapper] Remapping plugin 'plugins\qizhangverdict-bukkit-0.2.1-dev.jar'...
[21:35:05 INFO]: [PluginRemapper] Remapping plugin 'plugins\QVChallengeRaceQA.jar'...
[21:35:05 INFO]: [PluginRemapper] Done remapping plugin 'plugins\QVChallengeRaceQA.jar' in 168ms.
[21:35:05 INFO]: [PluginRemapper] Done remapping plugin 'plugins\qizhangverdict-bukkit-0.2.1-dev.jar' in 178ms.
[21:35:05 INFO]: [PluginInitializerManager] Initialized 2 plugins
[21:35:05 INFO]: [PluginInitializerManager] Bukkit plugins (2):
 - QVChallengeRaceQA (1), QiZhangVerdict (0.2.1-dev)
[21:35:10 INFO]: Environment: Environment[sessionHost=https://sessionserver.mojang.com, servicesHost=https://api.minecraftservices.com, name=PROD]
[21:35:10 INFO]: Found new data pack file/bukkit, loading it automatically
[21:35:10 INFO]: Found new data pack paper, loading it automatically
[21:35:11 INFO]: No existing world data, creating new world
[21:35:12 INFO]: Loaded 1290 recipes
[21:35:12 INFO]: Loaded 1399 advancements
[21:35:13 INFO]: Starting minecraft server version 1.21.1
[21:35:13 INFO]: Loading properties
[21:35:13 INFO]: This server is running Purpur version 1.21.1-2329-ver/1.21.1@803bf62 (2024-10-31T20:25:04Z) (Implementing API version 1.21.1-R0.1-SNAPSHOT)
[21:35:14 INFO]: [spark] This server bundles the spark profiler. For more information please visit https://docs.papermc.io/paper/profiling
[21:35:14 INFO]: Server Ping Player Sample Count: 12
[21:35:14 INFO]: Using 4 threads for Netty based IO
[21:35:15 INFO]: [ChunkTaskScheduler] Chunk system is using 1 I/O threads, 4 worker threads, and population gen parallelism of 4 threads
[21:35:15 WARN]: [Pufferfish] SIMD operations are available for your server, but are not configured!
[21:35:15 WARN]: [Pufferfish] To enable additional optimizations, add "--add-modules=jdk.incubator.vector" to your startup flags, BEFORE the "-jar".
[21:35:15 WARN]: [Pufferfish] If you have already added this flag, then SIMD operations are not supported on your JVM or CPU.
[21:35:15 WARN]: [Pufferfish] Debug: Java: 21.0.8, test run: true
[21:35:15 INFO]: Default game type: SURVIVAL
[21:35:15 INFO]: Generating keypair
[21:35:15 INFO]: Starting Minecraft server on 127.0.0.1:25679
[21:35:15 INFO]: Using default channel type
[21:35:15 INFO]: Paper: Using Java compression from Velocity.
[21:35:15 INFO]: Paper: Using Java cipher from Velocity.
[21:35:15 WARN]: [org.bukkit.craftbukkit.legacy.CraftLegacy] Initializing Legacy Material Support. Unless you have legacy plugins and/or data this is a bug!
[21:35:23 WARN]: Legacy plugin QiZhangVerdict v0.2.1-dev does not specify an api-version.
[21:35:23 WARN]: Legacy plugin QVChallengeRaceQA v1 does not specify an api-version.
[21:35:23 INFO]: [QiZhangVerdict] Loading server plugin QiZhangVerdict v0.2.1-dev
[21:35:23 INFO]: [QVChallengeRaceQA] Loading server plugin QVChallengeRaceQA v1
[21:35:23 WARN]: **** SERVER IS RUNNING IN OFFLINE/INSECURE MODE!
[21:35:23 WARN]: The server will make no attempt to authenticate usernames. Beware.
[21:35:23 WARN]: While this makes the game possible to play without internet access, it also opens up the ability for hackers to connect with any username they choose.
[21:35:23 WARN]: To change this, set "online-mode" to "true" in the server.properties file.
[21:35:23 INFO]: Preparing level "world"
[21:35:26 INFO]: Preparing start region for dimension minecraft:overworld
[21:35:26 INFO]: Time elapsed: 267 ms
[21:35:26 INFO]: Preparing start region for dimension minecraft:the_nether
[21:35:27 INFO]: Time elapsed: 1231 ms
[21:35:27 INFO]: Preparing start region for dimension minecraft:the_end
[21:35:28 INFO]: Time elapsed: 222 ms
[21:35:28 INFO]: [QiZhangVerdict] Enabling QiZhangVerdict v0.2.1-dev*
[21:35:28 WARN]: [QiZhangVerdict] Offline mode: UUID/account ownership needs external authentication; IP limits are not proof of identity. Secure proxy forwarding and firewall the backend.
[21:35:28 INFO]: [QiZhangVerdict] QiZhangVerdict sessions=0, trackedIPs=0, accountPairs=0, rules=37, companion=required, vm=DENY, blacklist=DENY, rateBuckets=0, accountBans=0, deviceBans=0, deviceRequired=true
[21:35:28 INFO]: [QiZhangVerdict] Integrations: GrimAC=MISSING; movement/combat prediction unavailable; Orebfuscator=absent; Paper Anti-Xray=available; enable and verify per-world config. These engines are installed separately.
[21:35:28 INFO]: [QVChallengeRaceQA] Enabling QVChallengeRaceQA v1*
[21:35:28 INFO]: [QVChallengeRaceQA] QA_READY no guard reflection or policy edits; one synthetic player only
[21:35:28 INFO]: [spark] Starting background profiler...
[21:35:28 INFO]: [spark] The async-profiler engine is not supported for your os/arch (windows11/amd64), so the built-in Java engine will be used instead.
[21:35:28 INFO]: Done preparing level "world" (4.416s)
[21:35:28 INFO]: Running delayed init tasks
[21:35:28 INFO]: Done (32.128s)! For help, type "help"
[21:35:28 INFO]: *************************************************************************************
[21:35:28 INFO]: This is the first time you're starting this server.
[21:35:28 INFO]: It's recommended you read our 'Getting Started' documentation for guidance.
[21:35:28 INFO]: View this and more helpful information here: https://docs.papermc.io/paper/next-steps
[21:35:28 INFO]: *************************************************************************************
[21:35:29 INFO]: UUID of player QVRace is c48a064a-1edd-3714-b318-05987f4fc55f
[21:35:29 INFO]: Set the target tick rate to 1.0 per second
[21:35:29 INFO]: [QVChallengeRaceQA] QA_JOIN tick=27 slowCommand=true
[21:35:29 INFO]: [93mQVRace joined the game[0m
[21:35:29 INFO]: QVRace[/127.0.0.1:8382] logged in with entity id 29 at ([world]2.5, -2.0, 0.5)
[21:35:29 INFO]: QiZhangVerdict configuration reloaded. QiZhangVerdict sessions=1, trackedIPs=1, accountPairs=1, rules=37, companion=required, vm=DENY, blacklist=DENY, rateBuckets=1, accountBans=0, deviceBans=0, deviceRequired=true
[21:35:29 INFO]: [QVChallengeRaceQA] QA_RELOADED registerTick=28 joinTick=27 command=true
[21:35:32 INFO]: [QVChallengeRaceQA] QA_CHECKPOINT tick=31 joinTick=27 reloaded=true
[21:35:32 INFO]: Set the target tick rate to 20.0 per second
[21:35:54 INFO]: QiZhangVerdict sessions=1, trackedIPs=1, accountPairs=1, rules=37, companion=required, vm=DENY, blacklist=DENY, rateBuckets=1, accountBans=0, deviceBans=0, deviceRequired=true
[21:35:54 INFO]: QVRace lost connection: Disconnected
[21:35:55 INFO]: [93mQVRace left the game[0m
[21:35:55 INFO]: Set the target tick rate to 20.0 per second
[21:35:55 INFO]: Stopping the server
[21:35:55 INFO]: Stopping server
[21:35:55 INFO]: [QVChallengeRaceQA] Disabling QVChallengeRaceQA v1
[21:35:55 INFO]: [QiZhangVerdict] Disabling QiZhangVerdict v0.2.1-dev
[21:35:55 INFO]: Saving players
[21:35:55 INFO]: Saving worlds
[21:35:55 INFO]: Saving chunks for level 'ServerLevel[world]'/minecraft:overworld
[21:35:55 INFO]: [ChunkHolderManager] Waiting 60s for chunk system to halt for world 'world'
[21:35:55 INFO]: [ChunkHolderManager] Halted chunk system for world 'world'
[21:35:55 INFO]: [ChunkHolderManager] Saving all chunkholders for world 'world'
[21:35:55 INFO]: [ChunkHolderManager] Saved 1089 block chunks, 121 entity chunks, 0 poi chunks in world 'world' in 0.61s
[21:35:55 INFO]: Saving chunks for level 'ServerLevel[world_nether]'/minecraft:the_nether
[21:35:55 INFO]: [ChunkHolderManager] Waiting 60s for chunk system to halt for world 'world_nether'
[21:35:55 INFO]: [ChunkHolderManager] Halted chunk system for world 'world_nether'
[21:35:55 INFO]: [ChunkHolderManager] Saving all chunkholders for world 'world_nether'
[21:35:56 INFO]: [ChunkHolderManager] Saved 841 block chunks, 49 entity chunks, 0 poi chunks in world 'world_nether' in 0.39s
[21:35:56 INFO]: Saving chunks for level 'ServerLevel[world_the_end]'/minecraft:the_end
[21:35:56 INFO]: [ChunkHolderManager] Waiting 60s for chunk system to halt for world 'world_the_end'
[21:35:56 INFO]: [ChunkHolderManager] Halted chunk system for world 'world_the_end'
[21:35:56 INFO]: [ChunkHolderManager] Saving all chunkholders for world 'world_the_end'
[21:35:56 INFO]: [ChunkHolderManager] Saved 841 block chunks, 49 entity chunks, 0 poi chunks in world 'world_the_end' in 0.37s
[21:35:56 INFO]: ThreadedAnvilChunkStorage (world): All chunks are saved
[21:35:56 INFO]: ThreadedAnvilChunkStorage (DIM-1): All chunks are saved
[21:35:56 INFO]: ThreadedAnvilChunkStorage (DIM1): All chunks are saved
[21:35:56 INFO]: ThreadedAnvilChunkStorage: All dimensions are saved
