To honour the JVM settings for this build a single-use Daemon process will be forked. For more on this, please refer to https://docs.gradle.org/8.14.1/userguide/gradle_daemon.html#sec:disabling_the_daemon in the Gradle documentation.
Daemon will be stopped at the end of the build 
> Task :core:compileJava UP-TO-DATE

> Task :bukkit:compileJava

> Task :bukkit:processResources UP-TO-DATE
警告: [options] 源值 8 已过时，将在未来发行版中删除
警告: [options] 目标值 8 已过时，将在未来发行版中删除
警告: [options] 要隐藏有关已过时选项的警告, 请使用 -Xlint:-options。
3 个警告
> Task :bukkit:classes
> Task :core:processResources NO-SOURCE
> Task :core:classes UP-TO-DATE
> Task :bukkit:jar
> Task :bukkit:assemble
> Task :bukkit:compileTestJava NO-SOURCE
> Task :bukkit:processTestResources NO-SOURCE
> Task :bukkit:testClasses UP-TO-DATE
> Task :core:jar UP-TO-DATE
> Task :bukkit:test NO-SOURCE
> Task :bukkit:check UP-TO-DATE
> Task :bukkit:build

[Incubating] Problems report is available at: file:///E:/Codex_work/QiZhangGuard/build/reports/problems/problems-report.html

BUILD SUCCESSFUL in 11s
5 actionable tasks: 2 executed, 3 up-to-date
