Starting org.bukkit.craftbukkit.Main
WARN StatusConsoleListener Advanced terminal features are not available in this environment
[21:33:44 INFO]: [bootstrap] Running Java 21 (Java HotSpot(TM) 64-Bit Server VM 21.0.8+12-LTS-250; Oracle Corporation null) on Windows 11 10.0 (amd64)
[21:33:44 INFO]: [bootstrap] Loading Purpur 1.21.1-2329-ver/1.21.1@803bf62 (2024-10-31T20:25:04Z) for Minecraft 1.21.1
[21:33:46 INFO]: [PluginInitializerManager] Initializing plugins...
[21:33:46 INFO]: [ReobfServer] Remapping server...
[21:33:52 INFO]: [ReobfServer] Done remapping server in 5787ms.
[21:33:52 INFO]: [PluginRemapper] Remapping plugin 'plugins\qizhangverdict-bukkit-0.2.0-test.1.jar'...
[21:33:52 INFO]: [PluginRemapper] Remapping plugin 'plugins\QVChallengeRaceQA.jar'...
[21:33:52 INFO]: [PluginRemapper] Done remapping plugin 'plugins\QVChallengeRaceQA.jar' in 132ms.
[21:33:52 INFO]: [PluginRemapper] Done remapping plugin 'plugins\qizhangverdict-bukkit-0.2.0-test.1.jar' in 144ms.
[21:33:53 INFO]: [PluginInitializerManager] Initialized 2 plugins
[21:33:53 INFO]: [PluginInitializerManager] Bukkit plugins (2):
 - QVChallengeRaceQA (1), QiZhangVerdict (0.2.0-test.1)
[21:33:57 INFO]: Environment: Environment[sessionHost=https://sessionserver.mojang.com, servicesHost=https://api.minecraftservices.com, name=PROD]
[21:33:57 INFO]: Found new data pack file/bukkit, loading it automatically
[21:33:57 INFO]: Found new data pack paper, loading it automatically
[21:33:58 INFO]: No existing world data, creating new world
[21:33:59 INFO]: Loaded 1290 recipes
[21:33:59 INFO]: Loaded 1399 advancements
[21:34:00 INFO]: Starting minecraft server version 1.21.1
[21:34:00 INFO]: Loading properties
[21:34:00 INFO]: This server is running Purpur version 1.21.1-2329-ver/1.21.1@803bf62 (2024-10-31T20:25:04Z) (Implementing API version 1.21.1-R0.1-SNAPSHOT)
[21:34:01 INFO]: [spark] This server bundles the spark profiler. For more information please visit https://docs.papermc.io/paper/profiling
[21:34:01 INFO]: Server Ping Player Sample Count: 12
[21:34:01 INFO]: Using 4 threads for Netty based IO
[21:34:01 INFO]: [ChunkTaskScheduler] Chunk system is using 1 I/O threads, 4 worker threads, and population gen parallelism of 4 threads
[21:34:02 WARN]: [Pufferfish] SIMD operations are available for your server, but are not configured!
[21:34:02 WARN]: [Pufferfish] To enable additional optimizations, add "--add-modules=jdk.incubator.vector" to your startup flags, BEFORE the "-jar".
[21:34:02 WARN]: [Pufferfish] If you have already added this flag, then SIMD operations are not supported on your JVM or CPU.
[21:34:02 WARN]: [Pufferfish] Debug: Java: 21.0.8, test run: true
[21:34:02 INFO]: Default game type: SURVIVAL
[21:34:02 INFO]: Generating keypair
[21:34:02 INFO]: Starting Minecraft server on 127.0.0.1:25679
[21:34:02 INFO]: Using default channel type
[21:34:02 INFO]: Paper: Using Java compression from Velocity.
[21:34:02 INFO]: Paper: Using Java cipher from Velocity.
[21:34:02 WARN]: [org.bukkit.craftbukkit.legacy.CraftLegacy] Initializing Legacy Material Support. Unless you have legacy plugins and/or data this is a bug!
[21:34:08 WARN]: Legacy plugin QiZhangVerdict v0.2.0-test.1 does not specify an api-version.
[21:34:08 WARN]: Legacy plugin QVChallengeRaceQA v1 does not specify an api-version.
[21:34:08 INFO]: [QiZhangVerdict] Loading server plugin QiZhangVerdict v0.2.0-test.1
[21:34:08 INFO]: [QVChallengeRaceQA] Loading server plugin QVChallengeRaceQA v1
[21:34:08 WARN]: **** SERVER IS RUNNING IN OFFLINE/INSECURE MODE!
[21:34:08 WARN]: The server will make no attempt to authenticate usernames. Beware.
[21:34:08 WARN]: While this makes the game possible to play without internet access, it also opens up the ability for hackers to connect with any username they choose.
[21:34:08 WARN]: To change this, set "online-mode" to "true" in the server.properties file.
[21:34:08 INFO]: Preparing level "world"
[21:34:11 INFO]: Preparing start region for dimension minecraft:overworld
[21:34:11 INFO]: Time elapsed: 270 ms
[21:34:11 INFO]: Preparing start region for dimension minecraft:the_nether
[21:34:12 INFO]: Time elapsed: 752 ms
[21:34:12 INFO]: Preparing start region for dimension minecraft:the_end
[21:34:12 INFO]: Time elapsed: 497 ms
[21:34:12 INFO]: [QiZhangVerdict] Enabling QiZhangVerdict v0.2.0-test.1*
[21:34:12 WARN]: [QiZhangVerdict] Offline mode: UUID/account ownership needs external authentication; IP limits are not proof of identity. Secure proxy forwarding and firewall the backend.
[21:34:12 INFO]: [QiZhangVerdict] QiZhangVerdict sessions=0, trackedIPs=0, accountPairs=0, rules=37, companion=required, vm=DENY, blacklist=DENY, rateBuckets=0, accountBans=0, deviceBans=0, deviceRequired=true
[21:34:12 INFO]: [QiZhangVerdict] Integrations: GrimAC=MISSING; movement/combat prediction unavailable; Orebfuscator=absent; Paper Anti-Xray=available; enable and verify per-world config. These engines are installed separately.
[21:34:12 INFO]: [QVChallengeRaceQA] Enabling QVChallengeRaceQA v1*
[21:34:12 INFO]: [QVChallengeRaceQA] QA_READY no guard reflection or policy edits; one synthetic player only
[21:34:12 INFO]: [spark] Starting background profiler...
[21:34:12 INFO]: [spark] The async-profiler engine is not supported for your os/arch (windows11/amd64), so the built-in Java engine will be used instead.
[21:34:12 INFO]: Done preparing level "world" (3.881s)
[21:34:12 INFO]: Running delayed init tasks
[21:34:12 INFO]: Done (29.394s)! For help, type "help"
[21:34:12 INFO]: *************************************************************************************
[21:34:12 INFO]: This is the first time you're starting this server.
[21:34:12 INFO]: It's recommended you read our 'Getting Started' documentation for guidance.
[21:34:12 INFO]: View this and more helpful information here: https://docs.papermc.io/paper/next-steps
[21:34:12 INFO]: *************************************************************************************
[21:34:13 INFO]: UUID of player QVRace is c48a064a-1edd-3714-b318-05987f4fc55f
[21:34:14 INFO]: Set the target tick rate to 1.0 per second
[21:34:14 INFO]: [QVChallengeRaceQA] QA_JOIN tick=28 slowCommand=true
[21:34:14 INFO]: [93mQVRace joined the game[0m
[21:34:14 INFO]: QVRace[/127.0.0.1:6991] logged in with entity id 21 at ([world]-0.5, -2.0, -9.5)
[21:34:14 INFO]: QiZhangVerdict configuration reloaded. QiZhangVerdict sessions=1, trackedIPs=1, accountPairs=1, rules=37, companion=required, vm=DENY, blacklist=DENY, rateBuckets=1, accountBans=0, deviceBans=0, deviceRequired=true
[21:34:14 INFO]: [QVChallengeRaceQA] QA_RELOADED registerTick=29 joinTick=28 command=true
[21:34:17 INFO]: [QVChallengeRaceQA] QA_CHECKPOINT tick=32 joinTick=28 reloaded=true
[21:34:17 INFO]: Set the target tick rate to 20.0 per second
[21:34:34 INFO]: QVRace lost connection: [QiZhangVerdict] Required companion report timed out.
[21:34:34 INFO]: [93mQVRace left the game[0m
[21:34:34 INFO]: Set the target tick rate to 20.0 per second
[21:34:34 INFO]: Stopping the server
[21:34:34 INFO]: Stopping server
[21:34:34 INFO]: [QVChallengeRaceQA] Disabling QVChallengeRaceQA v1
[21:34:34 INFO]: [QiZhangVerdict] Disabling QiZhangVerdict v0.2.0-test.1
[21:34:34 INFO]: Saving players
[21:34:34 INFO]: Saving worlds
[21:34:34 INFO]: Saving chunks for level 'ServerLevel[world]'/minecraft:overworld
[21:34:34 INFO]: [ChunkHolderManager] Waiting 60s for chunk system to halt for world 'world'
[21:34:34 INFO]: [ChunkHolderManager] Halted chunk system for world 'world'
[21:34:34 INFO]: [ChunkHolderManager] Saving all chunkholders for world 'world'
[21:34:35 INFO]: [ChunkHolderManager] Saved 1089 block chunks, 121 entity chunks, 0 poi chunks in world 'world' in 0.68s
[21:34:35 INFO]: Saving chunks for level 'ServerLevel[world_nether]'/minecraft:the_nether
[21:34:35 INFO]: [ChunkHolderManager] Waiting 60s for chunk system to halt for world 'world_nether'
[21:34:35 INFO]: [ChunkHolderManager] Halted chunk system for world 'world_nether'
[21:34:35 INFO]: [ChunkHolderManager] Saving all chunkholders for world 'world_nether'
[21:34:35 INFO]: [ChunkHolderManager] Saved 841 block chunks, 49 entity chunks, 0 poi chunks in world 'world_nether' in 0.42s
[21:34:35 INFO]: Saving chunks for level 'ServerLevel[world_the_end]'/minecraft:the_end
[21:34:35 INFO]: [ChunkHolderManager] Waiting 60s for chunk system to halt for world 'world_the_end'
[21:34:35 INFO]: [ChunkHolderManager] Halted chunk system for world 'world_the_end'
[21:34:35 INFO]: [ChunkHolderManager] Saving all chunkholders for world 'world_the_end'
[21:34:36 INFO]: [ChunkHolderManager] Saved 841 block chunks, 49 entity chunks, 0 poi chunks in world 'world_the_end' in 0.30s
[21:34:36 INFO]: ThreadedAnvilChunkStorage (world): All chunks are saved
[21:34:36 INFO]: ThreadedAnvilChunkStorage (DIM-1): All chunks are saved
[21:34:36 INFO]: ThreadedAnvilChunkStorage (DIM1): All chunks are saved
[21:34:36 INFO]: ThreadedAnvilChunkStorage: All dimensions are saved
