### 1.12.2 help stdout bytes=1174 sha256=0361e916cd8a761b4a141288c62b9bd596219418986944439de0b1ca2323a2bf
usage: legacy112-client-smoke.py [-h] [--run-name RUN_NAME]
                                 [--server-kind {forge,bukkit}]
                                 [--guard-jar GUARD_JAR]
                                 [--guard-sha256 GUARD_SHA256]
                                 [--bukkit-jar BUKKIT_JAR]
                                 [--bukkit-sha256 BUKKIT_SHA256]
                                 {prepare,install,run}

positional arguments:
  {prepare,install,run}

options:
  -h, --help            show this help message and exit
  --run-name RUN_NAME
  --server-kind {forge,bukkit}
  --guard-jar GUARD_JAR
                        Candidate client/mod JAR; requires --guard-sha256 (run
                        only)
  --guard-sha256 GUARD_SHA256
                        Expected candidate mod SHA-256, exactly 64 hexadecimal
                        characters
  --bukkit-jar BUKKIT_JAR
                        Candidate Bukkit JAR; requires --bukkit-sha256 (run
                        only)
  --bukkit-sha256 BUKKIT_SHA256
                        Expected candidate Bukkit SHA-256, exactly 64
                        hexadecimal characters

### 1.12.2 help stderr bytes=0 sha256=e3b0c44298fc1c149afbf4c8996fb92427ae41e4649b934ca495991b7852b855

### 1.12.2 guard-missing-hash stdout bytes=0 sha256=e3b0c44298fc1c149afbf4c8996fb92427ae41e4649b934ca495991b7852b855

### 1.12.2 guard-missing-hash stderr bytes=522 sha256=5f89eed4c62b8f18647e233a5677d8ed4208b1183073592575e370caff3896c2
usage: legacy112-client-smoke.py [-h] [--run-name RUN_NAME]
                                 [--server-kind {forge,bukkit}]
                                 [--guard-jar GUARD_JAR]
                                 [--guard-sha256 GUARD_SHA256]
                                 [--bukkit-jar BUKKIT_JAR]
                                 [--bukkit-sha256 BUKKIT_SHA256]
                                 {prepare,install,run}
legacy112-client-smoke.py: error: --guard-jar and --guard-sha256 must be supplied together

### 1.12.2 guard-missing-file stdout bytes=0 sha256=e3b0c44298fc1c149afbf4c8996fb92427ae41e4649b934ca495991b7852b855

### 1.12.2 guard-missing-file stderr bytes=522 sha256=5f89eed4c62b8f18647e233a5677d8ed4208b1183073592575e370caff3896c2
usage: legacy112-client-smoke.py [-h] [--run-name RUN_NAME]
                                 [--server-kind {forge,bukkit}]
                                 [--guard-jar GUARD_JAR]
                                 [--guard-sha256 GUARD_SHA256]
                                 [--bukkit-jar BUKKIT_JAR]
                                 [--bukkit-sha256 BUKKIT_SHA256]
                                 {prepare,install,run}
legacy112-client-smoke.py: error: --guard-jar and --guard-sha256 must be supplied together

### 1.12.2 bukkit-missing-hash stdout bytes=0 sha256=e3b0c44298fc1c149afbf4c8996fb92427ae41e4649b934ca495991b7852b855

### 1.12.2 bukkit-missing-hash stderr bytes=524 sha256=a4eeb8b20f11e721dbb2a4221a5d5a6c6338b56a45cce326fa2a291300786520
usage: legacy112-client-smoke.py [-h] [--run-name RUN_NAME]
                                 [--server-kind {forge,bukkit}]
                                 [--guard-jar GUARD_JAR]
                                 [--guard-sha256 GUARD_SHA256]
                                 [--bukkit-jar BUKKIT_JAR]
                                 [--bukkit-sha256 BUKKIT_SHA256]
                                 {prepare,install,run}
legacy112-client-smoke.py: error: --bukkit-jar and --bukkit-sha256 must be supplied together

### 1.12.2 bukkit-missing-file stdout bytes=0 sha256=e3b0c44298fc1c149afbf4c8996fb92427ae41e4649b934ca495991b7852b855

### 1.12.2 bukkit-missing-file stderr bytes=524 sha256=a4eeb8b20f11e721dbb2a4221a5d5a6c6338b56a45cce326fa2a291300786520
usage: legacy112-client-smoke.py [-h] [--run-name RUN_NAME]
                                 [--server-kind {forge,bukkit}]
                                 [--guard-jar GUARD_JAR]
                                 [--guard-sha256 GUARD_SHA256]
                                 [--bukkit-jar BUKKIT_JAR]
                                 [--bukkit-sha256 BUKKIT_SHA256]
                                 {prepare,install,run}
legacy112-client-smoke.py: error: --bukkit-jar and --bukkit-sha256 must be supplied together

### 1.12.2 guard-invalid-hash stdout bytes=0 sha256=e3b0c44298fc1c149afbf4c8996fb92427ae41e4649b934ca495991b7852b855

### 1.12.2 guard-invalid-hash stderr bytes=527 sha256=e29cd14c4c492775622493f8cdd3bb8d702147eb20f5154b620551a70ca82eb5
usage: legacy112-client-smoke.py [-h] [--run-name RUN_NAME]
                                 [--server-kind {forge,bukkit}]
                                 [--guard-jar GUARD_JAR]
                                 [--guard-sha256 GUARD_SHA256]
                                 [--bukkit-jar BUKKIT_JAR]
                                 [--bukkit-sha256 BUKKIT_SHA256]
                                 {prepare,install,run}
legacy112-client-smoke.py: error: --guard-sha256 must contain exactly 64 hexadecimal characters

### 1.12.2 bukkit-short-hash stdout bytes=0 sha256=e3b0c44298fc1c149afbf4c8996fb92427ae41e4649b934ca495991b7852b855

### 1.12.2 bukkit-short-hash stderr bytes=528 sha256=259019295e7abade727d99f750ee7360d5eb6ca5e54da220d6f6e9f9c9c08e0c
usage: legacy112-client-smoke.py [-h] [--run-name RUN_NAME]
                                 [--server-kind {forge,bukkit}]
                                 [--guard-jar GUARD_JAR]
                                 [--guard-sha256 GUARD_SHA256]
                                 [--bukkit-jar BUKKIT_JAR]
                                 [--bukkit-sha256 BUKKIT_SHA256]
                                 {prepare,install,run}
legacy112-client-smoke.py: error: --bukkit-sha256 must contain exactly 64 hexadecimal characters

### 1.12.2 guard-hash-mismatch stdout bytes=0 sha256=e3b0c44298fc1c149afbf4c8996fb92427ae41e4649b934ca495991b7852b855

### 1.12.2 guard-hash-mismatch stderr bytes=496 sha256=43796bef65fa53f553f625e5dc86cf09ae5ad519b2b2b4807055070c3f7c90ea
usage: legacy112-client-smoke.py [-h] [--run-name RUN_NAME]
                                 [--server-kind {forge,bukkit}]
                                 [--guard-jar GUARD_JAR]
                                 [--guard-sha256 GUARD_SHA256]
                                 [--bukkit-jar BUKKIT_JAR]
                                 [--bukkit-sha256 BUKKIT_SHA256]
                                 {prepare,install,run}
legacy112-client-smoke.py: error: --guard-jar file/hash mismatch

### 1.12.2 bukkit-hash-mismatch stdout bytes=0 sha256=e3b0c44298fc1c149afbf4c8996fb92427ae41e4649b934ca495991b7852b855

### 1.12.2 bukkit-hash-mismatch stderr bytes=497 sha256=d756eeb1a839a839d320a250e423fa6cb42ba2103be00d6cb175eed2fc3d6ab0
usage: legacy112-client-smoke.py [-h] [--run-name RUN_NAME]
                                 [--server-kind {forge,bukkit}]
                                 [--guard-jar GUARD_JAR]
                                 [--guard-sha256 GUARD_SHA256]
                                 [--bukkit-jar BUKKIT_JAR]
                                 [--bukkit-sha256 BUKKIT_SHA256]
                                 {prepare,install,run}
legacy112-client-smoke.py: error: --bukkit-jar file/hash mismatch

### 1.12.2 guard-nonexistent stdout bytes=0 sha256=e3b0c44298fc1c149afbf4c8996fb92427ae41e4649b934ca495991b7852b855

### 1.12.2 guard-nonexistent stderr bytes=511 sha256=0d0bf9358eede2cd8dc3a52497d434b9b01158080b7c4716f441337ad4a882a3
usage: legacy112-client-smoke.py [-h] [--run-name RUN_NAME]
                                 [--server-kind {forge,bukkit}]
                                 [--guard-jar GUARD_JAR]
                                 [--guard-sha256 GUARD_SHA256]
                                 [--bukkit-jar BUKKIT_JAR]
                                 [--bukkit-sha256 BUKKIT_SHA256]
                                 {prepare,install,run}
legacy112-client-smoke.py: error: --guard-jar must be an existing readable file

### 1.12.2 bukkit-directory stdout bytes=0 sha256=e3b0c44298fc1c149afbf4c8996fb92427ae41e4649b934ca495991b7852b855

### 1.12.2 bukkit-directory stderr bytes=497 sha256=d756eeb1a839a839d320a250e423fa6cb42ba2103be00d6cb175eed2fc3d6ab0
usage: legacy112-client-smoke.py [-h] [--run-name RUN_NAME]
                                 [--server-kind {forge,bukkit}]
                                 [--guard-jar GUARD_JAR]
                                 [--guard-sha256 GUARD_SHA256]
                                 [--bukkit-jar BUKKIT_JAR]
                                 [--bukkit-sha256 BUKKIT_SHA256]
                                 {prepare,install,run}
legacy112-client-smoke.py: error: --bukkit-jar file/hash mismatch

### 1.12.2 prepare-rejects-overrides stdout bytes=0 sha256=e3b0c44298fc1c149afbf4c8996fb92427ae41e4649b934ca495991b7852b855

### 1.12.2 prepare-rejects-overrides stderr bytes=556 sha256=984cfe876cb6915b454ec4010d43979d6daf2ec625ddc626734a74e9fd268b94
usage: legacy112-client-smoke.py [-h] [--run-name RUN_NAME]
                                 [--server-kind {forge,bukkit}]
                                 [--guard-jar GUARD_JAR]
                                 [--guard-sha256 GUARD_SHA256]
                                 [--bukkit-jar BUKKIT_JAR]
                                 [--bukkit-sha256 BUKKIT_SHA256]
                                 {prepare,install,run}
legacy112-client-smoke.py: error: Candidate JAR overrides are allowed only for run; prepare/install retain historical inputs

### 1.12.2 install-rejects-overrides stdout bytes=0 sha256=e3b0c44298fc1c149afbf4c8996fb92427ae41e4649b934ca495991b7852b855

### 1.12.2 install-rejects-overrides stderr bytes=556 sha256=984cfe876cb6915b454ec4010d43979d6daf2ec625ddc626734a74e9fd268b94
usage: legacy112-client-smoke.py [-h] [--run-name RUN_NAME]
                                 [--server-kind {forge,bukkit}]
                                 [--guard-jar GUARD_JAR]
                                 [--guard-sha256 GUARD_SHA256]
                                 [--bukkit-jar BUKKIT_JAR]
                                 [--bukkit-sha256 BUKKIT_SHA256]
                                 {prepare,install,run}
legacy112-client-smoke.py: error: Candidate JAR overrides are allowed only for run; prepare/install retain historical inputs

### 1.12.2 run-traversal stdout bytes=0 sha256=e3b0c44298fc1c149afbf4c8996fb92427ae41e4649b934ca495991b7852b855

### 1.12.2 run-traversal stderr bytes=515 sha256=8ae9bbd9fa0721b96e9fe558476cab5ea9ee8e8dfdf821d3b13fc8f6253915f8
usage: legacy112-client-smoke.py [-h] [--run-name RUN_NAME]
                                 [--server-kind {forge,bukkit}]
                                 [--guard-jar GUARD_JAR]
                                 [--guard-sha256 GUARD_SHA256]
                                 [--bukkit-jar BUKKIT_JAR]
                                 [--bukkit-sha256 BUKKIT_SHA256]
                                 {prepare,install,run}
legacy112-client-smoke.py: error: Run name must be a simple non-reserved child name

### 1.12.2 run-backslash-traversal stdout bytes=0 sha256=e3b0c44298fc1c149afbf4c8996fb92427ae41e4649b934ca495991b7852b855

### 1.12.2 run-backslash-traversal stderr bytes=515 sha256=8ae9bbd9fa0721b96e9fe558476cab5ea9ee8e8dfdf821d3b13fc8f6253915f8
usage: legacy112-client-smoke.py [-h] [--run-name RUN_NAME]
                                 [--server-kind {forge,bukkit}]
                                 [--guard-jar GUARD_JAR]
                                 [--guard-sha256 GUARD_SHA256]
                                 [--bukkit-jar BUKKIT_JAR]
                                 [--bukkit-sha256 BUKKIT_SHA256]
                                 {prepare,install,run}
legacy112-client-smoke.py: error: Run name must be a simple non-reserved child name

### 1.12.2 run-reserved stdout bytes=0 sha256=e3b0c44298fc1c149afbf4c8996fb92427ae41e4649b934ca495991b7852b855

### 1.12.2 run-reserved stderr bytes=515 sha256=8ae9bbd9fa0721b96e9fe558476cab5ea9ee8e8dfdf821d3b13fc8f6253915f8
usage: legacy112-client-smoke.py [-h] [--run-name RUN_NAME]
                                 [--server-kind {forge,bukkit}]
                                 [--guard-jar GUARD_JAR]
                                 [--guard-sha256 GUARD_SHA256]
                                 [--bukkit-jar BUKKIT_JAR]
                                 [--bukkit-sha256 BUKKIT_SHA256]
                                 {prepare,install,run}
legacy112-client-smoke.py: error: Run name must be a simple non-reserved child name

### 1.12.2 run-trailing-dot stdout bytes=0 sha256=e3b0c44298fc1c149afbf4c8996fb92427ae41e4649b934ca495991b7852b855

### 1.12.2 run-trailing-dot stderr bytes=515 sha256=8ae9bbd9fa0721b96e9fe558476cab5ea9ee8e8dfdf821d3b13fc8f6253915f8
usage: legacy112-client-smoke.py [-h] [--run-name RUN_NAME]
                                 [--server-kind {forge,bukkit}]
                                 [--guard-jar GUARD_JAR]
                                 [--guard-sha256 GUARD_SHA256]
                                 [--bukkit-jar BUKKIT_JAR]
                                 [--bukkit-sha256 BUKKIT_SHA256]
                                 {prepare,install,run}
legacy112-client-smoke.py: error: Run name must be a simple non-reserved child name

### 1.12.2 run-existing-defaults stdout bytes=0 sha256=e3b0c44298fc1c149afbf4c8996fb92427ae41e4649b934ca495991b7852b855

### 1.12.2 run-existing-defaults stderr bytes=531 sha256=566bd02ba2910846e9d55a0ffd7f8c1e51f6d262bab942a0bbb02cd2197afd95
usage: legacy112-client-smoke.py [-h] [--run-name RUN_NAME]
                                 [--server-kind {forge,bukkit}]
                                 [--guard-jar GUARD_JAR]
                                 [--guard-sha256 GUARD_SHA256]
                                 [--bukkit-jar BUKKIT_JAR]
                                 [--bukkit-sha256 BUKKIT_SHA256]
                                 {prepare,install,run}
legacy112-client-smoke.py: error: Run directory already exists or escapes cache; use a new run name

### 1.12.2 run-existing-valid-both stdout bytes=0 sha256=e3b0c44298fc1c149afbf4c8996fb92427ae41e4649b934ca495991b7852b855

### 1.12.2 run-existing-valid-both stderr bytes=531 sha256=566bd02ba2910846e9d55a0ffd7f8c1e51f6d262bab942a0bbb02cd2197afd95
usage: legacy112-client-smoke.py [-h] [--run-name RUN_NAME]
                                 [--server-kind {forge,bukkit}]
                                 [--guard-jar GUARD_JAR]
                                 [--guard-sha256 GUARD_SHA256]
                                 [--bukkit-jar BUKKIT_JAR]
                                 [--bukkit-sha256 BUKKIT_SHA256]
                                 {prepare,install,run}
legacy112-client-smoke.py: error: Run directory already exists or escapes cache; use a new run name

### 1.12.2 run-existing-uppercase-hash stdout bytes=0 sha256=e3b0c44298fc1c149afbf4c8996fb92427ae41e4649b934ca495991b7852b855

### 1.12.2 run-existing-uppercase-hash stderr bytes=531 sha256=566bd02ba2910846e9d55a0ffd7f8c1e51f6d262bab942a0bbb02cd2197afd95
usage: legacy112-client-smoke.py [-h] [--run-name RUN_NAME]
                                 [--server-kind {forge,bukkit}]
                                 [--guard-jar GUARD_JAR]
                                 [--guard-sha256 GUARD_SHA256]
                                 [--bukkit-jar BUKKIT_JAR]
                                 [--bukkit-sha256 BUKKIT_SHA256]
                                 {prepare,install,run}
legacy112-client-smoke.py: error: Run directory already exists or escapes cache; use a new run name

### 1.8.9 help stdout bytes=1402 sha256=ac9a65155862c8852cb5a269d749102e2e0a1c7d03940a5257ce60b1a20c74fd
usage: legacy189-client-smoke.py [-h] [--run-name RUN_NAME]
                                 [--server-kind {forge,bukkit}]
                                 [--video-preset {vanilla,vbo}]
                                 [--forge-splash {default,disabled}]
                                 [--guard-jar GUARD_JAR]
                                 [--guard-sha256 GUARD_SHA256]
                                 [--bukkit-jar BUKKIT_JAR]
                                 [--bukkit-sha256 BUKKIT_SHA256]
                                 {prepare,install,stage,run}

positional arguments:
  {prepare,install,stage,run}

options:
  -h, --help            show this help message and exit
  --run-name RUN_NAME
  --server-kind {forge,bukkit}
  --video-preset {vanilla,vbo}
  --forge-splash {default,disabled}
  --guard-jar GUARD_JAR
                        Candidate client/mod JAR; requires --guard-sha256
                        (run/stage only)
  --guard-sha256 GUARD_SHA256
                        Expected candidate mod SHA-256, exactly 64 hexadecimal
                        characters
  --bukkit-jar BUKKIT_JAR
                        Candidate Bukkit JAR; requires --bukkit-sha256
                        (run/stage only)
  --bukkit-sha256 BUKKIT_SHA256
                        Expected candidate Bukkit SHA-256, exactly 64
                        hexadecimal characters

### 1.8.9 help stderr bytes=0 sha256=e3b0c44298fc1c149afbf4c8996fb92427ae41e4649b934ca495991b7852b855

### 1.8.9 guard-missing-hash stdout bytes=0 sha256=e3b0c44298fc1c149afbf4c8996fb92427ae41e4649b934ca495991b7852b855

### 1.8.9 guard-missing-hash stderr bytes=663 sha256=6c11194e6b1bba1fa966ead89c63176d62045529cc9eb8645acde4a7d0727c9d
usage: legacy189-client-smoke.py [-h] [--run-name RUN_NAME]
                                 [--server-kind {forge,bukkit}]
                                 [--video-preset {vanilla,vbo}]
                                 [--forge-splash {default,disabled}]
                                 [--guard-jar GUARD_JAR]
                                 [--guard-sha256 GUARD_SHA256]
                                 [--bukkit-jar BUKKIT_JAR]
                                 [--bukkit-sha256 BUKKIT_SHA256]
                                 {prepare,install,stage,run}
legacy189-client-smoke.py: error: --guard-jar and --guard-sha256 must be supplied together

### 1.8.9 guard-missing-file stdout bytes=0 sha256=e3b0c44298fc1c149afbf4c8996fb92427ae41e4649b934ca495991b7852b855

### 1.8.9 guard-missing-file stderr bytes=663 sha256=6c11194e6b1bba1fa966ead89c63176d62045529cc9eb8645acde4a7d0727c9d
usage: legacy189-client-smoke.py [-h] [--run-name RUN_NAME]
                                 [--server-kind {forge,bukkit}]
                                 [--video-preset {vanilla,vbo}]
                                 [--forge-splash {default,disabled}]
                                 [--guard-jar GUARD_JAR]
                                 [--guard-sha256 GUARD_SHA256]
                                 [--bukkit-jar BUKKIT_JAR]
                                 [--bukkit-sha256 BUKKIT_SHA256]
                                 {prepare,install,stage,run}
legacy189-client-smoke.py: error: --guard-jar and --guard-sha256 must be supplied together

### 1.8.9 bukkit-missing-hash stdout bytes=0 sha256=e3b0c44298fc1c149afbf4c8996fb92427ae41e4649b934ca495991b7852b855

### 1.8.9 bukkit-missing-hash stderr bytes=665 sha256=6ae6b7ab4e0762451215e5e7b3c2534d346982b06db2591dc620cd4de5f0605e
usage: legacy189-client-smoke.py [-h] [--run-name RUN_NAME]
                                 [--server-kind {forge,bukkit}]
                                 [--video-preset {vanilla,vbo}]
                                 [--forge-splash {default,disabled}]
                                 [--guard-jar GUARD_JAR]
                                 [--guard-sha256 GUARD_SHA256]
                                 [--bukkit-jar BUKKIT_JAR]
                                 [--bukkit-sha256 BUKKIT_SHA256]
                                 {prepare,install,stage,run}
legacy189-client-smoke.py: error: --bukkit-jar and --bukkit-sha256 must be supplied together

### 1.8.9 bukkit-missing-file stdout bytes=0 sha256=e3b0c44298fc1c149afbf4c8996fb92427ae41e4649b934ca495991b7852b855

### 1.8.9 bukkit-missing-file stderr bytes=665 sha256=6ae6b7ab4e0762451215e5e7b3c2534d346982b06db2591dc620cd4de5f0605e
usage: legacy189-client-smoke.py [-h] [--run-name RUN_NAME]
                                 [--server-kind {forge,bukkit}]
                                 [--video-preset {vanilla,vbo}]
                                 [--forge-splash {default,disabled}]
                                 [--guard-jar GUARD_JAR]
                                 [--guard-sha256 GUARD_SHA256]
                                 [--bukkit-jar BUKKIT_JAR]
                                 [--bukkit-sha256 BUKKIT_SHA256]
                                 {prepare,install,stage,run}
legacy189-client-smoke.py: error: --bukkit-jar and --bukkit-sha256 must be supplied together

### 1.8.9 guard-invalid-hash stdout bytes=0 sha256=e3b0c44298fc1c149afbf4c8996fb92427ae41e4649b934ca495991b7852b855

### 1.8.9 guard-invalid-hash stderr bytes=668 sha256=b4c2f447f2f95411dd63000d616075aed0787e6f2a749e463de8d130111aa714
usage: legacy189-client-smoke.py [-h] [--run-name RUN_NAME]
                                 [--server-kind {forge,bukkit}]
                                 [--video-preset {vanilla,vbo}]
                                 [--forge-splash {default,disabled}]
                                 [--guard-jar GUARD_JAR]
                                 [--guard-sha256 GUARD_SHA256]
                                 [--bukkit-jar BUKKIT_JAR]
                                 [--bukkit-sha256 BUKKIT_SHA256]
                                 {prepare,install,stage,run}
legacy189-client-smoke.py: error: --guard-sha256 must contain exactly 64 hexadecimal characters

### 1.8.9 bukkit-short-hash stdout bytes=0 sha256=e3b0c44298fc1c149afbf4c8996fb92427ae41e4649b934ca495991b7852b855

### 1.8.9 bukkit-short-hash stderr bytes=669 sha256=094d65b652fe4c4f02fbc9f30cfda6ffde9ebd43daf1c4606e2669ddba4e3f73
usage: legacy189-client-smoke.py [-h] [--run-name RUN_NAME]
                                 [--server-kind {forge,bukkit}]
                                 [--video-preset {vanilla,vbo}]
                                 [--forge-splash {default,disabled}]
                                 [--guard-jar GUARD_JAR]
                                 [--guard-sha256 GUARD_SHA256]
                                 [--bukkit-jar BUKKIT_JAR]
                                 [--bukkit-sha256 BUKKIT_SHA256]
                                 {prepare,install,stage,run}
legacy189-client-smoke.py: error: --bukkit-sha256 must contain exactly 64 hexadecimal characters

### 1.8.9 guard-hash-mismatch stdout bytes=0 sha256=e3b0c44298fc1c149afbf4c8996fb92427ae41e4649b934ca495991b7852b855

### 1.8.9 guard-hash-mismatch stderr bytes=637 sha256=87e9abb2e36d113286f6cc48f8e32e84062e4200be2406e63bd2eeb202c0e348
usage: legacy189-client-smoke.py [-h] [--run-name RUN_NAME]
                                 [--server-kind {forge,bukkit}]
                                 [--video-preset {vanilla,vbo}]
                                 [--forge-splash {default,disabled}]
                                 [--guard-jar GUARD_JAR]
                                 [--guard-sha256 GUARD_SHA256]
                                 [--bukkit-jar BUKKIT_JAR]
                                 [--bukkit-sha256 BUKKIT_SHA256]
                                 {prepare,install,stage,run}
legacy189-client-smoke.py: error: --guard-jar file/hash mismatch

### 1.8.9 bukkit-hash-mismatch stdout bytes=0 sha256=e3b0c44298fc1c149afbf4c8996fb92427ae41e4649b934ca495991b7852b855

### 1.8.9 bukkit-hash-mismatch stderr bytes=638 sha256=7fc0fa4e16bd1a5e02eaa762a42449ab296b479c71863b50b123029aad59983f
usage: legacy189-client-smoke.py [-h] [--run-name RUN_NAME]
                                 [--server-kind {forge,bukkit}]
                                 [--video-preset {vanilla,vbo}]
                                 [--forge-splash {default,disabled}]
                                 [--guard-jar GUARD_JAR]
                                 [--guard-sha256 GUARD_SHA256]
                                 [--bukkit-jar BUKKIT_JAR]
                                 [--bukkit-sha256 BUKKIT_SHA256]
                                 {prepare,install,stage,run}
legacy189-client-smoke.py: error: --bukkit-jar file/hash mismatch

### 1.8.9 guard-nonexistent stdout bytes=0 sha256=e3b0c44298fc1c149afbf4c8996fb92427ae41e4649b934ca495991b7852b855

### 1.8.9 guard-nonexistent stderr bytes=652 sha256=3c5f9e1b96ac5866d7e4d57d3fe40d0d99bf2242c16b46ce918a4ec2e9ab20fa
usage: legacy189-client-smoke.py [-h] [--run-name RUN_NAME]
                                 [--server-kind {forge,bukkit}]
                                 [--video-preset {vanilla,vbo}]
                                 [--forge-splash {default,disabled}]
                                 [--guard-jar GUARD_JAR]
                                 [--guard-sha256 GUARD_SHA256]
                                 [--bukkit-jar BUKKIT_JAR]
                                 [--bukkit-sha256 BUKKIT_SHA256]
                                 {prepare,install,stage,run}
legacy189-client-smoke.py: error: --guard-jar must be an existing readable file

### 1.8.9 bukkit-directory stdout bytes=0 sha256=e3b0c44298fc1c149afbf4c8996fb92427ae41e4649b934ca495991b7852b855

### 1.8.9 bukkit-directory stderr bytes=638 sha256=7fc0fa4e16bd1a5e02eaa762a42449ab296b479c71863b50b123029aad59983f
usage: legacy189-client-smoke.py [-h] [--run-name RUN_NAME]
                                 [--server-kind {forge,bukkit}]
                                 [--video-preset {vanilla,vbo}]
                                 [--forge-splash {default,disabled}]
                                 [--guard-jar GUARD_JAR]
                                 [--guard-sha256 GUARD_SHA256]
                                 [--bukkit-jar BUKKIT_JAR]
                                 [--bukkit-sha256 BUKKIT_SHA256]
                                 {prepare,install,stage,run}
legacy189-client-smoke.py: error: --bukkit-jar file/hash mismatch

### 1.8.9 prepare-rejects-overrides stdout bytes=0 sha256=e3b0c44298fc1c149afbf4c8996fb92427ae41e4649b934ca495991b7852b855

### 1.8.9 prepare-rejects-overrides stderr bytes=703 sha256=1b87358957c6e01f866b0445693db01bfd907126a06829dd536c4b35c66f2909
usage: legacy189-client-smoke.py [-h] [--run-name RUN_NAME]
                                 [--server-kind {forge,bukkit}]
                                 [--video-preset {vanilla,vbo}]
                                 [--forge-splash {default,disabled}]
                                 [--guard-jar GUARD_JAR]
                                 [--guard-sha256 GUARD_SHA256]
                                 [--bukkit-jar BUKKIT_JAR]
                                 [--bukkit-sha256 BUKKIT_SHA256]
                                 {prepare,install,stage,run}
legacy189-client-smoke.py: error: Candidate JAR overrides are allowed only for run/stage; prepare/install retain historical inputs

### 1.8.9 install-rejects-overrides stdout bytes=0 sha256=e3b0c44298fc1c149afbf4c8996fb92427ae41e4649b934ca495991b7852b855

### 1.8.9 install-rejects-overrides stderr bytes=703 sha256=1b87358957c6e01f866b0445693db01bfd907126a06829dd536c4b35c66f2909
usage: legacy189-client-smoke.py [-h] [--run-name RUN_NAME]
                                 [--server-kind {forge,bukkit}]
                                 [--video-preset {vanilla,vbo}]
                                 [--forge-splash {default,disabled}]
                                 [--guard-jar GUARD_JAR]
                                 [--guard-sha256 GUARD_SHA256]
                                 [--bukkit-jar BUKKIT_JAR]
                                 [--bukkit-sha256 BUKKIT_SHA256]
                                 {prepare,install,stage,run}
legacy189-client-smoke.py: error: Candidate JAR overrides are allowed only for run/stage; prepare/install retain historical inputs

### 1.8.9 run-traversal stdout bytes=0 sha256=e3b0c44298fc1c149afbf4c8996fb92427ae41e4649b934ca495991b7852b855

### 1.8.9 run-traversal stderr bytes=656 sha256=ca3d65ee0a438ffc169fa3a5615c484d94a82f43e01d5a5dbfd935c80e2d9dd9
usage: legacy189-client-smoke.py [-h] [--run-name RUN_NAME]
                                 [--server-kind {forge,bukkit}]
                                 [--video-preset {vanilla,vbo}]
                                 [--forge-splash {default,disabled}]
                                 [--guard-jar GUARD_JAR]
                                 [--guard-sha256 GUARD_SHA256]
                                 [--bukkit-jar BUKKIT_JAR]
                                 [--bukkit-sha256 BUKKIT_SHA256]
                                 {prepare,install,stage,run}
legacy189-client-smoke.py: error: Run name must be a simple non-reserved child name

### 1.8.9 run-backslash-traversal stdout bytes=0 sha256=e3b0c44298fc1c149afbf4c8996fb92427ae41e4649b934ca495991b7852b855

### 1.8.9 run-backslash-traversal stderr bytes=656 sha256=ca3d65ee0a438ffc169fa3a5615c484d94a82f43e01d5a5dbfd935c80e2d9dd9
usage: legacy189-client-smoke.py [-h] [--run-name RUN_NAME]
                                 [--server-kind {forge,bukkit}]
                                 [--video-preset {vanilla,vbo}]
                                 [--forge-splash {default,disabled}]
                                 [--guard-jar GUARD_JAR]
                                 [--guard-sha256 GUARD_SHA256]
                                 [--bukkit-jar BUKKIT_JAR]
                                 [--bukkit-sha256 BUKKIT_SHA256]
                                 {prepare,install,stage,run}
legacy189-client-smoke.py: error: Run name must be a simple non-reserved child name

### 1.8.9 run-reserved stdout bytes=0 sha256=e3b0c44298fc1c149afbf4c8996fb92427ae41e4649b934ca495991b7852b855

### 1.8.9 run-reserved stderr bytes=656 sha256=ca3d65ee0a438ffc169fa3a5615c484d94a82f43e01d5a5dbfd935c80e2d9dd9
usage: legacy189-client-smoke.py [-h] [--run-name RUN_NAME]
                                 [--server-kind {forge,bukkit}]
                                 [--video-preset {vanilla,vbo}]
                                 [--forge-splash {default,disabled}]
                                 [--guard-jar GUARD_JAR]
                                 [--guard-sha256 GUARD_SHA256]
                                 [--bukkit-jar BUKKIT_JAR]
                                 [--bukkit-sha256 BUKKIT_SHA256]
                                 {prepare,install,stage,run}
legacy189-client-smoke.py: error: Run name must be a simple non-reserved child name

### 1.8.9 run-trailing-dot stdout bytes=0 sha256=e3b0c44298fc1c149afbf4c8996fb92427ae41e4649b934ca495991b7852b855

### 1.8.9 run-trailing-dot stderr bytes=656 sha256=ca3d65ee0a438ffc169fa3a5615c484d94a82f43e01d5a5dbfd935c80e2d9dd9
usage: legacy189-client-smoke.py [-h] [--run-name RUN_NAME]
                                 [--server-kind {forge,bukkit}]
                                 [--video-preset {vanilla,vbo}]
                                 [--forge-splash {default,disabled}]
                                 [--guard-jar GUARD_JAR]
                                 [--guard-sha256 GUARD_SHA256]
                                 [--bukkit-jar BUKKIT_JAR]
                                 [--bukkit-sha256 BUKKIT_SHA256]
                                 {prepare,install,stage,run}
legacy189-client-smoke.py: error: Run name must be a simple non-reserved child name

### 1.8.9 run-existing-defaults stdout bytes=0 sha256=e3b0c44298fc1c149afbf4c8996fb92427ae41e4649b934ca495991b7852b855

### 1.8.9 run-existing-defaults stderr bytes=672 sha256=4898a9bdbebb6030c83c9699c812b70a8c13724ea23f5f7179040c7b68cedd8f
usage: legacy189-client-smoke.py [-h] [--run-name RUN_NAME]
                                 [--server-kind {forge,bukkit}]
                                 [--video-preset {vanilla,vbo}]
                                 [--forge-splash {default,disabled}]
                                 [--guard-jar GUARD_JAR]
                                 [--guard-sha256 GUARD_SHA256]
                                 [--bukkit-jar BUKKIT_JAR]
                                 [--bukkit-sha256 BUKKIT_SHA256]
                                 {prepare,install,stage,run}
legacy189-client-smoke.py: error: Run directory already exists or escapes cache; use a new run name

### 1.8.9 run-existing-valid-both stdout bytes=0 sha256=e3b0c44298fc1c149afbf4c8996fb92427ae41e4649b934ca495991b7852b855

### 1.8.9 run-existing-valid-both stderr bytes=672 sha256=4898a9bdbebb6030c83c9699c812b70a8c13724ea23f5f7179040c7b68cedd8f
usage: legacy189-client-smoke.py [-h] [--run-name RUN_NAME]
                                 [--server-kind {forge,bukkit}]
                                 [--video-preset {vanilla,vbo}]
                                 [--forge-splash {default,disabled}]
                                 [--guard-jar GUARD_JAR]
                                 [--guard-sha256 GUARD_SHA256]
                                 [--bukkit-jar BUKKIT_JAR]
                                 [--bukkit-sha256 BUKKIT_SHA256]
                                 {prepare,install,stage,run}
legacy189-client-smoke.py: error: Run directory already exists or escapes cache; use a new run name

### 1.8.9 run-existing-uppercase-hash stdout bytes=0 sha256=e3b0c44298fc1c149afbf4c8996fb92427ae41e4649b934ca495991b7852b855

### 1.8.9 run-existing-uppercase-hash stderr bytes=672 sha256=4898a9bdbebb6030c83c9699c812b70a8c13724ea23f5f7179040c7b68cedd8f
usage: legacy189-client-smoke.py [-h] [--run-name RUN_NAME]
                                 [--server-kind {forge,bukkit}]
                                 [--video-preset {vanilla,vbo}]
                                 [--forge-splash {default,disabled}]
                                 [--guard-jar GUARD_JAR]
                                 [--guard-sha256 GUARD_SHA256]
                                 [--bukkit-jar BUKKIT_JAR]
                                 [--bukkit-sha256 BUKKIT_SHA256]
                                 {prepare,install,stage,run}
legacy189-client-smoke.py: error: Run directory already exists or escapes cache; use a new run name

### 1.8.9 stage-traversal stdout bytes=0 sha256=e3b0c44298fc1c149afbf4c8996fb92427ae41e4649b934ca495991b7852b855

### 1.8.9 stage-traversal stderr bytes=656 sha256=ca3d65ee0a438ffc169fa3a5615c484d94a82f43e01d5a5dbfd935c80e2d9dd9
usage: legacy189-client-smoke.py [-h] [--run-name RUN_NAME]
                                 [--server-kind {forge,bukkit}]
                                 [--video-preset {vanilla,vbo}]
                                 [--forge-splash {default,disabled}]
                                 [--guard-jar GUARD_JAR]
                                 [--guard-sha256 GUARD_SHA256]
                                 [--bukkit-jar BUKKIT_JAR]
                                 [--bukkit-sha256 BUKKIT_SHA256]
                                 {prepare,install,stage,run}
legacy189-client-smoke.py: error: Run name must be a simple non-reserved child name

### 1.8.9 stage-invalid-hash stdout bytes=0 sha256=e3b0c44298fc1c149afbf4c8996fb92427ae41e4649b934ca495991b7852b855

### 1.8.9 stage-invalid-hash stderr bytes=637 sha256=87e9abb2e36d113286f6cc48f8e32e84062e4200be2406e63bd2eeb202c0e348
usage: legacy189-client-smoke.py [-h] [--run-name RUN_NAME]
                                 [--server-kind {forge,bukkit}]
                                 [--video-preset {vanilla,vbo}]
                                 [--forge-splash {default,disabled}]
                                 [--guard-jar GUARD_JAR]
                                 [--guard-sha256 GUARD_SHA256]
                                 [--bukkit-jar BUKKIT_JAR]
                                 [--bukkit-sha256 BUKKIT_SHA256]
                                 {prepare,install,stage,run}
legacy189-client-smoke.py: error: --guard-jar file/hash mismatch

