Starting net.fabricmc.loader.impl.game.minecraft.BundlerClassPathCapture
[20:22:40] [main/INFO]: Loading Minecraft 1.18.2 with Fabric Loader 0.16.14
[20:22:40] [main/INFO]: Loading 40 mods:
	- fabric-api 0.77.0+1.18.2
	   |-- fabric-api-base 0.4.5+64b7c69360
	   |-- fabric-api-lookup-api-v1 1.6.3+2373a54560
	   |-- fabric-biome-api-v1 8.0.7+e83becad60
	   |-- fabric-block-api-v1 1.0.0+ee3621fc60
	   |-- fabric-blockrenderlayer-v1 1.1.13+3ac43d9560
	   |-- fabric-command-api-v1 1.1.10+d7c144a860
	   |-- fabric-commands-v0 0.2.9+b4f4f6cd60
	   |-- fabric-containers-v0 0.1.24+d7c144a860
	   |-- fabric-content-registries-v0 3.1.3+c85f2e3860
	   |-- fabric-convention-tags-v1 1.1.0+43ce63a460
	   |-- fabric-crash-report-info-v1 0.2.1+ee261a3e60
	   |-- fabric-data-generation-api-v1 3.1.0+6c70b68e60
	   |-- fabric-dimensions-v1 2.1.21+489d6f8260
	   |-- fabric-entity-events-v1 1.4.9+d7c144a860
	   |-- fabric-events-interaction-v0 0.4.20+d7c144a860
	   |-- fabric-events-lifecycle-v0 0.2.22+d7c144a860
	   |-- fabric-game-rule-api-v1 1.0.13+d7c144a860
	   |-- fabric-item-api-v1 1.6.2+8165403660
	   |-- fabric-item-groups-v0 0.3.16+91896a4960
	   |-- fabric-key-binding-api-v1 1.0.12+54e5b2ec60
	   |-- fabric-keybindings-v0 0.2.10+b4f4f6cd60
	   |-- fabric-lifecycle-events-v1 2.1.1+cc71601c60
	   |-- fabric-loot-api-v2 1.1.2+1997ad1260
	   |-- fabric-loot-tables-v1 1.1.4+e747827960
	   |-- fabric-mining-level-api-v1 2.1.6+cc71601c60
	   |-- fabric-models-v0 0.3.7+d7c144a860
	   |-- fabric-networking-api-v1 1.0.24+2d30af4b60
	   |-- fabric-networking-v0 0.3.11+b4f4f6cd60
	   |-- fabric-object-builder-api-v1 2.1.5+032c981d60
	   |-- fabric-particles-v1 0.2.13+526dc1ac60
	   |-- fabric-registry-sync-v0 0.9.12+bb2e047760
	   |-- fabric-renderer-api-v1 0.5.0+bf48649860
	   |-- fabric-renderer-indigo 0.6.1+03e2b68760
	   |-- fabric-renderer-registries-v1 3.2.13+b4f4f6cd60
	   |-- fabric-rendering-data-attachment-v1 0.3.9+ee3621fc60
	   |-- fabric-rendering-fluids-v1 2.0.3+54e5b2ec60
	   |-- fabric-rendering-v0 1.1.15+b4f4f6cd60
	   |-- fabric-rendering-v1 1.11.0+b7f3cf3460
	   |-- fabric-resource-conditions-api-v1 2.0.3+91b7aa6660
	   |-- fabric-resource-loader-v0 0.5.3+047a5ecb60
	   |-- fabric-screen-api-v1 1.0.11+d882b91560
	   |-- fabric-screen-handler-api-v1 1.2.3+1f6558e860
	   |-- fabric-textures-v0 1.0.13+3ac43d9560
	   |-- fabric-transfer-api-v1 1.6.4+f4563ac860
	   \-- fabric-transitive-access-wideners-v1 1.1.0+e747827960
	- fabricloader 0.16.14
	   \-- mixinextras 0.4.1
	- java 17
	- minecraft 1.18.2
	- qizhangverdict 0.2.0-test.1
[20:22:40] [main/INFO]: SpongePowered MIXIN Subsystem Version=0.8.7 Source=file:/E:/CodexTemp/QiZhangVerdict/release-0.2.0-test.1/client-runs/fabric-1.18.2-01/fabric-1.18.2/run-01/server/libraries/net/fabricmc/sponge-mixin/0.15.5+mixin.0.8.7/sponge-mixin-0.15.5+mixin.0.8.7.jar Service=Knot/Fabric Env=SERVER
/********************************************************************************************************************************************************************************************************************************************************************/
/*                                                                                                         SpongePowered MIXIN (Verbose debugging enabled)                                                                                                          */
/********************************************************************************************************************************************************************************************************************************************************************/
/*                                         Code source : file:/E:/CodexTemp/QiZhangVerdict/release-0.2.0-test.1/client-runs/fabric-1.18.2-01/fabric-1.18.2/run-01/server/libraries/net/fabricmc/sponge-mixin/0.15.5+mixin.0.8.7/sponge-mixin-0.15.5+mixin.0.8.7.jar */
/*                                    Internal Version : 0.8.7                                                                                                                                                                                                      */
/*                                        Java Version : 17.0 (supports compatibility 6-17)                                                                                                                                                                         */
/*                         Default Compatibility Level : JAVA_8                                                                                                                                                                                                     */
/*                   Max Effective Compatibility Level : JAVA_13                                                                                                                                                                                                    */
/*                                Detected ASM Version : ASM 9.8 (ASM10_EXPERIMENTAL)                                                                                                                                                                               */
/*                          Detected ASM Supports Java : Up to Java 25 (class file version 69.0)                                                                                                                                                                    */
/********************************************************************************************************************************************************************************************************************************************************************/
/*                                        Service Name : Knot/Fabric                                                                                                                                                                                                */
/*                                 Mixin Service Class : net.fabricmc.loader.impl.launch.knot.MixinServiceKnot                                                                                                                                                      */
/*                       Global Property Service Class : net.fabricmc.loader.impl.launch.knot.FabricGlobalPropertyService                                                                                                                                           */
/*                                 Logger Adapter Type : Fabric Mixin Logger                                                                                                                                                                                        */
/********************************************************************************************************************************************************************************************************************************************************************/
/*                                         mixin.debug : <false>                                                                                                                                                                                                    */
/*                                  mixin.debug.export : - <true>                                                                                                                                                                                                   */
/*                           mixin.debug.export.filter : - - <null>                                                                                                                                                                                                 */
/*                        mixin.debug.export.decompile : - - <true>                                                                                                                                                                                                 */
/*                  mixin.debug.export.decompile.async : - - - <true>                                                                                                                                                                                               */
/* mixin.debug.export.decompile.mergeGenericSignatures : - - - <true>                                                                                                                                                                                               */
/*                                  mixin.debug.verify : - <false>                                                                                                                                                                                                  */
/*                                 mixin.debug.verbose : - <true>                                                                                                                                                                                                   */
/*                         mixin.debug.countInjections : - <true>                                                                                                                                                                                                   */
/*                                  mixin.debug.strict : - <false>                                                                                                                                                                                                  */
/*                           mixin.debug.strict.unique : - - <false>                                                                                                                                                                                                */
/*                          mixin.debug.strict.targets : - - <false>                                                                                                                                                                                                */
/*                                mixin.debug.profiler : - <false>                                                                                                                                                                                                  */
/*                           mixin.dumpTargetOnFailure : <false>                                                                                                                                                                                                    */
/*                                        mixin.checks : <false>                                                                                                                                                                                                    */
/*                             mixin.checks.interfaces : - <false>                                                                                                                                                                                                  */
/*                      mixin.checks.interfaces.strict : - - <false>                                                                                                                                                                                                */
/*                             mixin.ignoreConstraints : <false>                                                                                                                                                                                                    */
/*                                       mixin.hotSwap : <false>                                                                                                                                                                                                    */
/*                                       mixin.env.obf : - <false>                                                                                                                                                                                                  */
/*                             mixin.env.disableRefMap : - <false>                                                                                                                                                                                                  */
/*                               mixin.env.remapRefMap : - <false>                                                                                                                                                                                                  */
/*                       mixin.env.refMapRemappingFile : - <>                                                                                                                                                                                                       */
/*                        mixin.env.refMapRemappingEnv : - <searge>                                                                                                                                                                                                 */
/*                      mixin.env.allowPermissiveMatch : - <false>                                                                                                                                                                                                  */
/*                            mixin.env.ignoreRequired : - <false>                                                                                                                                                                                                  */
/*                               mixin.env.compatLevel : - <false>                                                                                                                                                                                                  */
/*                          mixin.env.shiftByViolation : - <warn>                                                                                                                                                                                                   */
/*                      mixin.initialiserInjectionMode : <default>                                                                                                                                                                                                  */
/*               mixin.tunable.classReaderExpandFrames : - <false>                                                                                                                                                                                                  */
/********************************************************************************************************************************************************************************************************************************************************************/
/*                                    UNSAFE_INJECTION : available=<true> enabled=<true>                                                                                                                                                                            */
/*                       INJECTORS_IN_INTERFACE_MIXINS : available=<true> enabled=<true>                                                                                                                                                                            */
/********************************************************************************************************************************************************************************************************************************************************************/
/*                                       Detected Side : SERVER                                                                                                                                                                                                     */
/********************************************************************************************************************************************************************************************************************************************************************/
[20:22:40] [main/INFO]: Attempting to load Fernflower decompiler (Threaded mode)
[20:22:40] [main/INFO]: Fernflower could not be loaded, exported classes will not be decompiled. NoClassDefFoundError: org/jetbrains/java/decompiler/main/extern/IResultSaver
[20:22:41] [main/WARN]: Compatibility level JAVA_16 specified by fabric-api-lookup-api-v1.mixins.json is higher than the maximum level supported by this version of mixin (JAVA_13).
[20:22:41] [main/INFO]: Compatibility level set to JAVA_16
[20:22:41] [main/WARN]: Compatibility level JAVA_17 specified by fabric-block-api-v1.mixins.json is higher than the maximum level supported by this version of mixin (JAVA_13).
[20:22:41] [main/INFO]: Compatibility level set to JAVA_17
[20:22:41] [main/WARN]: Compatibility level JAVA_16 specified by fabric-command-api-v1.mixins.json is higher than the maximum level supported by this version of mixin (JAVA_13).
[20:22:41] [main/WARN]: Compatibility level JAVA_16 specified by fabric-containers-v0.mixins.json is higher than the maximum level supported by this version of mixin (JAVA_13).
[20:22:41] [main/WARN]: Compatibility level JAVA_16 specified by fabric-containers-v0.accurate.mixins.json is higher than the maximum level supported by this version of mixin (JAVA_13).
[20:22:41] [main/WARN]: Compatibility level JAVA_16 specified by fabric-content-registries-v0.mixins.json is higher than the maximum level supported by this version of mixin (JAVA_13).
[20:22:41] [main/WARN]: Compatibility level JAVA_16 specified by fabric-crash-report-info-v1.mixins.json is higher than the maximum level supported by this version of mixin (JAVA_13).
[20:22:41] [main/WARN]: Compatibility level JAVA_16 specified by fabric-data-generation-api-v1.mixins.json is higher than the maximum level supported by this version of mixin (JAVA_13).
[20:22:41] [main/WARN]: Compatibility level JAVA_16 specified by fabric-dimensions-v1.mixins.json is higher than the maximum level supported by this version of mixin (JAVA_13).
[20:22:41] [main/WARN]: Compatibility level JAVA_16 specified by fabric-entity-events-v1.mixins.json is higher than the maximum level supported by this version of mixin (JAVA_13).
[20:22:41] [main/WARN]: Compatibility level JAVA_16 specified by fabric-events-interaction-v0.mixins.json is higher than the maximum level supported by this version of mixin (JAVA_13).
[20:22:41] [main/WARN]: Compatibility level JAVA_16 specified by fabric-game-rule-api-v1.mixins.json is higher than the maximum level supported by this version of mixin (JAVA_13).
[20:22:41] [main/WARN]: Compatibility level JAVA_16 specified by fabric-item-api-v1.mixins.json is higher than the maximum level supported by this version of mixin (JAVA_13).
[20:22:41] [main/WARN]: Compatibility level JAVA_16 specified by fabric-item-groups-v0.mixins.json is higher than the maximum level supported by this version of mixin (JAVA_13).
[20:22:41] [main/WARN]: Compatibility level JAVA_16 specified by fabric-lifecycle-events-v1.mixins.json is higher than the maximum level supported by this version of mixin (JAVA_13).
[20:22:41] [main/WARN]: Compatibility level JAVA_16 specified by fabric-loot-tables-v1.mixins.json is higher than the maximum level supported by this version of mixin (JAVA_13).
[20:22:41] [main/WARN]: Compatibility level JAVA_16 specified by fabric-mining-level-api-v1.mixins.json is higher than the maximum level supported by this version of mixin (JAVA_13).
[20:22:41] [main/WARN]: Compatibility level JAVA_16 specified by fabric-networking-api-v1.mixins.json is higher than the maximum level supported by this version of mixin (JAVA_13).
[20:22:41] [main/WARN]: Compatibility level JAVA_16 specified by fabric-object-builder-v1.mixins.json is higher than the maximum level supported by this version of mixin (JAVA_13).
[20:22:41] [main/WARN]: Compatibility level JAVA_16 specified by fabric-particles-v1.mixins.json is higher than the maximum level supported by this version of mixin (JAVA_13).
[20:22:41] [main/WARN]: Compatibility level JAVA_16 specified by fabric-registry-sync-v0.mixins.json is higher than the maximum level supported by this version of mixin (JAVA_13).
[20:22:41] [main/WARN]: Compatibility level JAVA_16 specified by fabric-rendering-data-attachment-v1.mixins.json is higher than the maximum level supported by this version of mixin (JAVA_13).
[20:22:41] [main/WARN]: Compatibility level JAVA_16 specified by fabric-rendering-fluids-v1.mixins.json is higher than the maximum level supported by this version of mixin (JAVA_13).
[20:22:41] [main/WARN]: Compatibility level JAVA_16 specified by fabric-resource-conditions-api-v1.mixins.json is higher than the maximum level supported by this version of mixin (JAVA_13).
[20:22:41] [main/WARN]: Compatibility level JAVA_16 specified by fabric-resource-loader-v0.mixins.json is higher than the maximum level supported by this version of mixin (JAVA_13).
[20:22:41] [main/WARN]: Compatibility level JAVA_16 specified by fabric-screen-handler-api-v1.mixins.json is higher than the maximum level supported by this version of mixin (JAVA_13).
[20:22:41] [main/WARN]: Compatibility level JAVA_16 specified by fabric-transfer-api-v1.mixins.json is higher than the maximum level supported by this version of mixin (JAVA_13).
[20:22:41] [main/INFO]: Preparing mixins for MixinEnvironment[DEFAULT]
[20:22:41] [main/INFO]: Selecting config fabric-api-lookup-api-v1.mixins.json
[20:22:41] [main/INFO]: Selecting config fabric-biome-api-v1.mixins.json
[20:22:41] [main/INFO]: Selecting config fabric-block-api-v1.mixins.json
[20:22:41] [main/INFO]: Selecting config fabric-command-api-v1.mixins.json
[20:22:41] [main/INFO]: Selecting config fabric-containers-v0.mixins.json
[20:22:41] [main/INFO]: Selecting config fabric-containers-v0.accurate.mixins.json
[20:22:41] [main/INFO]: Selecting config fabric-content-registries-v0.mixins.json
[20:22:41] [main/INFO]: Selecting config fabric-crash-report-info-v1.mixins.json
[20:22:41] [main/INFO]: Selecting config fabric-data-generation-api-v1.mixins.json
[20:22:41] [main/INFO]: Selecting config fabric-dimensions-v1.mixins.json
[20:22:41] [main/INFO]: Selecting config fabric-entity-events-v1.mixins.json
[20:22:41] [main/INFO]: Selecting config fabric-events-interaction-v0.mixins.json
[20:22:41] [main/INFO]: Selecting config fabric-game-rule-api-v1.mixins.json
[20:22:41] [main/INFO]: Selecting config fabric-item-api-v1.mixins.json
[20:22:41] [main/INFO]: Selecting config fabric-item-groups-v0.mixins.json
[20:22:41] [main/INFO]: Selecting config fabric-lifecycle-events-v1.mixins.json
[20:22:41] [main/INFO]: Selecting config fabric-loot-api-v2.mixins.json
[20:22:41] [main/INFO]: Selecting config fabric-loot-tables-v1.mixins.json
[20:22:41] [main/INFO]: Selecting config fabric-mining-level-api-v1.mixins.json
[20:22:41] [main/INFO]: Selecting config fabric-networking-api-v1.mixins.json
[20:22:41] [main/INFO]: Selecting config fabric-object-builder-v1.mixins.json
[20:22:41] [main/INFO]: Selecting config fabric-particles-v1.mixins.json
[20:22:41] [main/INFO]: Selecting config fabric-registry-sync-v0.mixins.json
[20:22:41] [main/INFO]: Selecting config fabric-rendering-data-attachment-v1.mixins.json
[20:22:41] [main/INFO]: Selecting config fabric-rendering-fluids-v1.mixins.json
[20:22:41] [main/INFO]: Selecting config fabric-resource-conditions-api-v1.mixins.json
[20:22:41] [main/INFO]: Selecting config fabric-resource-loader-v0.mixins.json
[20:22:41] [main/INFO]: Selecting config fabric-screen-handler-api-v1.mixins.json
[20:22:41] [main/INFO]: Selecting config fabric-transfer-api-v1.mixins.json
[20:22:41] [main/INFO]: Selecting config mixinextras.init.mixins.json
[20:22:41] [main/INFO]: Selecting config qizhangverdict.mixins.json
[20:22:41] [main/INFO]: Preparing fabric-api-lookup-api-v1.mixins.json (2)
[20:22:41] [main/INFO]: Preparing fabric-biome-api-v1.mixins.json (6)
[20:22:41] [main/INFO]: Preparing fabric-block-api-v1.mixins.json (2)
[20:22:41] [main/INFO]: Preparing fabric-command-api-v1.mixins.json (6)
[20:22:41] [main/INFO]: Preparing fabric-containers-v0.mixins.json (1)
[20:22:41] [main/INFO]: Preparing fabric-containers-v0.accurate.mixins.json (1)
[20:22:41] [main/INFO]: Preparing fabric-content-registries-v0.mixins.json (12)
[20:22:41] [main/INFO]: Preparing fabric-crash-report-info-v1.mixins.json (1)
[20:22:41] [main/INFO]: Preparing fabric-data-generation-api-v1.mixins.json (6)
[20:22:41] [main/INFO]: Preparing fabric-dimensions-v1.mixins.json (4)
[20:22:41] [main/INFO]: Preparing fabric-entity-events-v1.mixins.json (10)
[20:22:41] [main/INFO]: Preparing fabric-events-interaction-v0.mixins.json (5)
[20:22:41] [main/INFO]: Preparing fabric-game-rule-api-v1.mixins.json (9)
[20:22:41] [main/INFO]: Preparing fabric-item-api-v1.mixins.json (10)
[20:22:41] [main/INFO]: Preparing fabric-item-groups-v0.mixins.json (3)
[20:22:41] [main/INFO]: Preparing fabric-lifecycle-events-v1.mixins.json (14)
[20:22:41] [main/INFO]: Preparing fabric-loot-api-v2.mixins.json (5)
[20:22:41] [main/INFO]: Preparing fabric-loot-tables-v1.mixins.json (2)
[20:22:41] [main/INFO]: Preparing fabric-mining-level-api-v1.mixins.json (3)
[20:22:41] [main/INFO]: Preparing fabric-networking-api-v1.mixins.json (14)
[20:22:41] [main/INFO]: Preparing fabric-object-builder-v1.mixins.json (14)
[20:22:41] [main/INFO]: Preparing fabric-particles-v1.mixins.json (3)
[20:22:41] [main/INFO]: Preparing fabric-registry-sync-v0.mixins.json (18)
[20:22:41] [main/INFO]: Preparing fabric-rendering-data-attachment-v1.mixins.json (4)
[20:22:41] [main/INFO]: Preparing fabric-rendering-fluids-v1.mixins.json (1)
[20:22:41] [main/INFO]: Preparing fabric-resource-conditions-api-v1.mixins.json (4)
[20:22:41] [main/INFO]: Preparing fabric-resource-loader-v0.mixins.json (22)
[20:22:41] [main/INFO]: Preparing fabric-screen-handler-api-v1.mixins.json (1)
[20:22:41] [main/INFO]: Preparing fabric-transfer-api-v1.mixins.json (10)
[20:22:41] [main/INFO]: Preparing mixinextras.init.mixins.json (0)
[20:22:41] [main/INFO]: Preparing qizhangverdict.mixins.json (1)
[20:22:41] [main/INFO]: Prepared 150 mixins in 0.309 sec (2.1ms avg) (0ms load, 0ms transform, 0ms plugin)
[20:22:41] [main/INFO]: Initializing MixinExtras via com.llamalad7.mixinextras.service.MixinExtrasServiceImpl(version=0.4.1).
[20:22:41] [main/INFO]: Mixing server.MainMixin from fabric-data-generation-api-v1.mixins.json into net.minecraft.server.Main
[20:22:41] [main/WARN]: fabric-data-generation-api-v1.mixins.json:server.MainMixin from mod fabric-data-generation-api-v1: Class version 61 required is higher than the class version supported by the current version of Mixin (JAVA_16 supports class version 60)
[20:22:41] [main/INFO]: Mixing ServerBugfixMixin from fabric-dimensions-v1.mixins.json into net.minecraft.server.Main
[20:22:41] [main/WARN]: fabric-dimensions-v1.mixins.json:ServerBugfixMixin from mod fabric-dimensions-v1: Class version 61 required is higher than the class version supported by the current version of Mixin (JAVA_16 supports class version 60)
[20:22:41] [main/INFO]: Mixing MainMixin from fabric-resource-loader-v0.mixins.json into net.minecraft.server.Main
[20:22:41] [main/WARN]: fabric-resource-loader-v0.mixins.json:MainMixin from mod fabric-resource-loader-v0: Class version 61 required is higher than the class version supported by the current version of Mixin (JAVA_16 supports class version 60)
[20:22:41] [main/INFO]: Mixing DynamicRegistryManagerAccessor from fabric-data-generation-api-v1.mixins.json into net.minecraft.class_5455
[20:22:41] [main/INFO]: Renaming @Accessor method getInfos()Ljava/util/Map; to getInfos$fabric-data-generation-api-v1_$md$89f072$0 in fabric-data-generation-api-v1.mixins.json:DynamicRegistryManagerAccessor from mod fabric-data-generation-api-v1
[20:22:41] [main/INFO]: Mixing MixinDynamicRegistryManager from fabric-registry-sync-v0.mixins.json into net.minecraft.class_5455
[20:22:41] [main/WARN]: fabric-registry-sync-v0.mixins.json:MixinDynamicRegistryManager from mod fabric-registry-sync-v0: Class version 61 required is higher than the class version supported by the current version of Mixin (JAVA_16 supports class version 60)
[20:22:41] [main/INFO]: Mixing MixinCrashReport from fabric-crash-report-info-v1.mixins.json into net.minecraft.class_6396
[20:22:41] [main/WARN]: fabric-crash-report-info-v1.mixins.json:MixinCrashReport from mod fabric-crash-report-info-v1: Class version 61 required is higher than the class version supported by the current version of Mixin (JAVA_16 supports class version 60)
[20:22:41] [main/INFO]: Renaming synthetic method lambda$appendMods$1(Lnet/fabricmc/loader/api/ModContainer;)Ljava/lang/String; to md89f072$fabric-crash-report-info-v1$lambda$appendMods$1$0 in fabric-crash-report-info-v1.mixins.json:MixinCrashReport from mod fabric-crash-report-info-v1
[20:22:41] [main/INFO]: Renaming synthetic method lambda$fillSystemDetails$0()Ljava/lang/String; to md89f072$fabric-crash-report-info-v1$lambda$fillSystemDetails$0$1 in fabric-crash-report-info-v1.mixins.json:MixinCrashReport from mod fabric-crash-report-info-v1
[20:22:43] [main/INFO]: Mixing MixinBootstrap from fabric-registry-sync-v0.mixins.json into net.minecraft.class_2966
[20:22:43] [main/INFO]: Renaming synthetic method lambda$initialize$1(Lnet/minecraft/class_3611;)Ljava/util/Collection; to md89f072$fabric-registry-sync-v0$lambda$initialize$1$0 in fabric-registry-sync-v0.mixins.json:MixinBootstrap from mod fabric-registry-sync-v0
[20:22:43] [main/INFO]: Renaming synthetic method lambda$initialize$0(Lnet/minecraft/class_2248;)Ljava/util/Collection; to md89f072$fabric-registry-sync-v0$lambda$initialize$0$1 in fabric-registry-sync-v0.mixins.json:MixinBootstrap from mod fabric-registry-sync-v0
[20:22:43] [main/INFO]: Mixing AccessorRegistry from fabric-registry-sync-v0.mixins.json into net.minecraft.class_2378
[20:22:43] [main/INFO]: Renaming @Accessor method getROOT()Lnet/minecraft/class_2385; to getROOT$fabric-registry-sync-v0_$md$89f072$0 in fabric-registry-sync-v0.mixins.json:AccessorRegistry from mod fabric-registry-sync-v0
[20:22:43] [main/INFO]: Mixing MixinRegistry from fabric-registry-sync-v0.mixins.json into net.minecraft.class_2378
[20:22:43] [main/INFO]: Mixing MixinIdRegistry from fabric-registry-sync-v0.mixins.json into net.minecraft.class_2370
[20:22:43] [main/INFO]: Renaming synthetic method lambda$new$5([Lnet/fabricmc/fabric/api/event/registry/RegistryIdRemapCallback;)Lnet/fabricmc/fabric/api/event/registry/RegistryIdRemapCallback; to md89f072$fabric-registry-sync-v0$lambda$new$5$0 in fabric-registry-sync-v0.mixins.json:MixinIdRegistry from mod fabric-registry-sync-v0
[20:22:43] [main/INFO]: Renaming synthetic method lambda$new$4([Lnet/fabricmc/fabric/api/event/registry/RegistryIdRemapCallback;Lnet/fabricmc/fabric/api/event/registry/RegistryIdRemapCallback$RemapState;)V to md89f072$fabric-registry-sync-v0$lambda$new$4$1 in fabric-registry-sync-v0.mixins.json:MixinIdRegistry from mod fabric-registry-sync-v0
[20:22:43] [main/INFO]: Renaming synthetic method lambda$new$3([Lnet/fabricmc/fabric/api/event/registry/RegistryEntryRemovedCallback;)Lnet/fabricmc/fabric/api/event/registry/RegistryEntryRemovedCallback; to md89f072$fabric-registry-sync-v0$lambda$new$3$2 in fabric-registry-sync-v0.mixins.json:MixinIdRegistry from mod fabric-registry-sync-v0
[20:22:43] [main/INFO]: Renaming synthetic method lambda$new$2([Lnet/fabricmc/fabric/api/event/registry/RegistryEntryRemovedCallback;ILnet/minecraft/class_2960;Ljava/lang/Object;)V to md89f072$fabric-registry-sync-v0$lambda$new$2$3 in fabric-registry-sync-v0.mixins.json:MixinIdRegistry from mod fabric-registry-sync-v0
[20:22:43] [main/INFO]: Renaming synthetic method lambda$new$1([Lnet/fabricmc/fabric/api/event/registry/RegistryEntryAddedCallback;)Lnet/fabricmc/fabric/api/event/registry/RegistryEntryAddedCallback; to md89f072$fabric-registry-sync-v0$lambda$new$1$4 in fabric-registry-sync-v0.mixins.json:MixinIdRegistry from mod fabric-registry-sync-v0
[20:22:43] [main/INFO]: Renaming synthetic method lambda$new$0([Lnet/fabricmc/fabric/api/event/registry/RegistryEntryAddedCallback;ILnet/minecraft/class_2960;Ljava/lang/Object;)V to md89f072$fabric-registry-sync-v0$lambda$new$0$5 in fabric-registry-sync-v0.mixins.json:MixinIdRegistry from mod fabric-registry-sync-v0
[20:22:43] [main/INFO]: Mixing MixinSimpleRegistry from fabric-registry-sync-v0.mixins.json into net.minecraft.class_2370
[20:22:43] [main/INFO]: Mixing FluidMixin from fabric-transfer-api-v1.mixins.json into net.minecraft.class_3611
[20:22:43] [main/WARN]: fabric-transfer-api-v1.mixins.json:FluidMixin from mod fabric-transfer-api-v1: Class version 61 required is higher than the class version supported by the current version of Mixin (JAVA_16 supports class version 60)
[20:22:43] [main/INFO]: Mixing BlockMixin from fabric-block-api-v1.mixins.json into net.minecraft.class_2248
[20:22:43] [main/INFO]: Mixing AbstractBlockAccessor from fabric-object-builder-v1.mixins.json into net.minecraft.class_4970
[20:22:43] [main/WARN]: fabric-object-builder-v1.mixins.json:AbstractBlockAccessor from mod fabric-object-builder-api-v1: Class version 61 required is higher than the class version supported by the current version of Mixin (JAVA_16 supports class version 60)
[20:22:43] [main/INFO]: Mixing WorldMixin from fabric-lifecycle-events-v1.mixins.json into net.minecraft.class_1937
[20:22:43] [main/WARN]: fabric-lifecycle-events-v1.mixins.json:WorldMixin from mod fabric-lifecycle-events-v1: Class version 61 required is higher than the class version supported by the current version of Mixin (JAVA_16 supports class version 60)
[20:22:43] [main/INFO]: Mixing MixinViewableWorld from fabric-rendering-data-attachment-v1.mixins.json into net.minecraft.class_4538
[20:22:43] [main/WARN]: fabric-rendering-data-attachment-v1.mixins.json:MixinViewableWorld from mod fabric-rendering-data-attachment-v1: Class version 61 required is higher than the class version supported by the current version of Mixin (JAVA_16 supports class version 60)
[20:22:43] [main/INFO]: Mixing ServerWorldMixin from fabric-api-lookup-api-v1.mixins.json into net.minecraft.class_3218
[20:22:43] [main/WARN]: fabric-api-lookup-api-v1.mixins.json:ServerWorldMixin from mod fabric-api-lookup-api-v1: Class version 61 required is higher than the class version supported by the current version of Mixin (JAVA_16 supports class version 60)
[20:22:43] [main/INFO]: Renaming synthetic method lambda$fabric_invalidateCache$5(Ljava/util/Map$Entry;)Z to md89f072$fabric-api-lookup-api-v1$lambda$fabric_invalidateCache$5$0 in fabric-api-lookup-api-v1.mixins.json:ServerWorldMixin from mod fabric-api-lookup-api-v1
[20:22:43] [main/INFO]: Renaming synthetic method lambda$fabric_invalidateCache$4(Ljava/lang/ref/WeakReference;)Z to md89f072$fabric-api-lookup-api-v1$lambda$fabric_invalidateCache$4$1 in fabric-api-lookup-api-v1.mixins.json:ServerWorldMixin from mod fabric-api-lookup-api-v1
[20:22:43] [main/INFO]: Renaming synthetic method lambda$fabric_invalidateCache$3(Ljava/lang/ref/WeakReference;)V to md89f072$fabric-api-lookup-api-v1$lambda$fabric_invalidateCache$3$2 in fabric-api-lookup-api-v1.mixins.json:ServerWorldMixin from mod fabric-api-lookup-api-v1
[20:22:43] [main/INFO]: Renaming synthetic method lambda$fabric_invalidateCache$2(Ljava/lang/ref/WeakReference;)Z to md89f072$fabric-api-lookup-api-v1$lambda$fabric_invalidateCache$2$3 in fabric-api-lookup-api-v1.mixins.json:ServerWorldMixin from mod fabric-api-lookup-api-v1
[20:22:43] [main/INFO]: Renaming synthetic method lambda$fabric_registerCache$1(Ljava/lang/ref/WeakReference;)Z to md89f072$fabric-api-lookup-api-v1$lambda$fabric_registerCache$1$4 in fabric-api-lookup-api-v1.mixins.json:ServerWorldMixin from mod fabric-api-lookup-api-v1
[20:22:43] [main/INFO]: Renaming synthetic method lambda$fabric_registerCache$0(Lnet/minecraft/class_2338;)Ljava/util/List; to md89f072$fabric-api-lookup-api-v1$lambda$fabric_registerCache$0$5 in fabric-api-lookup-api-v1.mixins.json:ServerWorldMixin from mod fabric-api-lookup-api-v1
[20:22:43] [main/INFO]: Mixing ServerWorldMixin from fabric-lifecycle-events-v1.mixins.json into net.minecraft.class_3218
[20:22:43] [main/INFO]: Mixing EntityMixin from fabric-dimensions-v1.mixins.json into net.minecraft.class_1297
[20:22:43] [main/INFO]: Mixing EntityMixin from fabric-entity-events-v1.mixins.json into net.minecraft.class_1297
[20:22:43] [main/WARN]: fabric-entity-events-v1.mixins.json:EntityMixin from mod fabric-entity-events-v1: Class version 61 required is higher than the class version supported by the current version of Mixin (JAVA_16 supports class version 60)
[20:22:43] [main/INFO]: Mixing elytra.PlayerEntityMixin from fabric-entity-events-v1.mixins.json into net.minecraft.class_1657
[20:22:43] [main/INFO]: Mixing PlayerEntityMixin from fabric-entity-events-v1.mixins.json into net.minecraft.class_1657
[20:22:43] [main/INFO]: Mixing elytra.LivingEntityMixin from fabric-entity-events-v1.mixins.json into net.minecraft.class_1309
[20:22:43] [main/INFO]: Mixing LivingEntityMixin from fabric-entity-events-v1.mixins.json into net.minecraft.class_1309
[20:22:43] [main/INFO]: Mixing LivingEntityMixin from fabric-item-api-v1.mixins.json into net.minecraft.class_1309
[20:22:43] [main/WARN]: fabric-item-api-v1.mixins.json:LivingEntityMixin from mod fabric-item-api-v1: Class version 61 required is higher than the class version supported by the current version of Mixin (JAVA_16 supports class version 60)
[20:22:43] [main/INFO]: Mixing ItemMixin from fabric-item-api-v1.mixins.json into net.minecraft.class_1792
[20:22:43] [main/INFO]: Mixing ItemMixin from fabric-transfer-api-v1.mixins.json into net.minecraft.class_1792
[20:22:43] [main/INFO]: Mixing BlockEntityTypeAccessor from fabric-api-lookup-api-v1.mixins.json into net.minecraft.class_2591
[20:22:43] [main/INFO]: Mixing VillagerTypeAccessor from fabric-object-builder-v1.mixins.json into net.minecraft.class_3854
[20:22:43] [main/INFO]: Renaming @Accessor method getBiomeTypeToIdMap()Ljava/util/Map; to getBiomeTypeToIdMap$fabric-object-builder-api-v1_$md$89f072$0 in fabric-object-builder-v1.mixins.json:VillagerTypeAccessor from mod fabric-object-builder-api-v1
[20:22:43] [main/INFO]: Renaming @Invoker method callRegister(Ljava/lang/String;)Lnet/minecraft/class_3854; to callRegister$fabric-object-builder-api-v1_$md$89f072$1 in fabric-object-builder-v1.mixins.json:VillagerTypeAccessor from mod fabric-object-builder-api-v1
[20:22:43] [main/INFO]: Mixing VillagerProfessionAccessor from fabric-object-builder-v1.mixins.json into net.minecraft.class_3852
[20:22:43] [main/INFO]: Renaming @Invoker method create(Ljava/lang/String;Lnet/minecraft/class_4158;Lcom/google/common/collect/ImmutableSet;Lcom/google/common/collect/ImmutableSet;Lnet/minecraft/class_3414;)Lnet/minecraft/class_3852; to create$fabric-object-builder-api-v1_$md$89f072$0 in fabric-object-builder-v1.mixins.json:VillagerProfessionAccessor from mod fabric-object-builder-api-v1
[20:22:43] [main/INFO]: Mixing PointOfInterestTypeAccessor from fabric-object-builder-v1.mixins.json into net.minecraft.class_4158
[20:22:43] [main/INFO]: Renaming @Invoker method callCreate(Ljava/lang/String;Ljava/util/Set;ILjava/util/function/Predicate;I)Lnet/minecraft/class_4158; to callCreate$fabric-object-builder-api-v1_$md$89f072$0 in fabric-object-builder-v1.mixins.json:PointOfInterestTypeAccessor from mod fabric-object-builder-api-v1
[20:22:43] [main/INFO]: Renaming @Invoker method callCreate(Ljava/lang/String;Ljava/util/Set;II)Lnet/minecraft/class_4158; to callCreate$fabric-object-builder-api-v1_$md$89f072$1 in fabric-object-builder-v1.mixins.json:PointOfInterestTypeAccessor from mod fabric-object-builder-api-v1
[20:22:43] [main/INFO]: Renaming @Invoker method callSetup(Lnet/minecraft/class_4158;)Lnet/minecraft/class_4158; to callSetup$fabric-object-builder-api-v1_$md$89f072$2 in fabric-object-builder-v1.mixins.json:PointOfInterestTypeAccessor from mod fabric-object-builder-api-v1
[20:22:43] [main/INFO]: Mixing MixinBiomeSource from fabric-biome-api-v1.mixins.json into net.minecraft.class_1966
[20:22:43] [main/WARN]: fabric-biome-api-v1.mixins.json:MixinBiomeSource from mod fabric-biome-api-v1: Class version 61 required is higher than the class version supported by the current version of Mixin (JAVA_16 supports class version 60)
[20:22:43] [main/INFO]: Mixing MixinMultiNoiseBiomeSource from fabric-biome-api-v1.mixins.json into net.minecraft.class_4766
[20:22:43] [main/INFO]: Mixing MixinTheEndBiomeSource from fabric-biome-api-v1.mixins.json into net.minecraft.class_2169
[20:22:43] [main/INFO]: Renaming synthetic method lambda$init$0(Lnet/minecraft/class_2378;J)Lnet/fabricmc/fabric/impl/biome/TheEndBiomeData$Overrides; to md89f072$fabric-biome-api-v1$lambda$init$0$0 in fabric-biome-api-v1.mixins.json:MixinTheEndBiomeSource from mod fabric-biome-api-v1
[20:22:43] [main/INFO]: Mixing BedBlockMixin from fabric-entity-events-v1.mixins.json into net.minecraft.class_2244
[20:22:43] [main/INFO]: Mixing DetectorRailBlockMixin from fabric-object-builder-v1.mixins.json into net.minecraft.class_2313
[20:22:43] [main/INFO]: Renaming synthetic method lambda$getCustomComparatorOutput$0(Lnet/minecraft/class_1297;)Z to md89f072$fabric-object-builder-api-v1$lambda$getCustomComparatorOutput$0$0 in fabric-object-builder-v1.mixins.json:DetectorRailBlockMixin from mod fabric-object-builder-api-v1
[20:22:43] [main/INFO]: Mixing MixinFireBlock from fabric-content-registries-v0.mixins.json into net.minecraft.class_2358
[20:22:43] [main/WARN]: fabric-content-registries-v0.mixins.json:MixinFireBlock from mod fabric-content-registries-v0: Class version 61 required is higher than the class version supported by the current version of Mixin (JAVA_16 supports class version 60)
[20:22:43] [main/INFO]: Mixing DropperBlockMixin from fabric-transfer-api-v1.mixins.json into net.minecraft.class_2325
[20:22:43] [main/INFO]: Renaming synthetic method lambda$hookDispense$0(Lnet/fabricmc/fabric/api/transfer/v1/item/ItemVariant;)Z to md89f072$fabric-transfer-api-v1$lambda$hookDispense$0$0 in fabric-transfer-api-v1.mixins.json:DropperBlockMixin from mod fabric-transfer-api-v1
[20:22:44] [main/INFO]: Mixing OxidizableMixin from fabric-content-registries-v0.mixins.json into net.minecraft.class_5955
[20:22:44] [main/INFO]: Mixing MixinIdList from fabric-registry-sync-v0.mixins.json into net.minecraft.class_2361
[20:22:44] [main/INFO]: Renaming synthetic method lambda$fabric_remapIds$0(Lit/unimi/dsi/fastutil/ints/Int2IntMap;Ljava/lang/Object;Ljava/lang/Integer;)Ljava/lang/Integer; to md89f072$fabric-registry-sync-v0$lambda$fabric_remapIds$0$0 in fabric-registry-sync-v0.mixins.json:MixinIdList from mod fabric-registry-sync-v0
[20:22:44] [main/WARN]: @Shadow target fabric-registry-sync-v0.mixins.json:MixinIdList from mod fabric-registry-sync-v0::field_11100 is final but shadow is not decorated with @Final
[20:22:44] [main/WARN]: @Shadow target fabric-registry-sync-v0.mixins.json:MixinIdList from mod fabric-registry-sync-v0::field_11098 is final but shadow is not decorated with @Final
[20:22:44] [main/INFO]: Mixing MaterialBuilderAccessor from fabric-object-builder-v1.mixins.json into net.minecraft.class_3614$class_3615
[20:22:44] [main/INFO]: Mixing AbstractBlockSettingsAccessor from fabric-object-builder-v1.mixins.json into net.minecraft.class_4970$class_2251
[20:22:44] [main/INFO]: Mixing BlockStateMixin from fabric-block-api-v1.mixins.json into net.minecraft.class_2680
[20:22:44] [main/INFO]: Mixing MixinBlockEntity from fabric-rendering-data-attachment-v1.mixins.json into net.minecraft.class_2586
[20:22:44] [main/INFO]: Mixing LootableContainerBlockEntityMixin from fabric-transfer-api-v1.mixins.json into net.minecraft.class_2621
[20:22:44] [main/INFO]: Mixing MixinAbstractFurnaceBlockEntity from fabric-content-registries-v0.mixins.json into net.minecraft.class_2609
[20:22:44] [main/INFO]: Mixing AbstractFurnaceBlockEntityMixin from fabric-item-api-v1.mixins.json into net.minecraft.class_2609
[20:22:44] [main/INFO]: Mixing AbstractFurnaceBlockEntityMixin from fabric-transfer-api-v1.mixins.json into net.minecraft.class_2609
[20:22:44] [main/INFO]: Mixing BrewingStandBlockEntityMixin from fabric-item-api-v1.mixins.json into net.minecraft.class_2589
[20:22:44] [main/INFO]: Mixing ItemStackMixin from fabric-item-api-v1.mixins.json into net.minecraft.class_1799
[20:22:44] [main/INFO]: Mixing HopperBlockEntityMixin from fabric-transfer-api-v1.mixins.json into net.minecraft.class_2614
[20:22:44] [main/INFO]: Renaming synthetic method lambda$hookExtract$1(Lnet/fabricmc/fabric/api/transfer/v1/item/ItemVariant;)Z to md89f072$fabric-transfer-api-v1$lambda$hookExtract$1$0 in fabric-transfer-api-v1.mixins.json:HopperBlockEntityMixin from mod fabric-transfer-api-v1
[20:22:44] [main/INFO]: Renaming synthetic method lambda$hookInsert$0(Lnet/fabricmc/fabric/api/transfer/v1/item/ItemVariant;)Z to md89f072$fabric-transfer-api-v1$lambda$hookInsert$0$1 in fabric-transfer-api-v1.mixins.json:HopperBlockEntityMixin from mod fabric-transfer-api-v1
[20:22:45] [main/INFO]: Mixing MixinStructuresToConfiguredStructuresFix from fabric-registry-sync-v0.mixins.json into net.minecraft.class_7046
[20:22:45] [main/INFO]: Mixing ServerPlayerEntityAccessor from fabric-containers-v0.mixins.json into net.minecraft.class_3222
[20:22:45] [main/WARN]: fabric-containers-v0.mixins.json:ServerPlayerEntityAccessor from mod fabric-containers-v0: Class version 61 required is higher than the class version supported by the current version of Mixin (JAVA_16 supports class version 60)
[20:22:45] [main/INFO]: Mixing MixinServerPlayerEntity from fabric-containers-v0.accurate.mixins.json into net.minecraft.class_3222
[20:22:45] [main/WARN]: fabric-containers-v0.accurate.mixins.json:MixinServerPlayerEntity from mod fabric-containers-v0: Class version 61 required is higher than the class version supported by the current version of Mixin (JAVA_16 supports class version 60)
[20:22:45] [main/INFO]: Mixing EntityMixin from fabric-dimensions-v1.mixins.json into net.minecraft.class_3222
[20:22:45] [main/INFO]: Mixing ServerPlayerEntityMixin from fabric-dimensions-v1.mixins.json into net.minecraft.class_3222
[20:22:45] [main/INFO]: Mixing ServerPlayerEntityMixin from fabric-entity-events-v1.mixins.json into net.minecraft.class_3222
[20:22:45] [main/INFO]: Mixing MixinServerPlayerEntity from fabric-events-interaction-v0.mixins.json into net.minecraft.class_3222
[20:22:45] [main/WARN]: fabric-events-interaction-v0.mixins.json:MixinServerPlayerEntity from mod fabric-events-interaction-v0: Class version 61 required is higher than the class version supported by the current version of Mixin (JAVA_16 supports class version 60)
[20:22:45] [main/INFO]: Mixing ServerPlayerEntityMixin from fabric-screen-handler-api-v1.mixins.json into net.minecraft.class_3222
[20:22:45] [main/WARN]: fabric-screen-handler-api-v1.mixins.json:ServerPlayerEntityMixin from mod fabric-screen-handler-api-v1: Class version 61 required is higher than the class version supported by the current version of Mixin (JAVA_16 supports class version 60)
[20:22:46] [main/INFO]: Mixing VillagerEntityAccessor from fabric-content-registries-v0.mixins.json into net.minecraft.class_1646
[20:22:46] [main/INFO]: Renaming @Accessor method fabric_setItemFoodValues(Ljava/util/Map;)V to fabric_setItemFoodValues$fabric-content-registries-v0_$md$89f072$0 in fabric-content-registries-v0.mixins.json:VillagerEntityAccessor from mod fabric-content-registries-v0
[20:22:46] [main/INFO]: Renaming @Accessor method fabric_setGatherableItems(Ljava/util/Set;)V to fabric_setGatherableItems$fabric-content-registries-v0_$md$89f072$1 in fabric-content-registries-v0.mixins.json:VillagerEntityAccessor from mod fabric-content-registries-v0
[20:22:46] [main/INFO]: Renaming @Accessor method fabric_getGatherableItems()Ljava/util/Set; to fabric_getGatherableItems$fabric-content-registries-v0_$md$89f072$2 in fabric-content-registries-v0.mixins.json:VillagerEntityAccessor from mod fabric-content-registries-v0
[20:22:46] [main/INFO]: Mixing VillagerEntityMixin from fabric-content-registries-v0.mixins.json into net.minecraft.class_1646
[20:22:46] [main/INFO]: Mixing server.WorldChunkMixin from fabric-lifecycle-events-v1.mixins.json into net.minecraft.class_2818
[20:22:47] [main/INFO]: Mixing modification.DynamicRegistryManagerImplMixin from fabric-biome-api-v1.mixins.json into net.minecraft.class_5455$class_6891
[20:22:47] [main/INFO]: Mixing ArmorItemMixin from fabric-item-api-v1.mixins.json into net.minecraft.class_1738
[20:22:47] [main/INFO]: Mixing SwordItemMixin from fabric-mining-level-api-v1.mixins.json into net.minecraft.class_1829
[20:22:47] [main/WARN]: fabric-mining-level-api-v1.mixins.json:SwordItemMixin from mod fabric-mining-level-api-v1: Class version 61 required is higher than the class version supported by the current version of Mixin (JAVA_16 supports class version 60)
[20:22:47] [main/INFO]: Mixing ShovelItemAccessor from fabric-content-registries-v0.mixins.json into net.minecraft.class_1821
[20:22:47] [main/INFO]: Renaming @Accessor method getPathStates()Ljava/util/Map; to getPathStates$fabric-content-registries-v0_$md$89f072$0 in fabric-content-registries-v0.mixins.json:ShovelItemAccessor from mod fabric-content-registries-v0
[20:22:47] [main/INFO]: Mixing MiningToolItemMixin from fabric-mining-level-api-v1.mixins.json into net.minecraft.class_1766
[20:22:47] [main/INFO]: Mixing AxeItemAccessor from fabric-content-registries-v0.mixins.json into net.minecraft.class_1743
[20:22:47] [main/INFO]: Renaming @Accessor method getStrippedBlocks()Ljava/util/Map; to getStrippedBlocks$fabric-content-registries-v0_$md$89f072$0 in fabric-content-registries-v0.mixins.json:AxeItemAccessor from mod fabric-content-registries-v0
[20:22:47] [main/INFO]: Renaming @Accessor method setStrippedBlocks(Ljava/util/Map;)V to setStrippedBlocks$fabric-content-registries-v0_$md$89f072$1 in fabric-content-registries-v0.mixins.json:AxeItemAccessor from mod fabric-content-registries-v0
[20:22:47] [main/INFO]: Mixing HoeItemAccessor from fabric-content-registries-v0.mixins.json into net.minecraft.class_1794
[20:22:47] [main/INFO]: Renaming @Accessor method getTillingActions()Ljava/util/Map; to getTillingActions$fabric-content-registries-v0_$md$89f072$0 in fabric-content-registries-v0.mixins.json:HoeItemAccessor from mod fabric-content-registries-v0
[20:22:47] [main/INFO]: Mixing BucketItemAccessor from fabric-transfer-api-v1.mixins.json into net.minecraft.class_1755
[20:22:47] [main/INFO]: Mixing BucketItemMixin from fabric-transfer-api-v1.mixins.json into net.minecraft.class_1755
[20:22:47] [main/INFO]: Mixing ShearsItemMixin from fabric-mining-level-api-v1.mixins.json into net.minecraft.class_1820
[20:22:47] [main/INFO]: Mixing HoneycombItemMixin from fabric-content-registries-v0.mixins.json into net.minecraft.class_5953
[20:22:47] [main/INFO]: Mixing MixinItemGroup from fabric-item-groups-v0.mixins.json into net.minecraft.class_1761
[20:22:47] [main/WARN]: fabric-item-groups-v0.mixins.json:MixinItemGroup from mod fabric-item-groups-v0: Class version 61 required is higher than the class version supported by the current version of Mixin (JAVA_16 supports class version 60)
[20:22:47] [main/WARN]: Write access to @Mutable @Final field field_7921:[Lnet/minecraft/class_1761; in fabric-item-groups-v0.mixins.json:MixinItemGroup from mod fabric-item-groups-v0::fabric_expandArray
[20:22:47] [main/INFO]: Mixing RecipeMixin from fabric-item-api-v1.mixins.json into net.minecraft.class_1860
[20:22:47] [main/INFO]: Mixing AccessorDebugChunkGenerator from fabric-registry-sync-v0.mixins.json into net.minecraft.class_2891
[20:22:47] [main/INFO]: Renaming @Accessor method setBLOCK_STATES(Ljava/util/List;)V to setBLOCK_STATES$fabric-registry-sync-v0_$md$89f072$0 in fabric-registry-sync-v0.mixins.json:AccessorDebugChunkGenerator from mod fabric-registry-sync-v0
[20:22:47] [main/INFO]: Renaming @Accessor method setX_SIDE_LENGTH(I)V to setX_SIDE_LENGTH$fabric-registry-sync-v0_$md$89f072$1 in fabric-registry-sync-v0.mixins.json:AccessorDebugChunkGenerator from mod fabric-registry-sync-v0
[20:22:47] [main/INFO]: Renaming @Accessor method setZ_SIDE_LENGTH(I)V to setZ_SIDE_LENGTH$fabric-registry-sync-v0_$md$89f072$2 in fabric-registry-sync-v0.mixins.json:AccessorDebugChunkGenerator from mod fabric-registry-sync-v0
[20:22:47] [main/INFO]: Mixing DefaultAttributeRegistryAccessor from fabric-object-builder-v1.mixins.json into net.minecraft.class_5135
[20:22:47] [main/INFO]: Renaming @Accessor method getRegistry()Ljava/util/Map; to getRegistry$fabric-object-builder-api-v1_$md$89f072$0 in fabric-object-builder-v1.mixins.json:DefaultAttributeRegistryAccessor from mod fabric-object-builder-api-v1
[20:22:47] [main/INFO]: Mixing DefaultAttributeRegistryMixin from fabric-object-builder-v1.mixins.json into net.minecraft.class_5135
[20:22:47] [main/WARN]: Write access to @Mutable @Final field field_23730:Ljava/util/Map; in fabric-object-builder-v1.mixins.json:DefaultAttributeRegistryMixin from mod fabric-object-builder-api-v1::handler$zdi000$fabric-object-builder-api-v1$injectAttributes
[20:22:47] [main/INFO]: Mixing MixinMinecraftServer from fabric-biome-api-v1.mixins.json into net.minecraft.server.MinecraftServer
[20:22:47] [main/INFO]: Renaming synthetic method lambda$addNetherBiomes$0(Lnet/minecraft/class_5363;)V to md89f072$fabric-biome-api-v1$lambda$addNetherBiomes$0$0 in fabric-biome-api-v1.mixins.json:MixinMinecraftServer from mod fabric-biome-api-v1
[20:22:47] [main/INFO]: Mixing modification.MinecraftServerMixin from fabric-biome-api-v1.mixins.json into net.minecraft.server.MinecraftServer
[20:22:47] [main/WARN]: @Shadow target fabric-biome-api-v1.mixins.json:modification.MinecraftServerMixin from mod fabric-biome-api-v1::field_24372 is final but shadow is not decorated with @Final
[20:22:48] [main/INFO]: Mixing MinecraftServerMixin from fabric-lifecycle-events-v1.mixins.json into net.minecraft.server.MinecraftServer
[20:22:48] [main/INFO]: Renaming synthetic method lambda$endResourceReload$0(Ljava/lang/Void;Ljava/lang/Throwable;)Ljava/lang/Void; to md89f072$fabric-lifecycle-events-v1$lambda$endResourceReload$0$1 in fabric-lifecycle-events-v1.mixins.json:MinecraftServerMixin from mod fabric-lifecycle-events-v1
[20:22:48] [main/INFO]: Mixing MixinMinecraftServer from fabric-registry-sync-v0.mixins.json into net.minecraft.server.MinecraftServer
[20:22:48] [main/INFO]: Mixing MinecraftServerMixin from fabric-resource-loader-v0.mixins.json into net.minecraft.server.MinecraftServer
[20:22:48] [main/INFO]: Mixing LootTableBuilderMixin from fabric-loot-api-v2.mixins.json into net.minecraft.class_52$class_53
[20:22:48] [main/WARN]: fabric-loot-api-v2.mixins.json:LootTableBuilderMixin from mod fabric-loot-api-v2: Class version 61 required is higher than the class version supported by the current version of Mixin (JAVA_8 supports class version 52)
[20:22:48] [main/INFO]: Mixing LootManagerMixin from fabric-loot-api-v2.mixins.json into net.minecraft.class_60
[20:22:48] [main/INFO]: Renaming synthetic method lambda$apply$0(Lnet/minecraft/class_3300;Lcom/google/common/collect/ImmutableMap$Builder;Lnet/minecraft/class_2960;Lnet/minecraft/class_52;)V to md89f072$fabric-loot-api-v2$lambda$apply$0$0 in fabric-loot-api-v2.mixins.json:LootManagerMixin from mod fabric-loot-api-v2
[20:22:48] [main/INFO]: Mixing KeyedResourceReloadListenerMixin from fabric-resource-loader-v0.mixins.json into net.minecraft.class_60
[20:22:48] [main/INFO]: Mixing JsonDataLoaderMixin from fabric-resource-conditions-api-v1.mixins.json into net.minecraft.class_4309
[20:22:48] [main/WARN]: fabric-resource-conditions-api-v1.mixins.json:JsonDataLoaderMixin from mod fabric-resource-conditions-api-v1: Class version 61 required is higher than the class version supported by the current version of Mixin (JAVA_16 supports class version 60)
[20:22:48] [main/INFO]: Mixing SinglePreparationResourceReloaderMixin from fabric-resource-conditions-api-v1.mixins.json into net.minecraft.class_4080
[20:22:48] [main/INFO]: Mixing LootTableAccessor from fabric-loot-api-v2.mixins.json into net.minecraft.class_52
[20:22:48] [main/INFO]: Mixing MixinLootSupplier from fabric-loot-tables-v1.mixins.json into net.minecraft.class_52
[20:22:48] [main/WARN]: fabric-loot-tables-v1.mixins.json:MixinLootSupplier from mod fabric-loot-tables-v1: Class version 61 required is higher than the class version supported by the current version of Mixin (JAVA_16 supports class version 60)
[20:22:48] [main/INFO]: Mixing ServerLoginNetworkHandlerMixin from fabric-networking-api-v1.mixins.json into net.minecraft.class_3248
[20:22:48] [main/WARN]: fabric-networking-api-v1.mixins.json:ServerLoginNetworkHandlerMixin from mod fabric-networking-api-v1: Class version 61 required is higher than the class version supported by the current version of Mixin (JAVA_16 supports class version 60)
[20:22:48] [main/INFO]: Mixing accessor.ServerLoginNetworkHandlerAccessor from fabric-networking-api-v1.mixins.json into net.minecraft.class_3248
[20:22:48] [main/INFO]: Mixing ServerPlayNetworkHandlerMixin from fabric-networking-api-v1.mixins.json into net.minecraft.class_3244
[20:22:48] [main/INFO]: External mod presence only: grimac=false, antixray=false; actual function must be tested separately
[20:22:48] [main/INFO]: Environment: authHost='https://authserver.mojang.com', accountsHost='https://api.mojang.com', sessionHost='https://sessionserver.mojang.com', servicesHost='https://api.minecraftservices.com', name='PROD'
[20:22:48] [main/INFO]: Mixing MixinServerPlayerInteractionManager from fabric-events-interaction-v0.mixins.json into net.minecraft.class_3225
[20:22:48] [main/WARN]: @Shadow target fabric-events-interaction-v0.mixins.json:MixinServerPlayerInteractionManager from mod fabric-events-interaction-v0::field_14008 is final but shadow is not decorated with @Final
[20:22:48] [main/INFO]: Mixing GameRulesAccessor from fabric-game-rule-api-v1.mixins.json into net.minecraft.class_1928
[20:22:48] [main/WARN]: fabric-game-rule-api-v1.mixins.json:GameRulesAccessor from mod fabric-game-rule-api-v1: Class version 61 required is higher than the class version supported by the current version of Mixin (JAVA_16 supports class version 60)
[20:22:48] [main/INFO]: Renaming @Invoker method callRegister(Ljava/lang/String;Lnet/minecraft/class_1928$class_5198;Lnet/minecraft/class_1928$class_4314;)Lnet/minecraft/class_1928$class_4313; to callRegister$fabric-game-rule-api-v1_$md$89f072$0 in fabric-game-rule-api-v1.mixins.json:GameRulesAccessor from mod fabric-game-rule-api-v1
[20:22:48] [main/INFO]: Renaming @Accessor method getRuleTypes()Ljava/util/Map; to getRuleTypes$fabric-game-rule-api-v1_$md$89f072$1 in fabric-game-rule-api-v1.mixins.json:GameRulesAccessor from mod fabric-game-rule-api-v1
[20:22:48] [main/INFO]: Mixing RuleKeyMixin from fabric-game-rule-api-v1.mixins.json into net.minecraft.class_1928$class_4313
[20:22:48] [main/INFO]: Mixing BooleanRuleAccessor from fabric-game-rule-api-v1.mixins.json into net.minecraft.class_1928$class_4310
[20:22:48] [main/INFO]: Renaming @Invoker method invokeCreate(ZLjava/util/function/BiConsumer;)Lnet/minecraft/class_1928$class_4314; to invokeCreate$fabric-game-rule-api-v1_$md$89f072$0 in fabric-game-rule-api-v1.mixins.json:BooleanRuleAccessor from mod fabric-game-rule-api-v1
[20:22:48] [main/INFO]: Mixing IntRuleAccessor from fabric-game-rule-api-v1.mixins.json into net.minecraft.class_1928$class_4312
[20:22:48] [main/INFO]: Mixing LevelStorageBugfixMixin from fabric-dimensions-v1.mixins.json into net.minecraft.class_32
[20:22:48] [main/INFO]: Mixing AccessorLevelStorageSession from fabric-registry-sync-v0.mixins.json into net.minecraft.class_32$class_5143
[20:22:48] [main/INFO]: Mixing MixinLevelStorageSession from fabric-registry-sync-v0.mixins.json into net.minecraft.class_32$class_5143
[20:22:48] [main/INFO]: Mixing ResourcePackManagerAccessor from fabric-resource-loader-v0.mixins.json into net.minecraft.class_3283
[20:22:48] [main/INFO]: Mixing ResourcePackManagerMixin from fabric-resource-loader-v0.mixins.json into net.minecraft.class_3283
[20:22:48] [main/WARN]: Write access to @Mutable @Final field field_14227:Ljava/util/Set; in fabric-resource-loader-v0.mixins.json:ResourcePackManagerMixin from mod fabric-resource-loader-v0::handler$zel000$fabric-resource-loader-v0$construct
[20:22:48] [main/INFO]: Mixing DefaultResourcePackMixin from fabric-resource-loader-v0.mixins.json into net.minecraft.class_3268
[20:22:48] [main/INFO]: Mixing ResourceMixin from fabric-resource-loader-v0.mixins.json into net.minecraft.class_3298
[20:22:48] [main/INFO]: Mixing FileResourcePackProviderAccessor from fabric-resource-loader-v0.mixins.json into net.minecraft.class_3279
[20:22:48] [main/INFO]: Mixing ResourcePackProfileMixin from fabric-resource-loader-v0.mixins.json into net.minecraft.class_3288
[20:22:49] [main/INFO]: Mixing LifecycledResourceManagerImplMixin from fabric-resource-loader-v0.mixins.json into net.minecraft.class_6861
[20:22:49] [main/INFO]: Mixing NamespaceResourceManagerAccessor from fabric-resource-loader-v0.mixins.json into net.minecraft.class_3294
[20:22:49] [main/INFO]: Renaming @Invoker method fabric$accessor_getMetadataPath(Lnet/minecraft/class_2960;)Lnet/minecraft/class_2960; to fabric$accessor_getMetadataPath$fabric-resource-loader-v0_$md$89f072$0 in fabric-resource-loader-v0.mixins.json:NamespaceResourceManagerAccessor from mod fabric-resource-loader-v0
[20:22:49] [main/INFO]: Mixing NamespaceResourceManagerMixin from fabric-resource-loader-v0.mixins.json into net.minecraft.class_3294
[20:22:51] [main/INFO]: Mixing DataPackContentsMixin from fabric-lifecycle-events-v1.mixins.json into net.minecraft.class_5350
[20:22:51] [main/INFO]: Mixing DataPackContentsMixin from fabric-resource-conditions-api-v1.mixins.json into net.minecraft.class_5350
[20:22:51] [main/INFO]: Mixing KeyedResourceReloadListenerMixin from fabric-resource-loader-v0.mixins.json into net.minecraft.class_1863
[20:22:51] [main/INFO]: Mixing LootPoolAccessor from fabric-loot-api-v2.mixins.json into net.minecraft.class_55
[20:22:51] [main/INFO]: Mixing MixinLootPool from fabric-loot-tables-v1.mixins.json into net.minecraft.class_55
[20:22:51] [main/INFO]: Mixing KeyedResourceReloadListenerMixin from fabric-resource-loader-v0.mixins.json into net.minecraft.class_2989
[20:22:51] [main/INFO]: Mixing TagManagerLoaderMixin from fabric-resource-conditions-api-v1.mixins.json into net.minecraft.class_3505
[20:22:51] [main/INFO]: Mixing KeyedResourceReloadListenerMixin from fabric-resource-loader-v0.mixins.json into net.minecraft.class_3505
[20:22:51] [main/INFO]: Mixing CommandManagerMixin from fabric-command-api-v1.mixins.json into net.minecraft.class_2170
[20:22:51] [main/WARN]: fabric-command-api-v1.mixins.json:CommandManagerMixin from mod fabric-command-api-v1: Class version 61 required is higher than the class version supported by the current version of Mixin (JAVA_16 supports class version 60)
[20:22:51] [main/INFO]: Mixing CommandGate118Mixin from qizhangverdict.mixins.json into net.minecraft.class_2170
[20:22:51] [main/INFO]: Mixing GameRuleCommandAccessor from fabric-game-rule-api-v1.mixins.json into net.minecraft.class_3065
[20:22:51] [main/INFO]: Renaming @Invoker method invokeExecuteSet(Lcom/mojang/brigadier/context/CommandContext;Lnet/minecraft/class_1928$class_4313;)I to invokeExecuteSet$fabric-game-rule-api-v1_$md$89f072$0 in fabric-game-rule-api-v1.mixins.json:GameRuleCommandAccessor from mod fabric-game-rule-api-v1
[20:22:51] [main/INFO]: Renaming @Invoker method invokeExecuteQuery(Lnet/minecraft/class_2168;Lnet/minecraft/class_1928$class_4313;)I to invokeExecuteQuery$fabric-game-rule-api-v1_$md$89f072$1 in fabric-game-rule-api-v1.mixins.json:GameRuleCommandAccessor from mod fabric-game-rule-api-v1
[20:22:51] [main/INFO]: Mixing GameRuleCommandVisitorMixin from fabric-game-rule-api-v1.mixins.json into net.minecraft.class_3065$1
[20:22:51] [main/WARN]: @Shadow target fabric-game-rule-api-v1.mixins.json:GameRuleCommandVisitorMixin from mod fabric-game-rule-api-v1::field_19419 is final but shadow is not decorated with @Final
[20:22:51] [main/INFO]: Mixing HelpCommandAccessor from fabric-command-api-v1.mixins.json into net.minecraft.class_3069
[20:22:51] [main/INFO]: Renaming @Accessor method getFailedException()Lcom/mojang/brigadier/exceptions/SimpleCommandExceptionType; to getFailedException$fabric-command-api-v1_$md$89f072$0 in fabric-command-api-v1.mixins.json:HelpCommandAccessor from mod fabric-command-api-v1
[20:22:51] [main/INFO]: Mixing TeleportCommandMixin from fabric-entity-events-v1.mixins.json into net.minecraft.class_3143
[20:22:51] [main/WARN]: Ambiguity between arguments [teleport, location] and [teleport, destination] with inputs: [0.1 -0.5 .9, 0 0 0]
[20:22:51] [main/WARN]: Ambiguity between arguments [teleport, location] and [teleport, targets] with inputs: [0.1 -0.5 .9, 0 0 0]
[20:22:51] [main/WARN]: Ambiguity between arguments [teleport, destination] and [teleport, targets] with inputs: [Player, 0123, @e, dd12be42-52a9-4a91-a8a1-11c01849e498]
[20:22:51] [main/WARN]: Ambiguity between arguments [teleport, targets] and [teleport, destination] with inputs: [Player, 0123, dd12be42-52a9-4a91-a8a1-11c01849e498]
[20:22:51] [main/WARN]: Ambiguity between arguments [teleport, targets, location] and [teleport, targets, destination] with inputs: [0.1 -0.5 .9, 0 0 0]
[20:22:51] [main/INFO]: Mixing KeyedResourceReloadListenerMixin from fabric-resource-loader-v0.mixins.json into net.minecraft.class_5349
[20:22:51] [main/INFO]: Mixing SimpleResourceReloadMixin from fabric-resource-loader-v0.mixins.json into net.minecraft.class_4014
[20:22:52] [Worker-Main-18/INFO]: Mixing TagBuilderMixin from fabric-data-generation-api-v1.mixins.json into net.minecraft.class_3494$class_3495
[20:22:52] [Worker-Main-19/INFO]: Mixing ResourceImplMixin from fabric-resource-loader-v0.mixins.json into net.minecraft.class_3306
[20:22:53] [Worker-Main-26/INFO]: Loaded 7 recipes
[20:22:53] [Worker-Main-26/INFO]: Mixing CriteriaAccessor from fabric-object-builder-v1.mixins.json into net.minecraft.class_174
[20:22:53] [Worker-Main-26/INFO]: Renaming @Invoker method callRegister(Lnet/minecraft/class_179;)Lnet/minecraft/class_179; to callRegister$fabric-object-builder-api-v1_$md$89f072$0 in fabric-object-builder-v1.mixins.json:CriteriaAccessor from mod fabric-object-builder-api-v1
[20:22:53] [Worker-Main-26/INFO]: Loaded 1141 advancements
[20:22:55] [main/INFO]: Mixing PlayerManagerMixin from fabric-entity-events-v1.mixins.json into net.minecraft.class_3324
[20:22:55] [main/INFO]: Mixing PlayerManagerMixin from fabric-lifecycle-events-v1.mixins.json into net.minecraft.class_3324
[20:22:55] [main/INFO]: Mixing PlayerManagerMixin from fabric-networking-api-v1.mixins.json into net.minecraft.class_3324
[20:22:55] [main/INFO]: Applied 0 biome modifications to 0 of 61 new biomes in 6.022 ms
[20:22:55] [Server thread/INFO]: QiZhangGuard started: QiZhangVerdict sessions=0, trackedIPs=0, accountPairs=0, rules=37, companion=required, vm=DENY, blacklist=DENY, rateBuckets=0, accountBans=0, deviceBans=0, deviceRequired=true. Reports are self-reported, not trusted attestation.
[20:22:55] [Server thread/INFO]: Starting minecraft server version 1.18.2
[20:22:55] [Server thread/INFO]: Loading properties
[20:22:55] [Server thread/INFO]: Default game type: SURVIVAL
[20:22:55] [Server thread/INFO]: Generating keypair
[20:22:55] [Server thread/INFO]: Starting Minecraft server on 127.0.0.1:25631
[20:22:55] [Server thread/INFO]: Using default channel type
[20:22:55] [Server thread/INFO]: Mixing ClientConnectionMixin from fabric-networking-api-v1.mixins.json into net.minecraft.class_2535
[20:22:56] [Server thread/WARN]: **** SERVER IS RUNNING IN OFFLINE/INSECURE MODE!
[20:22:56] [Server thread/WARN]: The server will make no attempt to authenticate usernames. Beware.
[20:22:56] [Server thread/WARN]: While this makes the game possible to play without internet access, it also opens up the ability for hackers to connect with any username they choose.
[20:22:56] [Server thread/WARN]: To change this, set "online-mode" to "true" in the server.properties file.
[20:22:56] [Server thread/INFO]: Preparing level "world"
[20:22:56] [Server thread/INFO]: Mixing ServerWorldEntityLoaderMixin from fabric-lifecycle-events-v1.mixins.json into net.minecraft.class_3218$class_5526
[20:22:56] [Server thread/INFO]: Mixing ThreadedAnvilChunkStorageMixin from fabric-lifecycle-events-v1.mixins.json into net.minecraft.class_3898
[20:22:56] [Server thread/INFO]: Mixing accessor.ThreadedAnvilChunkStorageAccessor from fabric-networking-api-v1.mixins.json into net.minecraft.class_3898
[20:22:59] [Server thread/INFO]: Preparing start region for dimension minecraft:overworld
[20:23:00] [Worker-Main-24/INFO]: Preparing spawn area: 0%
[20:23:00] [Worker-Main-24/INFO]: Preparing spawn area: 0%
[20:23:00] [Worker-Main-24/INFO]: Preparing spawn area: 0%
[20:23:00] [Worker-Main-17/INFO]: Preparing spawn area: 0%
[20:23:01] [Worker-Main-16/INFO]: Preparing spawn area: 0%
[20:23:01] [Worker-Main-29/INFO]: Preparing spawn area: 0%
[20:23:02] [Worker-Main-27/INFO]: Preparing spawn area: 1%
[20:23:02] [Worker-Main-18/INFO]: Preparing spawn area: 2%
[20:23:03] [Worker-Main-24/INFO]: Preparing spawn area: 3%
[20:23:03] [Worker-Main-17/INFO]: Preparing spawn area: 5%
[20:23:03] [Worker-Main-17/INFO]: Mixing SpawnRestrictionAccessor from fabric-object-builder-v1.mixins.json into net.minecraft.class_1317
[20:23:03] [Worker-Main-17/INFO]: Renaming @Invoker method callRegister(Lnet/minecraft/class_1299;Lnet/minecraft/class_1317$class_1319;Lnet/minecraft/class_2902$class_2903;Lnet/minecraft/class_1317$class_4306;)V to callRegister$fabric-object-builder-api-v1_$md$89f072$0 in fabric-object-builder-v1.mixins.json:SpawnRestrictionAccessor from mod fabric-object-builder-api-v1
[20:23:04] [Worker-Main-30/INFO]: Preparing spawn area: 6%
[20:23:04] [Worker-Main-24/INFO]: Preparing spawn area: 9%
[20:23:05] [Worker-Main-17/INFO]: Preparing spawn area: 12%
[20:23:05] [Worker-Main-29/INFO]: Preparing spawn area: 17%
[20:23:06] [Worker-Main-20/INFO]: Preparing spawn area: 22%
[20:23:06] [Worker-Main-29/INFO]: Preparing spawn area: 26%
[20:23:07] [Server thread/INFO]: Mixing accessor.EntityTrackerAccessor from fabric-networking-api-v1.mixins.json into net.minecraft.class_3898$class_3208
[20:23:07] [Server thread/INFO]: Mixing EntityTrackerEntryMixin from fabric-networking-api-v1.mixins.json into net.minecraft.class_3231
[20:23:07] [Worker-Main-29/INFO]: Preparing spawn area: 31%
[20:23:07] [Worker-Main-22/INFO]: Preparing spawn area: 35%
[20:23:08] [Worker-Main-24/INFO]: Preparing spawn area: 42%
[20:23:08] [Worker-Main-26/INFO]: Preparing spawn area: 48%
[20:23:09] [Worker-Main-27/INFO]: Preparing spawn area: 54%
[20:23:09] [Worker-Main-24/INFO]: Preparing spawn area: 59%
[20:23:10] [Worker-Main-30/INFO]: Preparing spawn area: 64%
[20:23:10] [Worker-Main-19/INFO]: Preparing spawn area: 72%
[20:23:11] [Worker-Main-21/INFO]: Preparing spawn area: 78%
[20:23:11] [Worker-Main-20/INFO]: Preparing spawn area: 83%
[20:23:12] [Worker-Main-21/INFO]: Preparing spawn area: 86%
[20:23:12] [Worker-Main-29/INFO]: Preparing spawn area: 93%
[20:23:12] [Worker-Main-28/INFO]: Mixing SimpleInventoryMixin from fabric-transfer-api-v1.mixins.json into net.minecraft.class_1277
[20:23:13] [Server thread/INFO]: Time elapsed: 13889 ms
[20:23:13] [Server thread/INFO]: Done (16.745s)! For help, type "help"
[20:23:13] [Server thread/INFO]: Mixing MixinChunkSerializer from fabric-registry-sync-v0.mixins.json into net.minecraft.class_2852
[20:23:13] [Server thread/INFO]: The difficulty did not change; it is already set to peaceful
[20:23:13] [Server thread/INFO]: Gamerule doMobSpawning is now set to: false
[20:23:13] [Server thread/INFO]: QiZhangVerdict sessions=0, trackedIPs=0, accountPairs=0, rules=37, companion=required, vm=DENY, blacklist=DENY, rateBuckets=0, accountBans=0, deviceBans=0, deviceRequired=true
[20:23:45] [Netty Server IO #1/INFO]: Mixing accessor.CustomPayloadC2SPacketAccessor from fabric-networking-api-v1.mixins.json into net.minecraft.class_2817
[20:23:45] [Netty Server IO #1/INFO]: Mixing accessor.LoginQueryResponseC2SPacketAccessor from fabric-networking-api-v1.mixins.json into net.minecraft.class_2913
[20:23:45] [Server thread/INFO]: VerdictClient[/127.0.0.1:2708] logged in with entity id 265 at (5.5, 64.0, -27.5)
[20:23:45] [Server thread/INFO]: VerdictClient joined the game
[20:23:55] [Server thread/INFO]: There are 1 of a max of 5 players online: VerdictClient
[20:23:55] [Server thread/INFO]: QiZhangVerdict sessions=1, trackedIPs=1, accountPairs=1, rules=37, companion=required, vm=DENY, blacklist=DENY, rateBuckets=1, accountBans=0, deviceBans=0, deviceRequired=true
[20:23:55] [Server thread/INFO]: VerdictClient has the following entity data: 0
[20:24:05] [Server thread/INFO]: There are 1 of a max of 5 players online: VerdictClient
[20:24:05] [Server thread/INFO]: QiZhangVerdict sessions=1, trackedIPs=1, accountPairs=1, rules=37, companion=required, vm=DENY, blacklist=DENY, rateBuckets=1, accountBans=0, deviceBans=0, deviceRequired=true
[20:24:05] [Server thread/INFO]: VerdictClient has the following entity data: 0
[20:24:15] [Server thread/INFO]: There are 1 of a max of 5 players online: VerdictClient
[20:24:15] [Server thread/INFO]: QiZhangVerdict sessions=1, trackedIPs=1, accountPairs=1, rules=37, companion=required, vm=DENY, blacklist=DENY, rateBuckets=1, accountBans=0, deviceBans=0, deviceRequired=true
[20:24:15] [Server thread/INFO]: VerdictClient has the following entity data: 0
[20:24:26] [Server thread/INFO]: There are 1 of a max of 5 players online: VerdictClient
[20:24:26] [Server thread/INFO]: QiZhangVerdict sessions=1, trackedIPs=1, accountPairs=1, rules=37, companion=required, vm=DENY, blacklist=DENY, rateBuckets=1, accountBans=0, deviceBans=0, deviceRequired=true
[20:24:26] [Server thread/INFO]: VerdictClient has the following entity data: 0
[20:24:36] [Server thread/INFO]: There are 1 of a max of 5 players online: VerdictClient
[20:24:36] [Server thread/INFO]: QiZhangVerdict sessions=1, trackedIPs=1, accountPairs=1, rules=37, companion=required, vm=DENY, blacklist=DENY, rateBuckets=1, accountBans=0, deviceBans=0, deviceRequired=true
[20:24:36] [Server thread/INFO]: VerdictClient has the following entity data: 0
[20:24:46] [Server thread/INFO]: There are 1 of a max of 5 players online: VerdictClient
[20:24:46] [Server thread/INFO]: QiZhangVerdict sessions=1, trackedIPs=1, accountPairs=1, rules=37, companion=required, vm=DENY, blacklist=DENY, rateBuckets=1, accountBans=0, deviceBans=0, deviceRequired=true
[20:24:46] [Server thread/INFO]: VerdictClient has the following entity data: 0
[20:24:56] [Server thread/INFO]: There are 1 of a max of 5 players online: VerdictClient
[20:24:56] [Server thread/INFO]: QiZhangVerdict sessions=1, trackedIPs=1, accountPairs=1, rules=37, companion=required, vm=DENY, blacklist=DENY, rateBuckets=1, accountBans=0, deviceBans=0, deviceRequired=true
[20:24:56] [Server thread/INFO]: VerdictClient has the following entity data: 0
[20:25:01] [Server thread/INFO]: There are 1 of a max of 5 players online: VerdictClient
[20:25:01] [Server thread/INFO]: QiZhangVerdict sessions=1, trackedIPs=1, accountPairs=1, rules=37, companion=required, vm=DENY, blacklist=DENY, rateBuckets=1, accountBans=0, deviceBans=0, deviceRequired=true
[20:25:01] [Server thread/INFO]: VerdictClient has the following entity data: 0
[20:25:03] [Server thread/INFO]: VerdictClient lost connection: Disconnected
[20:25:03] [Server thread/INFO]: VerdictClient left the game
[20:25:04] [Server thread/INFO]: Stopping the server
[20:25:04] [Server thread/INFO]: Stopping server
[20:25:04] [Server thread/INFO]: Saving players
[20:25:04] [Server thread/INFO]: Saving worlds
[20:25:04] [Server thread/INFO]: Saving chunks for level 'ServerLevel[world]'/minecraft:overworld
[20:25:05] [Server thread/INFO]: Saving chunks for level 'ServerLevel[world]'/minecraft:the_end
[20:25:05] [Server thread/INFO]: Saving chunks for level 'ServerLevel[world]'/minecraft:the_nether
[20:25:05] [Server thread/INFO]: ThreadedAnvilChunkStorage (world): All chunks are saved
[20:25:05] [Server thread/INFO]: ThreadedAnvilChunkStorage (DIM1): All chunks are saved
[20:25:05] [Server thread/INFO]: ThreadedAnvilChunkStorage (DIM-1): All chunks are saved
[20:25:05] [Server thread/INFO]: ThreadedAnvilChunkStorage: All dimensions are saved
