Unpacking 1.21.1/server-1.21.1.jar (versions:1.21.1) to versions\1.21.1\server-1.21.1.jar
Starting net.fabricmc.loader.impl.game.minecraft.BundlerClassPathCapture
[20:13:13] [main/INFO]: Loading Minecraft 1.21.1 with Fabric Loader 0.16.14
[20:13:14] [main/WARN]: Warnings were found!
 - 模组 'GrimAC' (grimac) 2.3.73 建议安装 fabric-permissions-api-v0 的 任意版本，但没有安装它！
	 - 为了最佳体验，您应该安装 fabric-permissions-api-v0 的 任意版本。
[20:13:14] [main/INFO]: Loading 84 mods:
	- antixray 1.4.8
	   \-- com_moandjiezana_toml_toml4j 0.7.2
	- cloud 2.0.0-beta.10
	   |-- io_leangen_geantyref_geantyref 1.3.15
	   |-- org_incendo_cloud-brigadier 2.0.0-beta.10
	   |-- org_incendo_cloud-core 2.0.0
	   |-- org_incendo_cloud-minecraft-modded-common-fabric-repack 2.0.0-beta.10
	   \-- org_incendo_cloud-services 2.0.0
	- fabric-api 0.116.17+1.21.1
	   |-- fabric-api-base 0.4.42+6573ed8c19
	   |-- fabric-api-lookup-api-v1 1.6.72+7b3d111d19
	   |-- fabric-biome-api-v1 13.0.31+d527f9fd19
	   |-- fabric-block-api-v1 1.1.0+0bc3503219
	   |-- fabric-block-view-api-v2 1.0.11+ebb2264e19
	   |-- fabric-blockrenderlayer-v1 1.1.52+0af3f5a719
	   |-- fabric-client-tags-api-v1 1.2.0+1eb36c0719
	   |-- fabric-command-api-v1 1.2.49+f71b366f19
	   |-- fabric-command-api-v2 2.2.28+6ced4dd919
	   |-- fabric-commands-v0 0.2.66+df3654b319
	   |-- fabric-content-registries-v0 8.0.19+b559734419
	   |-- fabric-convention-tags-v1 2.1.7+7f945d5b19
	   |-- fabric-convention-tags-v2 2.12.0+c3656daa19
	   |-- fabric-crash-report-info-v1 0.2.29+0af3f5a719
	   |-- fabric-data-attachment-api-v1 1.4.7+5b36e0f719
	   |-- fabric-data-generation-api-v1 20.3.0+1eb36c0719
	   |-- fabric-dimensions-v1 4.0.1+65213ef819
	   |-- fabric-entity-events-v1 1.8.0+2b27e0a419
	   |-- fabric-events-interaction-v0 0.7.14+ba9dae0619
	   |-- fabric-game-rule-api-v1 1.0.53+6ced4dd919
	   |-- fabric-item-api-v1 11.3.0+467044f319
	   |-- fabric-item-group-api-v1 4.1.7+def88e3a19
	   |-- fabric-key-binding-api-v1 1.0.47+0af3f5a719
	   |-- fabric-keybindings-v0 0.2.45+df3654b319
	   |-- fabric-lifecycle-events-v1 2.6.0+0865547519
	   |-- fabric-loot-api-v2 3.0.15+3f89f5a519
	   |-- fabric-loot-api-v3 1.0.3+3f89f5a519
	   |-- fabric-message-api-v1 6.0.14+8aaf3aca19
	   |-- fabric-model-loading-api-v1 2.1.0+b4d813fc19
	   |-- fabric-networking-api-v1 4.3.1+d30f6a7919
	   |-- fabric-object-builder-api-v1 15.2.1+40875a9319
	   |-- fabric-particles-v1 4.0.2+6573ed8c19
	   |-- fabric-recipe-api-v1 5.0.16+2475392c19
	   |-- fabric-registry-sync-v0 5.3.2+e3eddc2119
	   |-- fabric-renderer-api-v1 3.4.1+b4d813fc19
	   |-- fabric-renderer-indigo 1.7.1+c705a49c19
	   |-- fabric-renderer-registries-v1 3.2.71+df3654b319
	   |-- fabric-rendering-data-attachment-v1 0.3.49+73761d2e19
	   |-- fabric-rendering-fluids-v1 3.1.6+1daea21519
	   |-- fabric-rendering-v0 1.1.74+df3654b319
	   |-- fabric-rendering-v1 5.2.1+f44c2eea19
	   |-- fabric-resource-conditions-api-v1 4.3.0+8dc279b119
	   |-- fabric-resource-loader-v0 1.3.1+5b5275af19
	   |-- fabric-screen-api-v1 2.0.26+639b4c0719
	   |-- fabric-screen-handler-api-v1 1.3.91+b559734419
	   |-- fabric-sound-api-v1 1.0.23+6573ed8c19
	   |-- fabric-tag-api-v1 1.3.0+1eb36c0719
	   |-- fabric-transfer-api-v1 5.4.4+7b3d111d19
	   \-- fabric-transitive-access-wideners-v1 6.2.0+45b9699719
	- fabricloader 0.16.14
	   \-- mixinextras 0.4.1
	- grimac 2.3.73
	   |-- ac_grim_grimac_common 2.3.73
	   |-- ac_grim_grimac_grim-internal 1.2.4.0
	   |-- ac_grim_grimac_grimapi 1.2.4.0
	   |-- com_github_alexheretic_dynamics 4.0
	   |-- com_github_alexheretic_fluent 2.0
	   |-- com_googlecode_json-simple_json-simple 1.1.1
	   |-- com_zaxxer_hikaricp 7.0.2
	   |-- github_scarsz_configuralize_slim 1.4.1
	   |-- grimac-mc1161 2.3.73
	   |-- grimac-mc1171 2.3.73
	   |-- grimac-mc1194 2.3.73
	   |-- grimac-mc1205 2.3.73
	   |-- net_kyori_adventure-text-minimessage 4.25.0
	   |-- org_incendo_cloud-annotations 2.0.0
	   |-- org_incendo_cloud-processors-requirements 1.0.0-rc.1
	   |-- org_jetbrains_annotations 24.1.0
	   |-- org_slf4j_slf4j-api 2.0.17
	   |-- org_yaml_snakeyaml 2.2
	   \-- packetevents 2.11.2+675bc5c-SNAPSHOT
	        |-- com_github_retrooper_api 2.11.2+675bc5c-SNAPSHOT
	        |-- com_github_retrooper_netty-common 2.11.2+675bc5c-SNAPSHOT
	        |-- conditional-mixin 0.6.4
	        |-- net_kyori_adventure-api 4.25.0
	        |-- net_kyori_adventure-key 4.25.0
	        |-- net_kyori_adventure-nbt 4.25.0
	        |-- net_kyori_examination-api 1.3.0
	        |-- net_kyori_examination-string 1.3.0
	        |-- packetevents-mc1140 2.11.2+675bc5c-SNAPSHOT
	        |-- packetevents-mc1194 2.11.2+675bc5c-SNAPSHOT
	        |-- packetevents-mc1202 2.11.2+675bc5c-SNAPSHOT
	        \-- packetevents-mc1211 2.11.2+675bc5c-SNAPSHOT
	- java 21
	- minecraft 1.21.1
	- qizhangverdict 0.2.0-test.1
	- sqlite-jdbc 3.53.2.0+2026-06-06
[20:13:14] [main/INFO]: SpongePowered MIXIN Subsystem Version=0.8.7 Source=file:/E:/CodexTemp/QiZhangVerdict/release-0.2.0-test.1/client-runs/fabric-1.21.1-01/fabric-1.21.1/run-01/server/libraries/net/fabricmc/sponge-mixin/0.15.5+mixin.0.8.7/sponge-mixin-0.15.5+mixin.0.8.7.jar Service=Knot/Fabric Env=SERVER
[20:13:14] [main/INFO]: Compatibility level set to JAVA_17
[20:13:14] [main/INFO]: Compatibility level set to JAVA_21
[20:13:14] [main/ERROR]: Failed reading REFMAP JSON from : java.lang.NullPointerException Cannot invoke "org.spongepowered.asm.mixin.refmap.ReferenceMapper.setResourceName(String)" because "mapper" is null
[20:13:14] [main/WARN]: Reference map '' for packetevents-mc1140.mixins.json could not be read. If this is a development environment you can ignore this message
[20:13:14] [main/ERROR]: Failed reading REFMAP JSON from : java.lang.NullPointerException Cannot invoke "org.spongepowered.asm.mixin.refmap.ReferenceMapper.setResourceName(String)" because "mapper" is null
[20:13:14] [main/WARN]: Reference map '' for packetevents-mc1914.mixins.json could not be read. If this is a development environment you can ignore this message
[20:13:14] [main/ERROR]: Failed reading REFMAP JSON from : java.lang.NullPointerException Cannot invoke "org.spongepowered.asm.mixin.refmap.ReferenceMapper.setResourceName(String)" because "mapper" is null
[20:13:14] [main/WARN]: Reference map '' for packetevents-mc1202.mixins.json could not be read. If this is a development environment you can ignore this message
[20:13:17] [main/INFO]: Initializing MixinExtras via com.llamalad7.mixinextras.service.MixinExtrasServiceImpl(version=0.4.1).
[20:13:24] [main/INFO]: Successfully initialized antixray for fabric
[20:13:25] [main/INFO]: Loading PacketEvents...
[20:13:25] [main/INFO]: External mod presence only: grimac=true, antixray=true; actual function must be tested separately
[20:13:26] [main/INFO]: Environment: Environment[sessionHost=https://sessionserver.mojang.com, servicesHost=https://api.minecraftservices.com, name=PROD]
[20:13:27] [main/INFO]: Loaded 1290 recipes
[20:13:28] [main/INFO]: Loaded 1399 advancements
[20:13:28] [main/INFO]: Applied 0 biome modifications to 0 of 64 new biomes in 1.051 ms
[20:13:28] [Server thread/INFO]: Registering packets...
[20:13:28] [Server thread/INFO]: Registering tick schedulers...
[20:13:28] [Server thread/INFO]: Grim Version: 2.3.73
[20:13:28] [Server thread/INFO]: QiZhangGuard started: QiZhangVerdict sessions=0, trackedIPs=0, accountPairs=0, rules=37, companion=required, vm=DENY, blacklist=DENY, rateBuckets=0, accountBans=0, deviceBans=0, deviceRequired=true. Reports are self-reported, not trusted attestation.
[20:13:28] [Server thread/INFO]: Starting minecraft server version 1.21.1
[20:13:28] [Server thread/INFO]: Loading properties
[20:13:28] [Server thread/INFO]: Default game type: SURVIVAL
[20:13:28] [Server thread/INFO]: Generating keypair
[20:13:28] [Server thread/INFO]: Starting Minecraft server on 127.0.0.1:25597
[20:13:28] [Server thread/INFO]: Using default channel type
[20:13:28] [Server thread/WARN]: **** SERVER IS RUNNING IN OFFLINE/INSECURE MODE!
[20:13:28] [Server thread/WARN]: The server will make no attempt to authenticate usernames. Beware.
[20:13:28] [Server thread/WARN]: While this makes the game possible to play without internet access, it also opens up the ability for hackers to connect with any username they choose.
[20:13:28] [Server thread/WARN]: To change this, set "online-mode" to "true" in the server.properties file.
[20:13:28] [Server thread/INFO]: Preparing level "smoke-world"
[20:13:29] [Thread-2/INFO]: New GrimAC version found! Version 2.3.74-8eb5f28 is available to be downloaded here: https://modrinth.com/plugin/grimac
[20:13:29] [Server thread/INFO]: Preparing start region for dimension minecraft:overworld
[20:13:29] [Worker-Main-4/INFO]: Preparing spawn area: 0%
[20:13:30] [Server thread/INFO]: Time elapsed: 531 ms
[20:13:30] [Server thread/INFO]: Done (1.317s)! For help, type "help"
[20:13:30] [Server thread/INFO]: The difficulty did not change; it is already set to peaceful
[20:13:30] [Server thread/INFO]: Gamerule doMobSpawning is now set to: false
[20:13:30] [Server thread/INFO]: QiZhangVerdict sessions=0, trackedIPs=0, accountPairs=0, rules=37, companion=required, vm=DENY, blacklist=DENY, rateBuckets=0, accountBans=0, deviceBans=0, deviceRequired=true
[20:13:55] [Server thread/INFO]: VerdictClient[/127.0.0.1:4789] logged in with entity id 106 at (2.5, 72.0, 0.5)
[20:13:56] [Server thread/INFO]: VerdictClient joined the game
[20:13:56] [Netty Server IO #1/INFO]: Loading block mappings for V_1_20_5/15...
[20:13:57] [Netty Server IO #1/INFO]: Finished loading block mappings for V_1_20_5/15 in 707.6921ms
[20:14:26] [Server thread/INFO]: There are 1 of a max of 5 players online: VerdictClient
[20:14:26] [Server thread/INFO]: QiZhangVerdict sessions=1, trackedIPs=1, accountPairs=1, rules=37, companion=required, vm=DENY, blacklist=DENY, rateBuckets=1, accountBans=0, deviceBans=0, deviceRequired=true
[20:14:26] [Server thread/INFO]: VerdictClient has the following entity data: 0
[20:14:41] [Server thread/INFO]: There are 1 of a max of 5 players online: VerdictClient
[20:14:41] [Server thread/INFO]: QiZhangVerdict sessions=1, trackedIPs=1, accountPairs=1, rules=37, companion=required, vm=DENY, blacklist=DENY, rateBuckets=1, accountBans=0, deviceBans=0, deviceRequired=true
[20:14:41] [Server thread/INFO]: VerdictClient has the following entity data: 0
[20:14:56] [Server thread/INFO]: There are 1 of a max of 5 players online: VerdictClient
[20:14:56] [Server thread/INFO]: QiZhangVerdict sessions=1, trackedIPs=1, accountPairs=1, rules=37, companion=required, vm=DENY, blacklist=DENY, rateBuckets=1, accountBans=0, deviceBans=0, deviceRequired=true
[20:14:56] [Server thread/INFO]: VerdictClient has the following entity data: 0
[20:15:01] [Server thread/INFO]: VerdictClient lost connection: Disconnected
[20:15:01] [Server thread/INFO]: VerdictClient left the game
[20:15:01] [Server thread/INFO]: Stopping the server
[20:15:01] [Server thread/INFO]: Terminating PacketEvents...
[20:15:01] [Server thread/INFO]: Stopping server
[20:15:01] [Server thread/INFO]: Saving players
[20:15:01] [Server thread/INFO]: Saving worlds
[20:15:02] [Server thread/INFO]: Saving chunks for level 'ServerLevel[smoke-world]'/minecraft:overworld
[20:15:02] [Server thread/INFO]: Saving chunks for level 'ServerLevel[smoke-world]'/minecraft:the_end
[20:15:02] [Server thread/INFO]: Saving chunks for level 'ServerLevel[smoke-world]'/minecraft:the_nether
[20:15:02] [Server thread/INFO]: ThreadedAnvilChunkStorage (smoke-world): All chunks are saved
[20:15:02] [Server thread/INFO]: ThreadedAnvilChunkStorage (DIM1): All chunks are saved
[20:15:02] [Server thread/INFO]: ThreadedAnvilChunkStorage (DIM-1): All chunks are saved
[20:15:02] [Server thread/INFO]: ThreadedAnvilChunkStorage: All dimensions are saved
