Starting net.fabricmc.loader.impl.game.minecraft.BundlerClassPathCapture
[20:18:31] [main/INFO]: Loading Minecraft 1.19.4 with Fabric Loader 0.16.14
[20:18:32] [main/INFO]: Loading 43 mods:
	- fabric-api 0.87.2+1.19.4
	   |-- fabric-api-base 0.4.28+737a6ee8f4
	   |-- fabric-api-lookup-api-v1 1.6.29+504944c8f4
	   |-- fabric-biome-api-v1 13.0.10+6b242079f4
	   |-- fabric-block-api-v1 1.0.8+e022e5d1f4
	   |-- fabric-blockrenderlayer-v1 1.1.38+10ce000ff4
	   |-- fabric-client-tags-api-v1 1.1.1+0eee1254f4
	   |-- fabric-command-api-v1 1.2.31+f71b366ff4
	   |-- fabric-command-api-v2 2.2.10+10ce000ff4
	   |-- fabric-commands-v0 0.2.48+df3654b3f4
	   |-- fabric-containers-v0 0.1.59+df3654b3f4
	   |-- fabric-content-registries-v0 3.5.14+10ce000ff4
	   |-- fabric-convention-tags-v1 1.5.3+6d727b51f4
	   |-- fabric-crash-report-info-v1 0.2.17+aeb40ebef4
	   |-- fabric-data-generation-api-v1 11.5.2+26f09d40f4
	   |-- fabric-dimensions-v1 2.1.50+44c9c860f4
	   |-- fabric-entity-events-v1 1.5.17+10ce000ff4
	   |-- fabric-events-interaction-v0 0.6.1+4b6b93f0f4
	   |-- fabric-events-lifecycle-v0 0.2.56+df3654b3f4
	   |-- fabric-game-rule-api-v1 1.0.36+3f657af2f4
	   |-- fabric-item-api-v1 2.1.21+10ce000ff4
	   |-- fabric-item-group-api-v1 3.0.10+8400c67ef4
	   |-- fabric-key-binding-api-v1 1.0.35+504944c8f4
	   |-- fabric-keybindings-v0 0.2.33+df3654b3f4
	   |-- fabric-lifecycle-events-v1 2.2.19+10ce000ff4
	   |-- fabric-loot-api-v2 1.1.32+10ce000ff4
	   |-- fabric-loot-tables-v1 1.1.36+9e7660c6f4
	   |-- fabric-message-api-v1 5.1.5+53c11dadf4
	   |-- fabric-mining-level-api-v1 2.1.44+10ce000ff4
	   |-- fabric-model-loading-api-v1 1.0.2+3a1ea2f1f4
	   |-- fabric-models-v0 0.4.1+a0255436f4
	   |-- fabric-networking-api-v1 1.3.6+ae9c4c6af4
	   |-- fabric-networking-v0 0.3.46+df3654b3f4
	   |-- fabric-object-builder-api-v1 7.1.1+d63b52eaf4
	   |-- fabric-particles-v1 1.1.1+86d48884f4
	   |-- fabric-recipe-api-v1 1.0.13+10ce000ff4
	   |-- fabric-registry-sync-v0 2.3.2+95ae8716f4
	   |-- fabric-renderer-api-v1 2.4.2+90110d8df4
	   |-- fabric-renderer-indigo 1.4.2+90110d8df4
	   |-- fabric-renderer-registries-v1 3.2.42+df3654b3f4
	   |-- fabric-rendering-data-attachment-v1 0.3.32+10ce000ff4
	   |-- fabric-rendering-fluids-v1 3.0.25+10ce000ff4
	   |-- fabric-rendering-v0 1.1.45+df3654b3f4
	   |-- fabric-rendering-v1 2.1.5+10ce000ff4
	   |-- fabric-resource-conditions-api-v1 2.3.3+10ce000ff4
	   |-- fabric-resource-loader-v0 0.11.7+8400c67ef4
	   |-- fabric-screen-api-v1 1.0.49+10ce000ff4
	   |-- fabric-screen-handler-api-v1 1.3.25+10ce000ff4
	   |-- fabric-sound-api-v1 1.0.11+10ce000ff4
	   |-- fabric-transfer-api-v1 3.3.1+602c17c7f4
	   \-- fabric-transitive-access-wideners-v1 3.3.0+1b5f819af4
	- fabricloader 0.16.14
	   \-- mixinextras 0.4.1
	- java 17
	- minecraft 1.19.4
	- qizhangverdict 0.2.0-test.1
[20:18:32] [main/INFO]: SpongePowered MIXIN Subsystem Version=0.8.7 Source=file:/E:/CodexTemp/QiZhangVerdict/release-0.2.0-test.1/client-runs/fabric-1.19.4-01/fabric-1.19.4/run-01/server/libraries/net/fabricmc/sponge-mixin/0.15.5+mixin.0.8.7/sponge-mixin-0.15.5+mixin.0.8.7.jar Service=Knot/Fabric Env=SERVER
[20:18:32] [main/INFO]: Compatibility level set to JAVA_16
[20:18:32] [main/INFO]: Compatibility level set to JAVA_17
[20:18:32] [main/INFO]: Initializing MixinExtras via com.llamalad7.mixinextras.service.MixinExtrasServiceImpl(version=0.4.1).
[20:18:39] [main/INFO]: External mod presence only: grimac=false, antixray=false; actual function must be tested separately
[20:18:39] [main/INFO]: Environment: authHost='https://authserver.mojang.com', accountsHost='https://api.mojang.com', sessionHost='https://sessionserver.mojang.com', servicesHost='https://api.minecraftservices.com', name='PROD'
[20:18:41] [main/INFO]: Loaded 7 recipes
[20:18:41] [main/INFO]: Loaded 1179 advancements
[20:18:41] [main/INFO]: Applied 0 biome modifications to 0 of 63 new biomes in 1.140 ms
[20:18:41] [Server thread/INFO]: QiZhangGuard started: QiZhangVerdict sessions=0, trackedIPs=0, accountPairs=0, rules=37, companion=required, vm=DENY, blacklist=DENY, rateBuckets=0, accountBans=0, deviceBans=0, deviceRequired=true. Reports are self-reported, not trusted attestation.
[20:18:41] [Server thread/INFO]: Starting minecraft server version 1.19.4
[20:18:41] [Server thread/INFO]: Loading properties
[20:18:41] [Server thread/INFO]: Default game type: SURVIVAL
[20:18:41] [Server thread/INFO]: Generating keypair
[20:18:41] [Server thread/INFO]: Starting Minecraft server on 127.0.0.1:25611
[20:18:41] [Server thread/INFO]: Using default channel type
[20:18:42] [Server thread/WARN]: **** SERVER IS RUNNING IN OFFLINE/INSECURE MODE!
[20:18:42] [Server thread/WARN]: The server will make no attempt to authenticate usernames. Beware.
[20:18:42] [Server thread/WARN]: While this makes the game possible to play without internet access, it also opens up the ability for hackers to connect with any username they choose.
[20:18:42] [Server thread/WARN]: To change this, set "online-mode" to "true" in the server.properties file.
[20:18:42] [Server thread/INFO]: Preparing level "world"
[20:18:42] [Server thread/INFO]: Preparing start region for dimension minecraft:overworld
[20:18:44] [Worker-Main-3/INFO]: Preparing spawn area: 0%
[20:18:44] [Worker-Main-3/INFO]: Preparing spawn area: 0%
[20:18:44] [Worker-Main-2/INFO]: Preparing spawn area: 0%
[20:18:44] [Worker-Main-3/INFO]: Preparing spawn area: 0%
[20:18:44] [Worker-Main-3/INFO]: Preparing spawn area: 0%
[20:18:44] [Worker-Main-6/INFO]: Preparing spawn area: 32%
[20:18:45] [Server thread/INFO]: Time elapsed: 2801 ms
[20:18:45] [Server thread/INFO]: Done (2.971s)! For help, type "help"
[20:18:45] [Server thread/INFO]: The difficulty did not change; it is already set to peaceful
[20:18:45] [Server thread/INFO]: Gamerule doMobSpawning is now set to: false
[20:18:45] [Server thread/INFO]: QiZhangVerdict sessions=0, trackedIPs=0, accountPairs=0, rules=37, companion=required, vm=DENY, blacklist=DENY, rateBuckets=0, accountBans=0, deviceBans=0, deviceRequired=true
[20:19:09] [Server thread/INFO]: VerdictClient[/127.0.0.1:12392] logged in with entity id 1 at (10.5, -60.0, 1.5)
[20:19:10] [Server thread/INFO]: VerdictClient joined the game
[20:19:20] [Server thread/INFO]: There are 1 of a max of 5 players online: VerdictClient
[20:19:20] [Server thread/INFO]: QiZhangVerdict sessions=1, trackedIPs=1, accountPairs=1, rules=37, companion=required, vm=DENY, blacklist=DENY, rateBuckets=1, accountBans=0, deviceBans=0, deviceRequired=true
[20:19:20] [Server thread/INFO]: VerdictClient has the following entity data: 0
[20:19:30] [Server thread/INFO]: There are 1 of a max of 5 players online: VerdictClient
[20:19:30] [Server thread/INFO]: QiZhangVerdict sessions=1, trackedIPs=1, accountPairs=1, rules=37, companion=required, vm=DENY, blacklist=DENY, rateBuckets=1, accountBans=0, deviceBans=0, deviceRequired=true
[20:19:30] [Server thread/INFO]: VerdictClient has the following entity data: 0
[20:19:40] [Server thread/INFO]: There are 1 of a max of 5 players online: VerdictClient
[20:19:40] [Server thread/INFO]: QiZhangVerdict sessions=1, trackedIPs=1, accountPairs=1, rules=37, companion=required, vm=DENY, blacklist=DENY, rateBuckets=1, accountBans=0, deviceBans=0, deviceRequired=true
[20:19:40] [Server thread/INFO]: VerdictClient has the following entity data: 0
[20:19:50] [Server thread/INFO]: There are 1 of a max of 5 players online: VerdictClient
[20:19:50] [Server thread/INFO]: QiZhangVerdict sessions=1, trackedIPs=1, accountPairs=1, rules=37, companion=required, vm=DENY, blacklist=DENY, rateBuckets=1, accountBans=0, deviceBans=0, deviceRequired=true
[20:19:50] [Server thread/INFO]: VerdictClient has the following entity data: 0
[20:20:00] [Server thread/INFO]: There are 1 of a max of 5 players online: VerdictClient
[20:20:00] [Server thread/INFO]: QiZhangVerdict sessions=1, trackedIPs=1, accountPairs=1, rules=37, companion=required, vm=DENY, blacklist=DENY, rateBuckets=1, accountBans=0, deviceBans=0, deviceRequired=true
[20:20:00] [Server thread/INFO]: VerdictClient has the following entity data: 0
[20:20:10] [Server thread/INFO]: There are 1 of a max of 5 players online: VerdictClient
[20:20:10] [Server thread/INFO]: QiZhangVerdict sessions=1, trackedIPs=1, accountPairs=1, rules=37, companion=required, vm=DENY, blacklist=DENY, rateBuckets=1, accountBans=0, deviceBans=0, deviceRequired=true
[20:20:10] [Server thread/INFO]: VerdictClient has the following entity data: 0
[20:20:20] [Server thread/INFO]: There are 1 of a max of 5 players online: VerdictClient
[20:20:20] [Server thread/INFO]: QiZhangVerdict sessions=1, trackedIPs=1, accountPairs=1, rules=37, companion=required, vm=DENY, blacklist=DENY, rateBuckets=1, accountBans=0, deviceBans=0, deviceRequired=true
[20:20:20] [Server thread/INFO]: VerdictClient has the following entity data: 0
[20:20:25] [Server thread/INFO]: There are 1 of a max of 5 players online: VerdictClient
[20:20:25] [Server thread/INFO]: QiZhangVerdict sessions=1, trackedIPs=1, accountPairs=1, rules=37, companion=required, vm=DENY, blacklist=DENY, rateBuckets=1, accountBans=0, deviceBans=0, deviceRequired=true
[20:20:25] [Server thread/INFO]: VerdictClient has the following entity data: 0
[20:20:27] [Server thread/INFO]: VerdictClient lost connection: Disconnected
[20:20:27] [Server thread/INFO]: VerdictClient left the game
[20:20:28] [Server thread/INFO]: Stopping the server
[20:20:28] [Server thread/INFO]: Stopping server
[20:20:28] [Server thread/INFO]: Saving players
[20:20:28] [Server thread/INFO]: Saving worlds
[20:20:29] [Server thread/INFO]: Saving chunks for level 'ServerLevel[world]'/minecraft:overworld
[20:20:29] [Server thread/INFO]: Saving chunks for level 'ServerLevel[world]'/minecraft:the_end
[20:20:29] [Server thread/INFO]: Saving chunks for level 'ServerLevel[world]'/minecraft:the_nether
[20:20:29] [Server thread/INFO]: ThreadedAnvilChunkStorage (world): All chunks are saved
[20:20:29] [Server thread/INFO]: ThreadedAnvilChunkStorage (DIM1): All chunks are saved
[20:20:29] [Server thread/INFO]: ThreadedAnvilChunkStorage (DIM-1): All chunks are saved
[20:20:29] [Server thread/INFO]: ThreadedAnvilChunkStorage: All dimensions are saved
