To honour the JVM settings for this build a single-use Daemon process will be forked. For more on this, please refer to https://docs.gradle.org/8.14.1/userguide/gradle_daemon.html#sec:disabling_the_daemon in the Gradle documentation.
Daemon will be stopped at the end of the build 

> Task :core:compileJava
警告: [options] 源值 8 已过时，将在未来发行版中删除
警告: [options] 目标值 8 已过时，将在未来发行版中删除
警告: [options] 要隐藏有关已过时选项的警告, 请使用 -Xlint:-options。
3 个警告

警告: [options] 源值 8 已过时，将在未来发行版中删除
警告: [options] 目标值 8 已过时，将在未来发行版中删除
> Task :bukkit:compileJava
警告: [options] 要隐藏有关已过时选项的警告, 请使用 -Xlint:-options。
3 个警告

> Task :bukkit:processResources UP-TO-DATE
> Task :bukkit:classes
> Task :core:processResources NO-SOURCE
> Task :core:classes
> Task :bukkit:jar
> Task :bukkit:assemble
> Task :bukkit:compileTestJava NO-SOURCE
> Task :bukkit:processTestResources NO-SOURCE
> Task :bukkit:testClasses UP-TO-DATE
> Task :core:jar
> Task :bukkit:test NO-SOURCE
> Task :bukkit:check UP-TO-DATE
> Task :bukkit:build
> Task :core:assemble

> Task :core:compileTestJava
警告: [options] 源值 8 已过时，将在未来发行版中删除
警告: [options] 目标值 8 已过时，将在未来发行版中删除
警告: [options] 要隐藏有关已过时选项的警告, 请使用 -Xlint:-options。
3 个警告

> Task :core:processTestResources NO-SOURCE
> Task :core:testClasses

> Task :core:securityTest
PASS 1: literal parser rejects DNS and ambiguous representations
PASS 2: IPv4-mapped IPv6 shares limits with IPv4
PASS 3: IPv6 canonical forms share limits
PASS 4: CIDR allow and deny precedence
PASS 5: mapped CIDR semantics
PASS 6: failed attempts do not consume persisted accounts
PASS 7: rolling history survives restart and expires
PASS 8: concurrent pending accounts cannot bypass account limit
PASS 9: concurrent joins cannot bypass online limit
PASS 10: duplicate UUID cannot overwrite a session
PASS 11: pending reservations expire
PASS 12: join rate limit resets after rolling minute
PASS 13: attacker IP buckets are bounded
PASS 14: configuration reload is transactional
PASS 15: invalid blacklist prevents configuration reload
PASS 16: corrupt persisted history fails closed
PASS 17: state replacement preserves coherent latest history
PASS 18: fresh nonce and replay rejection
PASS 19: mismatched nonce consumes challenge
PASS 20: reissued challenge invalidates old nonce
PASS 21: required report timeout kicks exactly once
PASS 22: optional report timeout does not kick
PASS 23: retry cannot extend report deadline
PASS 24: malformed oversized incomplete and trailing reports rejected
PASS 25: wire rejects invalid UTF-8 and protocol versions
PASS 26: client report owns immutable copied lists
PASS 27: blacklist uses exact normalized identifiers
PASS 28: automation default only alerts
PASS 29: VM DENY requires companion
PASS 30: VM evidence and unknown are distinguished
PASS 31: global blacklist OFF and ALERT are honored
PASS 32: managed glob rules and matching whitelist
PASS 33: rule mutations persist and invalid changes are transactional
PASS 34: legacy blacklist rules support list and removal
PASS 35: account and device bans propagate and survive restart
PASS 36: whitelist never bypasses a persistent ban
PASS 37: account and device unban are independent
PASS 38: KICK sanctions never persist a blacklist ban
PASS 39: missing devices and invalid reports do not permanently ban
PASS 40: same IP and device allows one concurrent account
PASS 41: same IP different devices allow three accounts
PASS 42: different IP same device is allowed until banned
PASS 43: concurrent device reports cannot bypass the device limit
PASS 44: IP and device limit respects configuration two
PASS 45: brand sanctions bind known device only
PASS 46: device protocol round trip and legacy rejection
PASS 47: online associated bans are discoverable without losing sessions
PASS 48: rechallenge applies new player rules
PASS 49: admin bans and background saves do not deadlock
PASS 50: online IP policy reload does not rewrite account history
PASS 51: server scope persists across restarts and differs across instances
PASS 52: corrupt server scope is rejected rather than regenerated
PASS 53: pathological managed rules have a report-wide budget
PASS 54: in-flight old report cannot consume or satisfy the new challenge
PASS 55: only two previous-nonce reports are tolerated
PASS: 55 security regression tests

> Task :core:test
> Task :core:check
> Task :core:build

[Incubating] Problems report is available at: file:///E:/Codex_work/QiZhangGuard/build/reports/problems/problems-report.html

Deprecated Gradle features were used in this build, making it incompatible with Gradle 9.0.

You can use '--warning-mode all' to show the individual deprecation warnings and determine if they come from your own scripts or plugins.

For more on this, please refer to https://docs.gradle.org/8.14.1/userguide/command_line_interface.html#sec:command_line_warnings in the Gradle documentation.

BUILD SUCCESSFUL in 13s
8 actionable tasks: 7 executed, 1 up-to-date
