PASS 1: literal parser rejects DNS and ambiguous representations
PASS 2: IPv4-mapped IPv6 shares limits with IPv4
PASS 3: IPv6 canonical forms share limits
PASS 4: CIDR allow and deny precedence
PASS 5: mapped CIDR semantics
PASS 6: failed attempts do not consume persisted accounts
PASS 7: rolling history survives restart and expires
PASS 8: concurrent pending accounts cannot bypass account limit
PASS 9: concurrent joins cannot bypass online limit
PASS 10: duplicate UUID cannot overwrite a session
PASS 11: pending reservations expire
PASS 12: join rate limit resets after rolling minute
PASS 13: attacker IP buckets are bounded
PASS 14: configuration reload is transactional
PASS 15: invalid blacklist prevents configuration reload
PASS 16: corrupt persisted history fails closed
PASS 17: state replacement preserves coherent latest history
PASS 18: fresh nonce and replay rejection
PASS 19: mismatched nonce consumes challenge
PASS 20: reissued challenge invalidates old nonce
PASS 21: required report timeout kicks exactly once
PASS 22: optional report timeout does not kick
PASS 23: retry cannot extend report deadline
PASS 24: malformed oversized incomplete and trailing reports rejected
PASS 25: wire rejects invalid UTF-8 and protocol versions
PASS 26: client report owns immutable copied lists
PASS 27: blacklist uses exact normalized identifiers
PASS 28: automation default only alerts
Exception in thread "main" java.lang.AssertionError: Explicit automation denial must ban two accounts and one device
	at cn.qizhang.guard.core.SecurityRegressionTest.require(SecurityRegressionTest.java:108)
	at cn.qizhang.guard.core.SecurityRegressionTest.automationDenied(SecurityRegressionTest.java:297)
	at cn.qizhang.guard.core.SecurityRegressionTest.run(SecurityRegressionTest.java:92)
	at cn.qizhang.guard.core.SecurityRegressionTest.main(SecurityRegressionTest.java:60)
