Grim linked bans on 1.21.1	Test actual Grim violation, device linking, restart and unban	﻿2026-09-25T09:47:47.4704608Z ##[group]Run export NODE_PATH="$GITHUB_WORKSPACE/scripts/protocol-qa/node_modules"
Grim linked bans on 1.21.1	Test actual Grim violation, device linking, restart and unban	2026-09-25T09:47:47.4705273Z ^[[36;1mexport NODE_PATH="$GITHUB_WORKSPACE/scripts/protocol-qa/node_modules"^[[0m
Grim linked bans on 1.21.1	Test actual Grim violation, device linking, restart and unban	2026-09-25T09:47:47.4706057Z ^[[36;1mpython3 -B scripts/grim_link_smoke.py "$QV_MC" --java "$JAVA_HOME/bin/java" --node "$(command -v node)" --output "$RUNNER_TEMP/qizhang-grim-link"^[[0m
Grim linked bans on 1.21.1	Test actual Grim violation, device linking, restart and unban	2026-09-25T09:47:47.4774684Z shell: /usr/bin/bash -e {0}
Grim linked bans on 1.21.1	Test actual Grim violation, device linking, restart and unban	2026-09-25T09:47:47.4774960Z env:
Grim linked bans on 1.21.1	Test actual Grim violation, device linking, restart and unban	2026-09-25T09:47:47.4775284Z   JAVA_HOME: /opt/hostedtoolcache/Java_Temurin-Hotspot_jdk/21.0.12-1/x64
Grim linked bans on 1.21.1	Test actual Grim violation, device linking, restart and unban	2026-09-25T09:47:47.4775813Z   JAVA_HOME_21_X64: /opt/hostedtoolcache/Java_Temurin-Hotspot_jdk/21.0.12-1/x64
Grim linked bans on 1.21.1	Test actual Grim violation, device linking, restart and unban	2026-09-25T09:47:47.4776244Z   MAVEN_ARGS: -ntp
Grim linked bans on 1.21.1	Test actual Grim violation, device linking, restart and unban	2026-09-25T09:47:47.4776457Z   QV_MC: 1.21.1
Grim linked bans on 1.21.1	Test actual Grim violation, device linking, restart and unban	2026-09-25T09:47:47.4776662Z ##[endgroup]
Grim linked bans on 1.21.1	Test actual Grim violation, device linking, restart and unban	2026-09-25T09:49:19.2055542Z {"phase": "trigger", "passed": true, "availableBytesBeforeJava": 15526760448, "ownedServerPid": 2348, "defaultPolicyBeforeSha256": "47310c31b47287ab805bfdbf8ddddf80e8169385bd9c862239a0a0075644da4e", "punishmentsBeforeSha256": "a8d67c5ff47eda932b6b9c0f50489283ebf5cc4dcbbfc68c02b72746e234c047", "protocolExit": 0, "protocol": {"passed": true, "phase": "trigger", "version": "1.21.1", "cases": ["historical linked account accepted", "trigger account accepted before violations", "clean connection survives default 20 second companion deadline", "real Grim violation executes the QiZhangVerdict ban command", "Grim console independently identifies BadPacketsA reaching the shipped threshold", "real Grim punishment persists both historical accounts and their shared synthetic device"], "caseCount": 6, "scope": "Real loopback TCP and upstream Grim BadPacketsA, synthetic device reports; not real hardware attestation or detection accuracy across cheats."}, "serverExit": 0, "normalStop": true, "defaultPolicyAfterSha256": "47310c31b47287ab805bfdbf8ddddf80e8169385bd9c862239a0a0075644da4e", "punishmentsAfterSha256": "a8d67c5ff47eda932b6b9c0f50489283ebf5cc4dcbbfc68c02b72746e234c047", "strictGuardPolicyUnmodified": true, "completePunishmentsTemplateUnmodified": true, "elapsedSeconds": 90.698, "logSha256": "b383fb07a272dcff3f767f2cd091bbb9776bd789be5c442eb882f8083d74e39b"}
Grim linked bans on 1.21.1	Test actual Grim violation, device linking, restart and unban	2026-09-25T09:49:19.2595808Z Traceback (most recent call last):
Grim linked bans on 1.21.1	Test actual Grim violation, device linking, restart and unban	2026-09-25T09:49:19.2597035Z   File "/home/runner/work/QiZhangVerdict/QiZhangVerdict/scripts/grim_link_smoke.py", line 206, in <module>
Grim linked bans on 1.21.1	Test actual Grim violation, device linking, restart and unban	2026-09-25T09:49:19.2598422Z     main()
Grim linked bans on 1.21.1	Test actual Grim violation, device linking, restart and unban	2026-09-25T09:49:19.2599561Z   File "/home/runner/work/QiZhangVerdict/QiZhangVerdict/scripts/grim_link_smoke.py", line 197, in main
Grim linked bans on 1.21.1	Test actual Grim violation, device linking, restart and unban	2026-09-25T09:49:19.2600302Z     result = run_phase(args, folder, phase)
Grim linked bans on 1.21.1	Test actual Grim violation, device linking, restart and unban	2026-09-25T09:49:19.2601566Z              ^^^^^^^^^^^^^^^^^^^^^^^^^^^^^^
Grim linked bans on 1.21.1	Test actual Grim violation, device linking, restart and unban	2026-09-25T09:49:19.2602870Z   File "/home/runner/work/QiZhangVerdict/QiZhangVerdict/scripts/grim_link_smoke.py", line 69, in run_phase
Grim linked bans on 1.21.1	Test actual Grim violation, device linking, restart and unban	2026-09-25T09:49:19.2603642Z     probe.bind(('127.0.0.1', args.port))
Grim linked bans on 1.21.1	Test actual Grim violation, device linking, restart and unban	2026-09-25T09:49:19.2746091Z OSError: [Errno 98] Address already in use
Grim linked bans on 1.21.1	Test actual Grim violation, device linking, restart and unban	2026-09-25T09:49:19.2756093Z ##[error]Process completed with exit code 1.
