Grim linked bans on 1.20.1	Test actual Grim violation, device linking, restart and unban	﻿2026-09-25T09:40:51.7945841Z ##[group]Run export NODE_PATH="$GITHUB_WORKSPACE/scripts/protocol-qa/node_modules"
Grim linked bans on 1.20.1	Test actual Grim violation, device linking, restart and unban	2026-09-25T09:40:51.7946577Z ^[[36;1mexport NODE_PATH="$GITHUB_WORKSPACE/scripts/protocol-qa/node_modules"^[[0m
Grim linked bans on 1.20.1	Test actual Grim violation, device linking, restart and unban	2026-09-25T09:40:51.7947428Z ^[[36;1mpython3 -B scripts/grim_link_smoke.py "$QV_MC" --java "$JAVA_HOME/bin/java" --node "$(command -v node)" --output "$RUNNER_TEMP/qizhang-grim-link"^[[0m
Grim linked bans on 1.20.1	Test actual Grim violation, device linking, restart and unban	2026-09-25T09:40:51.8012111Z shell: /usr/bin/bash -e {0}
Grim linked bans on 1.20.1	Test actual Grim violation, device linking, restart and unban	2026-09-25T09:40:51.8012442Z env:
Grim linked bans on 1.20.1	Test actual Grim violation, device linking, restart and unban	2026-09-25T09:40:51.8012807Z   JAVA_HOME: /opt/hostedtoolcache/Java_Temurin-Hotspot_jdk/17.0.20-1/x64
Grim linked bans on 1.20.1	Test actual Grim violation, device linking, restart and unban	2026-09-25T09:40:51.8013385Z   JAVA_HOME_17_X64: /opt/hostedtoolcache/Java_Temurin-Hotspot_jdk/17.0.20-1/x64
Grim linked bans on 1.20.1	Test actual Grim violation, device linking, restart and unban	2026-09-25T09:40:51.8013856Z   MAVEN_ARGS: -ntp
Grim linked bans on 1.20.1	Test actual Grim violation, device linking, restart and unban	2026-09-25T09:40:51.8014118Z   QV_MC: 1.20.1
Grim linked bans on 1.20.1	Test actual Grim violation, device linking, restart and unban	2026-09-25T09:40:51.8014376Z ##[endgroup]
Grim linked bans on 1.20.1	Test actual Grim violation, device linking, restart and unban	2026-09-25T09:42:08.7328462Z Traceback (most recent call last):
Grim linked bans on 1.20.1	Test actual Grim violation, device linking, restart and unban	2026-09-25T09:42:08.7330902Z   File "/home/runner/work/QiZhangVerdict/QiZhangVerdict/scripts/grim_link_smoke.py", line 206, in <module>
Grim linked bans on 1.20.1	Test actual Grim violation, device linking, restart and unban	2026-09-25T09:42:08.7331950Z     main()
Grim linked bans on 1.20.1	Test actual Grim violation, device linking, restart and unban	2026-09-25T09:42:08.7332819Z   File "/home/runner/work/QiZhangVerdict/QiZhangVerdict/scripts/grim_link_smoke.py", line 197, in main
Grim linked bans on 1.20.1	Test actual Grim violation, device linking, restart and unban	2026-09-25T09:42:08.7333804Z     result = run_phase(args, folder, phase)
Grim linked bans on 1.20.1	Test actual Grim violation, device linking, restart and unban	2026-09-25T09:42:08.7334378Z              ^^^^^^^^^^^^^^^^^^^^^^^^^^^^^^
Grim linked bans on 1.20.1	Test actual Grim violation, device linking, restart and unban	2026-09-25T09:42:08.7335311Z   File "/home/runner/work/QiZhangVerdict/QiZhangVerdict/scripts/grim_link_smoke.py", line 153, in run_phase
Grim linked bans on 1.20.1	Test actual Grim violation, device linking, restart and unban	2026-09-25T09:42:08.7340657Z     raise RuntimeError(result.get('error', 'Server did not exit normally'))
Grim linked bans on 1.20.1	Test actual Grim violation, device linking, restart and unban	2026-09-25T09:42:08.7341930Z RuntimeError: Protocol check failed; inspect retained log
Grim linked bans on 1.20.1	Test actual Grim violation, device linking, restart and unban	2026-09-25T09:42:08.7501462Z ##[error]Process completed with exit code 1.
Grim linked bans on 1.21.1	Test actual Grim violation, device linking, restart and unban	﻿2026-09-25T09:41:11.9171531Z ##[group]Run export NODE_PATH="$GITHUB_WORKSPACE/scripts/protocol-qa/node_modules"
Grim linked bans on 1.21.1	Test actual Grim violation, device linking, restart and unban	2026-09-25T09:41:11.9172417Z ^[[36;1mexport NODE_PATH="$GITHUB_WORKSPACE/scripts/protocol-qa/node_modules"^[[0m
Grim linked bans on 1.21.1	Test actual Grim violation, device linking, restart and unban	2026-09-25T09:41:11.9173577Z ^[[36;1mpython3 -B scripts/grim_link_smoke.py "$QV_MC" --java "$JAVA_HOME/bin/java" --node "$(command -v node)" --output "$RUNNER_TEMP/qizhang-grim-link"^[[0m
Grim linked bans on 1.21.1	Test actual Grim violation, device linking, restart and unban	2026-09-25T09:41:11.9242789Z shell: /usr/bin/bash -e {0}
Grim linked bans on 1.21.1	Test actual Grim violation, device linking, restart and unban	2026-09-25T09:41:11.9243245Z env:
Grim linked bans on 1.21.1	Test actual Grim violation, device linking, restart and unban	2026-09-25T09:41:11.9243738Z   JAVA_HOME: /opt/hostedtoolcache/Java_Temurin-Hotspot_jdk/21.0.12-1/x64
Grim linked bans on 1.21.1	Test actual Grim violation, device linking, restart and unban	2026-09-25T09:41:11.9244269Z   JAVA_HOME_21_X64: /opt/hostedtoolcache/Java_Temurin-Hotspot_jdk/21.0.12-1/x64
Grim linked bans on 1.21.1	Test actual Grim violation, device linking, restart and unban	2026-09-25T09:41:11.9244820Z   MAVEN_ARGS: -ntp
Grim linked bans on 1.21.1	Test actual Grim violation, device linking, restart and unban	2026-09-25T09:41:11.9245037Z   QV_MC: 1.21.1
Grim linked bans on 1.21.1	Test actual Grim violation, device linking, restart and unban	2026-09-25T09:41:11.9245232Z ##[endgroup]
Grim linked bans on 1.21.1	Test actual Grim violation, device linking, restart and unban	2026-09-25T09:42:42.9326002Z Traceback (most recent call last):
Grim linked bans on 1.21.1	Test actual Grim violation, device linking, restart and unban	2026-09-25T09:42:42.9327525Z   File "/home/runner/work/QiZhangVerdict/QiZhangVerdict/scripts/grim_link_smoke.py", line 206, in <module>
Grim linked bans on 1.21.1	Test actual Grim violation, device linking, restart and unban	2026-09-25T09:42:42.9328707Z     main()
Grim linked bans on 1.21.1	Test actual Grim violation, device linking, restart and unban	2026-09-25T09:42:42.9329669Z   File "/home/runner/work/QiZhangVerdict/QiZhangVerdict/scripts/grim_link_smoke.py", line 197, in main
Grim linked bans on 1.21.1	Test actual Grim violation, device linking, restart and unban	2026-09-25T09:42:42.9330770Z     result = run_phase(args, folder, phase)
Grim linked bans on 1.21.1	Test actual Grim violation, device linking, restart and unban	2026-09-25T09:42:42.9331412Z              ^^^^^^^^^^^^^^^^^^^^^^^^^^^^^^
Grim linked bans on 1.21.1	Test actual Grim violation, device linking, restart and unban	2026-09-25T09:42:42.9332537Z   File "/home/runner/work/QiZhangVerdict/QiZhangVerdict/scripts/grim_link_smoke.py", line 153, in run_phase
Grim linked bans on 1.21.1	Test actual Grim violation, device linking, restart and unban	2026-09-25T09:42:42.9333797Z     raise RuntimeError(result.get('error', 'Server did not exit normally'))
Grim linked bans on 1.21.1	Test actual Grim violation, device linking, restart and unban	2026-09-25T09:42:42.9335514Z RuntimeError: Protocol check failed; inspect retained log
Grim linked bans on 1.21.1	Test actual Grim violation, device linking, restart and unban	2026-09-25T09:42:42.9487200Z ##[error]Process completed with exit code 1.
