PartialReadError: Read error for undefined : Missing characters in string, found size is 108271 expected size was 114153
    at new ExtendableError (/home/runner/work/QiZhangVerdict/QiZhangVerdict/scripts/protocol-qa/node_modules/protodef/src/utils.js:63:13)
    at new PartialReadError (/home/runner/work/QiZhangVerdict/QiZhangVerdict/scripts/protocol-qa/node_modules/protodef/src/utils.js:70:5)
    at Object.string (eval at compile (/home/runner/work/QiZhangVerdict/QiZhangVerdict/scripts/protocol-qa/node_modules/protodef/src/compiler.js:262:12), <anonymous>:107:15)
    at eval (eval at compile (/home/runner/work/QiZhangVerdict/QiZhangVerdict/scripts/protocol-qa/node_modules/protodef/src/compiler.js:262:12), <anonymous>:891:65)
    at eval (eval at compile (/home/runner/work/QiZhangVerdict/QiZhangVerdict/scripts/protocol-qa/node_modules/protodef/src/compiler.js:262:12), <anonymous>:893:11)
    at Object.ArmorTrimMaterial (eval at compile (/home/runner/work/QiZhangVerdict/QiZhangVerdict/scripts/protocol-qa/node_modules/protodef/src/compiler.js:262:12), <anonymous>:898:9)
    at eval (eval at compile (/home/runner/work/QiZhangVerdict/QiZhangVerdict/scripts/protocol-qa/node_modules/protodef/src/compiler.js:262:12), <anonymous>:503:55)
    at eval (eval at compile (/home/runner/work/QiZhangVerdict/QiZhangVerdict/scripts/protocol-qa/node_modules/protodef/src/compiler.js:262:12), <anonymous>:506:15)
    at eval (eval at compile (/home/runner/work/QiZhangVerdict/QiZhangVerdict/scripts/protocol-qa/node_modules/protodef/src/compiler.js:262:12), <anonymous>:518:13)
    at Object.SlotComponent (eval at compile (/home/runner/work/QiZhangVerdict/QiZhangVerdict/scripts/protocol-qa/node_modules/protodef/src/compiler.js:262:12), <anonymous>:720:9)
PartialReadError: Read error for undefined : Missing characters in string, found size is 108271 expected size was 114153
    at new ExtendableError (/home/runner/work/QiZhangVerdict/QiZhangVerdict/scripts/protocol-qa/node_modules/protodef/src/utils.js:63:13)
    at new PartialReadError (/home/runner/work/QiZhangVerdict/QiZhangVerdict/scripts/protocol-qa/node_modules/protodef/src/utils.js:70:5)
    at Object.string (eval at compile (/home/runner/work/QiZhangVerdict/QiZhangVerdict/scripts/protocol-qa/node_modules/protodef/src/compiler.js:262:12), <anonymous>:107:15)
    at eval (eval at compile (/home/runner/work/QiZhangVerdict/QiZhangVerdict/scripts/protocol-qa/node_modules/protodef/src/compiler.js:262:12), <anonymous>:891:65)
    at eval (eval at compile (/home/runner/work/QiZhangVerdict/QiZhangVerdict/scripts/protocol-qa/node_modules/protodef/src/compiler.js:262:12), <anonymous>:893:11)
    at Object.ArmorTrimMaterial (eval at compile (/home/runner/work/QiZhangVerdict/QiZhangVerdict/scripts/protocol-qa/node_modules/protodef/src/compiler.js:262:12), <anonymous>:898:9)
    at eval (eval at compile (/home/runner/work/QiZhangVerdict/QiZhangVerdict/scripts/protocol-qa/node_modules/protodef/src/compiler.js:262:12), <anonymous>:503:55)
    at eval (eval at compile (/home/runner/work/QiZhangVerdict/QiZhangVerdict/scripts/protocol-qa/node_modules/protodef/src/compiler.js:262:12), <anonymous>:506:15)
    at eval (eval at compile (/home/runner/work/QiZhangVerdict/QiZhangVerdict/scripts/protocol-qa/node_modules/protodef/src/compiler.js:262:12), <anonymous>:518:13)
    at Object.SlotComponent (eval at compile (/home/runner/work/QiZhangVerdict/QiZhangVerdict/scripts/protocol-qa/node_modules/protodef/src/compiler.js:262:12), <anonymous>:720:9)
{"passed":true,"phase":"trigger","cases":["historical linked account accepted","trigger account accepted before violations","clean connection survives default 20 second companion deadline","real Grim violation executes the QiZhangVerdict ban command","Grim console independently identifies BadPacketsA reaching the shipped threshold","real Grim punishment persists both historical accounts and their shared synthetic device"]}
