Downloading mojang_1.21.1.jar
Applying patches
Starting org.bukkit.craftbukkit.Main
WARN StatusConsoleListener Advanced terminal features are not available in this environment
[09:47:57 INFO]: [bootstrap] Running Java 21 (OpenJDK 64-Bit Server VM 21.0.12.1+1-LTS; Eclipse Adoptium Temurin-21.0.12.1+1) on Linux 6.17.0-1022-azure (amd64)
[09:47:57 INFO]: [bootstrap] Loading Purpur 1.21.1-2329-ver/1.21.1@803bf62 (2024-10-31T20:25:04Z) for Minecraft 1.21.1
[09:47:59 INFO]: [PluginInitializerManager] Initializing plugins...
[09:47:59 INFO]: [ReobfServer] Remapping server...
[09:48:05 INFO]: [ReobfServer] Done remapping server in 6015ms.
[09:48:05 INFO]: [PluginRemapper] Remapping plugin 'plugins/qizhangverdict-bukkit-0.1.1.jar'...
[09:48:05 INFO]: [PluginRemapper] Done remapping plugin 'plugins/qizhangverdict-bukkit-0.1.1.jar' in 102ms.
[09:48:05 INFO]: [PluginInitializerManager] Initialized 2 plugins
[09:48:05 INFO]: [PluginInitializerManager] Bukkit plugins (2):
 - GrimAC (2.3.73), QiZhangVerdict (0.1.1)
[09:48:09 INFO]: Environment: Environment[sessionHost=https://sessionserver.mojang.com, servicesHost=https://api.minecraftservices.com, name=PROD]
[09:48:09 INFO]: Found new data pack file/bukkit, loading it automatically
[09:48:09 INFO]: Found new data pack paper, loading it automatically
[09:48:10 INFO]: No existing world data, creating new world
[09:48:11 INFO]: Loaded 1290 recipes
[09:48:11 INFO]: Loaded 1399 advancements
[09:48:12 INFO]: Starting minecraft server version 1.21.1
[09:48:12 INFO]: Loading properties
[09:48:12 INFO]: This server is running Purpur version 1.21.1-2329-ver/1.21.1@803bf62 (2024-10-31T20:25:04Z) (Implementing API version 1.21.1-R0.1-SNAPSHOT)
[09:48:12 INFO]: [spark] This server bundles the spark profiler. For more information please visit https://docs.papermc.io/paper/profiling
[09:48:12 INFO]: Server Ping Player Sample Count: 12
[09:48:12 INFO]: Using 4 threads for Netty based IO
[09:48:13 INFO]: [ChunkTaskScheduler] Chunk system is using 1 I/O threads, 1 worker threads, and population gen parallelism of 1 threads
[09:48:13 WARN]: [Pufferfish] SIMD operations are available for your server, but are not configured!
[09:48:13 WARN]: [Pufferfish] To enable additional optimizations, add "--add-modules=jdk.incubator.vector" to your startup flags, BEFORE the "-jar".
[09:48:13 WARN]: [Pufferfish] If you have already added this flag, then SIMD operations are not supported on your JVM or CPU.
[09:48:13 WARN]: [Pufferfish] Debug: Java: 21.0.12.1, test run: true
[09:48:13 INFO]: Default game type: SURVIVAL
[09:48:13 INFO]: Generating keypair
[09:48:13 INFO]: Starting Minecraft server on 127.0.0.1:25672
[09:48:13 INFO]: Using epoll channel type
[09:48:13 INFO]: Paper: Using libdeflate (Linux x86_64) compression from Velocity.
[09:48:13 INFO]: Paper: Using OpenSSL 3.x.x (Linux x86_64) cipher from Velocity.
[09:48:14 WARN]: [org.bukkit.craftbukkit.legacy.CraftLegacy] Initializing Legacy Material Support. Unless you have legacy plugins and/or data this is a bug!
[09:48:21 WARN]: Legacy plugin QiZhangVerdict v0.1.1 does not specify an api-version.
[09:48:21 INFO]: [GrimAC] Loading server plugin GrimAC v2.3.73
[09:48:21 INFO]: [GrimAC] Loading PacketEvents...
[09:48:23 INFO]: [QiZhangVerdict] Loading server plugin QiZhangVerdict v0.1.1
[09:48:23 WARN]: **** SERVER IS RUNNING IN OFFLINE/INSECURE MODE!
[09:48:23 WARN]: The server will make no attempt to authenticate usernames. Beware.
[09:48:23 WARN]: While this makes the game possible to play without internet access, it also opens up the ability for hackers to connect with any username they choose.
[09:48:23 WARN]: To change this, set "online-mode" to "true" in the server.properties file.
[09:48:23 INFO]: Preparing level "world"
[09:48:26 INFO]: Preparing start region for dimension minecraft:overworld
[09:48:26 INFO]: Time elapsed: 326 ms
[09:48:26 INFO]: Preparing start region for dimension minecraft:the_nether
[09:48:28 INFO]: Time elapsed: 1707 ms
[09:48:28 INFO]: Preparing start region for dimension minecraft:the_end
[09:48:28 INFO]: Time elapsed: 434 ms
[09:48:28 INFO]: [GrimAC] Enabling GrimAC v2.3.73
[09:48:28 INFO]: [GrimAC] Registering packets...
[09:48:28 INFO]: [GrimAC] Registering tick schedulers...
[09:48:29 INFO]: Grim Version: 2.3.73
[09:48:29 INFO]: [GrimAC] Registering singular bukkit event... (PistonEvent)
[09:48:29 INFO]: [QiZhangVerdict] Enabling QiZhangVerdict v0.1.1*
[09:48:29 WARN]: [QiZhangVerdict] Offline mode: UUID/account ownership needs external authentication; IP limits are not proof of identity. Secure proxy forwarding and firewall the backend.
[09:48:29 INFO]: [QiZhangVerdict] QiZhangVerdict sessions=0, trackedIPs=0, accountPairs=0, rules=11, companion=required, vm=DENY, blacklist=DENY, rateBuckets=0, accountBans=0, deviceBans=0, deviceRequired=true
[09:48:29 INFO]: [QiZhangVerdict] Integrations: GrimAC=2.3.73 enabled (check configuration); Orebfuscator=absent; Paper Anti-Xray=available; enable and verify per-world config. These engines are installed separately.
[09:48:29 INFO]: [spark] Starting background profiler...
[09:48:29 INFO]: Done preparing level "world" (6.003s)
[09:48:29 INFO]: Running delayed init tasks
[09:48:29 INFO]: Done (33.892s)! For help, type "help"
[09:48:29 INFO]: *************************************************************************************
[09:48:29 INFO]: This is the first time you're starting this server.
[09:48:29 INFO]: It's recommended you read our 'Getting Started' documentation for guidance.
[09:48:29 INFO]: View this and more helpful information here: https://docs.papermc.io/paper/next-steps
[09:48:29 INFO]: *************************************************************************************
[09:48:29 INFO]: QiZhangVerdict sessions=0, trackedIPs=0, accountPairs=0, rules=11, companion=required, vm=DENY, blacklist=DENY, rateBuckets=0, accountBans=0, deviceBans=0, deviceRequired=true
[09:48:29 INFO]: Integrations: GrimAC=2.3.73 enabled (check configuration); Orebfuscator=absent; Paper Anti-Xray=available; enable and verify per-world config. These engines are installed separately.
[09:48:30 INFO]: New GrimAC version found! Version 2.3.74-8eb5f28 is available to be downloaded here: https://modrinth.com/plugin/grimac
[09:48:31 INFO]: UUID of player QVGrimLinked is 5f5fc467-3547-3024-8edb-c933991bb93e
[09:48:32 INFO]: QVGrimLinked joined the game
[09:48:32 INFO]: QVGrimLinked[/127.0.0.1:42992] logged in with entity id 27 at ([world]8.5, 0.0, -3.5)
[09:48:33 INFO]: QVGrimLinked lost connection: Disconnected
[09:48:33 INFO]: QVGrimLinked left the game
[09:48:34 INFO]: UUID of player QVGrimMain is 96641a43-6f3d-3a54-9d29-bf7f09b15f70
[09:48:34 INFO]: QVGrimMain joined the game
[09:48:34 INFO]: QVGrimMain[/127.0.0.1:42996] logged in with entity id 28 at ([world]8.5, 0.0, 6.5)
[09:49:00 INFO]: Grim » QVGrimMain failed BadPacketsA (x20) slot=1
[09:49:03 INFO]: Grim » QVGrimMain failed BadPacketsA (x40) slot=1
[09:49:07 INFO]: Grim » QVGrimMain failed BadPacketsA (x60) slot=1
[09:49:10 INFO]: Grim » QVGrimMain failed BadPacketsA (x80) slot=1
[09:49:13 INFO]: Grim » QVGrimMain failed BadPacketsA (x100) slot=1
[09:49:16 INFO]: Grim » QVGrimMain failed BadPacketsA (x120) slot=1
[09:49:16 INFO]: QVGrimMain lost connection: [QiZhangVerdict] Grim-BadPackets
[09:49:16 INFO]: QVGrimMain left the game
[09:49:16 INFO]: Banned account and known associated device(s): 96641a43-6f3d-3a54-9d29-bf7f09b15f70
[09:49:17 INFO]: Stopping the server
[09:49:17 INFO]: Stopping server
[09:49:17 INFO]: [QiZhangVerdict] Disabling QiZhangVerdict v0.1.1
[09:49:17 INFO]: [GrimAC] Disabling GrimAC v2.3.73
[09:49:17 INFO]: [GrimAC] Terminating PacketEvents...
[09:49:17 INFO]: Saving players
[09:49:17 INFO]: Saving worlds
[09:49:17 INFO]: Saving chunks for level 'ServerLevel[world]'/minecraft:overworld
[09:49:17 INFO]: [ChunkHolderManager] Waiting 60s for chunk system to halt for world 'world'
[09:49:17 INFO]: [ChunkHolderManager] Halted chunk system for world 'world'
[09:49:17 INFO]: [ChunkHolderManager] Saving all chunkholders for world 'world'
[09:49:18 INFO]: [ChunkHolderManager] Saved 1089 block chunks, 128 entity chunks, 0 poi chunks in world 'world' in 0.60s
[09:49:18 INFO]: Saving chunks for level 'ServerLevel[world_nether]'/minecraft:the_nether
[09:49:18 INFO]: [ChunkHolderManager] Waiting 60s for chunk system to halt for world 'world_nether'
[09:49:18 INFO]: [ChunkHolderManager] Halted chunk system for world 'world_nether'
[09:49:18 INFO]: [ChunkHolderManager] Saving all chunkholders for world 'world_nether'
[09:49:18 INFO]: [ChunkHolderManager] Saved 841 block chunks, 49 entity chunks, 0 poi chunks in world 'world_nether' in 0.43s
[09:49:18 INFO]: Saving chunks for level 'ServerLevel[world_the_end]'/minecraft:the_end
[09:49:18 INFO]: [ChunkHolderManager] Waiting 60s for chunk system to halt for world 'world_the_end'
[09:49:18 INFO]: [ChunkHolderManager] Halted chunk system for world 'world_the_end'
[09:49:18 INFO]: [ChunkHolderManager] Saving all chunkholders for world 'world_the_end'
[09:49:18 INFO]: [ChunkHolderManager] Saved 841 block chunks, 49 entity chunks, 0 poi chunks in world 'world_the_end' in 0.30s
[09:49:18 INFO]: ThreadedAnvilChunkStorage (world): All chunks are saved
[09:49:18 INFO]: ThreadedAnvilChunkStorage (DIM-1): All chunks are saved
[09:49:18 INFO]: ThreadedAnvilChunkStorage (DIM1): All chunks are saved
[09:49:18 INFO]: ThreadedAnvilChunkStorage: All dimensions are saved
