Downloading mojang_1.20.1.jar
Applying patches
Starting org.bukkit.craftbukkit.Main
System Info: Java 17 (OpenJDK 64-Bit Server VM 17.0.20.1+1) Host: Linux 6.17.0-1022-azure (amd64)
Loading libraries, please wait...
2026-09-25 09:47:23,729 ServerMain WARN Advanced terminal features are not available in this environment
[09:47:31 INFO]: Environment: authHost='https://authserver.mojang.com', accountsHost='https://api.mojang.com', sessionHost='https://sessionserver.mojang.com', servicesHost='https://api.minecraftservices.com', name='PROD'
[09:47:31 INFO]: Found new data pack file/bukkit, loading it automatically
[09:47:32 INFO]: Loaded 7 recipes
[09:47:33 INFO]: Starting minecraft server version 1.20.1
[09:47:33 INFO]: Loading properties
[09:47:33 INFO]: This server is running Purpur version git-Purpur-2062 (MC: 1.20.1) (Implementing API version 1.20.1-R0.1-SNAPSHOT) (Git: f6fd5f6 on HEAD)
[09:47:33 INFO]: Server Ping Player Sample Count: 12
[09:47:33 INFO]: Using 4 threads for Netty based IO
[09:47:34 INFO]: [ChunkTaskScheduler] Chunk system is using 1 I/O threads, 1 worker threads, and gen parallelism of 1 threads
[09:47:34 WARN]: [Pufferfish] SIMD operations are available for your server, but are not configured!
[09:47:34 WARN]: [Pufferfish] To enable additional optimizations, add "--add-modules=jdk.incubator.vector" to your startup flags, BEFORE the "-jar".
[09:47:34 WARN]: [Pufferfish] If you have already added this flag, then SIMD operations are not supported on your JVM or CPU.
[09:47:34 WARN]: [Pufferfish] Debug: Java: 17.0.20.1, test run: true
[09:47:34 INFO]: Default game type: SURVIVAL
[09:47:34 INFO]: Generating keypair
[09:47:34 INFO]: Starting Minecraft server on 127.0.0.1:25672
[09:47:34 INFO]: Using epoll channel type
[09:47:34 INFO]: Paper: Using libdeflate (Linux x86_64) compression from Velocity.
[09:47:34 INFO]: Paper: Using OpenSSL 3.0.x (Linux x86_64) cipher from Velocity.
[09:47:34 WARN]: [org.bukkit.craftbukkit.v1_20_R1.legacy.CraftLegacy] Initializing Legacy Material Support. Unless you have legacy plugins and/or data this is a bug!
[09:47:38 WARN]: Legacy plugin QiZhangVerdict v0.1.1 does not specify an api-version.
[09:47:38 INFO]: [GrimAC] Loading server plugin GrimAC v2.3.71
[09:47:38 INFO]: [GrimAC] Loading PacketEvents...
[09:47:38 INFO]: [spark] Loading server plugin spark v1.10.187
[09:47:38 INFO]: [QiZhangVerdict] Loading server plugin QiZhangVerdict v0.1.1
[09:47:38 WARN]: **** SERVER IS RUNNING IN OFFLINE/INSECURE MODE!
[09:47:38 WARN]: The server will make no attempt to authenticate usernames. Beware.
[09:47:38 WARN]: While this makes the game possible to play without internet access, it also opens up the ability for hackers to connect with any username they choose.
[09:47:38 WARN]: To change this, set "online-mode" to "true" in the server.properties file.
[09:47:38 INFO]: Preparing level "world"
[09:47:41 INFO]: Preparing start region for dimension minecraft:overworld
[09:47:41 INFO]: Time elapsed: 44 ms
[09:47:41 INFO]: Preparing start region for dimension minecraft:the_nether
[09:47:41 INFO]: Time elapsed: 29 ms
[09:47:41 INFO]: Preparing start region for dimension minecraft:the_end
[09:47:41 INFO]: Time elapsed: 32 ms
[09:47:41 INFO]: [GrimAC] Enabling GrimAC v2.3.71
[09:47:41 INFO]: [GrimAC] Registering singular bukkit event... (PistonEvent)
[09:47:41 INFO]: [GrimAC] Registering packets...
[09:47:41 INFO]: [GrimAC] Registering tick schedulers...
[09:47:41 INFO]: [GrimAC] [ACF] Enabled Asynchronous Tab Completion Support!
[09:47:42 INFO]: Grim Version: 2.3.71
[09:47:42 INFO]: [spark] Enabling spark v1.10.187
[09:47:42 INFO]: [spark] Using Paper ServerTickStartEvent for tick monitoring
[09:47:42 INFO]: [spark] Starting background profiler...
[09:47:43 INFO]: [QiZhangVerdict] Enabling QiZhangVerdict v0.1.1*
[09:47:43 WARN]: [QiZhangVerdict] Offline mode: UUID/account ownership needs external authentication; IP limits are not proof of identity. Secure proxy forwarding and firewall the backend.
[09:47:43 INFO]: [QiZhangVerdict] QiZhangVerdict sessions=0, trackedIPs=0, accountPairs=0, rules=11, companion=required, vm=DENY, blacklist=DENY, rateBuckets=0, accountBans=0, deviceBans=0, deviceRequired=true
[09:47:43 INFO]: [QiZhangVerdict] Integrations: GrimAC=2.3.71 enabled (check configuration); Orebfuscator=absent; Paper Anti-Xray=available; enable and verify per-world config. These engines are installed separately.
[09:47:43 INFO]: Running delayed init tasks
[09:47:43 INFO]: Done (10.431s)! For help, type "help"
[09:47:44 INFO]: QiZhangVerdict sessions=0, trackedIPs=0, accountPairs=0, rules=11, companion=required, vm=DENY, blacklist=DENY, rateBuckets=0, accountBans=0, deviceBans=0, deviceRequired=true
[09:47:44 INFO]: Integrations: GrimAC=2.3.71 enabled (check configuration); Orebfuscator=absent; Paper Anti-Xray=available; enable and verify per-world config. These engines are installed separately.
[09:47:44 INFO]: Failed to check latest version.
[09:47:44 ERROR]: [GrimAC] Failed to check latest GrimAC version.
[09:47:44 WARN]: java.lang.NumberFormatException: For input string: "74-8eb5f28"
[09:47:44 WARN]: 	at java.base/java.lang.NumberFormatException.forInputString(NumberFormatException.java:67)
[09:47:44 WARN]: 	at java.base/java.lang.Integer.parseInt(Integer.java:668)
[09:47:44 WARN]: 	at java.base/java.lang.Integer.parseInt(Integer.java:786)
[09:47:44 WARN]: 	at grimac-2.3.71.jar//ac.grim.grimac.commands.GrimVersion.compareVersions(GrimVersion.java:120)
[09:47:44 WARN]: 	at grimac-2.3.71.jar//ac.grim.grimac.commands.GrimVersion.checkForUpdates(GrimVersion.java:84)
[09:47:44 WARN]: 	at grimac-2.3.71.jar//ac.grim.grimac.commands.GrimVersion.lambda$checkForUpdatesAsync$0(GrimVersion.java:56)
[09:47:44 WARN]: 	at grimac-2.3.71.jar//ac.grim.grimac.shaded.io.github.retrooper.packetevents.util.folia.AsyncScheduler.lambda$runNow$0(AsyncScheduler.java:54)
[09:47:44 WARN]: 	at org.bukkit.craftbukkit.v1_20_R1.scheduler.CraftTask.run(CraftTask.java:101)
[09:47:44 WARN]: 	at org.bukkit.craftbukkit.v1_20_R1.scheduler.CraftAsyncTask.run(CraftAsyncTask.java:57)
[09:47:44 WARN]: 	at com.destroystokyo.paper.ServerSchedulerReportingWrapper.run(ServerSchedulerReportingWrapper.java:22)
[09:47:44 WARN]: 	at java.base/java.util.concurrent.ThreadPoolExecutor.runWorker(ThreadPoolExecutor.java:1136)
[09:47:44 WARN]: 	at java.base/java.util.concurrent.ThreadPoolExecutor$Worker.run(ThreadPoolExecutor.java:635)
[09:47:44 WARN]: 	at java.base/java.lang.Thread.run(Thread.java:840)
[09:47:45 INFO]: UUID of player QVGrimLinked is 5f5fc467-3547-3024-8edb-c933991bb93e
[09:47:46 INFO]: QVGrimLinked joined the game
[09:47:46 INFO]: QVGrimLinked[/127.0.0.1:50136] logged in with entity id 21 at ([world]-3.5, 0.0, 0.5)
[09:47:47 INFO]: QVGrimLinked lost connection: Disconnected
[09:47:47 INFO]: QVGrimLinked left the game
[09:47:48 INFO]: UUID of player QVGrimMain is 96641a43-6f3d-3a54-9d29-bf7f09b15f70
[09:47:48 INFO]: QVGrimMain joined the game
[09:47:48 INFO]: QVGrimMain[/127.0.0.1:50146] logged in with entity id 28 at ([world]9.5, 0.0, -2.5)
[09:48:15 INFO]: Grim » QVGrimMain failed BadPacketsA (x20) slot=1
[09:48:15 INFO]: Unknown command. Type "/help" for help.
[09:48:18 INFO]: Grim » QVGrimMain failed BadPacketsA (x40) slot=1
[09:48:18 INFO]: Unknown command. Type "/help" for help.
[09:48:21 INFO]: Grim » QVGrimMain failed BadPacketsA (x60) slot=1
[09:48:21 INFO]: Unknown command. Type "/help" for help.
[09:48:24 INFO]: Grim » QVGrimMain failed BadPacketsA (x80) slot=1
[09:48:24 INFO]: Unknown command. Type "/help" for help.
[09:48:27 INFO]: Grim » QVGrimMain failed BadPacketsA (x100) slot=1
[09:48:27 INFO]: Unknown command. Type "/help" for help.
[09:48:31 INFO]: Grim » QVGrimMain failed BadPacketsA (x120) slot=1
[09:48:31 INFO]: Unknown command. Type "/help" for help.
[09:48:31 INFO]: QVGrimMain lost connection: [QiZhangVerdict] Grim-BadPackets
[09:48:31 INFO]: QVGrimMain left the game
[09:48:31 INFO]: Banned account and known associated device(s): 96641a43-6f3d-3a54-9d29-bf7f09b15f70
[09:48:31 INFO]: Stopping the server
[09:48:31 INFO]: Stopping server
[09:48:31 INFO]: [QiZhangVerdict] Disabling QiZhangVerdict v0.1.1
[09:48:31 INFO]: [spark] Disabling spark v1.10.187
[09:48:31 INFO]: [GrimAC] Disabling GrimAC v2.3.71
[09:48:31 INFO]: [GrimAC] Terminating PacketEvents...
[09:48:31 INFO]: Saving players
[09:48:31 INFO]: Saving worlds
[09:48:31 INFO]: Saving chunks for level 'ServerLevel[world]'/minecraft:overworld
[09:48:31 INFO]: [ChunkHolderManager] Waiting 60s for chunk system to halt for world 'world'
[09:48:31 INFO]: [ChunkHolderManager] Halted chunk system for world 'world'
[09:48:31 INFO]: [ChunkHolderManager] Saving all chunkholders for world 'world'
[09:48:32 INFO]: [ChunkHolderManager] Saved 1088 block chunks, 142 entity chunks, 0 poi chunks in world 'world' in 0.60s
[09:48:32 INFO]: ThreadedAnvilChunkStorage (world): All chunks are saved
[09:48:32 INFO]: Saving chunks for level 'ServerLevel[world_nether]'/minecraft:the_nether
[09:48:32 INFO]: [ChunkHolderManager] Waiting 60s for chunk system to halt for world 'world_nether'
[09:48:32 INFO]: [ChunkHolderManager] Halted chunk system for world 'world_nether'
[09:48:32 INFO]: [ChunkHolderManager] Saving all chunkholders for world 'world_nether'
[09:48:32 INFO]: [ChunkHolderManager] Saved 961 block chunks, 81 entity chunks, 0 poi chunks in world 'world_nether' in 0.37s
[09:48:32 INFO]: ThreadedAnvilChunkStorage (DIM-1): All chunks are saved
[09:48:32 INFO]: Saving chunks for level 'ServerLevel[world_the_end]'/minecraft:the_end
[09:48:32 INFO]: [ChunkHolderManager] Waiting 60s for chunk system to halt for world 'world_the_end'
[09:48:32 INFO]: [ChunkHolderManager] Halted chunk system for world 'world_the_end'
[09:48:32 INFO]: [ChunkHolderManager] Saving all chunkholders for world 'world_the_end'
[09:48:32 INFO]: [ChunkHolderManager] Saved 961 block chunks, 81 entity chunks, 0 poi chunks in world 'world_the_end' in 0.28s
[09:48:32 INFO]: ThreadedAnvilChunkStorage (DIM1): All chunks are saved
[09:48:32 INFO]: ThreadedAnvilChunkStorage: All dimensions are saved
[09:48:32 INFO]: Flushing Chunk IO
[09:48:32 INFO]: Closing Thread Pool
2026-09-25 09:48:32,998 Log4j2-AsyncAppenderEventDispatcher-1-Async WARN Advanced terminal features are not available in this environment
[09:48:32 INFO]: Closing Server
