Starting org.bukkit.craftbukkit.Main
System Info: Java 17 (OpenJDK 64-Bit Server VM 17.0.20.1+1) Host: Linux 6.17.0-1022-azure (amd64)
Loading libraries, please wait...
2026-09-25 09:48:34,321 ServerMain WARN Advanced terminal features are not available in this environment
[09:48:40 INFO]: Environment: authHost='https://authserver.mojang.com', accountsHost='https://api.mojang.com', sessionHost='https://sessionserver.mojang.com', servicesHost='https://api.minecraftservices.com', name='PROD'
[09:48:41 INFO]: Loaded 7 recipes
[09:48:42 INFO]: Starting minecraft server version 1.20.1
[09:48:42 INFO]: Loading properties
[09:48:42 INFO]: This server is running Purpur version git-Purpur-2062 (MC: 1.20.1) (Implementing API version 1.20.1-R0.1-SNAPSHOT) (Git: f6fd5f6 on HEAD)
[09:48:43 INFO]: Server Ping Player Sample Count: 12
[09:48:43 INFO]: Using 4 threads for Netty based IO
[09:48:43 INFO]: [ChunkTaskScheduler] Chunk system is using 1 I/O threads, 1 worker threads, and gen parallelism of 1 threads
[09:48:43 WARN]: [Pufferfish] SIMD operations are available for your server, but are not configured!
[09:48:43 WARN]: [Pufferfish] To enable additional optimizations, add "--add-modules=jdk.incubator.vector" to your startup flags, BEFORE the "-jar".
[09:48:43 WARN]: [Pufferfish] If you have already added this flag, then SIMD operations are not supported on your JVM or CPU.
[09:48:43 WARN]: [Pufferfish] Debug: Java: 17.0.20.1, test run: true
[09:48:43 INFO]: Default game type: SURVIVAL
[09:48:43 INFO]: Generating keypair
[09:48:44 INFO]: Starting Minecraft server on 127.0.0.1:25672
[09:48:44 INFO]: Using epoll channel type
[09:48:44 INFO]: Paper: Using libdeflate (Linux x86_64) compression from Velocity.
[09:48:44 INFO]: Paper: Using OpenSSL 3.0.x (Linux x86_64) cipher from Velocity.
[09:48:44 WARN]: [org.bukkit.craftbukkit.v1_20_R1.legacy.CraftLegacy] Initializing Legacy Material Support. Unless you have legacy plugins and/or data this is a bug!
[09:48:46 WARN]: Legacy plugin QiZhangVerdict v0.1.1 does not specify an api-version.
[09:48:46 INFO]: [GrimAC] Loading server plugin GrimAC v2.3.71
[09:48:47 INFO]: [GrimAC] Loading PacketEvents...
[09:48:47 INFO]: [spark] Loading server plugin spark v1.10.187
[09:48:47 INFO]: [QiZhangVerdict] Loading server plugin QiZhangVerdict v0.1.1
[09:48:47 INFO]: Server permissions file permissions.yml is empty, ignoring it
[09:48:47 WARN]: **** SERVER IS RUNNING IN OFFLINE/INSECURE MODE!
[09:48:47 WARN]: The server will make no attempt to authenticate usernames. Beware.
[09:48:47 WARN]: While this makes the game possible to play without internet access, it also opens up the ability for hackers to connect with any username they choose.
[09:48:47 WARN]: To change this, set "online-mode" to "true" in the server.properties file.
[09:48:47 INFO]: Preparing level "world"
[09:48:48 INFO]: Preparing start region for dimension minecraft:overworld
[09:48:48 INFO]: Time elapsed: 147 ms
[09:48:48 INFO]: Preparing start region for dimension minecraft:the_nether
[09:48:48 INFO]: Time elapsed: 54 ms
[09:48:48 INFO]: Preparing start region for dimension minecraft:the_end
[09:48:48 INFO]: Time elapsed: 33 ms
[09:48:48 INFO]: [GrimAC] Enabling GrimAC v2.3.71
[09:48:48 INFO]: [GrimAC] Registering singular bukkit event... (PistonEvent)
[09:48:48 INFO]: [GrimAC] Registering packets...
[09:48:48 INFO]: [GrimAC] Registering tick schedulers...
[09:48:48 INFO]: [GrimAC] [ACF] Enabled Asynchronous Tab Completion Support!
[09:48:49 INFO]: Grim Version: 2.3.71
[09:48:49 INFO]: [spark] Enabling spark v1.10.187
[09:48:49 INFO]: [spark] Using Paper ServerTickStartEvent for tick monitoring
[09:48:49 INFO]: [spark] Starting background profiler...
[09:48:49 INFO]: [QiZhangVerdict] Enabling QiZhangVerdict v0.1.1*
[09:48:49 WARN]: [QiZhangVerdict] Offline mode: UUID/account ownership needs external authentication; IP limits are not proof of identity. Secure proxy forwarding and firewall the backend.
[09:48:49 INFO]: [QiZhangVerdict] QiZhangVerdict sessions=0, trackedIPs=1, accountPairs=2, rules=11, companion=required, vm=DENY, blacklist=DENY, rateBuckets=0, accountBans=2, deviceBans=1, deviceRequired=true
[09:48:49 INFO]: [QiZhangVerdict] Integrations: GrimAC=2.3.71 enabled (check configuration); Orebfuscator=absent; Paper Anti-Xray=available; enable and verify per-world config. These engines are installed separately.
[09:48:49 INFO]: Running delayed init tasks
[09:48:49 INFO]: Done (7.518s)! For help, type "help"
[09:48:50 INFO]: QiZhangVerdict sessions=0, trackedIPs=1, accountPairs=2, rules=11, companion=required, vm=DENY, blacklist=DENY, rateBuckets=0, accountBans=2, deviceBans=1, deviceRequired=true
[09:48:50 INFO]: Integrations: GrimAC=2.3.71 enabled (check configuration); Orebfuscator=absent; Paper Anti-Xray=available; enable and verify per-world config. These engines are installed separately.
[09:48:50 INFO]: Failed to check latest version.
[09:48:50 ERROR]: [GrimAC] Failed to check latest GrimAC version.
[09:48:50 WARN]: java.lang.NumberFormatException: For input string: "74-8eb5f28"
[09:48:50 WARN]: 	at java.base/java.lang.NumberFormatException.forInputString(NumberFormatException.java:67)
[09:48:50 WARN]: 	at java.base/java.lang.Integer.parseInt(Integer.java:668)
[09:48:50 WARN]: 	at java.base/java.lang.Integer.parseInt(Integer.java:786)
[09:48:50 WARN]: 	at grimac-2.3.71.jar//ac.grim.grimac.commands.GrimVersion.compareVersions(GrimVersion.java:120)
[09:48:50 WARN]: 	at grimac-2.3.71.jar//ac.grim.grimac.commands.GrimVersion.checkForUpdates(GrimVersion.java:84)
[09:48:50 WARN]: 	at grimac-2.3.71.jar//ac.grim.grimac.commands.GrimVersion.lambda$checkForUpdatesAsync$0(GrimVersion.java:56)
[09:48:50 WARN]: 	at grimac-2.3.71.jar//ac.grim.grimac.shaded.io.github.retrooper.packetevents.util.folia.AsyncScheduler.lambda$runNow$0(AsyncScheduler.java:54)
[09:48:50 WARN]: 	at org.bukkit.craftbukkit.v1_20_R1.scheduler.CraftTask.run(CraftTask.java:101)
[09:48:50 WARN]: 	at org.bukkit.craftbukkit.v1_20_R1.scheduler.CraftAsyncTask.run(CraftAsyncTask.java:57)
[09:48:50 WARN]: 	at com.destroystokyo.paper.ServerSchedulerReportingWrapper.run(ServerSchedulerReportingWrapper.java:22)
[09:48:50 WARN]: 	at java.base/java.util.concurrent.ThreadPoolExecutor.runWorker(ThreadPoolExecutor.java:1136)
[09:48:50 WARN]: 	at java.base/java.util.concurrent.ThreadPoolExecutor$Worker.run(ThreadPoolExecutor.java:635)
[09:48:50 WARN]: 	at java.base/java.lang.Thread.run(Thread.java:840)
[09:48:51 INFO]: UUID of player QVGrimMain is 96641a43-6f3d-3a54-9d29-bf7f09b15f70
[09:48:51 INFO]: Disconnecting com.mojang.authlib.GameProfile@659b685e[id=96641a43-6f3d-3a54-9d29-bf7f09b15f70,name=QVGrimMain,properties={},legacy=false] (/127.0.0.1:46514): This account is banned by the server
[09:48:51 INFO]: com.mojang.authlib.GameProfile@659b685e[id=96641a43-6f3d-3a54-9d29-bf7f09b15f70,name=QVGrimMain,properties={},legacy=false] (/127.0.0.1:46514) lost connection: This account is banned by the server
[09:48:53 INFO]: UUID of player QVGrimLinked is 5f5fc467-3547-3024-8edb-c933991bb93e
[09:48:53 INFO]: Disconnecting com.mojang.authlib.GameProfile@420711b3[id=5f5fc467-3547-3024-8edb-c933991bb93e,name=QVGrimLinked,properties={},legacy=false] (/127.0.0.1:46520): This account is banned by the server
[09:48:53 INFO]: com.mojang.authlib.GameProfile@420711b3[id=5f5fc467-3547-3024-8edb-c933991bb93e,name=QVGrimLinked,properties={},legacy=false] (/127.0.0.1:46520) lost connection: This account is banned by the server
[09:48:54 INFO]: UUID of player QVGrimFresh is 005181b1-4088-3256-8a9e-39797635ccb8
[09:48:54 INFO]: QVGrimFresh joined the game
[09:48:54 INFO]: QVGrimFresh[/127.0.0.1:46530] logged in with entity id 18 at ([world]-0.5, 0.0, 1.5)
[09:48:54 INFO]: QVGrimFresh lost connection: [QiZhangVerdict] This reported device identifier is banned
[09:48:54 INFO]: QVGrimFresh left the game
[09:48:55 INFO]: UUID of player QVGrimClean is cfba7f44-d7e3-3d82-83a2-26ac51682509
[09:48:55 INFO]: QVGrimClean joined the game
[09:48:55 INFO]: QVGrimClean[/127.0.0.1:46532] logged in with entity id 19 at ([world]-6.5, 0.0, -6.5)
[09:48:56 INFO]: QVGrimClean lost connection: Disconnected
[09:48:56 INFO]: QVGrimClean left the game
[09:48:57 INFO]: Unbanned target. Account and device bans are separate; check /qzverdict bans.
[09:48:58 INFO]: Unbanned target. Account and device bans are separate; check /qzverdict bans.
[09:49:00 INFO]: Unbanned target. Account and device bans are separate; check /qzverdict bans.
[09:49:01 INFO]: Unbanned target. Account and device bans are separate; check /qzverdict bans.
[09:49:02 INFO]: UUID of player QVGrimMain is 96641a43-6f3d-3a54-9d29-bf7f09b15f70
[09:49:02 INFO]: QVGrimMain joined the game
[09:49:02 INFO]: QVGrimMain[/127.0.0.1:39002] logged in with entity id 20 at ([world]9.5, 0.0, -2.5)
[09:49:03 INFO]: QVGrimMain lost connection: Disconnected
[09:49:03 INFO]: QVGrimMain left the game
[09:49:04 INFO]: Stopping the server
[09:49:04 INFO]: Stopping server
[09:49:04 INFO]: [QiZhangVerdict] Disabling QiZhangVerdict v0.1.1
[09:49:04 INFO]: [spark] Disabling spark v1.10.187
[09:49:04 INFO]: [GrimAC] Disabling GrimAC v2.3.71
[09:49:04 INFO]: [GrimAC] Terminating PacketEvents...
[09:49:04 INFO]: Saving players
[09:49:04 INFO]: Saving worlds
[09:49:04 INFO]: Saving chunks for level 'ServerLevel[world]'/minecraft:overworld
[09:49:04 INFO]: [ChunkHolderManager] Waiting 60s for chunk system to halt for world 'world'
[09:49:04 INFO]: [ChunkHolderManager] Halted chunk system for world 'world'
[09:49:04 INFO]: [ChunkHolderManager] Saving all chunkholders for world 'world'
[09:49:05 INFO]: [ChunkHolderManager] Saved 357 block chunks, 131 entity chunks, 0 poi chunks in world 'world' in 0.33s
[09:49:05 INFO]: ThreadedAnvilChunkStorage (world): All chunks are saved
[09:49:05 INFO]: Saving chunks for level 'ServerLevel[world_nether]'/minecraft:the_nether
[09:49:05 INFO]: [ChunkHolderManager] Waiting 60s for chunk system to halt for world 'world_nether'
[09:49:05 INFO]: [ChunkHolderManager] Halted chunk system for world 'world_nether'
[09:49:05 INFO]: [ChunkHolderManager] Saving all chunkholders for world 'world_nether'
[09:49:05 INFO]: [ChunkHolderManager] Saved 81 block chunks, 81 entity chunks, 0 poi chunks in world 'world_nether' in 0.11s
[09:49:05 INFO]: ThreadedAnvilChunkStorage (DIM-1): All chunks are saved
[09:49:05 INFO]: Saving chunks for level 'ServerLevel[world_the_end]'/minecraft:the_end
[09:49:05 INFO]: [ChunkHolderManager] Waiting 60s for chunk system to halt for world 'world_the_end'
[09:49:05 INFO]: [ChunkHolderManager] Halted chunk system for world 'world_the_end'
[09:49:05 INFO]: [ChunkHolderManager] Saving all chunkholders for world 'world_the_end'
[09:49:05 INFO]: [ChunkHolderManager] Saved 81 block chunks, 81 entity chunks, 0 poi chunks in world 'world_the_end' in 0.05s
[09:49:05 INFO]: ThreadedAnvilChunkStorage (DIM1): All chunks are saved
[09:49:05 INFO]: ThreadedAnvilChunkStorage: All dimensions are saved
[09:49:05 INFO]: Flushing Chunk IO
[09:49:05 INFO]: Closing Thread Pool
2026-09-25 09:49:05,359 Log4j2-AsyncAppenderEventDispatcher-1-Async WARN Advanced terminal features are not available in this environment
[09:49:05 INFO]: Closing Server
