Starting org.bukkit.craftbukkit.Main
WARN StatusConsoleListener Advanced terminal features are not available in this environment
[09:53:21 INFO]: [bootstrap] Running Java 21 (OpenJDK 64-Bit Server VM 21.0.12.1+1-LTS; Eclipse Adoptium Temurin-21.0.12.1+1) on Linux 6.17.0-1022-azure (amd64)
[09:53:21 INFO]: [bootstrap] Loading Purpur 1.21.1-2329-ver/1.21.1@803bf62 (2024-10-31T20:25:04Z) for Minecraft 1.21.1
[09:53:21 INFO]: [PluginInitializerManager] Initializing plugins...
[09:53:21 INFO]: [PluginInitializerManager] Initialized 2 plugins
[09:53:21 INFO]: [PluginInitializerManager] Bukkit plugins (2):
 - GrimAC (2.3.73), QiZhangVerdict (0.1.1)
[09:53:24 INFO]: Environment: Environment[sessionHost=https://sessionserver.mojang.com, servicesHost=https://api.minecraftservices.com, name=PROD]
[09:53:26 INFO]: Loaded 1290 recipes
[09:53:26 INFO]: Loaded 1399 advancements
[09:53:26 INFO]: Starting minecraft server version 1.21.1
[09:53:26 INFO]: Loading properties
[09:53:26 INFO]: This server is running Purpur version 1.21.1-2329-ver/1.21.1@803bf62 (2024-10-31T20:25:04Z) (Implementing API version 1.21.1-R0.1-SNAPSHOT)
[09:53:27 INFO]: [spark] This server bundles the spark profiler. For more information please visit https://docs.papermc.io/paper/profiling
[09:53:27 INFO]: Server Ping Player Sample Count: 12
[09:53:27 INFO]: Using 4 threads for Netty based IO
[09:53:28 INFO]: [ChunkTaskScheduler] Chunk system is using 1 I/O threads, 1 worker threads, and population gen parallelism of 1 threads
[09:53:28 WARN]: [Pufferfish] SIMD operations are available for your server, but are not configured!
[09:53:28 WARN]: [Pufferfish] To enable additional optimizations, add "--add-modules=jdk.incubator.vector" to your startup flags, BEFORE the "-jar".
[09:53:28 WARN]: [Pufferfish] If you have already added this flag, then SIMD operations are not supported on your JVM or CPU.
[09:53:28 WARN]: [Pufferfish] Debug: Java: 21.0.12.1, test run: true
[09:53:28 INFO]: Default game type: SURVIVAL
[09:53:28 INFO]: Generating keypair
[09:53:28 INFO]: Starting Minecraft server on 127.0.0.1:25672
[09:53:28 INFO]: Using epoll channel type
[09:53:28 INFO]: Paper: Using libdeflate (Linux x86_64) compression from Velocity.
[09:53:28 INFO]: Paper: Using OpenSSL 3.x.x (Linux x86_64) cipher from Velocity.
[09:53:28 WARN]: [org.bukkit.craftbukkit.legacy.CraftLegacy] Initializing Legacy Material Support. Unless you have legacy plugins and/or data this is a bug!
[09:53:33 WARN]: Legacy plugin QiZhangVerdict v0.1.1 does not specify an api-version.
[09:53:33 INFO]: [GrimAC] Loading server plugin GrimAC v2.3.73
[09:53:33 INFO]: [GrimAC] Loading PacketEvents...
[09:53:35 INFO]: [QiZhangVerdict] Loading server plugin QiZhangVerdict v0.1.1
[09:53:35 INFO]: Server permissions file permissions.yml is empty, ignoring it
[09:53:35 WARN]: **** SERVER IS RUNNING IN OFFLINE/INSECURE MODE!
[09:53:35 WARN]: The server will make no attempt to authenticate usernames. Beware.
[09:53:35 WARN]: While this makes the game possible to play without internet access, it also opens up the ability for hackers to connect with any username they choose.
[09:53:35 WARN]: To change this, set "online-mode" to "true" in the server.properties file.
[09:53:35 INFO]: Preparing level "world"
[09:53:36 INFO]: Preparing start region for dimension minecraft:overworld
[09:53:36 INFO]: Time elapsed: 587 ms
[09:53:36 INFO]: Preparing start region for dimension minecraft:the_nether
[09:53:36 INFO]: Time elapsed: 131 ms
[09:53:36 INFO]: Preparing start region for dimension minecraft:the_end
[09:53:36 INFO]: Time elapsed: 77 ms
[09:53:36 INFO]: [GrimAC] Enabling GrimAC v2.3.73
[09:53:36 INFO]: [GrimAC] Registering packets...
[09:53:36 INFO]: [GrimAC] Registering tick schedulers...
[09:53:37 INFO]: Grim Version: 2.3.73
[09:53:37 INFO]: [GrimAC] Registering singular bukkit event... (PistonEvent)
[09:53:37 INFO]: [QiZhangVerdict] Enabling QiZhangVerdict v0.1.1*
[09:53:37 WARN]: [QiZhangVerdict] Offline mode: UUID/account ownership needs external authentication; IP limits are not proof of identity. Secure proxy forwarding and firewall the backend.
[09:53:37 INFO]: [QiZhangVerdict] QiZhangVerdict sessions=0, trackedIPs=1, accountPairs=2, rules=11, companion=required, vm=DENY, blacklist=DENY, rateBuckets=0, accountBans=2, deviceBans=1, deviceRequired=true
[09:53:37 INFO]: [QiZhangVerdict] Integrations: GrimAC=2.3.73 enabled (check configuration); Orebfuscator=absent; Paper Anti-Xray=available; enable and verify per-world config. These engines are installed separately.
[09:53:37 INFO]: [spark] Starting background profiler...
[09:53:37 INFO]: Done preparing level "world" (1.875s)
[09:53:37 INFO]: Running delayed init tasks
[09:53:37 INFO]: Done (17.032s)! For help, type "help"
[09:53:37 INFO]: QiZhangVerdict sessions=0, trackedIPs=1, accountPairs=2, rules=11, companion=required, vm=DENY, blacklist=DENY, rateBuckets=0, accountBans=2, deviceBans=1, deviceRequired=true
[09:53:37 INFO]: Integrations: GrimAC=2.3.73 enabled (check configuration); Orebfuscator=absent; Paper Anti-Xray=available; enable and verify per-world config. These engines are installed separately.
[09:53:37 INFO]: New GrimAC version found! Version 2.3.74-8eb5f28 is available to be downloaded here: https://modrinth.com/plugin/grimac
[09:53:39 INFO]: UUID of player QVGrimMain is 96641a43-6f3d-3a54-9d29-bf7f09b15f70
[09:53:39 INFO]: Disconnecting QVGrimMain (/127.0.0.1:39086): This account is banned by the server
[09:53:39 INFO]: Disconnecting QVGrimMain (/127.0.0.1:39086): This account is banned by the server
[09:53:39 INFO]: QVGrimMain (/127.0.0.1:39086) lost connection: This account is banned by the server
[09:53:40 INFO]: UUID of player QVGrimLinked is 5f5fc467-3547-3024-8edb-c933991bb93e
[09:53:40 INFO]: Disconnecting QVGrimLinked (/127.0.0.1:39092): This account is banned by the server
[09:53:40 INFO]: QVGrimLinked (/127.0.0.1:39092) lost connection: This account is banned by the server
[09:53:41 INFO]: UUID of player QVGrimFresh is 005181b1-4088-3256-8a9e-39797635ccb8
[09:53:41 INFO]: QVGrimFresh joined the game
[09:53:42 INFO]: QVGrimFresh[/127.0.0.1:39104] logged in with entity id 24 at ([world]2.5, 0.0, -3.5)
[09:53:42 INFO]: QVGrimFresh lost connection: [QiZhangVerdict] This reported device identifier is banned
[09:53:42 INFO]: QVGrimFresh left the game
[09:53:43 INFO]: UUID of player QVGrimClean is cfba7f44-d7e3-3d82-83a2-26ac51682509
[09:53:43 INFO]: QVGrimClean joined the game
[09:53:43 INFO]: QVGrimClean[/127.0.0.1:49494] logged in with entity id 25 at ([world]-2.5, 0.0, 0.5)
[09:53:44 INFO]: QVGrimClean lost connection: Disconnected
[09:53:44 INFO]: QVGrimClean left the game
[09:53:45 INFO]: Unbanned target. Account and device bans are separate; check /qzverdict bans.
[09:53:46 INFO]: Unbanned target. Account and device bans are separate; check /qzverdict bans.
[09:53:47 INFO]: Unbanned target. Account and device bans are separate; check /qzverdict bans.
[09:53:48 INFO]: Unbanned target. Account and device bans are separate; check /qzverdict bans.
[09:53:49 INFO]: UUID of player QVGrimMain is 96641a43-6f3d-3a54-9d29-bf7f09b15f70
[09:53:49 INFO]: QVGrimMain joined the game
[09:53:49 INFO]: QVGrimMain[/127.0.0.1:49500] logged in with entity id 26 at ([world]-5.5, 0.0, 1.5)
[09:53:51 INFO]: QVGrimMain lost connection: Disconnected
[09:53:51 INFO]: QVGrimMain left the game
[09:53:52 INFO]: Stopping the server
[09:53:52 INFO]: Stopping server
[09:53:52 INFO]: [QiZhangVerdict] Disabling QiZhangVerdict v0.1.1
[09:53:52 INFO]: [GrimAC] Disabling GrimAC v2.3.73
[09:53:52 INFO]: [GrimAC] Terminating PacketEvents...
[09:53:52 INFO]: Saving players
[09:53:52 INFO]: Saving worlds
[09:53:52 INFO]: Saving chunks for level 'ServerLevel[world]'/minecraft:overworld
[09:53:52 INFO]: [ChunkHolderManager] Waiting 60s for chunk system to halt for world 'world'
[09:53:52 INFO]: [ChunkHolderManager] Halted chunk system for world 'world'
[09:53:52 INFO]: [ChunkHolderManager] Saving all chunkholders for world 'world'
[09:53:52 INFO]: [ChunkHolderManager] Saved 103 block chunks, 103 entity chunks, 0 poi chunks in world 'world' in 0.12s
[09:53:52 INFO]: Saving chunks for level 'ServerLevel[world_nether]'/minecraft:the_nether
[09:53:52 INFO]: [ChunkHolderManager] Waiting 60s for chunk system to halt for world 'world_nether'
[09:53:52 INFO]: [ChunkHolderManager] Halted chunk system for world 'world_nether'
[09:53:52 INFO]: [ChunkHolderManager] Saving all chunkholders for world 'world_nether'
[09:53:52 INFO]: [ChunkHolderManager] Saved 49 block chunks, 49 entity chunks, 0 poi chunks in world 'world_nether' in 0.06s
[09:53:52 INFO]: Saving chunks for level 'ServerLevel[world_the_end]'/minecraft:the_end
[09:53:52 INFO]: [ChunkHolderManager] Waiting 60s for chunk system to halt for world 'world_the_end'
[09:53:52 INFO]: [ChunkHolderManager] Halted chunk system for world 'world_the_end'
[09:53:52 INFO]: [ChunkHolderManager] Saving all chunkholders for world 'world_the_end'
[09:53:52 INFO]: [ChunkHolderManager] Saved 49 block chunks, 49 entity chunks, 0 poi chunks in world 'world_the_end' in 0.03s
[09:53:52 INFO]: ThreadedAnvilChunkStorage (world): All chunks are saved
[09:53:52 INFO]: ThreadedAnvilChunkStorage (DIM-1): All chunks are saved
WARN StatusConsoleListener Advanced terminal features are not available in this environment
[09:53:52 INFO]: ThreadedAnvilChunkStorage (DIM1): All chunks are saved
[09:53:52 INFO]: ThreadedAnvilChunkStorage: All dimensions are saved
