[20:05:08] [main/INFO]: Loading Minecraft 1.16.5 with Fabric Loader 0.16.14
[20:05:08] [main/INFO]: Loading 41 mods:
	- antixray 1.1.0-qzcompat.1
	   \-- com_moandjiezana_toml_toml4j 0.7.2
	- fabric 0.42.0+1.16
	   |-- fabric-api-base 0.4.0+3cc0f0907d
	   |-- fabric-api-lookup-api-v1 1.3.1+3cc0f0907d
	   |-- fabric-biome-api-v1 3.1.13+3cc0f0907d
	   |-- fabric-blockrenderlayer-v1 1.1.6+3cc0f0907d
	   |-- fabric-command-api-v1 1.1.3+3cc0f0907d
	   |-- fabric-commands-v0 0.2.3+3cc0f0907d
	   |-- fabric-containers-v0 0.1.12+3cc0f0907d
	   |-- fabric-content-registries-v0 0.2.5+3cc0f0907d
	   |-- fabric-crash-report-info-v1 0.1.4+3cc0f0907d
	   |-- fabric-dimensions-v1 2.0.8+3cc0f0907d
	   |-- fabric-entity-events-v1 1.2.4+3cc0f0907d
	   |-- fabric-events-interaction-v0 0.4.5+3cc0f0907d
	   |-- fabric-events-lifecycle-v0 0.2.2+3cc0f0907d
	   |-- fabric-game-rule-api-v1 1.0.7+3cc0f0907d
	   |-- fabric-item-api-v1 1.2.2+3cc0f0907d
	   |-- fabric-item-groups-v0 0.3.1+3cc0f0907d
	   |-- fabric-key-binding-api-v1 1.0.5+3cc0f0907d
	   |-- fabric-keybindings-v0 0.2.2+3cc0f0907d
	   |-- fabric-lifecycle-events-v1 1.2.2+3cc0f0907d
	   |-- fabric-loot-tables-v1 1.0.3+3cc0f0907d
	   |-- fabric-mining-levels-v0 0.1.4+3cc0f0907d
	   |-- fabric-models-v0 0.3.1+3cc0f0907d
	   |-- fabric-networking-api-v1 1.0.5+3cc0f0907d
	   |-- fabric-networking-blockentity-v0 0.2.9+3cc0f0907d
	   |-- fabric-networking-v0 0.3.3+3cc0f0907d
	   |-- fabric-object-builder-api-v1 1.9.6+3cc0f0907d
	   |-- fabric-object-builders-v0 0.7.3+3cc0f0907d
	   |-- fabric-particles-v1 0.2.5+3cc0f0907d
	   |-- fabric-registry-sync-v0 0.7.6+3cc0f0907d
	   |-- fabric-renderer-api-v1 0.4.5+3cc0f0907d
	   |-- fabric-renderer-indigo 0.4.5+3cc0f0907d
	   |-- fabric-renderer-registries-v1 2.3.1+3cc0f0907d
	   |-- fabric-rendering-data-attachment-v1 0.1.6+3cc0f0907d
	   |-- fabric-rendering-fluids-v1 0.1.15+3cc0f0907d
	   |-- fabric-rendering-v0 1.1.3+3cc0f0907d
	   |-- fabric-rendering-v1 1.6.1+3cc0f0907d
	   |-- fabric-resource-loader-v0 0.4.8+3cc0f0907d
	   |-- fabric-screen-api-v1 1.0.1+3cc0f0907d
	   |-- fabric-screen-handler-api-v1 1.1.6+3cc0f0907d
	   |-- fabric-structure-api-v1 1.1.12+3cc0f0907d
	   |-- fabric-tag-extensions-v0 1.1.2+3cc0f0907d
	   |-- fabric-textures-v0 1.0.7+3cc0f0907d
	   |-- fabric-tool-attribute-api-v1 1.2.8+3cc0f0907d
	   \-- fabric-transfer-api-v1 1.5.0+3cc0f0907d
	- fabricloader 0.16.14
	   \-- mixinextras 0.4.1
	- java 17
	- minecraft 1.16.5
	- qizhangverdict 0.2.0-dev
[20:05:08] [main/INFO]: SpongePowered MIXIN Subsystem Version=0.8.7 Source=file:/E:/CodexTemp/QiZhangVerdict/legacy-fabric-antixray/fabric-1.16.5-antixray-qzcompat1-java17-04/libraries/net/fabricmc/sponge-mixin/0.15.5+mixin.0.8.7/sponge-mixin-0.15.5+mixin.0.8.7.jar Service=Knot/Fabric Env=SERVER
[20:05:09] [main/INFO]: Compatibility level set to JAVA_16
[20:05:09] [main/INFO]: Initializing MixinExtras via com.llamalad7.mixinextras.service.MixinExtrasServiceImpl(version=0.4.1).
[20:05:13] [main/INFO]: External mod presence only: grimac=false, antixray=true; actual function must be tested separately
[20:05:14] [main/ERROR]: No key layers in MapLike[{}]; No key structures in MapLike[{}]; Not a registry ops
[20:05:14] [main/INFO]: Environment: authHost='https://authserver.mojang.com', accountsHost='https://api.mojang.com', sessionHost='https://sessionserver.mojang.com', servicesHost='https://api.minecraftservices.com', name='PROD'
[20:05:15] [main/WARN]: Ambiguity between arguments [teleport, destination] and [teleport, targets] with inputs: [Player, 0123, @e, dd12be42-52a9-4a91-a8a1-11c01849e498]
[20:05:15] [main/WARN]: Ambiguity between arguments [teleport, location] and [teleport, destination] with inputs: [0.1 -0.5 .9, 0 0 0]
[20:05:15] [main/WARN]: Ambiguity between arguments [teleport, location] and [teleport, targets] with inputs: [0.1 -0.5 .9, 0 0 0]
[20:05:15] [main/WARN]: Ambiguity between arguments [teleport, targets] and [teleport, destination] with inputs: [Player, 0123, dd12be42-52a9-4a91-a8a1-11c01849e498]
[20:05:15] [main/WARN]: Ambiguity between arguments [teleport, targets, location] and [teleport, targets, destination] with inputs: [0.1 -0.5 .9, 0 0 0]
[20:05:15] [main/INFO]: Reloading ResourceManager: Default, Fabric Mods (Fabric Tool Attribute API (v1))
[20:05:16] [Worker-Main-9/INFO]: Loaded 7 recipes
[20:05:16] [Worker-Main-9/INFO]: Loaded 927 advancements
[20:05:18] [main/INFO]: Applied 0 biome modifications to 0 of 79 new biomes in 9.408 ms
[20:05:18] [Server thread/INFO]: QiZhangGuard started: QiZhangVerdict sessions=0, trackedIPs=0, accountPairs=0, rules=11, companion=required, vm=DENY, blacklist=DENY, rateBuckets=0, accountBans=0, deviceBans=0, deviceRequired=true. Reports are self-reported, not trusted attestation.
[20:05:18] [Server thread/INFO]: Starting minecraft server version 1.16.5
[20:05:18] [Server thread/INFO]: Loading properties
[20:05:18] [Server thread/INFO]: Default game type: SURVIVAL
[20:05:18] [Server thread/INFO]: Generating keypair
[20:05:19] [Server thread/INFO]: Starting Minecraft server on 127.0.0.1:25673
[20:05:19] [Server thread/INFO]: Using default channel type
[20:05:20] [Server thread/WARN]: **** SERVER IS RUNNING IN OFFLINE/INSECURE MODE!
[20:05:20] [Server thread/WARN]: The server will make no attempt to authenticate usernames. Beware.
[20:05:20] [Server thread/WARN]: While this makes the game possible to play without internet access, it also opens up the ability for hackers to connect with any username they choose.
[20:05:20] [Server thread/WARN]: To change this, set "online-mode" to "true" in the server.properties file.
[20:05:20] [Server thread/INFO]: Preparing level "world"
[20:05:20] [Server thread/INFO]: Preparing start region for dimension minecraft:overworld
[20:05:21] [Server thread/INFO]: Preparing spawn area: 0%
[20:05:21] [Server thread/INFO]: Preparing spawn area: 0%
[20:05:21] [Worker-Main-12/INFO]: Preparing spawn area: 0%
[20:05:21] [Worker-Main-11/INFO]: Preparing spawn area: 83%
[20:05:23] [Server thread/INFO]: Preparing spawn area: 84%
[20:05:23] [Server thread/INFO]: Preparing spawn area: 84%
[20:05:23] [Server thread/INFO]: Preparing spawn area: 95%
[20:05:23] [Server thread/INFO]: Time elapsed: 3162 ms
[20:05:23] [Server thread/INFO]: Done (3.420s)! For help, type "help"
[20:05:25] [Server thread/INFO]: Gamerule spawnRadius is now set to: 0
[20:05:25] [Server thread/INFO]: Gamerule doMobSpawning is now set to: false
[20:05:25] [Server thread/INFO]: Set the world spawn point to 8, 37, 8 [0.0]
[20:05:25] [Server thread/INFO]: Marked chunk [0, 0] in minecraft:overworld to be force loaded
[20:05:26] [Server thread/INFO]: Successfully filled 891 blocks
[20:05:26] [Server thread/INFO]: Changed the block at 8, 32, 8
[20:05:26] [Server thread/INFO]: Changed the block at 12, 32, 8
[20:05:26] [Server thread/INFO]: Changed the block at 13, 32, 8
[20:05:27] [Server thread/INFO]: [Server] AX_REAL_hidden
[20:05:27] [Server thread/INFO]: [Server] AX_REAL_exposed
[20:05:27] [Server thread/INFO]: [Server] AX_REAL_exposed_air
[20:05:27] [Server thread/INFO]: [Server] AX_REAL_control
[20:05:27] [Server thread/INFO]: [Server] AX_REAL_neighbor0
[20:05:27] [Server thread/INFO]: [Server] AX_REAL_neighbor1
[20:05:27] [Server thread/INFO]: [Server] AX_REAL_neighbor2
[20:05:27] [Server thread/INFO]: [Server] AX_REAL_neighbor3
[20:05:27] [Server thread/INFO]: [Server] AX_REAL_neighbor4
[20:05:28] [Server thread/INFO]: QVAxGate[/127.0.0.1:3023] logged in with entity id 1 at (8.5, 4.0, 8.5)
[20:05:28] [Server thread/INFO]: QVAxGate joined the game
[20:05:28] [Server thread/INFO]: Made QVAxGate a server operator
[20:05:30] [Server thread/INFO]: [QVAxGate] AX_AFTER_REPORT
[20:05:30] [Server thread/INFO]: Made QVAxGate no longer a server operator
[20:05:31] [Server thread/INFO]: [Server] AX_SURVIVAL
[20:05:31] [Server thread/INFO]: Teleported QVAxGate to 512.5, 70.0, 512.5
[20:05:31] [Server thread/WARN]: QVAxGate moved too quickly! 504.0,66.0,504.0
[20:05:31] [Server thread/WARN]: QVAxGate moved too quickly! 504.0,66.0,504.0
[20:05:31] [Server thread/WARN]: QVAxGate moved too quickly! 504.0,66.0,504.0
[20:05:31] [Server thread/WARN]: QVAxGate moved too quickly! 504.0,66.0,504.0
[20:05:31] [Server thread/WARN]: QVAxGate moved too quickly! 504.0,66.0,504.0
[20:05:32] [Server thread/INFO]: Teleported QVAxGate to 8.5, 37.0, 8.5
[20:05:32] [Server thread/WARN]: QVAxGate moved too quickly! -504.0,-33.0,-504.0
[20:05:32] [Server thread/WARN]: QVAxGate moved too quickly! -504.0,-33.0,-504.0
[20:05:32] [Server thread/WARN]: QVAxGate moved too quickly! -504.0,-33.0,-504.0
[20:05:32] [Server thread/WARN]: QVAxGate moved too quickly! -504.0,-33.0,-504.0
[20:05:32] [Server thread/WARN]: QVAxGate moved too quickly! -504.0,-33.0,-504.0
[20:05:32] [Server thread/WARN]: QVAxGate moved too quickly! -504.0,-33.0,-504.0
[20:05:32] [Server thread/WARN]: QVAxGate moved too quickly! -504.0,-33.0,-504.0
[20:05:32] [Server thread/WARN]: QVAxGate moved too quickly! -504.0,-33.0,-504.0
[20:05:32] [Server thread/WARN]: QVAxGate moved too quickly! -504.0,-33.0,-504.0
[20:05:32] [Server thread/WARN]: QVAxGate moved too quickly! -504.0,-33.0,-504.0
[20:05:32] [Server thread/WARN]: QVAxGate moved too quickly! -504.0,-33.0,-504.0
[20:05:32] [Server thread/WARN]: QVAxGate moved too quickly! -504.0,-33.0,-504.0
[20:05:32] [Server thread/WARN]: QVAxGate moved too quickly! -504.0,-33.0,-504.0
[20:05:32] [Server thread/WARN]: QVAxGate moved too quickly! -504.0,-33.0,-504.0
[20:05:32] [Server thread/WARN]: QVAxGate moved too quickly! -504.0,-33.0,-504.0
[20:05:32] [Server thread/WARN]: QVAxGate moved too quickly! -504.0,-33.0,-504.0
[20:05:32] [Server thread/WARN]: QVAxGate moved too quickly! -504.0,-33.0,-504.0
[20:05:32] [Server thread/WARN]: QVAxGate moved too quickly! -504.0,-33.0,-504.0
[20:05:32] [Server thread/WARN]: QVAxGate moved too quickly! -504.0,-33.0,-504.0
[20:05:32] [Server thread/WARN]: QVAxGate moved too quickly! -504.0,-33.0,-504.0
[20:05:32] [Server thread/WARN]: QVAxGate moved too quickly! -504.0,-33.0,-504.0
[20:05:32] [Server thread/WARN]: QVAxGate moved too quickly! -504.0,-33.0,-504.0
[20:05:32] [Server thread/WARN]: QVAxGate moved too quickly! -504.0,-33.0,-504.0
[20:05:32] [Server thread/WARN]: QVAxGate moved too quickly! -504.0,-33.0,-504.0
[20:05:32] [Server thread/WARN]: QVAxGate moved too quickly! -504.0,-33.0,-504.0
[20:05:32] [Server thread/WARN]: QVAxGate moved too quickly! -504.0,-33.0,-504.0
[20:05:32] [Server thread/WARN]: QVAxGate moved too quickly! -504.0,-33.0,-504.0
[20:05:32] [Server thread/WARN]: QVAxGate moved too quickly! -504.0,-33.0,-504.0
[20:05:32] [Server thread/WARN]: QVAxGate moved too quickly! -504.0,-33.0,-504.0
[20:05:32] [Server thread/WARN]: QVAxGate moved too quickly! -504.0,-33.0,-504.0
[20:05:32] [Server thread/WARN]: QVAxGate moved too quickly! -504.0,-33.0,-504.0
[20:05:32] [Server thread/WARN]: QVAxGate moved too quickly! -504.0,-33.0,-504.0
[20:05:32] [Server thread/WARN]: QVAxGate moved too quickly! -504.0,-33.0,-504.0
[20:05:32] [Server thread/WARN]: QVAxGate moved too quickly! -504.0,-33.0,-504.0
[20:05:32] [Server thread/WARN]: QVAxGate moved too quickly! -504.0,-33.0,-504.0
[20:05:32] [Server thread/WARN]: QVAxGate moved too quickly! -504.0,-33.0,-504.0
[20:05:32] [Server thread/WARN]: QVAxGate moved too quickly! -504.0,-33.0,-504.0
[20:05:32] [Server thread/WARN]: QVAxGate moved too quickly! -504.0,-33.0,-504.0
[20:05:32] [Server thread/WARN]: QVAxGate moved too quickly! -504.0,-33.0,-504.0
[20:05:32] [Server thread/WARN]: QVAxGate moved too quickly! -504.0,-33.0,-504.0
[20:05:32] [Server thread/WARN]: QVAxGate moved too quickly! -504.0,-33.0,-504.0
[20:05:32] [Server thread/WARN]: QVAxGate moved too quickly! -504.0,-33.0,-504.0
[20:05:32] [Server thread/WARN]: QVAxGate moved too quickly! -504.0,-33.0,-504.0
[20:05:32] [Server thread/WARN]: QVAxGate moved too quickly! -504.0,-33.0,-504.0
[20:05:32] [Server thread/WARN]: QVAxGate moved too quickly! -504.0,-33.0,-504.0
[20:05:32] [Server thread/WARN]: QVAxGate moved too quickly! -504.0,-33.0,-504.0
[20:05:32] [Server thread/WARN]: QVAxGate moved too quickly! -504.0,-33.0,-504.0
[20:05:32] [Server thread/WARN]: QVAxGate moved too quickly! -504.0,-33.0,-504.0
[20:05:32] [Server thread/WARN]: QVAxGate moved too quickly! -504.0,-33.0,-504.0
[20:05:32] [Server thread/WARN]: QVAxGate moved too quickly! -504.0,-33.0,-504.0
[20:05:32] [Server thread/WARN]: QVAxGate moved too quickly! -504.0,-33.0,-504.0
[20:05:32] [Server thread/WARN]: QVAxGate moved too quickly! -504.0,-33.0,-504.0
[20:05:32] [Server thread/WARN]: QVAxGate moved too quickly! -504.0,-33.0,-504.0
[20:05:32] [Server thread/WARN]: QVAxGate moved too quickly! -504.0,-33.0,-504.0
[20:05:33] [Server thread/INFO]: Changed the block at 8, 32, 7
[20:05:53] [Server thread/INFO]: [Server] AX_FRESH_SURVIVAL
[20:05:53] [Server thread/INFO]: QiZhangVerdict sessions=1, trackedIPs=1, accountPairs=1, rules=11, companion=required, vm=DENY, blacklist=DENY, rateBuckets=1, accountBans=0, deviceBans=0, deviceRequired=true
[20:05:53] [Server thread/INFO]: QVAxGate lost connection: Disconnected
[20:05:53] [Server thread/INFO]: QVAxGate left the game
[20:05:53] [Server thread/INFO]: Stopping the server
[20:05:53] [Server thread/INFO]: Stopping server
[20:05:53] [Server thread/INFO]: Saving players
[20:05:53] [Server thread/INFO]: Saving worlds
[20:05:53] [Server thread/INFO]: Saving chunks for level 'ServerLevel[world]'/minecraft:overworld
[20:05:54] [Server thread/INFO]: ThreadedAnvilChunkStorage (world): All chunks are saved
[20:05:54] [Server thread/INFO]: Saving chunks for level 'ServerLevel[world]'/minecraft:the_nether
[20:05:54] [Server thread/INFO]: ThreadedAnvilChunkStorage (DIM-1): All chunks are saved
[20:05:54] [Server thread/INFO]: Saving chunks for level 'ServerLevel[world]'/minecraft:the_end
[20:05:54] [Server thread/INFO]: ThreadedAnvilChunkStorage (DIM1): All chunks are saved
[20:05:54] [Server thread/INFO]: ThreadedAnvilChunkStorage (world): All chunks are saved
[20:05:54] [Server thread/INFO]: ThreadedAnvilChunkStorage (DIM-1): All chunks are saved
[20:05:54] [Server thread/INFO]: ThreadedAnvilChunkStorage (DIM1): All chunks are saved
