Unpacking 1.18.2/server-1.18.2.jar (versions:1.18.2) to versions\1.18.2\server-1.18.2.jar
Unpacking com/github/oshi/oshi-core/5.8.5/oshi-core-5.8.5.jar (libraries:com.github.oshi:oshi-core:5.8.5) to libraries\com\github\oshi\oshi-core\5.8.5\oshi-core-5.8.5.jar
Unpacking com/google/code/gson/gson/2.8.9/gson-2.8.9.jar (libraries:com.google.code.gson:gson:2.8.9) to libraries\com\google\code\gson\gson\2.8.9\gson-2.8.9.jar
Unpacking com/google/guava/failureaccess/1.0.1/failureaccess-1.0.1.jar (libraries:com.google.guava:failureaccess:1.0.1) to libraries\com\google\guava\failureaccess\1.0.1\failureaccess-1.0.1.jar
Unpacking com/google/guava/guava/31.0.1-jre/guava-31.0.1-jre.jar (libraries:com.google.guava:guava:31.0.1-jre) to libraries\com\google\guava\guava\31.0.1-jre\guava-31.0.1-jre.jar
Unpacking com/mojang/authlib/3.3.39/authlib-3.3.39.jar (libraries:com.mojang:authlib:3.3.39) to libraries\com\mojang\authlib\3.3.39\authlib-3.3.39.jar
Unpacking com/mojang/brigadier/1.0.18/brigadier-1.0.18.jar (libraries:com.mojang:brigadier:1.0.18) to libraries\com\mojang\brigadier\1.0.18\brigadier-1.0.18.jar
Unpacking com/mojang/datafixerupper/4.1.27/datafixerupper-4.1.27.jar (libraries:com.mojang:datafixerupper:4.1.27) to libraries\com\mojang\datafixerupper\4.1.27\datafixerupper-4.1.27.jar
Unpacking com/mojang/javabridge/1.2.24/javabridge-1.2.24.jar (libraries:com.mojang:javabridge:1.2.24) to libraries\com\mojang\javabridge\1.2.24\javabridge-1.2.24.jar
Unpacking com/mojang/logging/1.0.0/logging-1.0.0.jar (libraries:com.mojang:logging:1.0.0) to libraries\com\mojang\logging\1.0.0\logging-1.0.0.jar
Unpacking commons-io/commons-io/2.11.0/commons-io-2.11.0.jar (libraries:commons-io:commons-io:2.11.0) to libraries\commons-io\commons-io\2.11.0\commons-io-2.11.0.jar
Unpacking io/netty/netty-all/4.1.68.Final/netty-all-4.1.68.Final.jar (libraries:io.netty:netty-all:4.1.68.Final) to libraries\io\netty\netty-all\4.1.68.Final\netty-all-4.1.68.Final.jar
Unpacking it/unimi/dsi/fastutil/8.5.6/fastutil-8.5.6.jar (libraries:it.unimi.dsi:fastutil:8.5.6) to libraries\it\unimi\dsi\fastutil\8.5.6\fastutil-8.5.6.jar
Unpacking net/java/dev/jna/jna/5.10.0/jna-5.10.0.jar (libraries:net.java.dev.jna:jna:5.10.0) to libraries\net\java\dev\jna\jna\5.10.0\jna-5.10.0.jar
Unpacking net/java/dev/jna/jna-platform/5.10.0/jna-platform-5.10.0.jar (libraries:net.java.dev.jna:jna-platform:5.10.0) to libraries\net\java\dev\jna\jna-platform\5.10.0\jna-platform-5.10.0.jar
Unpacking net/sf/jopt-simple/jopt-simple/5.0.4/jopt-simple-5.0.4.jar (libraries:net.sf.jopt-simple:jopt-simple:5.0.4) to libraries\net\sf\jopt-simple\jopt-simple\5.0.4\jopt-simple-5.0.4.jar
Unpacking org/apache/commons/commons-lang3/3.12.0/commons-lang3-3.12.0.jar (libraries:org.apache.commons:commons-lang3:3.12.0) to libraries\org\apache\commons\commons-lang3\3.12.0\commons-lang3-3.12.0.jar
Unpacking org/apache/logging/log4j/log4j-api/2.17.0/log4j-api-2.17.0.jar (libraries:org.apache.logging.log4j:log4j-api:2.17.0) to libraries\org\apache\logging\log4j\log4j-api\2.17.0\log4j-api-2.17.0.jar
Unpacking org/apache/logging/log4j/log4j-core/2.17.0/log4j-core-2.17.0.jar (libraries:org.apache.logging.log4j:log4j-core:2.17.0) to libraries\org\apache\logging\log4j\log4j-core\2.17.0\log4j-core-2.17.0.jar
Unpacking org/apache/logging/log4j/log4j-slf4j18-impl/2.17.0/log4j-slf4j18-impl-2.17.0.jar (libraries:org.apache.logging.log4j:log4j-slf4j18-impl:2.17.0) to libraries\org\apache\logging\log4j\log4j-slf4j18-impl\2.17.0\log4j-slf4j18-impl-2.17.0.jar
Unpacking org/slf4j/slf4j-api/1.8.0-beta4/slf4j-api-1.8.0-beta4.jar (libraries:org.slf4j:slf4j-api:1.8.0-beta4) to libraries\org\slf4j\slf4j-api\1.8.0-beta4\slf4j-api-1.8.0-beta4.jar
Starting net.fabricmc.loader.impl.game.minecraft.BundlerClassPathCapture
[16:12:55] [main/INFO]: Loading Minecraft 1.18.2 with Fabric Loader 0.16.14
[16:12:55] [main/INFO]: Fabric is preparing JARs on first launch, this may take a few seconds...
[16:12:55] [main/INFO]: Loading 6 mods:
	- fabric-api 0.77.0+1.18.2
	- fabricloader 0.16.14
	   \-- mixinextras 0.4.1
	- java 17
	- minecraft 1.18.2
	- qizhangverdict 0.2.0-dev
[16:12:55] [main/INFO]: SpongePowered MIXIN Subsystem Version=0.8.7 Source=file:/E:/CodexTemp/QiZhangVerdict/legacy-runtime/fabric-1.18.2-guard-01/libraries/net/fabricmc/sponge-mixin/0.15.5+mixin.0.8.7/sponge-mixin-0.15.5+mixin.0.8.7.jar Service=Knot/Fabric Env=SERVER
/****************************************************************************************************************************************************************************************************************************/
/*                                                                                     SpongePowered MIXIN (Verbose debugging enabled)                                                                                      */
/****************************************************************************************************************************************************************************************************************************/
/*                                         Code source : file:/E:/CodexTemp/QiZhangVerdict/legacy-runtime/fabric-1.18.2-guard-01/libraries/net/fabricmc/sponge-mixin/0.15.5+mixin.0.8.7/sponge-mixin-0.15.5+mixin.0.8.7.jar */
/*                                    Internal Version : 0.8.7                                                                                                                                                              */
/*                                        Java Version : 17.0 (supports compatibility 6-17)                                                                                                                                 */
/*                         Default Compatibility Level : JAVA_8                                                                                                                                                             */
/*                   Max Effective Compatibility Level : JAVA_13                                                                                                                                                            */
/*                                Detected ASM Version : ASM 9.8 (ASM10_EXPERIMENTAL)                                                                                                                                       */
/*                          Detected ASM Supports Java : Up to Java 25 (class file version 69.0)                                                                                                                            */
/****************************************************************************************************************************************************************************************************************************/
/*                                        Service Name : Knot/Fabric                                                                                                                                                        */
/*                                 Mixin Service Class : net.fabricmc.loader.impl.launch.knot.MixinServiceKnot                                                                                                              */
/*                       Global Property Service Class : net.fabricmc.loader.impl.launch.knot.FabricGlobalPropertyService                                                                                                   */
/*                                 Logger Adapter Type : Fabric Mixin Logger                                                                                                                                                */
/****************************************************************************************************************************************************************************************************************************/
/*                                         mixin.debug : <false>                                                                                                                                                            */
/*                                  mixin.debug.export : - <true>                                                                                                                                                           */
/*                           mixin.debug.export.filter : - - <null>                                                                                                                                                         */
/*                        mixin.debug.export.decompile : - - <true>                                                                                                                                                         */
/*                  mixin.debug.export.decompile.async : - - - <true>                                                                                                                                                       */
/* mixin.debug.export.decompile.mergeGenericSignatures : - - - <true>                                                                                                                                                       */
/*                                  mixin.debug.verify : - <false>                                                                                                                                                          */
/*                                 mixin.debug.verbose : - <true>                                                                                                                                                           */
/*                         mixin.debug.countInjections : - <true>                                                                                                                                                           */
/*                                  mixin.debug.strict : - <false>                                                                                                                                                          */
/*                           mixin.debug.strict.unique : - - <false>                                                                                                                                                        */
/*                          mixin.debug.strict.targets : - - <false>                                                                                                                                                        */
/*                                mixin.debug.profiler : - <false>                                                                                                                                                          */
/*                           mixin.dumpTargetOnFailure : <false>                                                                                                                                                            */
/*                                        mixin.checks : <false>                                                                                                                                                            */
/*                             mixin.checks.interfaces : - <false>                                                                                                                                                          */
/*                      mixin.checks.interfaces.strict : - - <false>                                                                                                                                                        */
/*                             mixin.ignoreConstraints : <false>                                                                                                                                                            */
/*                                       mixin.hotSwap : <false>                                                                                                                                                            */
/*                                       mixin.env.obf : - <false>                                                                                                                                                          */
/*                             mixin.env.disableRefMap : - <false>                                                                                                                                                          */
/*                               mixin.env.remapRefMap : - <false>                                                                                                                                                          */
/*                       mixin.env.refMapRemappingFile : - <>                                                                                                                                                               */
/*                        mixin.env.refMapRemappingEnv : - <searge>                                                                                                                                                         */
/*                      mixin.env.allowPermissiveMatch : - <false>                                                                                                                                                          */
/*                            mixin.env.ignoreRequired : - <false>                                                                                                                                                          */
/*                               mixin.env.compatLevel : - <false>                                                                                                                                                          */
/*                          mixin.env.shiftByViolation : - <warn>                                                                                                                                                           */
/*                      mixin.initialiserInjectionMode : <default>                                                                                                                                                          */
/*               mixin.tunable.classReaderExpandFrames : - <false>                                                                                                                                                          */
/****************************************************************************************************************************************************************************************************************************/
/*                                    UNSAFE_INJECTION : available=<true> enabled=<true>                                                                                                                                    */
/*                       INJECTORS_IN_INTERFACE_MIXINS : available=<true> enabled=<true>                                                                                                                                    */
/****************************************************************************************************************************************************************************************************************************/
/*                                       Detected Side : SERVER                                                                                                                                                             */
/****************************************************************************************************************************************************************************************************************************/
[16:12:55] [main/INFO]: Attempting to load Fernflower decompiler (Threaded mode)
[16:12:55] [main/INFO]: Fernflower could not be loaded, exported classes will not be decompiled. NoClassDefFoundError: org/jetbrains/java/decompiler/main/extern/IResultSaver
[16:12:55] [main/WARN]: Compatibility level JAVA_17 specified by qizhangverdict.mixins.json is higher than the maximum level supported by this version of mixin (JAVA_13).
[16:12:55] [main/INFO]: Compatibility level set to JAVA_17
[16:12:55] [main/INFO]: Preparing mixins for MixinEnvironment[DEFAULT]
[16:12:55] [main/INFO]: Selecting config mixinextras.init.mixins.json
[16:12:55] [main/INFO]: Selecting config qizhangverdict.mixins.json
[16:12:55] [main/INFO]: Preparing mixinextras.init.mixins.json (0)
[16:12:55] [main/INFO]: Preparing qizhangverdict.mixins.json (1)
[16:13:02] [main/INFO]: External mod presence only: grimac=false, antixray=false; actual function must be tested separately
[16:13:02] [main/ERROR]: Failed to start the minecraft server
java.lang.RuntimeException: Could not execute entrypoint stage 'main' due to errors, provided by 'qizhangverdict' at 'cn.qizhang.guard.fabric.GuardFabric'!
	at net.fabricmc.loader.impl.FabricLoaderImpl.lambda$invokeEntrypoints$2(FabricLoaderImpl.java:403) ~[fabric-loader-0.16.14.jar:?]
	at net.fabricmc.loader.impl.util.ExceptionUtil.gatherExceptions(ExceptionUtil.java:33) ~[fabric-loader-0.16.14.jar:?]
	at net.fabricmc.loader.impl.FabricLoaderImpl.invokeEntrypoints(FabricLoaderImpl.java:401) ~[fabric-loader-0.16.14.jar:?]
	at net.fabricmc.loader.impl.game.minecraft.Hooks.startServer(Hooks.java:63) ~[fabric-loader-0.16.14.jar:?]
	at net.minecraft.server.Main.main(Main.java:101) [server-intermediary.jar:?]
	at net.fabricmc.loader.impl.game.minecraft.MinecraftGameProvider.launch(MinecraftGameProvider.java:480) [fabric-loader-0.16.14.jar:?]
	at net.fabricmc.loader.impl.launch.knot.Knot.launch(Knot.java:74) [fabric-loader-0.16.14.jar:?]
	at net.fabricmc.loader.impl.launch.knot.KnotServer.main(KnotServer.java:23) [fabric-loader-0.16.14.jar:?]
	at net.fabricmc.loader.impl.launch.server.FabricServerLauncher.main(FabricServerLauncher.java:69) [fabric-loader-0.16.14.jar:?]
Caused by: java.lang.NoClassDefFoundError: net/fabricmc/fabric/api/event/lifecycle/v1/ServerLifecycleEvents
	at cn.qizhang.guard.fabric.GuardFabric.onInitialize(GuardFabric.java:23) ~[qizhangverdict-fabric-1.18.2-0.2.0-dev.jar:?]
	at net.fabricmc.loader.impl.FabricLoaderImpl.invokeEntrypoints(FabricLoaderImpl.java:399) ~[fabric-loader-0.16.14.jar:?]
	... 6 more
Caused by: java.lang.ClassNotFoundException: net.fabricmc.fabric.api.event.lifecycle.v1.ServerLifecycleEvents
	at jdk.internal.loader.BuiltinClassLoader.loadClass(Unknown Source) ~[?:?]
	at java.lang.ClassLoader.loadClass(Unknown Source) ~[?:?]
	at net.fabricmc.loader.impl.launch.knot.KnotClassDelegate.loadClass(KnotClassDelegate.java:226) ~[fabric-loader-0.16.14.jar:?]
	at net.fabricmc.loader.impl.launch.knot.KnotClassLoader.loadClass(KnotClassLoader.java:119) ~[fabric-loader-0.16.14.jar:?]
	at java.lang.ClassLoader.loadClass(Unknown Source) ~[?:?]
	at cn.qizhang.guard.fabric.GuardFabric.onInitialize(GuardFabric.java:23) ~[qizhangverdict-fabric-1.18.2-0.2.0-dev.jar:?]
	at net.fabricmc.loader.impl.FabricLoaderImpl.invokeEntrypoints(FabricLoaderImpl.java:399) ~[fabric-loader-0.16.14.jar:?]
	... 6 more
