Unpacking 1.18.2/server-1.18.2.jar (versions:1.18.2) to versions\1.18.2\server-1.18.2.jar
Unpacking com/github/oshi/oshi-core/5.8.5/oshi-core-5.8.5.jar (libraries:com.github.oshi:oshi-core:5.8.5) to libraries\com\github\oshi\oshi-core\5.8.5\oshi-core-5.8.5.jar
Unpacking com/google/code/gson/gson/2.8.9/gson-2.8.9.jar (libraries:com.google.code.gson:gson:2.8.9) to libraries\com\google\code\gson\gson\2.8.9\gson-2.8.9.jar
Unpacking com/google/guava/failureaccess/1.0.1/failureaccess-1.0.1.jar (libraries:com.google.guava:failureaccess:1.0.1) to libraries\com\google\guava\failureaccess\1.0.1\failureaccess-1.0.1.jar
Unpacking com/google/guava/guava/31.0.1-jre/guava-31.0.1-jre.jar (libraries:com.google.guava:guava:31.0.1-jre) to libraries\com\google\guava\guava\31.0.1-jre\guava-31.0.1-jre.jar
Unpacking com/mojang/authlib/3.3.39/authlib-3.3.39.jar (libraries:com.mojang:authlib:3.3.39) to libraries\com\mojang\authlib\3.3.39\authlib-3.3.39.jar
Unpacking com/mojang/brigadier/1.0.18/brigadier-1.0.18.jar (libraries:com.mojang:brigadier:1.0.18) to libraries\com\mojang\brigadier\1.0.18\brigadier-1.0.18.jar
Unpacking com/mojang/datafixerupper/4.1.27/datafixerupper-4.1.27.jar (libraries:com.mojang:datafixerupper:4.1.27) to libraries\com\mojang\datafixerupper\4.1.27\datafixerupper-4.1.27.jar
Unpacking com/mojang/javabridge/1.2.24/javabridge-1.2.24.jar (libraries:com.mojang:javabridge:1.2.24) to libraries\com\mojang\javabridge\1.2.24\javabridge-1.2.24.jar
Unpacking com/mojang/logging/1.0.0/logging-1.0.0.jar (libraries:com.mojang:logging:1.0.0) to libraries\com\mojang\logging\1.0.0\logging-1.0.0.jar
Unpacking commons-io/commons-io/2.11.0/commons-io-2.11.0.jar (libraries:commons-io:commons-io:2.11.0) to libraries\commons-io\commons-io\2.11.0\commons-io-2.11.0.jar
Unpacking io/netty/netty-all/4.1.68.Final/netty-all-4.1.68.Final.jar (libraries:io.netty:netty-all:4.1.68.Final) to libraries\io\netty\netty-all\4.1.68.Final\netty-all-4.1.68.Final.jar
Unpacking it/unimi/dsi/fastutil/8.5.6/fastutil-8.5.6.jar (libraries:it.unimi.dsi:fastutil:8.5.6) to libraries\it\unimi\dsi\fastutil\8.5.6\fastutil-8.5.6.jar
Unpacking net/java/dev/jna/jna/5.10.0/jna-5.10.0.jar (libraries:net.java.dev.jna:jna:5.10.0) to libraries\net\java\dev\jna\jna\5.10.0\jna-5.10.0.jar
Unpacking net/java/dev/jna/jna-platform/5.10.0/jna-platform-5.10.0.jar (libraries:net.java.dev.jna:jna-platform:5.10.0) to libraries\net\java\dev\jna\jna-platform\5.10.0\jna-platform-5.10.0.jar
Unpacking net/sf/jopt-simple/jopt-simple/5.0.4/jopt-simple-5.0.4.jar (libraries:net.sf.jopt-simple:jopt-simple:5.0.4) to libraries\net\sf\jopt-simple\jopt-simple\5.0.4\jopt-simple-5.0.4.jar
Unpacking org/apache/commons/commons-lang3/3.12.0/commons-lang3-3.12.0.jar (libraries:org.apache.commons:commons-lang3:3.12.0) to libraries\org\apache\commons\commons-lang3\3.12.0\commons-lang3-3.12.0.jar
Unpacking org/apache/logging/log4j/log4j-api/2.17.0/log4j-api-2.17.0.jar (libraries:org.apache.logging.log4j:log4j-api:2.17.0) to libraries\org\apache\logging\log4j\log4j-api\2.17.0\log4j-api-2.17.0.jar
Unpacking org/apache/logging/log4j/log4j-core/2.17.0/log4j-core-2.17.0.jar (libraries:org.apache.logging.log4j:log4j-core:2.17.0) to libraries\org\apache\logging\log4j\log4j-core\2.17.0\log4j-core-2.17.0.jar
Unpacking org/apache/logging/log4j/log4j-slf4j18-impl/2.17.0/log4j-slf4j18-impl-2.17.0.jar (libraries:org.apache.logging.log4j:log4j-slf4j18-impl:2.17.0) to libraries\org\apache\logging\log4j\log4j-slf4j18-impl\2.17.0\log4j-slf4j18-impl-2.17.0.jar
Unpacking org/slf4j/slf4j-api/1.8.0-beta4/slf4j-api-1.8.0-beta4.jar (libraries:org.slf4j:slf4j-api:1.8.0-beta4) to libraries\org\slf4j\slf4j-api\1.8.0-beta4\slf4j-api-1.8.0-beta4.jar
Starting net.fabricmc.loader.impl.game.minecraft.BundlerClassPathCapture
[16:17:43] [main/INFO]: Loading Minecraft 1.18.2 with Fabric Loader 0.16.14
[16:17:43] [main/INFO]: Fabric is preparing JARs on first launch, this may take a few seconds...
[16:17:43] [main/INFO]: Loading 40 mods:
	- fabric-api 0.77.0+1.18.2
	   |-- fabric-api-base 0.4.5+64b7c69360
	   |-- fabric-api-lookup-api-v1 1.6.3+2373a54560
	   |-- fabric-biome-api-v1 8.0.7+e83becad60
	   |-- fabric-block-api-v1 1.0.0+ee3621fc60
	   |-- fabric-blockrenderlayer-v1 1.1.13+3ac43d9560
	   |-- fabric-command-api-v1 1.1.10+d7c144a860
	   |-- fabric-commands-v0 0.2.9+b4f4f6cd60
	   |-- fabric-containers-v0 0.1.24+d7c144a860
	   |-- fabric-content-registries-v0 3.1.3+c85f2e3860
	   |-- fabric-convention-tags-v1 1.1.0+43ce63a460
	   |-- fabric-crash-report-info-v1 0.2.1+ee261a3e60
	   |-- fabric-data-generation-api-v1 3.1.0+6c70b68e60
	   |-- fabric-dimensions-v1 2.1.21+489d6f8260
	   |-- fabric-entity-events-v1 1.4.9+d7c144a860
	   |-- fabric-events-interaction-v0 0.4.20+d7c144a860
	   |-- fabric-events-lifecycle-v0 0.2.22+d7c144a860
	   |-- fabric-game-rule-api-v1 1.0.13+d7c144a860
	   |-- fabric-item-api-v1 1.6.2+8165403660
	   |-- fabric-item-groups-v0 0.3.16+91896a4960
	   |-- fabric-key-binding-api-v1 1.0.12+54e5b2ec60
	   |-- fabric-keybindings-v0 0.2.10+b4f4f6cd60
	   |-- fabric-lifecycle-events-v1 2.1.1+cc71601c60
	   |-- fabric-loot-api-v2 1.1.2+1997ad1260
	   |-- fabric-loot-tables-v1 1.1.4+e747827960
	   |-- fabric-mining-level-api-v1 2.1.6+cc71601c60
	   |-- fabric-models-v0 0.3.7+d7c144a860
	   |-- fabric-networking-api-v1 1.0.24+2d30af4b60
	   |-- fabric-networking-v0 0.3.11+b4f4f6cd60
	   |-- fabric-object-builder-api-v1 2.1.5+032c981d60
	   |-- fabric-particles-v1 0.2.13+526dc1ac60
	   |-- fabric-registry-sync-v0 0.9.12+bb2e047760
	   |-- fabric-renderer-api-v1 0.5.0+bf48649860
	   |-- fabric-renderer-indigo 0.6.1+03e2b68760
	   |-- fabric-renderer-registries-v1 3.2.13+b4f4f6cd60
	   |-- fabric-rendering-data-attachment-v1 0.3.9+ee3621fc60
	   |-- fabric-rendering-fluids-v1 2.0.3+54e5b2ec60
	   |-- fabric-rendering-v0 1.1.15+b4f4f6cd60
	   |-- fabric-rendering-v1 1.11.0+b7f3cf3460
	   |-- fabric-resource-conditions-api-v1 2.0.3+91b7aa6660
	   |-- fabric-resource-loader-v0 0.5.3+047a5ecb60
	   |-- fabric-screen-api-v1 1.0.11+d882b91560
	   |-- fabric-screen-handler-api-v1 1.2.3+1f6558e860
	   |-- fabric-textures-v0 1.0.13+3ac43d9560
	   |-- fabric-transfer-api-v1 1.6.4+f4563ac860
	   \-- fabric-transitive-access-wideners-v1 1.1.0+e747827960
	- fabricloader 0.16.14
	   \-- mixinextras 0.4.1
	- java 17
	- minecraft 1.18.2
	- qizhangverdict 0.2.0-dev
[16:17:43] [main/INFO]: SpongePowered MIXIN Subsystem Version=0.8.7 Source=file:/E:/CodexTemp/QiZhangVerdict/legacy-runtime/fabric-1.18.2-guard-02/libraries/net/fabricmc/sponge-mixin/0.15.5+mixin.0.8.7/sponge-mixin-0.15.5+mixin.0.8.7.jar Service=Knot/Fabric Env=SERVER
/****************************************************************************************************************************************************************************************************************************/
/*                                                                                     SpongePowered MIXIN (Verbose debugging enabled)                                                                                      */
/****************************************************************************************************************************************************************************************************************************/
/*                                         Code source : file:/E:/CodexTemp/QiZhangVerdict/legacy-runtime/fabric-1.18.2-guard-02/libraries/net/fabricmc/sponge-mixin/0.15.5+mixin.0.8.7/sponge-mixin-0.15.5+mixin.0.8.7.jar */
/*                                    Internal Version : 0.8.7                                                                                                                                                              */
/*                                        Java Version : 17.0 (supports compatibility 6-17)                                                                                                                                 */
/*                         Default Compatibility Level : JAVA_8                                                                                                                                                             */
/*                   Max Effective Compatibility Level : JAVA_13                                                                                                                                                            */
/*                                Detected ASM Version : ASM 9.8 (ASM10_EXPERIMENTAL)                                                                                                                                       */
/*                          Detected ASM Supports Java : Up to Java 25 (class file version 69.0)                                                                                                                            */
/****************************************************************************************************************************************************************************************************************************/
/*                                        Service Name : Knot/Fabric                                                                                                                                                        */
/*                                 Mixin Service Class : net.fabricmc.loader.impl.launch.knot.MixinServiceKnot                                                                                                              */
/*                       Global Property Service Class : net.fabricmc.loader.impl.launch.knot.FabricGlobalPropertyService                                                                                                   */
/*                                 Logger Adapter Type : Fabric Mixin Logger                                                                                                                                                */
/****************************************************************************************************************************************************************************************************************************/
/*                                         mixin.debug : <false>                                                                                                                                                            */
/*                                  mixin.debug.export : - <true>                                                                                                                                                           */
/*                           mixin.debug.export.filter : - - <null>                                                                                                                                                         */
/*                        mixin.debug.export.decompile : - - <true>                                                                                                                                                         */
/*                  mixin.debug.export.decompile.async : - - - <true>                                                                                                                                                       */
/* mixin.debug.export.decompile.mergeGenericSignatures : - - - <true>                                                                                                                                                       */
/*                                  mixin.debug.verify : - <false>                                                                                                                                                          */
/*                                 mixin.debug.verbose : - <true>                                                                                                                                                           */
/*                         mixin.debug.countInjections : - <true>                                                                                                                                                           */
/*                                  mixin.debug.strict : - <false>                                                                                                                                                          */
/*                           mixin.debug.strict.unique : - - <false>                                                                                                                                                        */
/*                          mixin.debug.strict.targets : - - <false>                                                                                                                                                        */
/*                                mixin.debug.profiler : - <false>                                                                                                                                                          */
/*                           mixin.dumpTargetOnFailure : <false>                                                                                                                                                            */
/*                                        mixin.checks : <false>                                                                                                                                                            */
/*                             mixin.checks.interfaces : - <false>                                                                                                                                                          */
/*                      mixin.checks.interfaces.strict : - - <false>                                                                                                                                                        */
/*                             mixin.ignoreConstraints : <false>                                                                                                                                                            */
/*                                       mixin.hotSwap : <false>                                                                                                                                                            */
/*                                       mixin.env.obf : - <false>                                                                                                                                                          */
/*                             mixin.env.disableRefMap : - <false>                                                                                                                                                          */
/*                               mixin.env.remapRefMap : - <false>                                                                                                                                                          */
/*                       mixin.env.refMapRemappingFile : - <>                                                                                                                                                               */
/*                        mixin.env.refMapRemappingEnv : - <searge>                                                                                                                                                         */
/*                      mixin.env.allowPermissiveMatch : - <false>                                                                                                                                                          */
/*                            mixin.env.ignoreRequired : - <false>                                                                                                                                                          */
/*                               mixin.env.compatLevel : - <false>                                                                                                                                                          */
/*                          mixin.env.shiftByViolation : - <warn>                                                                                                                                                           */
/*                      mixin.initialiserInjectionMode : <default>                                                                                                                                                          */
/*               mixin.tunable.classReaderExpandFrames : - <false>                                                                                                                                                          */
/****************************************************************************************************************************************************************************************************************************/
/*                                    UNSAFE_INJECTION : available=<true> enabled=<true>                                                                                                                                    */
/*                       INJECTORS_IN_INTERFACE_MIXINS : available=<true> enabled=<true>                                                                                                                                    */
/****************************************************************************************************************************************************************************************************************************/
/*                                       Detected Side : SERVER                                                                                                                                                             */
/****************************************************************************************************************************************************************************************************************************/
[16:17:44] [main/INFO]: Attempting to load Fernflower decompiler (Threaded mode)
[16:17:44] [main/INFO]: Fernflower could not be loaded, exported classes will not be decompiled. NoClassDefFoundError: org/jetbrains/java/decompiler/main/extern/IResultSaver
[16:17:44] [main/WARN]: Compatibility level JAVA_16 specified by fabric-api-lookup-api-v1.mixins.json is higher than the maximum level supported by this version of mixin (JAVA_13).
[16:17:44] [main/INFO]: Compatibility level set to JAVA_16
[16:17:44] [main/WARN]: Compatibility level JAVA_17 specified by fabric-block-api-v1.mixins.json is higher than the maximum level supported by this version of mixin (JAVA_13).
[16:17:44] [main/INFO]: Compatibility level set to JAVA_17
[16:17:44] [main/WARN]: Compatibility level JAVA_16 specified by fabric-command-api-v1.mixins.json is higher than the maximum level supported by this version of mixin (JAVA_13).
[16:17:44] [main/WARN]: Compatibility level JAVA_16 specified by fabric-containers-v0.mixins.json is higher than the maximum level supported by this version of mixin (JAVA_13).
[16:17:44] [main/WARN]: Compatibility level JAVA_16 specified by fabric-containers-v0.accurate.mixins.json is higher than the maximum level supported by this version of mixin (JAVA_13).
[16:17:44] [main/WARN]: Compatibility level JAVA_16 specified by fabric-content-registries-v0.mixins.json is higher than the maximum level supported by this version of mixin (JAVA_13).
[16:17:44] [main/WARN]: Compatibility level JAVA_16 specified by fabric-crash-report-info-v1.mixins.json is higher than the maximum level supported by this version of mixin (JAVA_13).
[16:17:44] [main/WARN]: Compatibility level JAVA_16 specified by fabric-data-generation-api-v1.mixins.json is higher than the maximum level supported by this version of mixin (JAVA_13).
[16:17:44] [main/WARN]: Compatibility level JAVA_16 specified by fabric-dimensions-v1.mixins.json is higher than the maximum level supported by this version of mixin (JAVA_13).
[16:17:44] [main/WARN]: Compatibility level JAVA_16 specified by fabric-entity-events-v1.mixins.json is higher than the maximum level supported by this version of mixin (JAVA_13).
[16:17:44] [main/WARN]: Compatibility level JAVA_16 specified by fabric-events-interaction-v0.mixins.json is higher than the maximum level supported by this version of mixin (JAVA_13).
[16:17:44] [main/WARN]: Compatibility level JAVA_16 specified by fabric-game-rule-api-v1.mixins.json is higher than the maximum level supported by this version of mixin (JAVA_13).
[16:17:44] [main/WARN]: Compatibility level JAVA_16 specified by fabric-item-api-v1.mixins.json is higher than the maximum level supported by this version of mixin (JAVA_13).
[16:17:44] [main/WARN]: Compatibility level JAVA_16 specified by fabric-item-groups-v0.mixins.json is higher than the maximum level supported by this version of mixin (JAVA_13).
[16:17:44] [main/WARN]: Compatibility level JAVA_16 specified by fabric-lifecycle-events-v1.mixins.json is higher than the maximum level supported by this version of mixin (JAVA_13).
[16:17:44] [main/WARN]: Compatibility level JAVA_16 specified by fabric-loot-tables-v1.mixins.json is higher than the maximum level supported by this version of mixin (JAVA_13).
[16:17:44] [main/WARN]: Compatibility level JAVA_16 specified by fabric-mining-level-api-v1.mixins.json is higher than the maximum level supported by this version of mixin (JAVA_13).
[16:17:44] [main/WARN]: Compatibility level JAVA_16 specified by fabric-networking-api-v1.mixins.json is higher than the maximum level supported by this version of mixin (JAVA_13).
[16:17:44] [main/WARN]: Compatibility level JAVA_16 specified by fabric-object-builder-v1.mixins.json is higher than the maximum level supported by this version of mixin (JAVA_13).
[16:17:44] [main/WARN]: Compatibility level JAVA_16 specified by fabric-particles-v1.mixins.json is higher than the maximum level supported by this version of mixin (JAVA_13).
[16:17:44] [main/WARN]: Compatibility level JAVA_16 specified by fabric-registry-sync-v0.mixins.json is higher than the maximum level supported by this version of mixin (JAVA_13).
[16:17:44] [main/WARN]: Compatibility level JAVA_16 specified by fabric-rendering-data-attachment-v1.mixins.json is higher than the maximum level supported by this version of mixin (JAVA_13).
[16:17:44] [main/WARN]: Compatibility level JAVA_16 specified by fabric-rendering-fluids-v1.mixins.json is higher than the maximum level supported by this version of mixin (JAVA_13).
[16:17:44] [main/WARN]: Compatibility level JAVA_16 specified by fabric-resource-conditions-api-v1.mixins.json is higher than the maximum level supported by this version of mixin (JAVA_13).
[16:17:44] [main/WARN]: Compatibility level JAVA_16 specified by fabric-resource-loader-v0.mixins.json is higher than the maximum level supported by this version of mixin (JAVA_13).
[16:17:44] [main/WARN]: Compatibility level JAVA_16 specified by fabric-screen-handler-api-v1.mixins.json is higher than the maximum level supported by this version of mixin (JAVA_13).
[16:17:44] [main/WARN]: Compatibility level JAVA_16 specified by fabric-transfer-api-v1.mixins.json is higher than the maximum level supported by this version of mixin (JAVA_13).
[16:17:44] [main/INFO]: Preparing mixins for MixinEnvironment[DEFAULT]
[16:17:44] [main/INFO]: Selecting config fabric-api-lookup-api-v1.mixins.json
[16:17:44] [main/INFO]: Selecting config fabric-biome-api-v1.mixins.json
[16:17:44] [main/INFO]: Selecting config fabric-block-api-v1.mixins.json
[16:17:44] [main/INFO]: Selecting config fabric-command-api-v1.mixins.json
[16:17:44] [main/INFO]: Selecting config fabric-containers-v0.mixins.json
[16:17:44] [main/INFO]: Selecting config fabric-containers-v0.accurate.mixins.json
[16:17:44] [main/INFO]: Selecting config fabric-content-registries-v0.mixins.json
[16:17:44] [main/INFO]: Selecting config fabric-crash-report-info-v1.mixins.json
[16:17:44] [main/INFO]: Selecting config fabric-data-generation-api-v1.mixins.json
[16:17:44] [main/INFO]: Selecting config fabric-dimensions-v1.mixins.json
[16:17:44] [main/INFO]: Selecting config fabric-entity-events-v1.mixins.json
[16:17:44] [main/INFO]: Selecting config fabric-events-interaction-v0.mixins.json
[16:17:44] [main/INFO]: Selecting config fabric-game-rule-api-v1.mixins.json
[16:17:44] [main/INFO]: Selecting config fabric-item-api-v1.mixins.json
[16:17:44] [main/INFO]: Selecting config fabric-item-groups-v0.mixins.json
[16:17:44] [main/INFO]: Selecting config fabric-lifecycle-events-v1.mixins.json
[16:17:44] [main/INFO]: Selecting config fabric-loot-api-v2.mixins.json
[16:17:44] [main/INFO]: Selecting config fabric-loot-tables-v1.mixins.json
[16:17:44] [main/INFO]: Selecting config fabric-mining-level-api-v1.mixins.json
[16:17:44] [main/INFO]: Selecting config fabric-networking-api-v1.mixins.json
[16:17:44] [main/INFO]: Selecting config fabric-object-builder-v1.mixins.json
[16:17:44] [main/INFO]: Selecting config fabric-particles-v1.mixins.json
[16:17:44] [main/INFO]: Selecting config fabric-registry-sync-v0.mixins.json
[16:17:44] [main/INFO]: Selecting config fabric-rendering-data-attachment-v1.mixins.json
[16:17:44] [main/INFO]: Selecting config fabric-rendering-fluids-v1.mixins.json
[16:17:44] [main/INFO]: Selecting config fabric-resource-conditions-api-v1.mixins.json
[16:17:44] [main/INFO]: Selecting config fabric-resource-loader-v0.mixins.json
[16:17:44] [main/INFO]: Selecting config fabric-screen-handler-api-v1.mixins.json
[16:17:44] [main/INFO]: Selecting config fabric-transfer-api-v1.mixins.json
[16:17:44] [main/INFO]: Selecting config mixinextras.init.mixins.json
[16:17:44] [main/INFO]: Selecting config qizhangverdict.mixins.json
[16:17:44] [main/INFO]: Preparing fabric-api-lookup-api-v1.mixins.json (2)
[16:17:44] [main/INFO]: Preparing fabric-biome-api-v1.mixins.json (6)
[16:17:44] [main/INFO]: Preparing fabric-block-api-v1.mixins.json (2)
[16:17:44] [main/INFO]: Preparing fabric-command-api-v1.mixins.json (6)
[16:17:44] [main/INFO]: Preparing fabric-containers-v0.mixins.json (1)
[16:17:44] [main/INFO]: Preparing fabric-containers-v0.accurate.mixins.json (1)
[16:17:44] [main/INFO]: Preparing fabric-content-registries-v0.mixins.json (12)
[16:17:44] [main/INFO]: Preparing fabric-crash-report-info-v1.mixins.json (1)
[16:17:44] [main/INFO]: Preparing fabric-data-generation-api-v1.mixins.json (6)
[16:17:44] [main/INFO]: Preparing fabric-dimensions-v1.mixins.json (4)
[16:17:44] [main/INFO]: Preparing fabric-entity-events-v1.mixins.json (10)
[16:17:44] [main/INFO]: Preparing fabric-events-interaction-v0.mixins.json (5)
[16:17:44] [main/INFO]: Preparing fabric-game-rule-api-v1.mixins.json (9)
[16:17:44] [main/INFO]: Preparing fabric-item-api-v1.mixins.json (10)
[16:17:44] [main/INFO]: Preparing fabric-item-groups-v0.mixins.json (3)
[16:17:44] [main/INFO]: Preparing fabric-lifecycle-events-v1.mixins.json (14)
[16:17:44] [main/INFO]: Preparing fabric-loot-api-v2.mixins.json (5)
[16:17:44] [main/INFO]: Preparing fabric-loot-tables-v1.mixins.json (2)
[16:17:44] [main/INFO]: Preparing fabric-mining-level-api-v1.mixins.json (3)
[16:17:44] [main/INFO]: Preparing fabric-networking-api-v1.mixins.json (14)
[16:17:44] [main/INFO]: Preparing fabric-object-builder-v1.mixins.json (14)
[16:17:44] [main/INFO]: Preparing fabric-particles-v1.mixins.json (3)
[16:17:44] [main/INFO]: Preparing fabric-registry-sync-v0.mixins.json (18)
[16:17:44] [main/INFO]: Preparing fabric-rendering-data-attachment-v1.mixins.json (4)
[16:17:44] [main/INFO]: Preparing fabric-rendering-fluids-v1.mixins.json (1)
[16:17:44] [main/INFO]: Preparing fabric-resource-conditions-api-v1.mixins.json (4)
[16:17:44] [main/INFO]: Preparing fabric-resource-loader-v0.mixins.json (22)
[16:17:44] [main/INFO]: Preparing fabric-screen-handler-api-v1.mixins.json (1)
[16:17:44] [main/INFO]: Preparing fabric-transfer-api-v1.mixins.json (10)
[16:17:44] [main/INFO]: Preparing mixinextras.init.mixins.json (0)
[16:17:44] [main/INFO]: Preparing qizhangverdict.mixins.json (1)
[16:17:44] [main/INFO]: Prepared 150 mixins in 0.335 sec (2.2ms avg) (0ms load, 0ms transform, 0ms plugin)
[16:17:44] [main/INFO]: Initializing MixinExtras via com.llamalad7.mixinextras.service.MixinExtrasServiceImpl(version=0.4.1).
[16:17:44] [main/INFO]: Mixing server.MainMixin from fabric-data-generation-api-v1.mixins.json into net.minecraft.server.Main
[16:17:44] [main/WARN]: fabric-data-generation-api-v1.mixins.json:server.MainMixin from mod fabric-data-generation-api-v1: Class version 61 required is higher than the class version supported by the current version of Mixin (JAVA_16 supports class version 60)
[16:17:44] [main/INFO]: Mixing ServerBugfixMixin from fabric-dimensions-v1.mixins.json into net.minecraft.server.Main
[16:17:44] [main/WARN]: fabric-dimensions-v1.mixins.json:ServerBugfixMixin from mod fabric-dimensions-v1: Class version 61 required is higher than the class version supported by the current version of Mixin (JAVA_16 supports class version 60)
[16:17:44] [main/INFO]: Mixing MainMixin from fabric-resource-loader-v0.mixins.json into net.minecraft.server.Main
[16:17:44] [main/WARN]: fabric-resource-loader-v0.mixins.json:MainMixin from mod fabric-resource-loader-v0: Class version 61 required is higher than the class version supported by the current version of Mixin (JAVA_16 supports class version 60)
[16:17:44] [main/INFO]: Mixing DynamicRegistryManagerAccessor from fabric-data-generation-api-v1.mixins.json into net.minecraft.class_5455
[16:17:44] [main/INFO]: Renaming @Accessor method getInfos()Ljava/util/Map; to getInfos$fabric-data-generation-api-v1_$md$b22d9b$0 in fabric-data-generation-api-v1.mixins.json:DynamicRegistryManagerAccessor from mod fabric-data-generation-api-v1
[16:17:44] [main/INFO]: Mixing MixinDynamicRegistryManager from fabric-registry-sync-v0.mixins.json into net.minecraft.class_5455
[16:17:44] [main/WARN]: fabric-registry-sync-v0.mixins.json:MixinDynamicRegistryManager from mod fabric-registry-sync-v0: Class version 61 required is higher than the class version supported by the current version of Mixin (JAVA_16 supports class version 60)
[16:17:44] [main/INFO]: Mixing MixinCrashReport from fabric-crash-report-info-v1.mixins.json into net.minecraft.class_6396
[16:17:44] [main/WARN]: fabric-crash-report-info-v1.mixins.json:MixinCrashReport from mod fabric-crash-report-info-v1: Class version 61 required is higher than the class version supported by the current version of Mixin (JAVA_16 supports class version 60)
[16:17:44] [main/INFO]: Renaming synthetic method lambda$appendMods$1(Lnet/fabricmc/loader/api/ModContainer;)Ljava/lang/String; to mdb22d9b$fabric-crash-report-info-v1$lambda$appendMods$1$0 in fabric-crash-report-info-v1.mixins.json:MixinCrashReport from mod fabric-crash-report-info-v1
[16:17:44] [main/INFO]: Renaming synthetic method lambda$fillSystemDetails$0()Ljava/lang/String; to mdb22d9b$fabric-crash-report-info-v1$lambda$fillSystemDetails$0$1 in fabric-crash-report-info-v1.mixins.json:MixinCrashReport from mod fabric-crash-report-info-v1
[16:17:46] [main/INFO]: Mixing MixinBootstrap from fabric-registry-sync-v0.mixins.json into net.minecraft.class_2966
[16:17:46] [main/INFO]: Renaming synthetic method lambda$initialize$1(Lnet/minecraft/class_3611;)Ljava/util/Collection; to mdb22d9b$fabric-registry-sync-v0$lambda$initialize$1$0 in fabric-registry-sync-v0.mixins.json:MixinBootstrap from mod fabric-registry-sync-v0
[16:17:46] [main/INFO]: Renaming synthetic method lambda$initialize$0(Lnet/minecraft/class_2248;)Ljava/util/Collection; to mdb22d9b$fabric-registry-sync-v0$lambda$initialize$0$1 in fabric-registry-sync-v0.mixins.json:MixinBootstrap from mod fabric-registry-sync-v0
[16:17:46] [main/INFO]: Mixing AccessorRegistry from fabric-registry-sync-v0.mixins.json into net.minecraft.class_2378
[16:17:46] [main/INFO]: Renaming @Accessor method getROOT()Lnet/minecraft/class_2385; to getROOT$fabric-registry-sync-v0_$md$b22d9b$0 in fabric-registry-sync-v0.mixins.json:AccessorRegistry from mod fabric-registry-sync-v0
[16:17:46] [main/INFO]: Mixing MixinRegistry from fabric-registry-sync-v0.mixins.json into net.minecraft.class_2378
[16:17:46] [main/INFO]: Mixing MixinIdRegistry from fabric-registry-sync-v0.mixins.json into net.minecraft.class_2370
[16:17:46] [main/INFO]: Renaming synthetic method lambda$new$5([Lnet/fabricmc/fabric/api/event/registry/RegistryIdRemapCallback;)Lnet/fabricmc/fabric/api/event/registry/RegistryIdRemapCallback; to mdb22d9b$fabric-registry-sync-v0$lambda$new$5$0 in fabric-registry-sync-v0.mixins.json:MixinIdRegistry from mod fabric-registry-sync-v0
[16:17:46] [main/INFO]: Renaming synthetic method lambda$new$4([Lnet/fabricmc/fabric/api/event/registry/RegistryIdRemapCallback;Lnet/fabricmc/fabric/api/event/registry/RegistryIdRemapCallback$RemapState;)V to mdb22d9b$fabric-registry-sync-v0$lambda$new$4$1 in fabric-registry-sync-v0.mixins.json:MixinIdRegistry from mod fabric-registry-sync-v0
[16:17:46] [main/INFO]: Renaming synthetic method lambda$new$3([Lnet/fabricmc/fabric/api/event/registry/RegistryEntryRemovedCallback;)Lnet/fabricmc/fabric/api/event/registry/RegistryEntryRemovedCallback; to mdb22d9b$fabric-registry-sync-v0$lambda$new$3$2 in fabric-registry-sync-v0.mixins.json:MixinIdRegistry from mod fabric-registry-sync-v0
[16:17:46] [main/INFO]: Renaming synthetic method lambda$new$2([Lnet/fabricmc/fabric/api/event/registry/RegistryEntryRemovedCallback;ILnet/minecraft/class_2960;Ljava/lang/Object;)V to mdb22d9b$fabric-registry-sync-v0$lambda$new$2$3 in fabric-registry-sync-v0.mixins.json:MixinIdRegistry from mod fabric-registry-sync-v0
[16:17:46] [main/INFO]: Renaming synthetic method lambda$new$1([Lnet/fabricmc/fabric/api/event/registry/RegistryEntryAddedCallback;)Lnet/fabricmc/fabric/api/event/registry/RegistryEntryAddedCallback; to mdb22d9b$fabric-registry-sync-v0$lambda$new$1$4 in fabric-registry-sync-v0.mixins.json:MixinIdRegistry from mod fabric-registry-sync-v0
[16:17:46] [main/INFO]: Renaming synthetic method lambda$new$0([Lnet/fabricmc/fabric/api/event/registry/RegistryEntryAddedCallback;ILnet/minecraft/class_2960;Ljava/lang/Object;)V to mdb22d9b$fabric-registry-sync-v0$lambda$new$0$5 in fabric-registry-sync-v0.mixins.json:MixinIdRegistry from mod fabric-registry-sync-v0
[16:17:46] [main/INFO]: Mixing MixinSimpleRegistry from fabric-registry-sync-v0.mixins.json into net.minecraft.class_2370
[16:17:46] [main/INFO]: Mixing FluidMixin from fabric-transfer-api-v1.mixins.json into net.minecraft.class_3611
[16:17:46] [main/WARN]: fabric-transfer-api-v1.mixins.json:FluidMixin from mod fabric-transfer-api-v1: Class version 61 required is higher than the class version supported by the current version of Mixin (JAVA_16 supports class version 60)
[16:17:46] [main/INFO]: Mixing BlockMixin from fabric-block-api-v1.mixins.json into net.minecraft.class_2248
[16:17:46] [main/INFO]: Mixing AbstractBlockAccessor from fabric-object-builder-v1.mixins.json into net.minecraft.class_4970
[16:17:46] [main/WARN]: fabric-object-builder-v1.mixins.json:AbstractBlockAccessor from mod fabric-object-builder-api-v1: Class version 61 required is higher than the class version supported by the current version of Mixin (JAVA_16 supports class version 60)
[16:17:46] [main/INFO]: Mixing WorldMixin from fabric-lifecycle-events-v1.mixins.json into net.minecraft.class_1937
[16:17:46] [main/WARN]: fabric-lifecycle-events-v1.mixins.json:WorldMixin from mod fabric-lifecycle-events-v1: Class version 61 required is higher than the class version supported by the current version of Mixin (JAVA_16 supports class version 60)
[16:17:46] [main/INFO]: Mixing MixinViewableWorld from fabric-rendering-data-attachment-v1.mixins.json into net.minecraft.class_4538
[16:17:46] [main/WARN]: fabric-rendering-data-attachment-v1.mixins.json:MixinViewableWorld from mod fabric-rendering-data-attachment-v1: Class version 61 required is higher than the class version supported by the current version of Mixin (JAVA_16 supports class version 60)
[16:17:46] [main/INFO]: Mixing ServerWorldMixin from fabric-api-lookup-api-v1.mixins.json into net.minecraft.class_3218
[16:17:46] [main/WARN]: fabric-api-lookup-api-v1.mixins.json:ServerWorldMixin from mod fabric-api-lookup-api-v1: Class version 61 required is higher than the class version supported by the current version of Mixin (JAVA_16 supports class version 60)
[16:17:46] [main/INFO]: Renaming synthetic method lambda$fabric_invalidateCache$5(Ljava/util/Map$Entry;)Z to mdb22d9b$fabric-api-lookup-api-v1$lambda$fabric_invalidateCache$5$0 in fabric-api-lookup-api-v1.mixins.json:ServerWorldMixin from mod fabric-api-lookup-api-v1
[16:17:46] [main/INFO]: Renaming synthetic method lambda$fabric_invalidateCache$4(Ljava/lang/ref/WeakReference;)Z to mdb22d9b$fabric-api-lookup-api-v1$lambda$fabric_invalidateCache$4$1 in fabric-api-lookup-api-v1.mixins.json:ServerWorldMixin from mod fabric-api-lookup-api-v1
[16:17:46] [main/INFO]: Renaming synthetic method lambda$fabric_invalidateCache$3(Ljava/lang/ref/WeakReference;)V to mdb22d9b$fabric-api-lookup-api-v1$lambda$fabric_invalidateCache$3$2 in fabric-api-lookup-api-v1.mixins.json:ServerWorldMixin from mod fabric-api-lookup-api-v1
[16:17:46] [main/INFO]: Renaming synthetic method lambda$fabric_invalidateCache$2(Ljava/lang/ref/WeakReference;)Z to mdb22d9b$fabric-api-lookup-api-v1$lambda$fabric_invalidateCache$2$3 in fabric-api-lookup-api-v1.mixins.json:ServerWorldMixin from mod fabric-api-lookup-api-v1
[16:17:46] [main/INFO]: Renaming synthetic method lambda$fabric_registerCache$1(Ljava/lang/ref/WeakReference;)Z to mdb22d9b$fabric-api-lookup-api-v1$lambda$fabric_registerCache$1$4 in fabric-api-lookup-api-v1.mixins.json:ServerWorldMixin from mod fabric-api-lookup-api-v1
[16:17:46] [main/INFO]: Renaming synthetic method lambda$fabric_registerCache$0(Lnet/minecraft/class_2338;)Ljava/util/List; to mdb22d9b$fabric-api-lookup-api-v1$lambda$fabric_registerCache$0$5 in fabric-api-lookup-api-v1.mixins.json:ServerWorldMixin from mod fabric-api-lookup-api-v1
[16:17:46] [main/INFO]: Mixing ServerWorldMixin from fabric-lifecycle-events-v1.mixins.json into net.minecraft.class_3218
[16:17:46] [main/INFO]: Mixing EntityMixin from fabric-dimensions-v1.mixins.json into net.minecraft.class_1297
[16:17:46] [main/INFO]: Mixing EntityMixin from fabric-entity-events-v1.mixins.json into net.minecraft.class_1297
[16:17:46] [main/WARN]: fabric-entity-events-v1.mixins.json:EntityMixin from mod fabric-entity-events-v1: Class version 61 required is higher than the class version supported by the current version of Mixin (JAVA_16 supports class version 60)
[16:17:46] [main/INFO]: Mixing elytra.PlayerEntityMixin from fabric-entity-events-v1.mixins.json into net.minecraft.class_1657
[16:17:46] [main/INFO]: Mixing PlayerEntityMixin from fabric-entity-events-v1.mixins.json into net.minecraft.class_1657
[16:17:46] [main/INFO]: Mixing elytra.LivingEntityMixin from fabric-entity-events-v1.mixins.json into net.minecraft.class_1309
[16:17:46] [main/INFO]: Mixing LivingEntityMixin from fabric-entity-events-v1.mixins.json into net.minecraft.class_1309
[16:17:46] [main/INFO]: Mixing LivingEntityMixin from fabric-item-api-v1.mixins.json into net.minecraft.class_1309
[16:17:46] [main/WARN]: fabric-item-api-v1.mixins.json:LivingEntityMixin from mod fabric-item-api-v1: Class version 61 required is higher than the class version supported by the current version of Mixin (JAVA_16 supports class version 60)
[16:17:46] [main/INFO]: Mixing ItemMixin from fabric-item-api-v1.mixins.json into net.minecraft.class_1792
[16:17:46] [main/INFO]: Mixing ItemMixin from fabric-transfer-api-v1.mixins.json into net.minecraft.class_1792
[16:17:46] [main/INFO]: Mixing BlockEntityTypeAccessor from fabric-api-lookup-api-v1.mixins.json into net.minecraft.class_2591
[16:17:46] [main/INFO]: Mixing VillagerTypeAccessor from fabric-object-builder-v1.mixins.json into net.minecraft.class_3854
[16:17:46] [main/INFO]: Renaming @Accessor method getBiomeTypeToIdMap()Ljava/util/Map; to getBiomeTypeToIdMap$fabric-object-builder-api-v1_$md$b22d9b$0 in fabric-object-builder-v1.mixins.json:VillagerTypeAccessor from mod fabric-object-builder-api-v1
[16:17:46] [main/INFO]: Renaming @Invoker method callRegister(Ljava/lang/String;)Lnet/minecraft/class_3854; to callRegister$fabric-object-builder-api-v1_$md$b22d9b$1 in fabric-object-builder-v1.mixins.json:VillagerTypeAccessor from mod fabric-object-builder-api-v1
[16:17:46] [main/INFO]: Mixing VillagerProfessionAccessor from fabric-object-builder-v1.mixins.json into net.minecraft.class_3852
[16:17:46] [main/INFO]: Renaming @Invoker method create(Ljava/lang/String;Lnet/minecraft/class_4158;Lcom/google/common/collect/ImmutableSet;Lcom/google/common/collect/ImmutableSet;Lnet/minecraft/class_3414;)Lnet/minecraft/class_3852; to create$fabric-object-builder-api-v1_$md$b22d9b$0 in fabric-object-builder-v1.mixins.json:VillagerProfessionAccessor from mod fabric-object-builder-api-v1
[16:17:46] [main/INFO]: Mixing PointOfInterestTypeAccessor from fabric-object-builder-v1.mixins.json into net.minecraft.class_4158
[16:17:46] [main/INFO]: Renaming @Invoker method callCreate(Ljava/lang/String;Ljava/util/Set;ILjava/util/function/Predicate;I)Lnet/minecraft/class_4158; to callCreate$fabric-object-builder-api-v1_$md$b22d9b$0 in fabric-object-builder-v1.mixins.json:PointOfInterestTypeAccessor from mod fabric-object-builder-api-v1
[16:17:46] [main/INFO]: Renaming @Invoker method callCreate(Ljava/lang/String;Ljava/util/Set;II)Lnet/minecraft/class_4158; to callCreate$fabric-object-builder-api-v1_$md$b22d9b$1 in fabric-object-builder-v1.mixins.json:PointOfInterestTypeAccessor from mod fabric-object-builder-api-v1
[16:17:46] [main/INFO]: Renaming @Invoker method callSetup(Lnet/minecraft/class_4158;)Lnet/minecraft/class_4158; to callSetup$fabric-object-builder-api-v1_$md$b22d9b$2 in fabric-object-builder-v1.mixins.json:PointOfInterestTypeAccessor from mod fabric-object-builder-api-v1
[16:17:46] [main/INFO]: Mixing MixinBiomeSource from fabric-biome-api-v1.mixins.json into net.minecraft.class_1966
[16:17:46] [main/WARN]: fabric-biome-api-v1.mixins.json:MixinBiomeSource from mod fabric-biome-api-v1: Class version 61 required is higher than the class version supported by the current version of Mixin (JAVA_16 supports class version 60)
[16:17:46] [main/INFO]: Mixing MixinMultiNoiseBiomeSource from fabric-biome-api-v1.mixins.json into net.minecraft.class_4766
[16:17:46] [main/INFO]: Mixing MixinTheEndBiomeSource from fabric-biome-api-v1.mixins.json into net.minecraft.class_2169
[16:17:46] [main/INFO]: Renaming synthetic method lambda$init$0(Lnet/minecraft/class_2378;J)Lnet/fabricmc/fabric/impl/biome/TheEndBiomeData$Overrides; to mdb22d9b$fabric-biome-api-v1$lambda$init$0$0 in fabric-biome-api-v1.mixins.json:MixinTheEndBiomeSource from mod fabric-biome-api-v1
[16:17:47] [main/INFO]: Mixing BedBlockMixin from fabric-entity-events-v1.mixins.json into net.minecraft.class_2244
[16:17:47] [main/INFO]: Mixing DetectorRailBlockMixin from fabric-object-builder-v1.mixins.json into net.minecraft.class_2313
[16:17:47] [main/INFO]: Renaming synthetic method lambda$getCustomComparatorOutput$0(Lnet/minecraft/class_1297;)Z to mdb22d9b$fabric-object-builder-api-v1$lambda$getCustomComparatorOutput$0$0 in fabric-object-builder-v1.mixins.json:DetectorRailBlockMixin from mod fabric-object-builder-api-v1
[16:17:47] [main/INFO]: Mixing MixinFireBlock from fabric-content-registries-v0.mixins.json into net.minecraft.class_2358
[16:17:47] [main/WARN]: fabric-content-registries-v0.mixins.json:MixinFireBlock from mod fabric-content-registries-v0: Class version 61 required is higher than the class version supported by the current version of Mixin (JAVA_16 supports class version 60)
[16:17:47] [main/INFO]: Mixing DropperBlockMixin from fabric-transfer-api-v1.mixins.json into net.minecraft.class_2325
[16:17:47] [main/INFO]: Renaming synthetic method lambda$hookDispense$0(Lnet/fabricmc/fabric/api/transfer/v1/item/ItemVariant;)Z to mdb22d9b$fabric-transfer-api-v1$lambda$hookDispense$0$0 in fabric-transfer-api-v1.mixins.json:DropperBlockMixin from mod fabric-transfer-api-v1
[16:17:47] [main/INFO]: Mixing OxidizableMixin from fabric-content-registries-v0.mixins.json into net.minecraft.class_5955
[16:17:47] [main/INFO]: Mixing MixinIdList from fabric-registry-sync-v0.mixins.json into net.minecraft.class_2361
[16:17:47] [main/INFO]: Renaming synthetic method lambda$fabric_remapIds$0(Lit/unimi/dsi/fastutil/ints/Int2IntMap;Ljava/lang/Object;Ljava/lang/Integer;)Ljava/lang/Integer; to mdb22d9b$fabric-registry-sync-v0$lambda$fabric_remapIds$0$0 in fabric-registry-sync-v0.mixins.json:MixinIdList from mod fabric-registry-sync-v0
[16:17:47] [main/WARN]: @Shadow target fabric-registry-sync-v0.mixins.json:MixinIdList from mod fabric-registry-sync-v0::field_11100 is final but shadow is not decorated with @Final
[16:17:47] [main/WARN]: @Shadow target fabric-registry-sync-v0.mixins.json:MixinIdList from mod fabric-registry-sync-v0::field_11098 is final but shadow is not decorated with @Final
[16:17:47] [main/INFO]: Mixing MaterialBuilderAccessor from fabric-object-builder-v1.mixins.json into net.minecraft.class_3614$class_3615
[16:17:47] [main/INFO]: Mixing AbstractBlockSettingsAccessor from fabric-object-builder-v1.mixins.json into net.minecraft.class_4970$class_2251
[16:17:47] [main/INFO]: Mixing BlockStateMixin from fabric-block-api-v1.mixins.json into net.minecraft.class_2680
[16:17:47] [main/INFO]: Mixing MixinBlockEntity from fabric-rendering-data-attachment-v1.mixins.json into net.minecraft.class_2586
[16:17:47] [main/INFO]: Mixing LootableContainerBlockEntityMixin from fabric-transfer-api-v1.mixins.json into net.minecraft.class_2621
[16:17:47] [main/INFO]: Mixing MixinAbstractFurnaceBlockEntity from fabric-content-registries-v0.mixins.json into net.minecraft.class_2609
[16:17:47] [main/INFO]: Mixing AbstractFurnaceBlockEntityMixin from fabric-item-api-v1.mixins.json into net.minecraft.class_2609
[16:17:47] [main/INFO]: Mixing AbstractFurnaceBlockEntityMixin from fabric-transfer-api-v1.mixins.json into net.minecraft.class_2609
[16:17:47] [main/INFO]: Mixing BrewingStandBlockEntityMixin from fabric-item-api-v1.mixins.json into net.minecraft.class_2589
[16:17:47] [main/INFO]: Mixing ItemStackMixin from fabric-item-api-v1.mixins.json into net.minecraft.class_1799
[16:17:47] [main/INFO]: Mixing HopperBlockEntityMixin from fabric-transfer-api-v1.mixins.json into net.minecraft.class_2614
[16:17:47] [main/INFO]: Renaming synthetic method lambda$hookExtract$1(Lnet/fabricmc/fabric/api/transfer/v1/item/ItemVariant;)Z to mdb22d9b$fabric-transfer-api-v1$lambda$hookExtract$1$0 in fabric-transfer-api-v1.mixins.json:HopperBlockEntityMixin from mod fabric-transfer-api-v1
[16:17:47] [main/INFO]: Renaming synthetic method lambda$hookInsert$0(Lnet/fabricmc/fabric/api/transfer/v1/item/ItemVariant;)Z to mdb22d9b$fabric-transfer-api-v1$lambda$hookInsert$0$1 in fabric-transfer-api-v1.mixins.json:HopperBlockEntityMixin from mod fabric-transfer-api-v1
[16:17:48] [main/INFO]: Mixing MixinStructuresToConfiguredStructuresFix from fabric-registry-sync-v0.mixins.json into net.minecraft.class_7046
[16:17:49] [main/INFO]: Mixing ServerPlayerEntityAccessor from fabric-containers-v0.mixins.json into net.minecraft.class_3222
[16:17:49] [main/WARN]: fabric-containers-v0.mixins.json:ServerPlayerEntityAccessor from mod fabric-containers-v0: Class version 61 required is higher than the class version supported by the current version of Mixin (JAVA_16 supports class version 60)
[16:17:49] [main/INFO]: Mixing MixinServerPlayerEntity from fabric-containers-v0.accurate.mixins.json into net.minecraft.class_3222
[16:17:49] [main/WARN]: fabric-containers-v0.accurate.mixins.json:MixinServerPlayerEntity from mod fabric-containers-v0: Class version 61 required is higher than the class version supported by the current version of Mixin (JAVA_16 supports class version 60)
[16:17:49] [main/INFO]: Mixing EntityMixin from fabric-dimensions-v1.mixins.json into net.minecraft.class_3222
[16:17:49] [main/INFO]: Mixing ServerPlayerEntityMixin from fabric-dimensions-v1.mixins.json into net.minecraft.class_3222
[16:17:49] [main/INFO]: Mixing ServerPlayerEntityMixin from fabric-entity-events-v1.mixins.json into net.minecraft.class_3222
[16:17:49] [main/INFO]: Mixing MixinServerPlayerEntity from fabric-events-interaction-v0.mixins.json into net.minecraft.class_3222
[16:17:49] [main/WARN]: fabric-events-interaction-v0.mixins.json:MixinServerPlayerEntity from mod fabric-events-interaction-v0: Class version 61 required is higher than the class version supported by the current version of Mixin (JAVA_16 supports class version 60)
[16:17:49] [main/INFO]: Mixing ServerPlayerEntityMixin from fabric-screen-handler-api-v1.mixins.json into net.minecraft.class_3222
[16:17:49] [main/WARN]: fabric-screen-handler-api-v1.mixins.json:ServerPlayerEntityMixin from mod fabric-screen-handler-api-v1: Class version 61 required is higher than the class version supported by the current version of Mixin (JAVA_16 supports class version 60)
[16:17:49] [main/INFO]: Mixing VillagerEntityAccessor from fabric-content-registries-v0.mixins.json into net.minecraft.class_1646
[16:17:49] [main/INFO]: Renaming @Accessor method fabric_setItemFoodValues(Ljava/util/Map;)V to fabric_setItemFoodValues$fabric-content-registries-v0_$md$b22d9b$0 in fabric-content-registries-v0.mixins.json:VillagerEntityAccessor from mod fabric-content-registries-v0
[16:17:49] [main/INFO]: Renaming @Accessor method fabric_setGatherableItems(Ljava/util/Set;)V to fabric_setGatherableItems$fabric-content-registries-v0_$md$b22d9b$1 in fabric-content-registries-v0.mixins.json:VillagerEntityAccessor from mod fabric-content-registries-v0
[16:17:49] [main/INFO]: Renaming @Accessor method fabric_getGatherableItems()Ljava/util/Set; to fabric_getGatherableItems$fabric-content-registries-v0_$md$b22d9b$2 in fabric-content-registries-v0.mixins.json:VillagerEntityAccessor from mod fabric-content-registries-v0
[16:17:49] [main/INFO]: Mixing VillagerEntityMixin from fabric-content-registries-v0.mixins.json into net.minecraft.class_1646
[16:17:50] [main/INFO]: Mixing server.WorldChunkMixin from fabric-lifecycle-events-v1.mixins.json into net.minecraft.class_2818
[16:17:50] [main/INFO]: Mixing modification.DynamicRegistryManagerImplMixin from fabric-biome-api-v1.mixins.json into net.minecraft.class_5455$class_6891
[16:17:51] [main/INFO]: Mixing ArmorItemMixin from fabric-item-api-v1.mixins.json into net.minecraft.class_1738
[16:17:51] [main/INFO]: Mixing SwordItemMixin from fabric-mining-level-api-v1.mixins.json into net.minecraft.class_1829
[16:17:51] [main/WARN]: fabric-mining-level-api-v1.mixins.json:SwordItemMixin from mod fabric-mining-level-api-v1: Class version 61 required is higher than the class version supported by the current version of Mixin (JAVA_16 supports class version 60)
[16:17:51] [main/INFO]: Mixing ShovelItemAccessor from fabric-content-registries-v0.mixins.json into net.minecraft.class_1821
[16:17:51] [main/INFO]: Renaming @Accessor method getPathStates()Ljava/util/Map; to getPathStates$fabric-content-registries-v0_$md$b22d9b$0 in fabric-content-registries-v0.mixins.json:ShovelItemAccessor from mod fabric-content-registries-v0
[16:17:51] [main/INFO]: Mixing MiningToolItemMixin from fabric-mining-level-api-v1.mixins.json into net.minecraft.class_1766
[16:17:51] [main/INFO]: Mixing AxeItemAccessor from fabric-content-registries-v0.mixins.json into net.minecraft.class_1743
[16:17:51] [main/INFO]: Renaming @Accessor method getStrippedBlocks()Ljava/util/Map; to getStrippedBlocks$fabric-content-registries-v0_$md$b22d9b$0 in fabric-content-registries-v0.mixins.json:AxeItemAccessor from mod fabric-content-registries-v0
[16:17:51] [main/INFO]: Renaming @Accessor method setStrippedBlocks(Ljava/util/Map;)V to setStrippedBlocks$fabric-content-registries-v0_$md$b22d9b$1 in fabric-content-registries-v0.mixins.json:AxeItemAccessor from mod fabric-content-registries-v0
[16:17:51] [main/INFO]: Mixing HoeItemAccessor from fabric-content-registries-v0.mixins.json into net.minecraft.class_1794
[16:17:51] [main/INFO]: Renaming @Accessor method getTillingActions()Ljava/util/Map; to getTillingActions$fabric-content-registries-v0_$md$b22d9b$0 in fabric-content-registries-v0.mixins.json:HoeItemAccessor from mod fabric-content-registries-v0
[16:17:51] [main/INFO]: Mixing BucketItemAccessor from fabric-transfer-api-v1.mixins.json into net.minecraft.class_1755
[16:17:51] [main/INFO]: Mixing BucketItemMixin from fabric-transfer-api-v1.mixins.json into net.minecraft.class_1755
[16:17:51] [main/INFO]: Mixing ShearsItemMixin from fabric-mining-level-api-v1.mixins.json into net.minecraft.class_1820
[16:17:51] [main/INFO]: Mixing HoneycombItemMixin from fabric-content-registries-v0.mixins.json into net.minecraft.class_5953
[16:17:51] [main/INFO]: Mixing MixinItemGroup from fabric-item-groups-v0.mixins.json into net.minecraft.class_1761
[16:17:51] [main/WARN]: fabric-item-groups-v0.mixins.json:MixinItemGroup from mod fabric-item-groups-v0: Class version 61 required is higher than the class version supported by the current version of Mixin (JAVA_16 supports class version 60)
[16:17:51] [main/WARN]: Write access to @Mutable @Final field field_7921:[Lnet/minecraft/class_1761; in fabric-item-groups-v0.mixins.json:MixinItemGroup from mod fabric-item-groups-v0::fabric_expandArray
[16:17:51] [main/INFO]: Mixing RecipeMixin from fabric-item-api-v1.mixins.json into net.minecraft.class_1860
[16:17:51] [main/INFO]: Mixing AccessorDebugChunkGenerator from fabric-registry-sync-v0.mixins.json into net.minecraft.class_2891
[16:17:51] [main/INFO]: Renaming @Accessor method setBLOCK_STATES(Ljava/util/List;)V to setBLOCK_STATES$fabric-registry-sync-v0_$md$b22d9b$0 in fabric-registry-sync-v0.mixins.json:AccessorDebugChunkGenerator from mod fabric-registry-sync-v0
[16:17:51] [main/INFO]: Renaming @Accessor method setX_SIDE_LENGTH(I)V to setX_SIDE_LENGTH$fabric-registry-sync-v0_$md$b22d9b$1 in fabric-registry-sync-v0.mixins.json:AccessorDebugChunkGenerator from mod fabric-registry-sync-v0
[16:17:51] [main/INFO]: Renaming @Accessor method setZ_SIDE_LENGTH(I)V to setZ_SIDE_LENGTH$fabric-registry-sync-v0_$md$b22d9b$2 in fabric-registry-sync-v0.mixins.json:AccessorDebugChunkGenerator from mod fabric-registry-sync-v0
[16:17:51] [main/INFO]: Mixing DefaultAttributeRegistryAccessor from fabric-object-builder-v1.mixins.json into net.minecraft.class_5135
[16:17:51] [main/INFO]: Renaming @Accessor method getRegistry()Ljava/util/Map; to getRegistry$fabric-object-builder-api-v1_$md$b22d9b$0 in fabric-object-builder-v1.mixins.json:DefaultAttributeRegistryAccessor from mod fabric-object-builder-api-v1
[16:17:51] [main/INFO]: Mixing DefaultAttributeRegistryMixin from fabric-object-builder-v1.mixins.json into net.minecraft.class_5135
[16:17:51] [main/WARN]: Write access to @Mutable @Final field field_23730:Ljava/util/Map; in fabric-object-builder-v1.mixins.json:DefaultAttributeRegistryMixin from mod fabric-object-builder-api-v1::handler$zdi000$fabric-object-builder-api-v1$injectAttributes
[16:17:51] [main/INFO]: Mixing MixinMinecraftServer from fabric-biome-api-v1.mixins.json into net.minecraft.server.MinecraftServer
[16:17:51] [main/INFO]: Renaming synthetic method lambda$addNetherBiomes$0(Lnet/minecraft/class_5363;)V to mdb22d9b$fabric-biome-api-v1$lambda$addNetherBiomes$0$0 in fabric-biome-api-v1.mixins.json:MixinMinecraftServer from mod fabric-biome-api-v1
[16:17:51] [main/INFO]: Mixing modification.MinecraftServerMixin from fabric-biome-api-v1.mixins.json into net.minecraft.server.MinecraftServer
[16:17:51] [main/WARN]: @Shadow target fabric-biome-api-v1.mixins.json:modification.MinecraftServerMixin from mod fabric-biome-api-v1::field_24372 is final but shadow is not decorated with @Final
[16:17:52] [main/INFO]: Mixing MinecraftServerMixin from fabric-lifecycle-events-v1.mixins.json into net.minecraft.server.MinecraftServer
[16:17:52] [main/INFO]: Renaming synthetic method lambda$endResourceReload$0(Ljava/lang/Void;Ljava/lang/Throwable;)Ljava/lang/Void; to mdb22d9b$fabric-lifecycle-events-v1$lambda$endResourceReload$0$1 in fabric-lifecycle-events-v1.mixins.json:MinecraftServerMixin from mod fabric-lifecycle-events-v1
[16:17:52] [main/INFO]: Mixing MixinMinecraftServer from fabric-registry-sync-v0.mixins.json into net.minecraft.server.MinecraftServer
[16:17:52] [main/INFO]: Mixing MinecraftServerMixin from fabric-resource-loader-v0.mixins.json into net.minecraft.server.MinecraftServer
[16:17:52] [main/INFO]: Mixing LootTableBuilderMixin from fabric-loot-api-v2.mixins.json into net.minecraft.class_52$class_53
[16:17:52] [main/WARN]: fabric-loot-api-v2.mixins.json:LootTableBuilderMixin from mod fabric-loot-api-v2: Class version 61 required is higher than the class version supported by the current version of Mixin (JAVA_8 supports class version 52)
[16:17:52] [main/INFO]: Mixing LootManagerMixin from fabric-loot-api-v2.mixins.json into net.minecraft.class_60
[16:17:52] [main/INFO]: Renaming synthetic method lambda$apply$0(Lnet/minecraft/class_3300;Lcom/google/common/collect/ImmutableMap$Builder;Lnet/minecraft/class_2960;Lnet/minecraft/class_52;)V to mdb22d9b$fabric-loot-api-v2$lambda$apply$0$0 in fabric-loot-api-v2.mixins.json:LootManagerMixin from mod fabric-loot-api-v2
[16:17:52] [main/INFO]: Mixing KeyedResourceReloadListenerMixin from fabric-resource-loader-v0.mixins.json into net.minecraft.class_60
[16:17:52] [main/INFO]: Mixing JsonDataLoaderMixin from fabric-resource-conditions-api-v1.mixins.json into net.minecraft.class_4309
[16:17:52] [main/WARN]: fabric-resource-conditions-api-v1.mixins.json:JsonDataLoaderMixin from mod fabric-resource-conditions-api-v1: Class version 61 required is higher than the class version supported by the current version of Mixin (JAVA_16 supports class version 60)
[16:17:52] [main/INFO]: Mixing SinglePreparationResourceReloaderMixin from fabric-resource-conditions-api-v1.mixins.json into net.minecraft.class_4080
[16:17:52] [main/INFO]: Mixing LootTableAccessor from fabric-loot-api-v2.mixins.json into net.minecraft.class_52
[16:17:52] [main/INFO]: Mixing MixinLootSupplier from fabric-loot-tables-v1.mixins.json into net.minecraft.class_52
[16:17:52] [main/WARN]: fabric-loot-tables-v1.mixins.json:MixinLootSupplier from mod fabric-loot-tables-v1: Class version 61 required is higher than the class version supported by the current version of Mixin (JAVA_16 supports class version 60)
[16:17:52] [main/INFO]: Mixing ServerLoginNetworkHandlerMixin from fabric-networking-api-v1.mixins.json into net.minecraft.class_3248
[16:17:52] [main/WARN]: fabric-networking-api-v1.mixins.json:ServerLoginNetworkHandlerMixin from mod fabric-networking-api-v1: Class version 61 required is higher than the class version supported by the current version of Mixin (JAVA_16 supports class version 60)
[16:17:52] [main/INFO]: Mixing accessor.ServerLoginNetworkHandlerAccessor from fabric-networking-api-v1.mixins.json into net.minecraft.class_3248
[16:17:52] [main/INFO]: Mixing ServerPlayNetworkHandlerMixin from fabric-networking-api-v1.mixins.json into net.minecraft.class_3244
[16:17:52] [main/INFO]: External mod presence only: grimac=false, antixray=false; actual function must be tested separately
[16:17:52] [main/INFO]: Environment: authHost='https://authserver.mojang.com', accountsHost='https://api.mojang.com', sessionHost='https://sessionserver.mojang.com', servicesHost='https://api.minecraftservices.com', name='PROD'
[16:17:52] [main/INFO]: Mixing MixinServerPlayerInteractionManager from fabric-events-interaction-v0.mixins.json into net.minecraft.class_3225
[16:17:52] [main/WARN]: @Shadow target fabric-events-interaction-v0.mixins.json:MixinServerPlayerInteractionManager from mod fabric-events-interaction-v0::field_14008 is final but shadow is not decorated with @Final
[16:17:52] [main/INFO]: Mixing GameRulesAccessor from fabric-game-rule-api-v1.mixins.json into net.minecraft.class_1928
[16:17:52] [main/WARN]: fabric-game-rule-api-v1.mixins.json:GameRulesAccessor from mod fabric-game-rule-api-v1: Class version 61 required is higher than the class version supported by the current version of Mixin (JAVA_16 supports class version 60)
[16:17:52] [main/INFO]: Renaming @Invoker method callRegister(Ljava/lang/String;Lnet/minecraft/class_1928$class_5198;Lnet/minecraft/class_1928$class_4314;)Lnet/minecraft/class_1928$class_4313; to callRegister$fabric-game-rule-api-v1_$md$b22d9b$0 in fabric-game-rule-api-v1.mixins.json:GameRulesAccessor from mod fabric-game-rule-api-v1
[16:17:52] [main/INFO]: Renaming @Accessor method getRuleTypes()Ljava/util/Map; to getRuleTypes$fabric-game-rule-api-v1_$md$b22d9b$1 in fabric-game-rule-api-v1.mixins.json:GameRulesAccessor from mod fabric-game-rule-api-v1
[16:17:52] [main/INFO]: Mixing RuleKeyMixin from fabric-game-rule-api-v1.mixins.json into net.minecraft.class_1928$class_4313
[16:17:52] [main/INFO]: Mixing BooleanRuleAccessor from fabric-game-rule-api-v1.mixins.json into net.minecraft.class_1928$class_4310
[16:17:52] [main/INFO]: Renaming @Invoker method invokeCreate(ZLjava/util/function/BiConsumer;)Lnet/minecraft/class_1928$class_4314; to invokeCreate$fabric-game-rule-api-v1_$md$b22d9b$0 in fabric-game-rule-api-v1.mixins.json:BooleanRuleAccessor from mod fabric-game-rule-api-v1
[16:17:52] [main/INFO]: Mixing IntRuleAccessor from fabric-game-rule-api-v1.mixins.json into net.minecraft.class_1928$class_4312
[16:17:52] [main/INFO]: Mixing LevelStorageBugfixMixin from fabric-dimensions-v1.mixins.json into net.minecraft.class_32
[16:17:52] [main/INFO]: Mixing AccessorLevelStorageSession from fabric-registry-sync-v0.mixins.json into net.minecraft.class_32$class_5143
[16:17:52] [main/INFO]: Mixing MixinLevelStorageSession from fabric-registry-sync-v0.mixins.json into net.minecraft.class_32$class_5143
[16:17:52] [main/INFO]: Mixing ResourcePackManagerAccessor from fabric-resource-loader-v0.mixins.json into net.minecraft.class_3283
[16:17:52] [main/INFO]: Mixing ResourcePackManagerMixin from fabric-resource-loader-v0.mixins.json into net.minecraft.class_3283
[16:17:52] [main/WARN]: Write access to @Mutable @Final field field_14227:Ljava/util/Set; in fabric-resource-loader-v0.mixins.json:ResourcePackManagerMixin from mod fabric-resource-loader-v0::handler$zel000$fabric-resource-loader-v0$construct
[16:17:52] [main/INFO]: Mixing DefaultResourcePackMixin from fabric-resource-loader-v0.mixins.json into net.minecraft.class_3268
[16:17:52] [main/INFO]: Mixing ResourceMixin from fabric-resource-loader-v0.mixins.json into net.minecraft.class_3298
[16:17:52] [main/INFO]: Mixing FileResourcePackProviderAccessor from fabric-resource-loader-v0.mixins.json into net.minecraft.class_3279
[16:17:52] [main/INFO]: Mixing ResourcePackProfileMixin from fabric-resource-loader-v0.mixins.json into net.minecraft.class_3288
[16:17:53] [main/INFO]: Mixing LifecycledResourceManagerImplMixin from fabric-resource-loader-v0.mixins.json into net.minecraft.class_6861
[16:17:53] [main/INFO]: Mixing NamespaceResourceManagerAccessor from fabric-resource-loader-v0.mixins.json into net.minecraft.class_3294
[16:17:53] [main/INFO]: Renaming @Invoker method fabric$accessor_getMetadataPath(Lnet/minecraft/class_2960;)Lnet/minecraft/class_2960; to fabric$accessor_getMetadataPath$fabric-resource-loader-v0_$md$b22d9b$0 in fabric-resource-loader-v0.mixins.json:NamespaceResourceManagerAccessor from mod fabric-resource-loader-v0
[16:17:53] [main/INFO]: Mixing NamespaceResourceManagerMixin from fabric-resource-loader-v0.mixins.json into net.minecraft.class_3294
[16:17:56] [main/INFO]: Mixing DataPackContentsMixin from fabric-lifecycle-events-v1.mixins.json into net.minecraft.class_5350
[16:17:56] [main/INFO]: Mixing DataPackContentsMixin from fabric-resource-conditions-api-v1.mixins.json into net.minecraft.class_5350
[16:17:56] [main/INFO]: Mixing KeyedResourceReloadListenerMixin from fabric-resource-loader-v0.mixins.json into net.minecraft.class_1863
[16:17:56] [main/INFO]: Mixing LootPoolAccessor from fabric-loot-api-v2.mixins.json into net.minecraft.class_55
[16:17:56] [main/INFO]: Mixing MixinLootPool from fabric-loot-tables-v1.mixins.json into net.minecraft.class_55
[16:17:56] [main/INFO]: Mixing KeyedResourceReloadListenerMixin from fabric-resource-loader-v0.mixins.json into net.minecraft.class_2989
[16:17:56] [main/INFO]: Mixing TagManagerLoaderMixin from fabric-resource-conditions-api-v1.mixins.json into net.minecraft.class_3505
[16:17:56] [main/INFO]: Mixing KeyedResourceReloadListenerMixin from fabric-resource-loader-v0.mixins.json into net.minecraft.class_3505
[16:17:56] [main/INFO]: Mixing CommandManagerMixin from fabric-command-api-v1.mixins.json into net.minecraft.class_2170
[16:17:56] [main/WARN]: fabric-command-api-v1.mixins.json:CommandManagerMixin from mod fabric-command-api-v1: Class version 61 required is higher than the class version supported by the current version of Mixin (JAVA_16 supports class version 60)
[16:17:56] [main/INFO]: Mixing CommandGate118Mixin from qizhangverdict.mixins.json into net.minecraft.class_2170
[16:17:56] [main/INFO]: Mixing GameRuleCommandAccessor from fabric-game-rule-api-v1.mixins.json into net.minecraft.class_3065
[16:17:56] [main/INFO]: Renaming @Invoker method invokeExecuteSet(Lcom/mojang/brigadier/context/CommandContext;Lnet/minecraft/class_1928$class_4313;)I to invokeExecuteSet$fabric-game-rule-api-v1_$md$b22d9b$0 in fabric-game-rule-api-v1.mixins.json:GameRuleCommandAccessor from mod fabric-game-rule-api-v1
[16:17:56] [main/INFO]: Renaming @Invoker method invokeExecuteQuery(Lnet/minecraft/class_2168;Lnet/minecraft/class_1928$class_4313;)I to invokeExecuteQuery$fabric-game-rule-api-v1_$md$b22d9b$1 in fabric-game-rule-api-v1.mixins.json:GameRuleCommandAccessor from mod fabric-game-rule-api-v1
[16:17:56] [main/INFO]: Mixing GameRuleCommandVisitorMixin from fabric-game-rule-api-v1.mixins.json into net.minecraft.class_3065$1
[16:17:56] [main/WARN]: @Shadow target fabric-game-rule-api-v1.mixins.json:GameRuleCommandVisitorMixin from mod fabric-game-rule-api-v1::field_19419 is final but shadow is not decorated with @Final
[16:17:56] [main/INFO]: Mixing HelpCommandAccessor from fabric-command-api-v1.mixins.json into net.minecraft.class_3069
[16:17:56] [main/INFO]: Renaming @Accessor method getFailedException()Lcom/mojang/brigadier/exceptions/SimpleCommandExceptionType; to getFailedException$fabric-command-api-v1_$md$b22d9b$0 in fabric-command-api-v1.mixins.json:HelpCommandAccessor from mod fabric-command-api-v1
[16:17:56] [main/INFO]: Mixing TeleportCommandMixin from fabric-entity-events-v1.mixins.json into net.minecraft.class_3143
[16:17:57] [main/WARN]: Ambiguity between arguments [teleport, location] and [teleport, destination] with inputs: [0.1 -0.5 .9, 0 0 0]
[16:17:57] [main/WARN]: Ambiguity between arguments [teleport, location] and [teleport, targets] with inputs: [0.1 -0.5 .9, 0 0 0]
[16:17:57] [main/WARN]: Ambiguity between arguments [teleport, destination] and [teleport, targets] with inputs: [Player, 0123, @e, dd12be42-52a9-4a91-a8a1-11c01849e498]
[16:17:57] [main/WARN]: Ambiguity between arguments [teleport, targets] and [teleport, destination] with inputs: [Player, 0123, dd12be42-52a9-4a91-a8a1-11c01849e498]
[16:17:57] [main/WARN]: Ambiguity between arguments [teleport, targets, location] and [teleport, targets, destination] with inputs: [0.1 -0.5 .9, 0 0 0]
[16:17:57] [main/INFO]: Mixing KeyedResourceReloadListenerMixin from fabric-resource-loader-v0.mixins.json into net.minecraft.class_5349
[16:17:57] [main/INFO]: Mixing SimpleResourceReloadMixin from fabric-resource-loader-v0.mixins.json into net.minecraft.class_4014
[16:17:57] [Worker-Main-16/INFO]: Mixing TagBuilderMixin from fabric-data-generation-api-v1.mixins.json into net.minecraft.class_3494$class_3495
[16:17:57] [Worker-Main-17/INFO]: Mixing ResourceImplMixin from fabric-resource-loader-v0.mixins.json into net.minecraft.class_3306
[16:17:57] [Worker-Main-22/INFO]: Loaded 7 recipes
[16:17:58] [Worker-Main-22/INFO]: Mixing CriteriaAccessor from fabric-object-builder-v1.mixins.json into net.minecraft.class_174
[16:17:58] [Worker-Main-22/INFO]: Renaming @Invoker method callRegister(Lnet/minecraft/class_179;)Lnet/minecraft/class_179; to callRegister$fabric-object-builder-api-v1_$md$b22d9b$0 in fabric-object-builder-v1.mixins.json:CriteriaAccessor from mod fabric-object-builder-api-v1
[16:17:58] [Worker-Main-22/INFO]: Loaded 1141 advancements
[16:18:00] [main/INFO]: Mixing PlayerManagerMixin from fabric-entity-events-v1.mixins.json into net.minecraft.class_3324
[16:18:00] [main/INFO]: Mixing PlayerManagerMixin from fabric-lifecycle-events-v1.mixins.json into net.minecraft.class_3324
[16:18:00] [main/INFO]: Mixing PlayerManagerMixin from fabric-networking-api-v1.mixins.json into net.minecraft.class_3324
[16:18:00] [main/INFO]: Applied 0 biome modifications to 0 of 61 new biomes in 3.548 ms
[16:18:00] [Server thread/INFO]: QiZhangGuard started: QiZhangVerdict sessions=0, trackedIPs=0, accountPairs=0, rules=11, companion=required, vm=DENY, blacklist=DENY, rateBuckets=0, accountBans=0, deviceBans=0, deviceRequired=true. Reports are self-reported, not trusted attestation.
[16:18:00] [Server thread/INFO]: Starting minecraft server version 1.18.2
[16:18:00] [Server thread/INFO]: Loading properties
[16:18:00] [Server thread/INFO]: Default game type: SURVIVAL
[16:18:00] [Server thread/INFO]: Generating keypair
[16:18:00] [Server thread/INFO]: Starting Minecraft server on 127.0.0.1:25621
[16:18:00] [Server thread/INFO]: Using default channel type
[16:18:00] [Server thread/INFO]: Mixing ClientConnectionMixin from fabric-networking-api-v1.mixins.json into net.minecraft.class_2535
[16:18:01] [Server thread/WARN]: **** SERVER IS RUNNING IN OFFLINE/INSECURE MODE!
[16:18:01] [Server thread/WARN]: The server will make no attempt to authenticate usernames. Beware.
[16:18:01] [Server thread/WARN]: While this makes the game possible to play without internet access, it also opens up the ability for hackers to connect with any username they choose.
[16:18:01] [Server thread/WARN]: To change this, set "online-mode" to "true" in the server.properties file.
[16:18:01] [Server thread/INFO]: Preparing level "world"
[16:18:01] [Server thread/INFO]: Mixing ServerWorldEntityLoaderMixin from fabric-lifecycle-events-v1.mixins.json into net.minecraft.class_3218$class_5526
[16:18:01] [Server thread/INFO]: Mixing ThreadedAnvilChunkStorageMixin from fabric-lifecycle-events-v1.mixins.json into net.minecraft.class_3898
[16:18:01] [Server thread/INFO]: Mixing accessor.ThreadedAnvilChunkStorageAccessor from fabric-networking-api-v1.mixins.json into net.minecraft.class_3898
[16:18:04] [Server thread/INFO]: Preparing start region for dimension minecraft:overworld
[16:18:06] [Worker-Main-21/INFO]: Preparing spawn area: 0%
[16:18:06] [Worker-Main-28/INFO]: Preparing spawn area: 0%
[16:18:06] [Worker-Main-21/INFO]: Preparing spawn area: 0%
[16:18:06] [Worker-Main-30/INFO]: Preparing spawn area: 0%
[16:18:06] [Worker-Main-19/INFO]: Preparing spawn area: 0%
[16:18:07] [Worker-Main-29/INFO]: Preparing spawn area: 1%
[16:18:07] [Worker-Main-28/INFO]: Mixing SpawnRestrictionAccessor from fabric-object-builder-v1.mixins.json into net.minecraft.class_1317
[16:18:07] [Worker-Main-28/INFO]: Renaming @Invoker method callRegister(Lnet/minecraft/class_1299;Lnet/minecraft/class_1317$class_1319;Lnet/minecraft/class_2902$class_2903;Lnet/minecraft/class_1317$class_4306;)V to callRegister$fabric-object-builder-api-v1_$md$b22d9b$0 in fabric-object-builder-v1.mixins.json:SpawnRestrictionAccessor from mod fabric-object-builder-api-v1
[16:18:07] [Worker-Main-26/INFO]: Preparing spawn area: 4%
[16:18:08] [Worker-Main-18/INFO]: Preparing spawn area: 6%
[16:18:08] [Worker-Main-27/INFO]: Preparing spawn area: 10%
[16:18:09] [Server thread/INFO]: Mixing accessor.EntityTrackerAccessor from fabric-networking-api-v1.mixins.json into net.minecraft.class_3898$class_3208
[16:18:09] [Server thread/INFO]: Mixing EntityTrackerEntryMixin from fabric-networking-api-v1.mixins.json into net.minecraft.class_3231
[16:18:09] [Worker-Main-19/INFO]: Preparing spawn area: 14%
[16:18:09] [Worker-Main-22/INFO]: Preparing spawn area: 17%
[16:18:10] [Worker-Main-16/INFO]: Preparing spawn area: 23%
[16:18:10] [Worker-Main-21/INFO]: Preparing spawn area: 27%
[16:18:11] [Worker-Main-18/INFO]: Preparing spawn area: 33%
[16:18:11] [Worker-Main-18/INFO]: Preparing spawn area: 37%
[16:18:12] [Worker-Main-21/INFO]: Preparing spawn area: 42%
[16:18:12] [Worker-Main-29/INFO]: Preparing spawn area: 46%
[16:18:13] [Worker-Main-25/INFO]: Preparing spawn area: 52%
[16:18:13] [Worker-Main-28/INFO]: Preparing spawn area: 59%
[16:18:14] [Worker-Main-27/INFO]: Preparing spawn area: 65%
[16:18:14] [Worker-Main-18/INFO]: Preparing spawn area: 70%
[16:18:15] [Worker-Main-18/INFO]: Preparing spawn area: 74%
[16:18:15] [Worker-Main-18/INFO]: Preparing spawn area: 80%
[16:18:16] [Worker-Main-16/INFO]: Preparing spawn area: 85%
[16:18:16] [Worker-Main-27/INFO]: Preparing spawn area: 92%
[16:18:17] [Worker-Main-17/INFO]: Preparing spawn area: 98%
[16:18:17] [Server thread/INFO]: Time elapsed: 12543 ms
[16:18:17] [Server thread/INFO]: Done (15.892s)! For help, type "help"
[16:18:17] [Server thread/INFO]: QiZhangVerdict sessions=0, trackedIPs=0, accountPairs=0, rules=11, companion=required, vm=DENY, blacklist=DENY, rateBuckets=0, accountBans=0, deviceBans=0, deviceRequired=true
[16:18:18] [Server thread/INFO]: Mixing MixinChunkSerializer from fabric-registry-sync-v0.mixins.json into net.minecraft.class_2852
[16:18:19] [Server thread/INFO]: QiZhangVerdict sessions=0, trackedIPs=0, accountPairs=0, rules=11, companion=required, vm=ALERT, blacklist=DENY, rateBuckets=0, accountBans=0, deviceBans=0, deviceRequired=true
[16:18:20] [Netty Server IO #1/INFO]: Mixing accessor.CustomPayloadC2SPacketAccessor from fabric-networking-api-v1.mixins.json into net.minecraft.class_2817
[16:18:20] [Netty Server IO #1/INFO]: Mixing accessor.LoginQueryResponseC2SPacketAccessor from fabric-networking-api-v1.mixins.json into net.minecraft.class_2913
[16:18:20] [Server thread/INFO]: Mixing SimpleInventoryMixin from fabric-transfer-api-v1.mixins.json into net.minecraft.class_1277
[16:18:20] [Server thread/INFO]: QVBot1[/127.0.0.1:5402] logged in with entity id 265 at (9.5, 74.0, -2.5)
[16:18:20] [Server thread/INFO]: QVBot1 joined the game
[16:18:21] [Server thread/INFO]: QVBot1 lost connection: Disconnected
[16:18:21] [Server thread/INFO]: QVBot1 left the game
[16:18:22] [Server thread/INFO]: QiZhangVerdict sessions=0, trackedIPs=1, accountPairs=1, rules=11, companion=required, vm=ALERT, blacklist=DENY, rateBuckets=1, accountBans=0, deviceBans=0, deviceRequired=true
[16:18:23] [Server thread/INFO]: GateAccount[/127.0.0.1:11539] logged in with entity id 266 at (-2.5, 64.0, 6.5)
[16:18:23] [Server thread/INFO]: GateAccount joined the game
[16:18:25] [Server thread/INFO]: Made GateAccount a server operator
[16:18:27] [Server thread/INFO]: [GateAccount] QZ_POST_GATE
[16:18:28] [Server thread/INFO]: GateAccount lost connection: Disconnected
[16:18:28] [Server thread/INFO]: GateAccount left the game
[16:18:28] [Server thread/INFO]: Made GateAccount no longer a server operator
[16:18:29] [Server thread/INFO]: QiZhangVerdict sessions=0, trackedIPs=1, accountPairs=2, rules=11, companion=required, vm=ALERT, blacklist=DENY, rateBuckets=1, accountBans=0, deviceBans=0, deviceRequired=true
[16:18:31] [Server thread/INFO]: QVBot2[/127.0.0.1:11543] logged in with entity id 267 at (8.5, 64.0, -8.5)
[16:18:31] [Server thread/INFO]: QVBot2 joined the game
[16:18:35] [Server thread/INFO]: QVBot2 lost connection: QiZhangGuard: required companion report timed out
[16:18:35] [Server thread/INFO]: QVBot2 left the game
[16:18:36] [Server thread/INFO]: BadWire[/127.0.0.1:11547] logged in with entity id 268 at (0.5, 67.0, 4.5)
[16:18:36] [Server thread/INFO]: BadWire joined the game
[16:18:36] [Server thread/INFO]: BadWire lost connection: Malformed or oversized companion report
[16:18:36] [Server thread/INFO]: BadWire left the game
[16:18:37] [Server thread/INFO]: BadWire[/127.0.0.1:11548] logged in with entity id 269 at (0.5, 67.0, 4.5)
[16:18:37] [Server thread/INFO]: BadWire joined the game
[16:18:39] [Server thread/INFO]: BadWire lost connection: Disconnected
[16:18:39] [Server thread/INFO]: BadWire left the game
[16:18:39] [Server thread/INFO]: QVBot3[/127.0.0.1:11550] logged in with entity id 270 at (-5.5, 64.0, -7.5)
[16:18:39] [Server thread/INFO]: QVBot3 joined the game
[16:18:41] [Server thread/INFO]: QVBot4[/127.0.0.1:11554] logged in with entity id 271 at (-1.5, 64.0, -8.5)
[16:18:41] [Server thread/INFO]: QVBot4 joined the game
[16:18:42] [Server thread/INFO]: QVBot4 lost connection: Only the configured number of accounts may use the same IP and device concurrently
[16:18:42] [Server thread/INFO]: QVBot4 left the game
[16:18:42] [Server thread/INFO]: QVBot5[/127.0.0.1:11555] logged in with entity id 272 at (6.5, 64.0, -7.5)
[16:18:42] [Server thread/INFO]: QVBot5 joined the game
[16:18:43] [Server thread/INFO]: QVBot6[/127.0.0.1:11556] logged in with entity id 273 at (-9.5, 64.0, -2.5)
[16:18:43] [Server thread/INFO]: QVBot6 joined the game
[16:18:45] [Server thread/INFO]: QVBot7[/127.0.0.1:11559] logged in with entity id 274 at (-6.5, 68.0, 6.5)
[16:18:45] [Server thread/INFO]: QVBot7 joined the game
[16:18:45] [Server thread/INFO]: QVBot7 lost connection: Too many simultaneous accounts from this IP
[16:18:45] [Server thread/INFO]: QVBot7 left the game
[16:18:45] [Server thread/WARN]: handleDisconnection() called twice
[16:18:46] [Server thread/INFO]: QVBot3 lost connection: Disconnected
[16:18:46] [Server thread/INFO]: QVBot3 left the game
[16:18:46] [Server thread/INFO]: QVBot5 lost connection: Disconnected
[16:18:46] [Server thread/INFO]: QVBot5 left the game
[16:18:46] [Server thread/INFO]: QVBot6 lost connection: Disconnected
[16:18:46] [Server thread/INFO]: QVBot6 left the game
[16:18:47] [Server thread/INFO]: QVBot8[/127.0.0.1:1831] logged in with entity id 275 at (7.5, 64.0, -4.5)
[16:18:47] [Server thread/INFO]: QVBot8 joined the game
[16:18:48] [Server thread/INFO]: QVBot8 lost connection: Disconnected
[16:18:48] [Server thread/INFO]: QVBot8 left the game
[16:18:48] [Server thread/INFO]: CheatAccount[/127.0.0.1:1833] logged in with entity id 276 at (-9.5, 74.0, 6.5)
[16:18:48] [Server thread/INFO]: CheatAccount joined the game
[16:18:49] [Server thread/INFO]: CheatAccount lost connection: Reported mod matches an exact server blacklist rule
[16:18:49] [Server thread/INFO]: CheatAccount left the game
[16:18:50] [Server thread/INFO]: LinkedAccount[/127.0.0.1:1835] logged in with entity id 277 at (-4.5, 64.0, -1.5)
[16:18:50] [Server thread/INFO]: LinkedAccount joined the game
[16:18:51] [Server thread/INFO]: LinkedAccount lost connection: This reported device identifier is banned
[16:18:51] [Server thread/INFO]: LinkedAccount left the game
[16:18:51] [Server thread/INFO]: CheatAccount[/127.0.0.1:1836] logged in with entity id 278 at (-9.5, 74.0, 6.5)
[16:18:51] [Server thread/INFO]: CheatAccount joined the game
[16:18:51] [Server thread/INFO]: CheatAccount lost connection: This account is banned by the server
[16:18:51] [Server thread/INFO]: CheatAccount left the game
[16:18:51] [Server thread/WARN]: handleDisconnection() called twice
[16:18:52] [Server thread/INFO]: Unbanned: true
[16:18:54] [Server thread/INFO]: Unbanned: true
[16:18:55] [Server thread/INFO]: CheatAccount[/127.0.0.1:1837] logged in with entity id 279 at (-9.5, 74.0, 6.5)
[16:18:55] [Server thread/INFO]: CheatAccount joined the game
[16:18:56] [Server thread/INFO]: CheatAccount lost connection: Disconnected
[16:18:56] [Server thread/INFO]: CheatAccount left the game
[16:18:57] [Server thread/INFO]: Added rule: cf03afb1-d8ed-4303-a2c7-f4de946e96dd
[16:18:58] [Server thread/INFO]: QVBot9[/127.0.0.1:1843] logged in with entity id 280 at (1.5, 64.0, -6.5)
[16:18:58] [Server thread/INFO]: QVBot9 joined the game
[16:18:59] [Server thread/INFO]: QVBot9 lost connection: Reported mod matches a server blacklist rule
[16:18:59] [Server thread/INFO]: QVBot9 left the game
[16:19:00] [Server thread/INFO]: Added rule: 9ec222b9-d329-498a-af2b-2721ea7d9bd8
[16:19:01] [Server thread/INFO]: QVBot10[/127.0.0.1:1847] logged in with entity id 281 at (3.5, 64.0, 9.5)
[16:19:01] [Server thread/INFO]: QVBot10 joined the game
[16:19:02] [Server thread/INFO]: QVBot10 lost connection: Disconnected
[16:19:02] [Server thread/INFO]: QVBot10 left the game
[16:19:03] [Server thread/INFO]: Removed: true
[16:19:04] [Server thread/INFO]: QVBot11[/127.0.0.1:1849] logged in with entity id 282 at (9.5, 64.0, -7.5)
[16:19:04] [Server thread/INFO]: QVBot11 joined the game
[16:19:05] [Server thread/INFO]: QVBot11 lost connection: Reported mod matches a server blacklist rule
[16:19:05] [Server thread/INFO]: QVBot11 left the game
[16:19:05] [Server thread/INFO]: Removed: true
[16:19:07] [Server thread/INFO]: QVBot12[/127.0.0.1:1854] logged in with entity id 283 at (-4.5, 64.0, -3.5)
[16:19:07] [Server thread/INFO]: QVBot12 joined the game
[16:19:08] [Server thread/INFO]: QVBot12 lost connection: Disconnected
[16:19:08] [Server thread/INFO]: QVBot12 left the game
[16:19:09] [Server thread/INFO]: Added rule: 722b7d1b-735b-421e-80a0-cddf1da9d9f3
[16:19:10] [Server thread/INFO]: QVBot13[/127.0.0.1:1856] logged in with entity id 284 at (6.5, 73.0, -0.5)
[16:19:10] [Server thread/INFO]: QVBot13 joined the game
[16:19:11] [Server thread/INFO]: QVBot13 lost connection: Reported mod matches a server blacklist rule
[16:19:11] [Server thread/INFO]: QVBot13 left the game
[16:19:11] [Server thread/INFO]: QiZhangVerdict sessions=0, trackedIPs=1, accountPairs=16, rules=12, companion=required, vm=ALERT, blacklist=DENY, rateBuckets=1, accountBans=4, deviceBans=3, deviceRequired=true
[16:19:13] [Server thread/INFO]: QVBot14[/127.0.0.1:1860] logged in with entity id 285 at (10.5, 69.0, 9.5)
[16:19:13] [Server thread/INFO]: QVBot14 joined the game
[16:19:13] [Server thread/INFO]: QVBot14 lost connection: This IP is denied by server policy
[16:19:13] [Server thread/INFO]: QVBot14 left the game
[16:19:13] [Server thread/WARN]: handleDisconnection() called twice
[16:19:14] [Server thread/INFO]: QiZhangVerdict sessions=0, trackedIPs=1, accountPairs=16, rules=12, companion=required, vm=DENY, blacklist=DENY, rateBuckets=1, accountBans=4, deviceBans=3, deviceRequired=true
[16:19:15] [Server thread/INFO]: QVBot15[/127.0.0.1:11217] logged in with entity id 286 at (-9.5, 71.0, 3.5)
[16:19:15] [Server thread/INFO]: QVBot15 joined the game
[16:19:16] [Server thread/INFO]: QVBot15 lost connection: Companion reported a virtual machine indicator
[16:19:16] [Server thread/INFO]: QVBot15 left the game
[16:19:17] [Server thread/INFO]: QVBot16[/127.0.0.1:11228] logged in with entity id 287 at (3.5, 64.0, -2.5)
[16:19:17] [Server thread/INFO]: QVBot16 joined the game
[16:19:17] [Server thread/INFO]: Report decision player=edc8f3dc-ba2e-3999-9748-0637a3718bb0 code=VM_UNKNOWN message=VM status is unknown or has only inconclusive indicators
[16:19:18] [Server thread/INFO]: QVBot16 lost connection: Disconnected
[16:19:18] [Server thread/INFO]: QVBot16 left the game
[16:19:18] [Server thread/INFO]: QiZhangVerdict sessions=0, trackedIPs=1, accountPairs=18, rules=12, companion=required, vm=ALERT, blacklist=DENY, rateBuckets=1, accountBans=5, deviceBans=4, deviceRequired=true
[16:19:20] [Server thread/INFO]: QVBot17[/127.0.0.1:11262] logged in with entity id 288 at (-2.5, 64.0, 2.5)
[16:19:20] [Server thread/INFO]: QVBot17 joined the game
[16:19:21] [Server thread/INFO]: QVBot18[/127.0.0.1:11273] logged in with entity id 289 at (1.5, 69.0, -7.5)
[16:19:21] [Server thread/INFO]: QVBot18 joined the game
[16:19:22] [Server thread/INFO]: QVBot19[/127.0.0.1:11274] logged in with entity id 290 at (8.5, 73.0, 2.5)
[16:19:22] [Server thread/INFO]: QVBot19 joined the game
[16:19:22] [Server thread/INFO]: QVBot19 lost connection: Too many simultaneous accounts from this IP
[16:19:22] [Server thread/INFO]: QVBot19 left the game
[16:19:22] [Server thread/WARN]: handleDisconnection() called twice
[16:19:24] [Server thread/INFO]: QVBot17 lost connection: Disconnected
[16:19:24] [Server thread/INFO]: QVBot17 left the game
[16:19:24] [Server thread/INFO]: QVBot18 lost connection: Disconnected
[16:19:24] [Server thread/INFO]: QVBot18 left the game
[16:19:24] [Server thread/INFO]: Page 1/1
06205eb0-363d-35e3-8c60-8c1ef8b83c9c	BLACKLIST_DENIED
15519aaa-3950-3430-bc9c-c0c7c47a9cf3	BLACKLIST_DENIED
87b706ea-8c04-3118-b4cc-2d720ee925df	VM_DENIED
b791d91a-dbdc-3a65-a036-fc39d6993ac9	DEVICE_BANNED
d8c92e3a-17df-39d2-a36d-e08c0d1aab2e	BLACKLIST_DENIED
device:0723e1710c0a08646895f23b3eaf0153e6fb1d316ec121abe3e842cbff565460	VM_DENIED
device:746caab8fda1c4e339d0724f9fb70b2d52b533cbfce2a0a2b98a039648cbf174	BLACKLIST_DENIED
device:d6578071b2c3a3ef93925882a0215c31812b6db116703c2082e07adec5a2499e	BLACKLIST_DENIED
device:fb7f23f1518fc50a1bfa07fc581a2f340c89a3596042f418617b9dd66614e239	BLACKLIST_DENIED
[16:19:26] [Server thread/INFO]: Page 1/2
legacy:automation:baritone	BLACK	MOD	EXACT	baritone	ALERT
legacy:mod:advanced-xray-fabric	BLACK	MOD	EXACT	advanced-xray-fabric	DENY
legacy:mod:bleachhack	BLACK	MOD	EXACT	bleachhack	DENY
legacy:mod:earthhack	BLACK	MOD	EXACT	earthhack	DENY
legacy:mod:kamiblue	BLACK	MOD	EXACT	kamiblue	DENY
legacy:mod:liquidbounce	BLACK	MOD	EXACT	liquidbounce	DENY
legacy:mod:salhack	BLACK	MOD	EXACT	salhack	DENY
legacy:mod:thunderhack	BLACK	MOD	EXACT	thunderhack	DENY
legacy:mod:wurst	BLACK	MOD	EXACT	wurst	DENY
legacy:mod:xray	BLACK	MOD	EXACT	xray	DENY
[16:19:27] [Server thread/INFO]: Stopping the server
[16:19:27] [Server thread/INFO]: Stopping server
[16:19:27] [Server thread/INFO]: Saving players
[16:19:27] [Server thread/INFO]: Saving worlds
[16:19:28] [Server thread/INFO]: Saving chunks for level 'ServerLevel[world]'/minecraft:overworld
[16:19:29] [Server thread/INFO]: Saving chunks for level 'ServerLevel[world]'/minecraft:the_nether
[16:19:29] [Server thread/INFO]: Saving chunks for level 'ServerLevel[world]'/minecraft:the_end
[16:19:29] [Server thread/INFO]: ThreadedAnvilChunkStorage (world): All chunks are saved
[16:19:29] [Server thread/INFO]: ThreadedAnvilChunkStorage (DIM-1): All chunks are saved
[16:19:29] [Server thread/INFO]: ThreadedAnvilChunkStorage (DIM1): All chunks are saved
[16:19:29] [Server thread/INFO]: ThreadedAnvilChunkStorage: All dimensions are saved
