ScriptEngineManager providers.next(): javax.script.ScriptEngineFactory: Provider jdk.nashorn.api.scripting.NashornScriptEngineFactory not found
[17:00:46] [main/INFO]: Loading Minecraft 1.16.5 with Fabric Loader 0.16.14
[17:00:46] [main/INFO]: Fabric is preparing JARs on first launch, this may take a few seconds...
[17:00:46] [main/INFO]: Loading 39 mods:
	- fabric 0.42.0+1.16
	   |-- fabric-api-base 0.4.0+3cc0f0907d
	   |-- fabric-api-lookup-api-v1 1.3.1+3cc0f0907d
	   |-- fabric-biome-api-v1 3.1.13+3cc0f0907d
	   |-- fabric-blockrenderlayer-v1 1.1.6+3cc0f0907d
	   |-- fabric-command-api-v1 1.1.3+3cc0f0907d
	   |-- fabric-commands-v0 0.2.3+3cc0f0907d
	   |-- fabric-containers-v0 0.1.12+3cc0f0907d
	   |-- fabric-content-registries-v0 0.2.5+3cc0f0907d
	   |-- fabric-crash-report-info-v1 0.1.4+3cc0f0907d
	   |-- fabric-dimensions-v1 2.0.8+3cc0f0907d
	   |-- fabric-entity-events-v1 1.2.4+3cc0f0907d
	   |-- fabric-events-interaction-v0 0.4.5+3cc0f0907d
	   |-- fabric-events-lifecycle-v0 0.2.2+3cc0f0907d
	   |-- fabric-game-rule-api-v1 1.0.7+3cc0f0907d
	   |-- fabric-item-api-v1 1.2.2+3cc0f0907d
	   |-- fabric-item-groups-v0 0.3.1+3cc0f0907d
	   |-- fabric-key-binding-api-v1 1.0.5+3cc0f0907d
	   |-- fabric-keybindings-v0 0.2.2+3cc0f0907d
	   |-- fabric-lifecycle-events-v1 1.2.2+3cc0f0907d
	   |-- fabric-loot-tables-v1 1.0.3+3cc0f0907d
	   |-- fabric-mining-levels-v0 0.1.4+3cc0f0907d
	   |-- fabric-models-v0 0.3.1+3cc0f0907d
	   |-- fabric-networking-api-v1 1.0.5+3cc0f0907d
	   |-- fabric-networking-blockentity-v0 0.2.9+3cc0f0907d
	   |-- fabric-networking-v0 0.3.3+3cc0f0907d
	   |-- fabric-object-builder-api-v1 1.9.6+3cc0f0907d
	   |-- fabric-object-builders-v0 0.7.3+3cc0f0907d
	   |-- fabric-particles-v1 0.2.5+3cc0f0907d
	   |-- fabric-registry-sync-v0 0.7.6+3cc0f0907d
	   |-- fabric-renderer-api-v1 0.4.5+3cc0f0907d
	   |-- fabric-renderer-indigo 0.4.5+3cc0f0907d
	   |-- fabric-renderer-registries-v1 2.3.1+3cc0f0907d
	   |-- fabric-rendering-data-attachment-v1 0.1.6+3cc0f0907d
	   |-- fabric-rendering-fluids-v1 0.1.15+3cc0f0907d
	   |-- fabric-rendering-v0 1.1.3+3cc0f0907d
	   |-- fabric-rendering-v1 1.6.1+3cc0f0907d
	   |-- fabric-resource-loader-v0 0.4.8+3cc0f0907d
	   |-- fabric-screen-api-v1 1.0.1+3cc0f0907d
	   |-- fabric-screen-handler-api-v1 1.1.6+3cc0f0907d
	   |-- fabric-structure-api-v1 1.1.12+3cc0f0907d
	   |-- fabric-tag-extensions-v0 1.1.2+3cc0f0907d
	   |-- fabric-textures-v0 1.0.7+3cc0f0907d
	   |-- fabric-tool-attribute-api-v1 1.2.8+3cc0f0907d
	   \-- fabric-transfer-api-v1 1.5.0+3cc0f0907d
	- fabricloader 0.16.14
	   \-- mixinextras 0.4.1
	- java 8
	- minecraft 1.16.5
	- qizhangverdict 0.2.0-dev
[17:00:47] [main/INFO]: SpongePowered MIXIN Subsystem Version=0.8.7 Source=file:/E:/CodexTemp/QiZhangVerdict/legacy-runtime/fabric-1.16.5-guard-01/libraries/net/fabricmc/sponge-mixin/0.15.5+mixin.0.8.7/sponge-mixin-0.15.5+mixin.0.8.7.jar Service=Knot/Fabric Env=SERVER
/****************************************************************************************************************************************************************************************************************************/
/*                                                                                     SpongePowered MIXIN (Verbose debugging enabled)                                                                                      */
/****************************************************************************************************************************************************************************************************************************/
/*                                         Code source : file:/E:/CodexTemp/QiZhangVerdict/legacy-runtime/fabric-1.16.5-guard-01/libraries/net/fabricmc/sponge-mixin/0.15.5+mixin.0.8.7/sponge-mixin-0.15.5+mixin.0.8.7.jar */
/*                                    Internal Version : 0.8.7                                                                                                                                                              */
/*                                        Java Version : 1.8 (supports compatibility 6-8)                                                                                                                                   */
/*                         Default Compatibility Level : JAVA_8                                                                                                                                                             */
/*                   Max Effective Compatibility Level : JAVA_8                                                                                                                                                             */
/*                                Detected ASM Version : ASM 9.8 (ASM10_EXPERIMENTAL)                                                                                                                                       */
/*                          Detected ASM Supports Java : Up to Java 25 (class file version 69.0)                                                                                                                            */
/****************************************************************************************************************************************************************************************************************************/
/*                                        Service Name : Knot/Fabric                                                                                                                                                        */
/*                                 Mixin Service Class : net.fabricmc.loader.impl.launch.knot.MixinServiceKnot                                                                                                              */
/*                       Global Property Service Class : net.fabricmc.loader.impl.launch.knot.FabricGlobalPropertyService                                                                                                   */
/*                                 Logger Adapter Type : Fabric Mixin Logger                                                                                                                                                */
/****************************************************************************************************************************************************************************************************************************/
/*                                         mixin.debug : <false>                                                                                                                                                            */
/*                                  mixin.debug.export : - <true>                                                                                                                                                           */
/*                           mixin.debug.export.filter : - - <null>                                                                                                                                                         */
/*                        mixin.debug.export.decompile : - - <true>                                                                                                                                                         */
/*                  mixin.debug.export.decompile.async : - - - <true>                                                                                                                                                       */
/* mixin.debug.export.decompile.mergeGenericSignatures : - - - <true>                                                                                                                                                       */
/*                                  mixin.debug.verify : - <false>                                                                                                                                                          */
/*                                 mixin.debug.verbose : - <true>                                                                                                                                                           */
/*                         mixin.debug.countInjections : - <true>                                                                                                                                                           */
/*                                  mixin.debug.strict : - <false>                                                                                                                                                          */
/*                           mixin.debug.strict.unique : - - <false>                                                                                                                                                        */
/*                          mixin.debug.strict.targets : - - <false>                                                                                                                                                        */
/*                                mixin.debug.profiler : - <false>                                                                                                                                                          */
/*                           mixin.dumpTargetOnFailure : <false>                                                                                                                                                            */
/*                                        mixin.checks : <false>                                                                                                                                                            */
/*                             mixin.checks.interfaces : - <false>                                                                                                                                                          */
/*                      mixin.checks.interfaces.strict : - - <false>                                                                                                                                                        */
/*                             mixin.ignoreConstraints : <false>                                                                                                                                                            */
/*                                       mixin.hotSwap : <false>                                                                                                                                                            */
/*                                       mixin.env.obf : - <false>                                                                                                                                                          */
/*                             mixin.env.disableRefMap : - <false>                                                                                                                                                          */
/*                               mixin.env.remapRefMap : - <false>                                                                                                                                                          */
/*                       mixin.env.refMapRemappingFile : - <>                                                                                                                                                               */
/*                        mixin.env.refMapRemappingEnv : - <searge>                                                                                                                                                         */
/*                      mixin.env.allowPermissiveMatch : - <false>                                                                                                                                                          */
/*                            mixin.env.ignoreRequired : - <false>                                                                                                                                                          */
/*                               mixin.env.compatLevel : - <false>                                                                                                                                                          */
/*                          mixin.env.shiftByViolation : - <warn>                                                                                                                                                           */
/*                      mixin.initialiserInjectionMode : <default>                                                                                                                                                          */
/*               mixin.tunable.classReaderExpandFrames : - <false>                                                                                                                                                          */
/****************************************************************************************************************************************************************************************************************************/
/*                                    UNSAFE_INJECTION : available=<true> enabled=<true>                                                                                                                                    */
/*                       INJECTORS_IN_INTERFACE_MIXINS : available=<true> enabled=<true>                                                                                                                                    */
/****************************************************************************************************************************************************************************************************************************/
/*                                       Detected Side : SERVER                                                                                                                                                             */
/****************************************************************************************************************************************************************************************************************************/
[17:00:47] [main/INFO]: Attempting to load Fernflower decompiler (Threaded mode)
[17:00:47] [main/INFO]: Fernflower could not be loaded, exported classes will not be decompiled. NoClassDefFoundError: org/jetbrains/java/decompiler/main/extern/IResultSaver
[17:00:47] [main/INFO]: Preparing mixins for MixinEnvironment[DEFAULT]
[17:00:47] [main/INFO]: Selecting config fabric-api-lookup-api-v1.mixins.json
[17:00:47] [main/INFO]: Selecting config fabric-biome-api-v1.mixins.json
[17:00:47] [main/INFO]: Selecting config fabric-command-api-v1.mixins.json
[17:00:47] [main/INFO]: Selecting config fabric-containers-v0.mixins.json
[17:00:47] [main/INFO]: Selecting config fabric-containers-v0.accurate.mixins.json
[17:00:47] [main/INFO]: Selecting config fabric-content-registries-v0.mixins.json
[17:00:47] [main/INFO]: Selecting config fabric-crash-report-info-v1.mixins.json
[17:00:47] [main/INFO]: Selecting config fabric-dimensions-v1.mixins.json
[17:00:47] [main/INFO]: Selecting config fabric-entity-events-v1.mixins.json
[17:00:47] [main/INFO]: Selecting config fabric-events-interaction-v0.mixins.json
[17:00:47] [main/INFO]: Selecting config fabric-game-rule-api-v1.mixins.json
[17:00:47] [main/INFO]: Selecting config fabric-item-api-v1.mixins.json
[17:00:47] [main/INFO]: Selecting config fabric-item-groups-v0.mixins.json
[17:00:47] [main/INFO]: Selecting config fabric-lifecycle-events-v1.mixins.json
[17:00:47] [main/INFO]: Selecting config fabric-loot-tables-v1.mixins.json
[17:00:47] [main/INFO]: Selecting config fabric-networking-api-v1.mixins.json
[17:00:47] [main/INFO]: Selecting config fabric-networking-blockentity-v0.mixins.json
[17:00:47] [main/INFO]: Selecting config fabric-object-builder-v1.mixins.json
[17:00:47] [main/INFO]: Selecting config fabric-object-builders-v0.mixins.json
[17:00:47] [main/INFO]: Selecting config fabric-particles-v1.mixins.json
[17:00:47] [main/INFO]: Selecting config fabric-registry-sync-v0.mixins.json
[17:00:47] [main/INFO]: Selecting config fabric-rendering-data-attachment-v1.mixins.json
[17:00:47] [main/INFO]: Selecting config fabric-rendering-fluids-v1.mixins.json
[17:00:47] [main/INFO]: Selecting config fabric-resource-loader-v0.mixins.json
[17:00:47] [main/INFO]: Selecting config fabric-screen-handler-api-v1.mixins.json
[17:00:47] [main/INFO]: Selecting config fabric-structure-api-v1.mixins.json
[17:00:47] [main/INFO]: Selecting config fabric-tag-extensions-v0.mixins.json
[17:00:47] [main/INFO]: Selecting config fabric-tool-attribute-api-v1.mixins.json
[17:00:47] [main/INFO]: Selecting config fabric-transfer-api-v1.mixins.json
[17:00:47] [main/INFO]: Selecting config mixinextras.init.mixins.json
[17:00:47] [main/INFO]: Selecting config qizhangverdict.mixins.json
[17:00:47] [main/INFO]: Preparing fabric-api-lookup-api-v1.mixins.json (2)
[17:00:47] [main/INFO]: Preparing fabric-biome-api-v1.mixins.json (20)
[17:00:47] [main/INFO]: Preparing fabric-command-api-v1.mixins.json (6)
[17:00:47] [main/INFO]: Preparing fabric-containers-v0.mixins.json (1)
[17:00:47] [main/INFO]: Preparing fabric-containers-v0.accurate.mixins.json (1)
[17:00:47] [main/INFO]: Preparing fabric-content-registries-v0.mixins.json (3)
[17:00:47] [main/INFO]: Preparing fabric-crash-report-info-v1.mixins.json (1)
[17:00:47] [main/INFO]: Preparing fabric-dimensions-v1.mixins.json (2)
[17:00:47] [main/INFO]: Preparing fabric-entity-events-v1.mixins.json (8)
[17:00:47] [main/INFO]: Preparing fabric-events-interaction-v0.mixins.json (5)
[17:00:47] [main/INFO]: Preparing fabric-game-rule-api-v1.mixins.json (9)
[17:00:47] [main/INFO]: Preparing fabric-item-api-v1.mixins.json (4)
[17:00:47] [main/INFO]: Preparing fabric-item-groups-v0.mixins.json (3)
[17:00:47] [main/INFO]: Preparing fabric-lifecycle-events-v1.mixins.json (8)
[17:00:47] [main/INFO]: Preparing fabric-loot-tables-v1.mixins.json (6)
[17:00:47] [main/INFO]: Preparing fabric-networking-api-v1.mixins.json (15)
[17:00:47] [main/INFO]: Preparing fabric-networking-blockentity-v0.mixins.json (2)
[17:00:47] [main/INFO]: Preparing fabric-object-builder-v1.mixins.json (15)
[17:00:47] [main/INFO]: Preparing fabric-object-builders-v0.mixins.json (2)
[17:00:47] [main/INFO]: Preparing fabric-particles-v1.mixins.json (3)
[17:00:47] [main/INFO]: Preparing fabric-registry-sync-v0.mixins.json (17)
[17:00:47] [main/INFO]: Preparing fabric-rendering-data-attachment-v1.mixins.json (3)
[17:00:47] [main/INFO]: Preparing fabric-rendering-fluids-v1.mixins.json (1)
[17:00:47] [main/INFO]: Preparing fabric-resource-loader-v0.mixins.json (16)
[17:00:47] [main/INFO]: Preparing fabric-screen-handler-api-v1.mixins.json (1)
[17:00:47] [main/INFO]: Preparing fabric-structure-api-v1.mixins.json (5)
[17:00:47] [main/INFO]: Preparing fabric-tag-extensions-v0.mixins.json (4)
[17:00:47] [main/INFO]: Preparing fabric-tool-attribute-api-v1.mixins.json (3)
[17:00:47] [main/INFO]: Preparing fabric-transfer-api-v1.mixins.json (6)
[17:00:47] [main/INFO]: Preparing mixinextras.init.mixins.json (0)
[17:00:47] [main/INFO]: Preparing qizhangverdict.mixins.json (1)
[17:00:47] [main/INFO]: Prepared 131 mixins in 0.520 sec (4.0ms avg) (0ms load, 0ms transform, 0ms plugin)
[17:00:47] [main/INFO]: Initializing MixinExtras via com.llamalad7.mixinextras.service.MixinExtrasServiceImpl(version=0.4.1).
[17:00:47] [main/INFO]: Mixing ServerBugfixMixin from fabric-dimensions-v1.mixins.json into net.minecraft.server.Main
[17:00:47] [main/INFO]: Mixing MixinMain from fabric-registry-sync-v0.mixins.json into net.minecraft.server.Main
[17:00:47] [main/INFO]: Mixing MixinDynamicRegistryManager from fabric-registry-sync-v0.mixins.json into net.minecraft.class_5455
[17:00:47] [main/WARN]: @Shadow target fabric-registry-sync-v0.mixins.json:MixinDynamicRegistryManager from mod fabric-registry-sync-v0::field_26733 is final but shadow is not decorated with @Final
[17:00:47] [main/INFO]: Mixing DynamicRegistryManagerMixin from fabric-registry-sync-v0.mixins.json into net.minecraft.class_5455
[17:00:47] [main/INFO]: Mixing modification.DynamicRegistryManagerImplMixin from fabric-biome-api-v1.mixins.json into net.minecraft.class_5455$class_5457
[17:00:48] [main/INFO]: Mixing MixinCrashReport from fabric-crash-report-info-v1.mixins.json into net.minecraft.class_128
[17:00:48] [main/INFO]: Renaming synthetic method lambda$fillSystemDetails$0()Ljava/lang/String; to mdd84bd3$fabric-crash-report-info-v1$lambda$fillSystemDetails$0$0 in fabric-crash-report-info-v1.mixins.json:MixinCrashReport from mod fabric-crash-report-info-v1
[17:00:48] [main/INFO]: Mixing MixinBootstrap from fabric-registry-sync-v0.mixins.json into net.minecraft.class_2966
[17:00:48] [main/INFO]: Renaming synthetic method lambda$initialize$1(Lnet/minecraft/class_3611;)Ljava/util/Collection; to mdd84bd3$fabric-registry-sync-v0$lambda$initialize$1$0 in fabric-registry-sync-v0.mixins.json:MixinBootstrap from mod fabric-registry-sync-v0
[17:00:48] [main/INFO]: Renaming synthetic method lambda$initialize$0(Lnet/minecraft/class_2248;)Ljava/util/Collection; to mdd84bd3$fabric-registry-sync-v0$lambda$initialize$0$1 in fabric-registry-sync-v0.mixins.json:MixinBootstrap from mod fabric-registry-sync-v0
[17:00:48] [main/INFO]: Mixing AccessorRegistry from fabric-registry-sync-v0.mixins.json into net.minecraft.class_2378
[17:00:48] [main/INFO]: Renaming @Accessor method getROOT()Lnet/minecraft/class_2385; to getROOT$fabric-registry-sync-v0_$md$d84bd3$0 in fabric-registry-sync-v0.mixins.json:AccessorRegistry from mod fabric-registry-sync-v0
[17:00:48] [main/INFO]: Mixing MixinRegistry from fabric-registry-sync-v0.mixins.json into net.minecraft.class_2378
[17:00:48] [main/INFO]: Mixing MixinIdRegistry from fabric-registry-sync-v0.mixins.json into net.minecraft.class_2370
[17:00:48] [main/INFO]: Renaming synthetic method lambda$new$5([Lnet/fabricmc/fabric/api/event/registry/RegistryIdRemapCallback;)Lnet/fabricmc/fabric/api/event/registry/RegistryIdRemapCallback; to mdd84bd3$fabric-registry-sync-v0$lambda$new$5$0 in fabric-registry-sync-v0.mixins.json:MixinIdRegistry from mod fabric-registry-sync-v0
[17:00:48] [main/INFO]: Renaming synthetic method lambda$new$4([Lnet/fabricmc/fabric/api/event/registry/RegistryIdRemapCallback;Lnet/fabricmc/fabric/api/event/registry/RegistryIdRemapCallback$RemapState;)V to mdd84bd3$fabric-registry-sync-v0$lambda$new$4$1 in fabric-registry-sync-v0.mixins.json:MixinIdRegistry from mod fabric-registry-sync-v0
[17:00:48] [main/INFO]: Renaming synthetic method lambda$new$3([Lnet/fabricmc/fabric/api/event/registry/RegistryEntryRemovedCallback;)Lnet/fabricmc/fabric/api/event/registry/RegistryEntryRemovedCallback; to mdd84bd3$fabric-registry-sync-v0$lambda$new$3$2 in fabric-registry-sync-v0.mixins.json:MixinIdRegistry from mod fabric-registry-sync-v0
[17:00:48] [main/INFO]: Renaming synthetic method lambda$new$2([Lnet/fabricmc/fabric/api/event/registry/RegistryEntryRemovedCallback;ILnet/minecraft/class_2960;Ljava/lang/Object;)V to mdd84bd3$fabric-registry-sync-v0$lambda$new$2$3 in fabric-registry-sync-v0.mixins.json:MixinIdRegistry from mod fabric-registry-sync-v0
[17:00:48] [main/INFO]: Renaming synthetic method lambda$new$1([Lnet/fabricmc/fabric/api/event/registry/RegistryEntryAddedCallback;)Lnet/fabricmc/fabric/api/event/registry/RegistryEntryAddedCallback; to mdd84bd3$fabric-registry-sync-v0$lambda$new$1$4 in fabric-registry-sync-v0.mixins.json:MixinIdRegistry from mod fabric-registry-sync-v0
[17:00:48] [main/INFO]: Renaming synthetic method lambda$new$0([Lnet/fabricmc/fabric/api/event/registry/RegistryEntryAddedCallback;ILnet/minecraft/class_2960;Ljava/lang/Object;)V to mdd84bd3$fabric-registry-sync-v0$lambda$new$0$5 in fabric-registry-sync-v0.mixins.json:MixinIdRegistry from mod fabric-registry-sync-v0
[17:00:48] [main/INFO]: Mixing MixinSimpleRegistry from fabric-registry-sync-v0.mixins.json into net.minecraft.class_2370
[17:00:48] [main/INFO]: Mixing FluidMixin from fabric-transfer-api-v1.mixins.json into net.minecraft.class_3611
[17:00:48] [main/INFO]: Mixing MixinBlock from fabric-object-builder-v1.mixins.json into net.minecraft.class_2248
[17:00:48] [main/INFO]: Mixing OldMixinBlock from fabric-object-builders-v0.mixins.json into net.minecraft.class_2248
[17:00:48] [main/INFO]: Mixing AbstractBlockAccessor from fabric-object-builder-v1.mixins.json into net.minecraft.class_4970
[17:00:48] [main/INFO]: Mixing ItemMixin from fabric-item-api-v1.mixins.json into net.minecraft.class_1792
[17:00:48] [main/INFO]: Mixing OldMixinItem from fabric-object-builders-v0.mixins.json into net.minecraft.class_1792
[17:00:48] [main/INFO]: Mixing ItemMixin from fabric-transfer-api-v1.mixins.json into net.minecraft.class_1792
[17:00:48] [main/INFO]: Mixing BlockEntityTypeAccessor from fabric-api-lookup-api-v1.mixins.json into net.minecraft.class_2591
[17:00:48] [main/INFO]: Mixing VillagerTypeAccessor from fabric-object-builder-v1.mixins.json into net.minecraft.class_3854
[17:00:48] [main/INFO]: Renaming @Accessor method getBiomeTypeToIdMap()Ljava/util/Map; to getBiomeTypeToIdMap$fabric-object-builder-api-v1_$md$d84bd3$0 in fabric-object-builder-v1.mixins.json:VillagerTypeAccessor from mod fabric-object-builder-api-v1
[17:00:48] [main/INFO]: Renaming @Invoker method callRegister(Ljava/lang/String;)Lnet/minecraft/class_3854; to callRegister$fabric-object-builder-api-v1_$md$d84bd3$1 in fabric-object-builder-v1.mixins.json:VillagerTypeAccessor from mod fabric-object-builder-api-v1
[17:00:48] [main/INFO]: Mixing VillagerProfessionAccessor from fabric-object-builder-v1.mixins.json into net.minecraft.class_3852
[17:00:48] [main/INFO]: Renaming @Invoker method create(Ljava/lang/String;Lnet/minecraft/class_4158;Lcom/google/common/collect/ImmutableSet;Lcom/google/common/collect/ImmutableSet;Lnet/minecraft/class_3414;)Lnet/minecraft/class_3852; to create$fabric-object-builder-api-v1_$md$d84bd3$0 in fabric-object-builder-v1.mixins.json:VillagerProfessionAccessor from mod fabric-object-builder-api-v1
[17:00:48] [main/INFO]: Mixing PointOfInterestTypeAccessor from fabric-object-builder-v1.mixins.json into net.minecraft.class_4158
[17:00:48] [main/INFO]: Renaming @Invoker method callCreate(Ljava/lang/String;Ljava/util/Set;ILjava/util/function/Predicate;I)Lnet/minecraft/class_4158; to callCreate$fabric-object-builder-api-v1_$md$d84bd3$0 in fabric-object-builder-v1.mixins.json:PointOfInterestTypeAccessor from mod fabric-object-builder-api-v1
[17:00:48] [main/INFO]: Renaming @Invoker method callCreate(Ljava/lang/String;Ljava/util/Set;II)Lnet/minecraft/class_4158; to callCreate$fabric-object-builder-api-v1_$md$d84bd3$1 in fabric-object-builder-v1.mixins.json:PointOfInterestTypeAccessor from mod fabric-object-builder-api-v1
[17:00:48] [main/INFO]: Renaming @Invoker method callSetup(Lnet/minecraft/class_4158;)Lnet/minecraft/class_4158; to callSetup$fabric-object-builder-api-v1_$md$d84bd3$2 in fabric-object-builder-v1.mixins.json:PointOfInterestTypeAccessor from mod fabric-object-builder-api-v1
[17:00:48] [main/INFO]: Mixing StructureFeatureAccessor from fabric-structure-api-v1.mixins.json into net.minecraft.class_3195
[17:00:48] [main/INFO]: Renaming @Accessor method setSurfaceAdjustingStructures(Ljava/util/List;)V to setSurfaceAdjustingStructures$fabric-structure-api-v1_$md$d84bd3$0 in fabric-structure-api-v1.mixins.json:StructureFeatureAccessor from mod fabric-structure-api-v1
[17:00:48] [main/INFO]: Renaming @Invoker method callRegister(Ljava/lang/String;Lnet/minecraft/class_3195;Lnet/minecraft/class_2893$class_2895;)Lnet/minecraft/class_3195; to callRegister$fabric-structure-api-v1_$md$d84bd3$1 in fabric-structure-api-v1.mixins.json:StructureFeatureAccessor from mod fabric-structure-api-v1
[17:00:48] [main/INFO]: Mixing modification.BiomeAccessor from fabric-biome-api-v1.mixins.json into net.minecraft.class_1959
[17:00:48] [main/INFO]: Mixing BedBlockMixin from fabric-entity-events-v1.mixins.json into net.minecraft.class_2244
[17:00:48] [main/INFO]: Mixing MixinFireBlock from fabric-content-registries-v0.mixins.json into net.minecraft.class_2358
[17:00:48] [main/INFO]: Mixing DropperBlockMixin from fabric-transfer-api-v1.mixins.json into net.minecraft.class_2325
[17:00:48] [main/INFO]: Renaming synthetic method lambda$hookDispense$0(Lnet/fabricmc/fabric/api/transfer/v1/item/ItemVariant;)Z to mdd84bd3$fabric-transfer-api-v1$lambda$hookDispense$0$0 in fabric-transfer-api-v1.mixins.json:DropperBlockMixin from mod fabric-transfer-api-v1
[17:00:48] [main/INFO]: Mixing BambooBlockMixin from fabric-tool-attribute-api-v1.mixins.json into net.minecraft.class_2202
[17:00:48] [main/INFO]: Mixing BambooBlockMixin from fabric-tool-attribute-api-v1.mixins.json into net.minecraft.class_2211
[17:00:48] [main/INFO]: Mixing WorldMixin from fabric-lifecycle-events-v1.mixins.json into net.minecraft.class_1937
[17:00:48] [main/INFO]: Mixing MixinViewableWorld from fabric-rendering-data-attachment-v1.mixins.json into net.minecraft.class_4538
[17:00:48] [main/INFO]: Mixing ServerWorldMixin from fabric-api-lookup-api-v1.mixins.json into net.minecraft.class_3218
[17:00:48] [main/INFO]: Renaming synthetic method lambda$fabric_invalidateCache$5(Ljava/util/Map$Entry;)Z to mdd84bd3$fabric-api-lookup-api-v1$lambda$fabric_invalidateCache$5$0 in fabric-api-lookup-api-v1.mixins.json:ServerWorldMixin from mod fabric-api-lookup-api-v1
[17:00:48] [main/INFO]: Renaming synthetic method lambda$fabric_invalidateCache$4(Ljava/lang/ref/WeakReference;)Z to mdd84bd3$fabric-api-lookup-api-v1$lambda$fabric_invalidateCache$4$1 in fabric-api-lookup-api-v1.mixins.json:ServerWorldMixin from mod fabric-api-lookup-api-v1
[17:00:48] [main/INFO]: Renaming synthetic method lambda$fabric_invalidateCache$3(Ljava/lang/ref/WeakReference;)V to mdd84bd3$fabric-api-lookup-api-v1$lambda$fabric_invalidateCache$3$2 in fabric-api-lookup-api-v1.mixins.json:ServerWorldMixin from mod fabric-api-lookup-api-v1
[17:00:48] [main/INFO]: Renaming synthetic method lambda$fabric_invalidateCache$2(Ljava/lang/ref/WeakReference;)Z to mdd84bd3$fabric-api-lookup-api-v1$lambda$fabric_invalidateCache$2$3 in fabric-api-lookup-api-v1.mixins.json:ServerWorldMixin from mod fabric-api-lookup-api-v1
[17:00:48] [main/INFO]: Renaming synthetic method lambda$fabric_registerCache$1(Ljava/lang/ref/WeakReference;)Z to mdd84bd3$fabric-api-lookup-api-v1$lambda$fabric_registerCache$1$4 in fabric-api-lookup-api-v1.mixins.json:ServerWorldMixin from mod fabric-api-lookup-api-v1
[17:00:48] [main/INFO]: Renaming synthetic method lambda$fabric_registerCache$0(Lnet/minecraft/class_2338;)Ljava/util/List; to mdd84bd3$fabric-api-lookup-api-v1$lambda$fabric_registerCache$0$5 in fabric-api-lookup-api-v1.mixins.json:ServerWorldMixin from mod fabric-api-lookup-api-v1
[17:00:48] [main/INFO]: Mixing ServerWorldMixin from fabric-lifecycle-events-v1.mixins.json into net.minecraft.class_3218
[17:00:48] [main/INFO]: Mixing EntityMixin from fabric-dimensions-v1.mixins.json into net.minecraft.class_1297
[17:00:48] [main/INFO]: Mixing EntityMixin from fabric-entity-events-v1.mixins.json into net.minecraft.class_1297
[17:00:49] [main/INFO]: Mixing PlayerEntityMixin from fabric-entity-events-v1.mixins.json into net.minecraft.class_1657
[17:00:49] [main/INFO]: Mixing LivingEntityMixin from fabric-entity-events-v1.mixins.json into net.minecraft.class_1309
[17:00:49] [main/INFO]: Mixing LivingEntityMixin from fabric-tool-attribute-api-v1.mixins.json into net.minecraft.class_1309
[17:00:49] [main/INFO]: Mixing MixinIdList from fabric-registry-sync-v0.mixins.json into net.minecraft.class_2361
[17:00:49] [main/INFO]: Renaming synthetic method lambda$fabric_remapIds$0(Lit/unimi/dsi/fastutil/ints/Int2IntMap;Ljava/lang/Object;Ljava/lang/Integer;)Ljava/lang/Integer; to mdd84bd3$fabric-registry-sync-v0$lambda$fabric_remapIds$0$0 in fabric-registry-sync-v0.mixins.json:MixinIdList from mod fabric-registry-sync-v0
[17:00:49] [main/WARN]: @Shadow target fabric-registry-sync-v0.mixins.json:MixinIdList from mod fabric-registry-sync-v0::field_11100 is final but shadow is not decorated with @Final
[17:00:49] [main/WARN]: @Shadow target fabric-registry-sync-v0.mixins.json:MixinIdList from mod fabric-registry-sync-v0::field_11098 is final but shadow is not decorated with @Final
[17:00:49] [main/INFO]: Mixing MaterialBuilderAccessor from fabric-object-builder-v1.mixins.json into net.minecraft.class_3614$class_3615
[17:00:49] [main/INFO]: Mixing AbstractBlockSettingsAccessor from fabric-object-builder-v1.mixins.json into net.minecraft.class_4970$class_2251
[17:00:49] [main/INFO]: Mixing AbstractBlockSettingsMixin from fabric-object-builder-v1.mixins.json into net.minecraft.class_4970$class_2251
[17:00:49] [main/INFO]: Mixing MixinBlockEntity from fabric-networking-blockentity-v0.mixins.json into net.minecraft.class_2586
[17:00:49] [main/INFO]: Mixing MixinBlockEntity from fabric-rendering-data-attachment-v1.mixins.json into net.minecraft.class_2586
[17:00:49] [main/INFO]: Mixing MixinAbstractFurnaceBlockEntity from fabric-content-registries-v0.mixins.json into net.minecraft.class_2609
[17:00:49] [main/INFO]: Mixing MobEntityMixin from fabric-item-api-v1.mixins.json into net.minecraft.class_1308
[17:00:49] [main/INFO]: Mixing HopperBlockEntityMixin from fabric-transfer-api-v1.mixins.json into net.minecraft.class_2614
[17:00:49] [main/INFO]: Renaming synthetic method lambda$hookExtract$1(Lnet/fabricmc/fabric/api/transfer/v1/item/ItemVariant;)Z to mdd84bd3$fabric-transfer-api-v1$lambda$hookExtract$1$0 in fabric-transfer-api-v1.mixins.json:HopperBlockEntityMixin from mod fabric-transfer-api-v1
[17:00:49] [main/INFO]: Renaming synthetic method lambda$hookInsert$0(Lnet/fabricmc/fabric/api/transfer/v1/item/ItemVariant;)Z to mdd84bd3$fabric-transfer-api-v1$lambda$hookInsert$0$1 in fabric-transfer-api-v1.mixins.json:HopperBlockEntityMixin from mod fabric-transfer-api-v1
[17:00:51] [main/INFO]: Mixing ServerPlayerEntityAccessor from fabric-containers-v0.mixins.json into net.minecraft.class_3222
[17:00:51] [main/INFO]: Mixing MixinServerPlayerEntity from fabric-containers-v0.accurate.mixins.json into net.minecraft.class_3222
[17:00:51] [main/INFO]: Mixing ServerPlayerEntityMixin from fabric-entity-events-v1.mixins.json into net.minecraft.class_3222
[17:00:51] [main/INFO]: Mixing MixinServerPlayerEntity from fabric-events-interaction-v0.mixins.json into net.minecraft.class_3222
[17:00:51] [main/INFO]: Mixing ServerPlayerEntityMixin from fabric-screen-handler-api-v1.mixins.json into net.minecraft.class_3222
[17:00:51] [main/INFO]: Mixing MixinTagImpl from fabric-tag-extensions-v0.mixins.json into net.minecraft.class_5394
[17:00:51] [main/INFO]: Mixing MixinTagImpl from fabric-tag-extensions-v0.mixins.json into net.minecraft.class_5120$class_5121
[17:00:52] [main/INFO]: Mixing BuiltinBiomesAccessor from fabric-biome-api-v1.mixins.json into net.minecraft.class_5504
[17:00:52] [main/INFO]: Renaming @Accessor method getBY_RAW_ID()Lit/unimi/dsi/fastutil/ints/Int2ObjectMap; to getBY_RAW_ID$fabric-biome-api-v1_$md$d84bd3$0 in fabric-biome-api-v1.mixins.json:BuiltinBiomesAccessor from mod fabric-biome-api-v1
[17:00:52] [main/INFO]: Mixing modification.BiomeEffectsAccessor from fabric-biome-api-v1.mixins.json into net.minecraft.class_4763
[17:00:52] [main/INFO]: Mixing modification.SpawnSettingsAccessor from fabric-biome-api-v1.mixins.json into net.minecraft.class_5483
[17:00:52] [main/INFO]: Mixing modification.SpawnDensityAccessor from fabric-biome-api-v1.mixins.json into net.minecraft.class_5483$class_5265
[17:00:52] [main/INFO]: Renaming @Invoker method create(DD)Lnet/minecraft/class_5483$class_5265; to create$fabric-biome-api-v1_$md$d84bd3$0 in fabric-biome-api-v1.mixins.json:modification.SpawnDensityAccessor from mod fabric-biome-api-v1
[17:00:52] [main/INFO]: Mixing modification.GenerationSettingsAccessor from fabric-biome-api-v1.mixins.json into net.minecraft.class_5485
[17:00:52] [main/INFO]: Mixing modification.BiomeWeatherAccessor from fabric-biome-api-v1.mixins.json into net.minecraft.class_1959$class_5482
[17:00:52] [main/INFO]: Mixing StructuresConfigAccessor from fabric-structure-api-v1.mixins.json into net.minecraft.class_5311
[17:00:52] [main/INFO]: Mixing BucketItemAccessor from fabric-transfer-api-v1.mixins.json into net.minecraft.class_1755
[17:00:52] [main/INFO]: Mixing MixinItemGroup from fabric-item-groups-v0.mixins.json into net.minecraft.class_1761
[17:00:52] [main/WARN]: Write access to @Mutable @Final field field_7921:[Lnet/minecraft/class_1761; in fabric-item-groups-v0.mixins.json:MixinItemGroup from mod fabric-item-groups-v0::fabric_expandArray
[17:00:52] [main/INFO]: Mixing ItemStackMixin from fabric-item-api-v1.mixins.json into net.minecraft.class_1799
[17:00:52] [main/INFO]: Mixing MixinItemStack from fabric-tool-attribute-api-v1.mixins.json into net.minecraft.class_1799
[17:00:52] [main/INFO]: Mixing StructureManagerMixin from fabric-structure-api-v1.mixins.json into net.minecraft.class_3485
[17:00:52] [main/WARN]: Write access to @Mutable @Final field field_15513:Ljava/util/Map; in fabric-structure-api-v1.mixins.json:StructureManagerMixin from mod fabric-structure-api-v1::handler$zdj000$fabric-structure-api-v1$init
[17:00:52] [main/INFO]: Mixing LootPoolEntryTypesAccessor from fabric-loot-tables-v1.mixins.json into net.minecraft.class_75
[17:00:52] [main/INFO]: Renaming @Invoker method register(Ljava/lang/String;Lnet/minecraft/class_5335;)Lnet/minecraft/class_5338; to register$fabric-loot-tables-v1_$md$d84bd3$0 in fabric-loot-tables-v1.mixins.json:LootPoolEntryTypesAccessor from mod fabric-loot-tables-v1
[17:00:52] [main/INFO]: Mixing MultiNoiseBiomeSourceAccessor from fabric-biome-api-v1.mixins.json into net.minecraft.class_4766
[17:00:52] [main/WARN]: fabric-biome-api-v1.mixins.json:MultiNoiseBiomeSourceAccessor from mod fabric-biome-api-v1->@Accessor[FIELD_SETTER]::setBiomePoints(Ljava/util/List;)V for final field net.minecraft.class_4766::field_24115 is not @Mutable
[17:00:52] [main/INFO]: Mixing MixinMultiNoiseBiomeSource from fabric-biome-api-v1.mixins.json into net.minecraft.class_4766$class_5305
[17:00:52] [main/INFO]: Renaming synthetic method lambda$appendNetherBiomes$1(Lnet/minecraft/class_2378;Ljava/util/List;Lnet/minecraft/class_5321;Lnet/minecraft/class_1959$class_4762;)V to mdd84bd3$fabric-biome-api-v1$lambda$appendNetherBiomes$1$0 in fabric-biome-api-v1.mixins.json:MixinMultiNoiseBiomeSource from mod fabric-biome-api-v1
[17:00:52] [main/INFO]: Renaming synthetic method lambda$appendNetherBiomes$0(Lnet/minecraft/class_1959;)Lnet/minecraft/class_1959; to mdd84bd3$fabric-biome-api-v1$lambda$appendNetherBiomes$0$1 in fabric-biome-api-v1.mixins.json:MixinMultiNoiseBiomeSource from mod fabric-biome-api-v1
[17:00:52] [main/INFO]: Mixing VanillaLayeredBiomeSourceAccessor from fabric-biome-api-v1.mixins.json into net.minecraft.class_2088
[17:00:52] [main/INFO]: Renaming @Accessor method getBIOMES()Ljava/util/List; to getBIOMES$fabric-biome-api-v1_$md$d84bd3$0 in fabric-biome-api-v1.mixins.json:VanillaLayeredBiomeSourceAccessor from mod fabric-biome-api-v1
[17:00:52] [main/INFO]: Renaming @Accessor method setBIOMES(Ljava/util/List;)V to setBIOMES$fabric-biome-api-v1_$md$d84bd3$1 in fabric-biome-api-v1.mixins.json:VanillaLayeredBiomeSourceAccessor from mod fabric-biome-api-v1
[17:00:52] [main/WARN]: fabric-biome-api-v1.mixins.json:VanillaLayeredBiomeSourceAccessor from mod fabric-biome-api-v1->@Accessor[FIELD_SETTER]::setBIOMES(Ljava/util/List;)V for final field net.minecraft.class_2088::field_9677 is not @Mutable
[17:00:52] [main/INFO]: Mixing MixinTheEndBiomeSource from fabric-biome-api-v1.mixins.json into net.minecraft.class_2169
[17:00:52] [main/INFO]: Mixing FlatChunkGeneratorConfigAccessor from fabric-structure-api-v1.mixins.json into net.minecraft.class_3232
[17:00:52] [main/INFO]: Renaming @Accessor method getStructureToFeatures()Ljava/util/Map; to getStructureToFeatures$fabric-structure-api-v1_$md$d84bd3$0 in fabric-structure-api-v1.mixins.json:FlatChunkGeneratorConfigAccessor from mod fabric-structure-api-v1
[17:00:53] [main/INFO]: Mixing AccessorFluidTags from fabric-tag-extensions-v0.mixins.json into net.minecraft.class_3486
[17:00:53] [main/INFO]: Renaming @Accessor method getRequiredTags()Lnet/minecraft/class_5120; to getRequiredTags$fabric-tag-extensions-v0_$md$d84bd3$0 in fabric-tag-extensions-v0.mixins.json:AccessorFluidTags from mod fabric-tag-extensions-v0
[17:00:53] [main/INFO]: Mixing DefaultAttributeRegistryAccessor from fabric-object-builder-v1.mixins.json into net.minecraft.class_5135
[17:00:53] [main/INFO]: Renaming @Accessor method getRegistry()Ljava/util/Map; to getRegistry$fabric-object-builder-api-v1_$md$d84bd3$0 in fabric-object-builder-v1.mixins.json:DefaultAttributeRegistryAccessor from mod fabric-object-builder-api-v1
[17:00:53] [main/INFO]: Mixing DefaultAttributeRegistryMixin from fabric-object-builder-v1.mixins.json into net.minecraft.class_5135
[17:00:53] [main/WARN]: Write access to @Mutable @Final field field_23730:Ljava/util/Map; in fabric-object-builder-v1.mixins.json:DefaultAttributeRegistryMixin from mod fabric-object-builder-api-v1::handler$zcg000$fabric-object-builder-api-v1$injectAttributes
[17:00:53] [main/INFO]: Mixing MinecraftServerMixin from fabric-lifecycle-events-v1.mixins.json into net.minecraft.server.MinecraftServer
[17:00:53] [main/INFO]: Renaming synthetic method lambda$endResourceReload$0(Ljava/lang/Void;Ljava/lang/Throwable;)Ljava/lang/Void; to mdd84bd3$fabric-lifecycle-events-v1$lambda$endResourceReload$0$0 in fabric-lifecycle-events-v1.mixins.json:MinecraftServerMixin from mod fabric-lifecycle-events-v1
[17:00:53] [main/INFO]: Mixing MinecraftServerMixin from fabric-resource-loader-v0.mixins.json into net.minecraft.server.MinecraftServer
[17:00:53] [main/INFO]: Mixing ServerLoginNetworkHandlerMixin from fabric-networking-api-v1.mixins.json into net.minecraft.class_3248
[17:00:53] [main/INFO]: Mixing accessor.ServerLoginNetworkHandlerAccessor from fabric-networking-api-v1.mixins.json into net.minecraft.class_3248
[17:00:53] [main/INFO]: Mixing ServerPlayNetworkHandlerMixin from fabric-networking-api-v1.mixins.json into net.minecraft.class_3244
[17:00:53] [main/INFO]: Mixing MixinServerPlayNetworkHandler from fabric-events-interaction-v0.mixins.json into net.minecraft.class_3244
[17:00:53] [main/INFO]: External mod presence only: grimac=false, antixray=false; actual function must be tested separately
[17:00:53] [main/INFO]: Mixing modification.RegistryOpsMixin from fabric-biome-api-v1.mixins.json into net.minecraft.class_5382
[17:00:53] [main/INFO]: Mixing MixinSetBaseBiomesLayer from fabric-biome-api-v1.mixins.json into net.minecraft.class_3640
[17:00:53] [main/INFO]: Mixing AddHillsLayerAccessor from fabric-biome-api-v1.mixins.json into net.minecraft.class_3648
[17:00:53] [main/INFO]: Renaming @Accessor method getBaseToVariantMap()Lit/unimi/dsi/fastutil/ints/Int2IntMap; to getBaseToVariantMap$fabric-biome-api-v1_$md$d84bd3$0 in fabric-biome-api-v1.mixins.json:AddHillsLayerAccessor from mod fabric-biome-api-v1
[17:00:53] [main/INFO]: Mixing MixinAddHillsLayer from fabric-biome-api-v1.mixins.json into net.minecraft.class_3648
[17:00:53] [main/WARN]: @Shadow target fabric-biome-api-v1.mixins.json:MixinAddHillsLayer from mod fabric-biome-api-v1::field_26727 is final but shadow is not decorated with @Final
[17:00:53] [main/INFO]: Mixing MixinAddEdgeBiomesLayer from fabric-biome-api-v1.mixins.json into net.minecraft.class_3655
[17:00:53] [main/INFO]: Mixing MixinAddRiversLayer from fabric-biome-api-v1.mixins.json into net.minecraft.class_3652
[17:00:53] [main/INFO]: Environment: authHost='https://authserver.mojang.com', accountsHost='https://api.mojang.com', sessionHost='https://sessionserver.mojang.com', servicesHost='https://api.minecraftservices.com', name='PROD'
[17:00:54] [main/INFO]: Mixing GameRulesAccessor from fabric-game-rule-api-v1.mixins.json into net.minecraft.class_1928
[17:00:54] [main/INFO]: Renaming @Invoker method callRegister(Ljava/lang/String;Lnet/minecraft/class_1928$class_5198;Lnet/minecraft/class_1928$class_4314;)Lnet/minecraft/class_1928$class_4313; to callRegister$fabric-game-rule-api-v1_$md$d84bd3$0 in fabric-game-rule-api-v1.mixins.json:GameRulesAccessor from mod fabric-game-rule-api-v1
[17:00:54] [main/INFO]: Renaming @Accessor method getRuleTypes()Ljava/util/Map; to getRuleTypes$fabric-game-rule-api-v1_$md$d84bd3$1 in fabric-game-rule-api-v1.mixins.json:GameRulesAccessor from mod fabric-game-rule-api-v1
[17:00:54] [main/INFO]: Mixing RuleKeyMixin from fabric-game-rule-api-v1.mixins.json into net.minecraft.class_1928$class_4313
[17:00:54] [main/INFO]: Mixing BooleanRuleAccessor from fabric-game-rule-api-v1.mixins.json into net.minecraft.class_1928$class_4310
[17:00:54] [main/INFO]: Renaming @Invoker method invokeCreate(ZLjava/util/function/BiConsumer;)Lnet/minecraft/class_1928$class_4314; to invokeCreate$fabric-game-rule-api-v1_$md$d84bd3$0 in fabric-game-rule-api-v1.mixins.json:BooleanRuleAccessor from mod fabric-game-rule-api-v1
[17:00:54] [main/INFO]: Mixing IntRuleAccessor from fabric-game-rule-api-v1.mixins.json into net.minecraft.class_1928$class_4312
[17:00:54] [main/INFO]: Mixing AccessorLevelStorageSession from fabric-registry-sync-v0.mixins.json into net.minecraft.class_32$class_5143
[17:00:54] [main/INFO]: Mixing MixinLevelStorageSession from fabric-registry-sync-v0.mixins.json into net.minecraft.class_32$class_5143
[17:00:54] [main/INFO]: Mixing ResourcePackManagerMixin from fabric-resource-loader-v0.mixins.json into net.minecraft.class_3283
[17:00:54] [main/INFO]: Mixing ResourcePackManagerAccessor from fabric-resource-loader-v0.mixins.json into net.minecraft.class_3283
[17:00:54] [main/WARN]: Write access to @Mutable @Final field field_14227:Ljava/util/Set; in fabric-resource-loader-v0.mixins.json:ResourcePackManagerMixin from mod fabric-resource-loader-v0::handler$zdg000$fabric-resource-loader-v0$construct
[17:00:54] [main/INFO]: Mixing DefaultResourcePackMixin from fabric-resource-loader-v0.mixins.json into net.minecraft.class_3268
[17:00:54] [main/INFO]: Mixing AbstractFileResourcePackAccessor from fabric-resource-loader-v0.mixins.json into net.minecraft.class_3255
[17:00:54] [main/INFO]: Mixing FileResourcePackProviderAccessor from fabric-resource-loader-v0.mixins.json into net.minecraft.class_3279
[17:00:54] [main/INFO]: Mixing ResourcePackProfileAccessor from fabric-resource-loader-v0.mixins.json into net.minecraft.class_3288
[17:00:54] [main/INFO]: Found new data pack Fabric Mods, loading it automatically
[17:00:54] [main/INFO]: Mixing ReloadableResourceManagerImplMixin from fabric-resource-loader-v0.mixins.json into net.minecraft.class_3304
[17:00:54] [main/INFO]: Renaming synthetic method lambda$getResourcePackNames$0(Lnet/minecraft/class_3262;)Ljava/lang/String; to mdd84bd3$fabric-resource-loader-v0$lambda$getResourcePackNames$0$0 in fabric-resource-loader-v0.mixins.json:ReloadableResourceManagerImplMixin from mod fabric-resource-loader-v0
[17:00:54] [main/INFO]: Mixing KeyedResourceReloadListenerMixin from fabric-resource-loader-v0.mixins.json into net.minecraft.class_1863
[17:00:54] [main/INFO]: Mixing KeyedResourceReloadListenerMixin from fabric-resource-loader-v0.mixins.json into net.minecraft.class_3505
[17:00:54] [main/INFO]: Mixing MixinLootManager from fabric-loot-tables-v1.mixins.json into net.minecraft.class_60
[17:00:54] [main/INFO]: Renaming synthetic method lambda$apply$2(Lnet/minecraft/class_3300;Ljava/util/Map;Lnet/minecraft/class_2960;Lnet/minecraft/class_52;)V to mdd84bd3$fabric-loot-tables-v1$lambda$apply$2$0 in fabric-loot-tables-v1.mixins.json:MixinLootManager from mod fabric-loot-tables-v1
[17:00:54] [main/INFO]: Renaming synthetic method lambda$apply$1(Lnet/fabricmc/fabric/api/loot/v1/FabricLootSupplierBuilder;Lnet/minecraft/class_2960;)Lnet/minecraft/class_52; to mdd84bd3$fabric-loot-tables-v1$lambda$apply$1$1 in fabric-loot-tables-v1.mixins.json:MixinLootManager from mod fabric-loot-tables-v1
[17:00:54] [main/INFO]: Renaming synthetic method lambda$apply$0(Ljava/util/Map;Lnet/minecraft/class_2960;Lnet/minecraft/class_52;)V to mdd84bd3$fabric-loot-tables-v1$lambda$apply$0$2 in fabric-loot-tables-v1.mixins.json:MixinLootManager from mod fabric-loot-tables-v1
[17:00:54] [main/INFO]: Mixing KeyedResourceReloadListenerMixin from fabric-resource-loader-v0.mixins.json into net.minecraft.class_60
[17:00:54] [main/INFO]: Mixing MixinLootPool from fabric-loot-tables-v1.mixins.json into net.minecraft.class_55
[17:00:54] [main/INFO]: Mixing MixinLootSupplier from fabric-loot-tables-v1.mixins.json into net.minecraft.class_52
[17:00:54] [main/INFO]: Mixing KeyedResourceReloadListenerMixin from fabric-resource-loader-v0.mixins.json into net.minecraft.class_2989
[17:00:54] [main/INFO]: Mixing CommandManagerMixin from fabric-command-api-v1.mixins.json into net.minecraft.class_2170
[17:00:54] [main/INFO]: Mixing CommandGate116Mixin from qizhangverdict.mixins.json into net.minecraft.class_2170
[17:00:54] [main/INFO]: Mixing GameRuleCommandAccessor from fabric-game-rule-api-v1.mixins.json into net.minecraft.class_3065
[17:00:54] [main/INFO]: Renaming @Invoker method invokeExecuteSet(Lcom/mojang/brigadier/context/CommandContext;Lnet/minecraft/class_1928$class_4313;)I to invokeExecuteSet$fabric-game-rule-api-v1_$md$d84bd3$0 in fabric-game-rule-api-v1.mixins.json:GameRuleCommandAccessor from mod fabric-game-rule-api-v1
[17:00:54] [main/INFO]: Renaming @Invoker method invokeExecuteQuery(Lnet/minecraft/class_2168;Lnet/minecraft/class_1928$class_4313;)I to invokeExecuteQuery$fabric-game-rule-api-v1_$md$d84bd3$1 in fabric-game-rule-api-v1.mixins.json:GameRuleCommandAccessor from mod fabric-game-rule-api-v1
[17:00:54] [main/INFO]: Mixing GameRuleCommandVisitorMixin from fabric-game-rule-api-v1.mixins.json into net.minecraft.class_3065$1
[17:00:54] [main/WARN]: @Shadow target fabric-game-rule-api-v1.mixins.json:GameRuleCommandVisitorMixin from mod fabric-game-rule-api-v1::field_19419 is final but shadow is not decorated with @Final
[17:00:54] [main/INFO]: Mixing HelpCommandAccessor from fabric-command-api-v1.mixins.json into net.minecraft.class_3069
[17:00:54] [main/INFO]: Renaming @Accessor method getFailedException()Lcom/mojang/brigadier/exceptions/SimpleCommandExceptionType; to getFailedException$fabric-command-api-v1_$md$d84bd3$0 in fabric-command-api-v1.mixins.json:HelpCommandAccessor from mod fabric-command-api-v1
[17:00:55] [main/INFO]: Mixing TeleportCommandMixin from fabric-entity-events-v1.mixins.json into net.minecraft.class_3143
[17:00:55] [main/WARN]: Ambiguity between arguments [teleport, destination] and [teleport, targets] with inputs: [Player, 0123, @e, dd12be42-52a9-4a91-a8a1-11c01849e498]
[17:00:55] [main/WARN]: Ambiguity between arguments [teleport, location] and [teleport, destination] with inputs: [0.1 -0.5 .9, 0 0 0]
[17:00:55] [main/WARN]: Ambiguity between arguments [teleport, location] and [teleport, targets] with inputs: [0.1 -0.5 .9, 0 0 0]
[17:00:55] [main/WARN]: Ambiguity between arguments [teleport, targets] and [teleport, destination] with inputs: [Player, 0123, dd12be42-52a9-4a91-a8a1-11c01849e498]
[17:00:55] [main/WARN]: Ambiguity between arguments [teleport, targets, location] and [teleport, targets, destination] with inputs: [0.1 -0.5 .9, 0 0 0]
[17:00:55] [main/INFO]: Mixing KeyedResourceReloadListenerMixin from fabric-resource-loader-v0.mixins.json into net.minecraft.class_5349
[17:00:55] [main/INFO]: Reloading ResourceManager: Default, Fabric Mods (Fabric Tool Attribute API (v1))
[17:00:55] [main/INFO]: Mixing NamespaceResourceManagerAccessor from fabric-resource-loader-v0.mixins.json into net.minecraft.class_3294
[17:00:55] [main/INFO]: Renaming @Invoker method fabric$accessor_getMetadataPath(Lnet/minecraft/class_2960;)Lnet/minecraft/class_2960; to fabric$accessor_getMetadataPath$fabric-resource-loader-v0_$md$d84bd3$0 in fabric-resource-loader-v0.mixins.json:NamespaceResourceManagerAccessor from mod fabric-resource-loader-v0
[17:00:55] [main/INFO]: Mixing NamespaceResourceManagerMixin from fabric-resource-loader-v0.mixins.json into net.minecraft.class_3294
[17:00:56] [Worker-Main-9/INFO]: Mixing MixinTagBuilder from fabric-tag-extensions-v0.mixins.json into net.minecraft.class_3494$class_3495
[17:00:56] [Worker-Main-9/WARN]: @Shadow target fabric-tag-extensions-v0.mixins.json:MixinTagBuilder from mod fabric-tag-extensions-v0::field_23688 is final but shadow is not decorated with @Final
[17:00:57] [Worker-Main-11/INFO]: Loaded 7 recipes
[17:00:58] [Worker-Main-11/INFO]: Mixing LootSupplierBuilderHooks from fabric-loot-tables-v1.mixins.json into net.minecraft.class_52$class_53
[17:00:58] [Worker-Main-11/INFO]: Mixing CriteriaAccessor from fabric-object-builder-v1.mixins.json into net.minecraft.class_174
[17:00:58] [Worker-Main-11/INFO]: Renaming @Invoker method callRegister(Lnet/minecraft/class_179;)Lnet/minecraft/class_179; to callRegister$fabric-object-builder-api-v1_$md$d84bd3$0 in fabric-object-builder-v1.mixins.json:CriteriaAccessor from mod fabric-object-builder-api-v1
[17:00:58] [Worker-Main-11/INFO]: Loaded 927 advancements
[17:00:59] [main/INFO]: Applied 0 biome modifications to 0 of 79 new biomes in 2.438 ms
[17:00:59] [main/INFO]: Mixing PlayerManagerMixin from fabric-entity-events-v1.mixins.json into net.minecraft.class_3324
[17:00:59] [main/INFO]: Mixing PlayerManagerMixin from fabric-networking-api-v1.mixins.json into net.minecraft.class_3324
[17:00:59] [main/INFO]: Mixing MixinPlayerManager from fabric-registry-sync-v0.mixins.json into net.minecraft.class_3324
[17:00:59] [Server thread/INFO]: QiZhangGuard started: QiZhangVerdict sessions=0, trackedIPs=0, accountPairs=0, rules=11, companion=required, vm=DENY, blacklist=DENY, rateBuckets=0, accountBans=0, deviceBans=0, deviceRequired=true. Reports are self-reported, not trusted attestation.
[17:00:59] [Server thread/INFO]: Starting minecraft server version 1.16.5
[17:00:59] [Server thread/INFO]: Loading properties
[17:00:59] [Server thread/INFO]: Default game type: SURVIVAL
[17:00:59] [Server thread/INFO]: Generating keypair
[17:00:59] [Server thread/INFO]: Starting Minecraft server on 127.0.0.1:25651
[17:00:59] [Server thread/INFO]: Using default channel type
[17:00:59] [Server thread/INFO]: Mixing ClientConnectionMixin from fabric-networking-api-v1.mixins.json into net.minecraft.class_2535
[17:01:02] [Server thread/WARN]: **** SERVER IS RUNNING IN OFFLINE/INSECURE MODE!
[17:01:02] [Server thread/WARN]: The server will make no attempt to authenticate usernames. Beware.
[17:01:02] [Server thread/WARN]: While this makes the game possible to play without internet access, it also opens up the ability for hackers to connect with any username they choose.
[17:01:02] [Server thread/WARN]: To change this, set "online-mode" to "true" in the server.properties file.
[17:01:02] [Server thread/INFO]: Mixing MixinServerPlayerInteractionManager from fabric-events-interaction-v0.mixins.json into net.minecraft.class_3225
[17:01:02] [Server thread/INFO]: Preparing level "world"
[17:01:03] [Server thread/INFO]: Mixing ThreadedAnvilChunkStorageMixin from fabric-lifecycle-events-v1.mixins.json into net.minecraft.class_3898
[17:01:03] [Server thread/INFO]: Mixing ThreadedAnvilChunkStorageMixin from fabric-networking-api-v1.mixins.json into net.minecraft.class_3898
[17:01:04] [Server thread/INFO]: Preparing start region for dimension minecraft:overworld
[17:01:04] [Worker-Main-14/INFO]: Preparing spawn area: 0%
[17:01:04] [Worker-Main-8/INFO]: Preparing spawn area: 0%
[17:01:05] [Worker-Main-9/INFO]: Mixing SpawnRestrictionAccessor from fabric-object-builder-v1.mixins.json into net.minecraft.class_1317
[17:01:05] [Worker-Main-9/INFO]: Renaming @Invoker method callRegister(Lnet/minecraft/class_1299;Lnet/minecraft/class_1317$class_1319;Lnet/minecraft/class_2902$class_2903;Lnet/minecraft/class_1317$class_4306;)V to callRegister$fabric-object-builder-api-v1_$md$d84bd3$0 in fabric-object-builder-v1.mixins.json:SpawnRestrictionAccessor from mod fabric-object-builder-api-v1
[17:01:05] [Worker-Main-9/INFO]: Preparing spawn area: 0%
[17:01:05] [Server thread/INFO]: Mixing accessor.EntityTrackerAccessor from fabric-networking-api-v1.mixins.json into net.minecraft.class_3898$class_3208
[17:01:05] [Server thread/INFO]: Mixing EntityTrackerEntryMixin from fabric-networking-api-v1.mixins.json into net.minecraft.class_3231
[17:01:05] [Worker-Main-13/INFO]: Preparing spawn area: 4%
[17:01:06] [Worker-Main-9/INFO]: Preparing spawn area: 7%
[17:01:06] [Worker-Main-15/INFO]: Preparing spawn area: 8%
[17:01:07] [Worker-Main-13/INFO]: Preparing spawn area: 16%
[17:01:07] [Worker-Main-10/INFO]: Preparing spawn area: 17%
[17:01:08] [Worker-Main-15/INFO]: Preparing spawn area: 23%
[17:01:08] [Worker-Main-9/INFO]: Preparing spawn area: 29%
[17:01:09] [Worker-Main-15/INFO]: Preparing spawn area: 29%
[17:01:09] [Worker-Main-9/INFO]: Preparing spawn area: 35%
[17:01:10] [Worker-Main-12/INFO]: Preparing spawn area: 38%
[17:01:10] [Worker-Main-8/INFO]: Preparing spawn area: 46%
[17:01:11] [Worker-Main-15/INFO]: Preparing spawn area: 53%
[17:01:11] [Worker-Main-9/INFO]: Preparing spawn area: 60%
[17:01:12] [Worker-Main-15/INFO]: Preparing spawn area: 67%
[17:01:12] [Worker-Main-8/INFO]: Preparing spawn area: 73%
[17:01:13] [Worker-Main-9/INFO]: Preparing spawn area: 81%
[17:01:13] [Worker-Main-14/INFO]: Preparing spawn area: 87%
[17:01:14] [Worker-Main-13/INFO]: Preparing spawn area: 94%
[17:01:14] [Server thread/INFO]: Time elapsed: 10362 ms
[17:01:14] [Server thread/INFO]: Done (11.876s)! For help, type "help"
[17:01:15] [Server thread/INFO]: QiZhangVerdict sessions=0, trackedIPs=0, accountPairs=0, rules=11, companion=required, vm=DENY, blacklist=DENY, rateBuckets=0, accountBans=0, deviceBans=0, deviceRequired=true
[17:01:16] [Server thread/INFO]: QiZhangVerdict sessions=0, trackedIPs=0, accountPairs=0, rules=11, companion=required, vm=ALERT, blacklist=DENY, rateBuckets=0, accountBans=0, deviceBans=0, deviceRequired=true
[17:01:18] [Netty Server IO #1/INFO]: Mixing accessor.CustomPayloadC2SPacketAccessor from fabric-networking-api-v1.mixins.json into net.minecraft.class_2817
[17:01:18] [Netty Server IO #1/INFO]: Mixing accessor.LoginQueryRequestS2CPacketAccessor from fabric-networking-api-v1.mixins.json into net.minecraft.class_2899
[17:01:18] [Netty Server IO #1/INFO]: Mixing accessor.LoginQueryResponseC2SPacketAccessor from fabric-networking-api-v1.mixins.json into net.minecraft.class_2913
[17:01:18] [Server thread/INFO]: QVBot1[/127.0.0.1:13795] logged in with entity id 182 at (-243.5, 69.0, 115.5)
[17:01:18] [Server thread/INFO]: QVBot1 joined the game
[17:01:19] [Server thread/INFO]: QVBot1 lost connection: Disconnected
[17:01:19] [Server thread/INFO]: QVBot1 left the game
[17:01:19] [Server thread/INFO]: QiZhangVerdict sessions=0, trackedIPs=1, accountPairs=1, rules=11, companion=required, vm=ALERT, blacklist=DENY, rateBuckets=1, accountBans=0, deviceBans=0, deviceRequired=true
[17:01:21] [Server thread/INFO]: GateAccount[/127.0.0.1:13797] logged in with entity id 183 at (-246.5, 68.0, 108.5)
[17:01:21] [Server thread/INFO]: GateAccount joined the game
[17:01:23] [Server thread/INFO]: Made GateAccount a server operator
[17:01:25] [Server thread/INFO]: [GateAccount] QZ_POST_GATE
[17:01:25] [Server thread/INFO]: GateAccount lost connection: Disconnected
[17:01:25] [Server thread/INFO]: GateAccount left the game
[17:01:26] [Server thread/INFO]: Made GateAccount no longer a server operator
[17:01:27] [Server thread/INFO]: QiZhangVerdict sessions=0, trackedIPs=1, accountPairs=2, rules=11, companion=required, vm=ALERT, blacklist=DENY, rateBuckets=1, accountBans=0, deviceBans=0, deviceRequired=true
[17:01:29] [Server thread/INFO]: QVBot2[/127.0.0.1:7068] logged in with entity id 184 at (-247.5, 70.0, 118.5)
[17:01:29] [Server thread/INFO]: QVBot2 joined the game
[17:01:33] [Server thread/INFO]: QVBot2 lost connection: QiZhangGuard: required companion report timed out
[17:01:33] [Server thread/INFO]: QVBot2 left the game
[17:01:34] [Server thread/INFO]: BadWire[/127.0.0.1:7073] logged in with entity id 185 at (-246.5, 68.0, 109.5)
[17:01:34] [Server thread/INFO]: BadWire joined the game
[17:01:35] [Server thread/INFO]: BadWire lost connection: Malformed or oversized companion report
[17:01:35] [Server thread/INFO]: BadWire left the game
[17:01:35] [Server thread/INFO]: BadWire[/127.0.0.1:7075] logged in with entity id 186 at (-246.5, 68.0, 109.5)
[17:01:35] [Server thread/INFO]: BadWire joined the game
[17:01:37] [Server thread/INFO]: BadWire lost connection: Disconnected
[17:01:37] [Server thread/INFO]: BadWire left the game
[17:01:37] [Server thread/INFO]: QVBot3[/127.0.0.1:7077] logged in with entity id 187 at (-231.5, 71.0, 110.5)
[17:01:37] [Server thread/INFO]: QVBot3 joined the game
[17:01:39] [Server thread/INFO]: QVBot4[/127.0.0.1:7081] logged in with entity id 188 at (-232.5, 71.0, 110.5)
[17:01:39] [Server thread/INFO]: QVBot4 joined the game
[17:01:39] [Server thread/INFO]: QVBot4 lost connection: Only the configured number of accounts may use the same IP and device concurrently
[17:01:39] [Server thread/INFO]: QVBot4 left the game
[17:01:40] [Server thread/INFO]: QVBot5[/127.0.0.1:7082] logged in with entity id 189 at (-231.5, 71.0, 111.5)
[17:01:40] [Server thread/INFO]: QVBot5 joined the game
[17:01:41] [Server thread/INFO]: QVBot6[/127.0.0.1:7086] logged in with entity id 190 at (-242.5, 69.0, 107.5)
[17:01:41] [Server thread/INFO]: QVBot6 joined the game
[17:01:43] [Server thread/INFO]: QVBot7[/127.0.0.1:7090] logged in with entity id 191 at (-247.5, 70.0, 122.5)
[17:01:43] [Server thread/INFO]: QVBot7 joined the game
[17:01:43] [Server thread/INFO]: QVBot7 lost connection: Too many simultaneous accounts from this IP
[17:01:43] [Server thread/INFO]: QVBot7 left the game
[17:01:44] [Server thread/INFO]: QVBot3 lost connection: Disconnected
[17:01:44] [Server thread/INFO]: QVBot3 left the game
[17:01:44] [Server thread/INFO]: QVBot5 lost connection: Disconnected
[17:01:44] [Server thread/INFO]: QVBot5 left the game
[17:01:44] [Server thread/INFO]: QVBot6 lost connection: Disconnected
[17:01:44] [Server thread/INFO]: QVBot6 left the game
[17:01:44] [Server thread/INFO]: QVBot8[/127.0.0.1:7092] logged in with entity id 192 at (-242.5, 69.0, 108.5)
[17:01:44] [Server thread/INFO]: QVBot8 joined the game
[17:01:46] [Server thread/INFO]: QVBot8 lost connection: Disconnected
[17:01:46] [Server thread/INFO]: QVBot8 left the game
[17:01:46] [Server thread/INFO]: CheatAccount[/127.0.0.1:2554] logged in with entity id 193 at (-245.5, 69.0, 102.5)
[17:01:46] [Server thread/INFO]: CheatAccount joined the game
[17:01:47] [Server thread/INFO]: CheatAccount lost connection: Reported mod matches an exact server blacklist rule
[17:01:47] [Server thread/INFO]: CheatAccount left the game
[17:01:48] [Server thread/INFO]: LinkedAccount[/127.0.0.1:2559] logged in with entity id 194 at (-239.5, 70.0, 122.5)
[17:01:48] [Server thread/INFO]: LinkedAccount joined the game
[17:01:48] [Server thread/INFO]: LinkedAccount lost connection: This reported device identifier is banned
[17:01:48] [Server thread/INFO]: LinkedAccount left the game
[17:01:49] [Server thread/INFO]: CheatAccount[/127.0.0.1:2560] logged in with entity id 195 at (-245.5, 69.0, 102.5)
[17:01:49] [Server thread/INFO]: CheatAccount joined the game
[17:01:49] [Server thread/INFO]: CheatAccount lost connection: This account is banned by the server
[17:01:49] [Server thread/INFO]: CheatAccount left the game
[17:01:50] [Server thread/INFO]: Unbanned: true
[17:01:52] [Server thread/INFO]: Unbanned: true
[17:01:53] [Server thread/INFO]: CheatAccount[/127.0.0.1:2561] logged in with entity id 196 at (-245.5, 69.0, 102.5)
[17:01:53] [Server thread/INFO]: CheatAccount joined the game
[17:01:54] [Server thread/INFO]: CheatAccount lost connection: Disconnected
[17:01:54] [Server thread/INFO]: CheatAccount left the game
[17:01:55] [Server thread/INFO]: Added rule: bccf0ef0-6987-4b4f-b3d5-2f17fc0abe93
[17:01:56] [Server thread/INFO]: QVBot9[/127.0.0.1:2563] logged in with entity id 197 at (-238.5, 70.0, 120.5)
[17:01:56] [Server thread/INFO]: QVBot9 joined the game
[17:01:56] [Server thread/INFO]: QVBot9 lost connection: Reported mod matches a server blacklist rule
[17:01:56] [Server thread/INFO]: QVBot9 left the game
[17:01:57] [Server thread/INFO]: Added rule: af25776a-be36-490f-8012-351365928f2e
[17:01:59] [Server thread/INFO]: QVBot10[/127.0.0.1:2567] logged in with entity id 198 at (-232.5, 71.0, 113.5)
[17:01:59] [Server thread/INFO]: QVBot10 joined the game
[17:02:00] [Server thread/INFO]: QVBot10 lost connection: Disconnected
[17:02:00] [Server thread/INFO]: QVBot10 left the game
[17:02:01] [Server thread/INFO]: Removed: true
[17:02:02] [Server thread/INFO]: QVBot11[/127.0.0.1:2572] logged in with entity id 199 at (-229.5, 71.0, 109.5)
[17:02:02] [Server thread/INFO]: QVBot11 joined the game
[17:02:02] [Server thread/INFO]: QVBot11 lost connection: Reported mod matches a server blacklist rule
[17:02:02] [Server thread/INFO]: QVBot11 left the game
[17:02:03] [Server thread/INFO]: Removed: true
[17:02:05] [Server thread/INFO]: QVBot12[/127.0.0.1:10218] logged in with entity id 200 at (-231.5, 71.0, 116.5)
[17:02:05] [Server thread/INFO]: QVBot12 joined the game
[17:02:06] [Server thread/INFO]: QVBot12 lost connection: Disconnected
[17:02:06] [Server thread/INFO]: QVBot12 left the game
[17:02:06] [Server thread/INFO]: Added rule: e884da85-646f-4a19-b8ef-6d74c006b6dd
[17:02:08] [Server thread/INFO]: QVBot13[/127.0.0.1:2897] logged in with entity id 201 at (-231.5, 71.0, 121.5)
[17:02:08] [Server thread/INFO]: QVBot13 joined the game
[17:02:08] [Server thread/INFO]: QVBot13 lost connection: Reported mod matches a server blacklist rule
[17:02:08] [Server thread/INFO]: QVBot13 left the game
[17:02:09] [Server thread/INFO]: QiZhangVerdict sessions=0, trackedIPs=1, accountPairs=16, rules=12, companion=required, vm=ALERT, blacklist=DENY, rateBuckets=1, accountBans=4, deviceBans=3, deviceRequired=true
[17:02:10] [Server thread/INFO]: QVBot14[/127.0.0.1:2899] logged in with entity id 202 at (-245.5, 69.0, 114.5)
[17:02:10] [Server thread/INFO]: QVBot14 joined the game
[17:02:10] [Server thread/INFO]: QVBot14 lost connection: This IP is denied by server policy
[17:02:10] [Server thread/INFO]: QVBot14 left the game
[17:02:12] [Server thread/INFO]: QiZhangVerdict sessions=0, trackedIPs=1, accountPairs=16, rules=12, companion=required, vm=DENY, blacklist=DENY, rateBuckets=1, accountBans=4, deviceBans=3, deviceRequired=true
[17:02:13] [Server thread/INFO]: QVBot15[/127.0.0.1:2900] logged in with entity id 203 at (-230.5, 71.0, 117.5)
[17:02:13] [Server thread/INFO]: QVBot15 joined the game
[17:02:14] [Server thread/INFO]: QVBot15 lost connection: Companion reported a virtual machine indicator
[17:02:14] [Server thread/INFO]: QVBot15 left the game
[17:02:14] [Server thread/INFO]: QVBot16[/127.0.0.1:2901] logged in with entity id 204 at (-243.5, 69.0, 118.5)
[17:02:14] [Server thread/INFO]: QVBot16 joined the game
[17:02:15] [Server thread/INFO]: Report decision player=edc8f3dc-ba2e-3999-9748-0637a3718bb0 code=VM_UNKNOWN message=VM status is unknown or has only inconclusive indicators
[17:02:16] [Server thread/INFO]: QVBot16 lost connection: Disconnected
[17:02:16] [Server thread/INFO]: QVBot16 left the game
[17:02:16] [Server thread/INFO]: QiZhangVerdict sessions=0, trackedIPs=1, accountPairs=18, rules=12, companion=required, vm=ALERT, blacklist=DENY, rateBuckets=1, accountBans=5, deviceBans=4, deviceRequired=true
[17:02:18] [Server thread/INFO]: QVBot17[/127.0.0.1:3938] logged in with entity id 205 at (-243.5, 69.0, 115.5)
[17:02:18] [Server thread/INFO]: QVBot17 joined the game
[17:02:19] [Server thread/INFO]: QVBot18[/127.0.0.1:3940] logged in with entity id 206 at (-234.5, 70.0, 108.5)
[17:02:19] [Server thread/INFO]: QVBot18 joined the game
[17:02:21] [Server thread/INFO]: QVBot19[/127.0.0.1:3942] logged in with entity id 207 at (-242.5, 69.0, 110.5)
[17:02:21] [Server thread/INFO]: QVBot19 joined the game
[17:02:21] [Server thread/INFO]: QVBot19 lost connection: Too many simultaneous accounts from this IP
[17:02:21] [Server thread/INFO]: QVBot19 left the game
[17:02:22] [Server thread/INFO]: QVBot17 lost connection: Disconnected
[17:02:22] [Server thread/INFO]: QVBot17 left the game
[17:02:22] [Server thread/INFO]: QVBot18 lost connection: Disconnected
[17:02:22] [Server thread/INFO]: QVBot18 left the game
[17:02:22] [Server thread/INFO]: Page 1/1
06205eb0-363d-35e3-8c60-8c1ef8b83c9c	BLACKLIST_DENIED
15519aaa-3950-3430-bc9c-c0c7c47a9cf3	BLACKLIST_DENIED
87b706ea-8c04-3118-b4cc-2d720ee925df	VM_DENIED
b791d91a-dbdc-3a65-a036-fc39d6993ac9	DEVICE_BANNED
d8c92e3a-17df-39d2-a36d-e08c0d1aab2e	BLACKLIST_DENIED
device:0723e1710c0a08646895f23b3eaf0153e6fb1d316ec121abe3e842cbff565460	VM_DENIED
device:746caab8fda1c4e339d0724f9fb70b2d52b533cbfce2a0a2b98a039648cbf174	BLACKLIST_DENIED
device:d6578071b2c3a3ef93925882a0215c31812b6db116703c2082e07adec5a2499e	BLACKLIST_DENIED
device:fb7f23f1518fc50a1bfa07fc581a2f340c89a3596042f418617b9dd66614e239	BLACKLIST_DENIED
[17:02:24] [Server thread/INFO]: Page 1/2
legacy:automation:baritone	BLACK	MOD	EXACT	baritone	ALERT
legacy:mod:advanced-xray-fabric	BLACK	MOD	EXACT	advanced-xray-fabric	DENY
legacy:mod:bleachhack	BLACK	MOD	EXACT	bleachhack	DENY
legacy:mod:earthhack	BLACK	MOD	EXACT	earthhack	DENY
legacy:mod:kamiblue	BLACK	MOD	EXACT	kamiblue	DENY
legacy:mod:liquidbounce	BLACK	MOD	EXACT	liquidbounce	DENY
legacy:mod:salhack	BLACK	MOD	EXACT	salhack	DENY
legacy:mod:thunderhack	BLACK	MOD	EXACT	thunderhack	DENY
legacy:mod:wurst	BLACK	MOD	EXACT	wurst	DENY
legacy:mod:xray	BLACK	MOD	EXACT	xray	DENY
[17:02:25] [Server thread/INFO]: Stopping the server
[17:02:25] [Server thread/INFO]: Stopping server
[17:02:25] [Server thread/INFO]: Saving players
[17:02:25] [Server thread/INFO]: Saving worlds
[17:02:25] [Server thread/INFO]: Saving chunks for level 'ServerLevel[world]'/minecraft:overworld
[17:02:25] [Server thread/INFO]: Mixing ChunkSerializerMixin from fabric-structure-api-v1.mixins.json into net.minecraft.class_2852
[17:02:25] [Server thread/INFO]: Renaming synthetic method lambda$static$0()Ljava/lang/Boolean; to mdd84bd3$fabric-structure-api-v1$lambda$static$0$0 in fabric-structure-api-v1.mixins.json:ChunkSerializerMixin from mod fabric-structure-api-v1
[17:02:26] [Server thread/INFO]: ThreadedAnvilChunkStorage (world): All chunks are saved
[17:02:26] [Server thread/INFO]: Saving chunks for level 'ServerLevel[world]'/minecraft:the_nether
[17:02:26] [Server thread/INFO]: ThreadedAnvilChunkStorage (DIM-1): All chunks are saved
[17:02:26] [Server thread/INFO]: Saving chunks for level 'ServerLevel[world]'/minecraft:the_end
[17:02:26] [Server thread/INFO]: ThreadedAnvilChunkStorage (DIM1): All chunks are saved
[17:02:26] [Server thread/INFO]: ThreadedAnvilChunkStorage (world): All chunks are saved
[17:02:26] [Server thread/INFO]: ThreadedAnvilChunkStorage (DIM-1): All chunks are saved
[17:02:26] [Server thread/INFO]: ThreadedAnvilChunkStorage (DIM1): All chunks are saved
