[19:37:17] [main/INFO]: Loading Minecraft 1.16.5 with Fabric Loader 0.16.14
[19:37:17] [main/INFO]: Fabric is preparing JARs on first launch, this may take a few seconds...
[19:37:17] [main/INFO]: Loading 41 mods:
	- antixray 1.1.0
	   \-- com_moandjiezana_toml_toml4j 0.7.2
	- fabric 0.42.0+1.16
	   |-- fabric-api-base 0.4.0+3cc0f0907d
	   |-- fabric-api-lookup-api-v1 1.3.1+3cc0f0907d
	   |-- fabric-biome-api-v1 3.1.13+3cc0f0907d
	   |-- fabric-blockrenderlayer-v1 1.1.6+3cc0f0907d
	   |-- fabric-command-api-v1 1.1.3+3cc0f0907d
	   |-- fabric-commands-v0 0.2.3+3cc0f0907d
	   |-- fabric-containers-v0 0.1.12+3cc0f0907d
	   |-- fabric-content-registries-v0 0.2.5+3cc0f0907d
	   |-- fabric-crash-report-info-v1 0.1.4+3cc0f0907d
	   |-- fabric-dimensions-v1 2.0.8+3cc0f0907d
	   |-- fabric-entity-events-v1 1.2.4+3cc0f0907d
	   |-- fabric-events-interaction-v0 0.4.5+3cc0f0907d
	   |-- fabric-events-lifecycle-v0 0.2.2+3cc0f0907d
	   |-- fabric-game-rule-api-v1 1.0.7+3cc0f0907d
	   |-- fabric-item-api-v1 1.2.2+3cc0f0907d
	   |-- fabric-item-groups-v0 0.3.1+3cc0f0907d
	   |-- fabric-key-binding-api-v1 1.0.5+3cc0f0907d
	   |-- fabric-keybindings-v0 0.2.2+3cc0f0907d
	   |-- fabric-lifecycle-events-v1 1.2.2+3cc0f0907d
	   |-- fabric-loot-tables-v1 1.0.3+3cc0f0907d
	   |-- fabric-mining-levels-v0 0.1.4+3cc0f0907d
	   |-- fabric-models-v0 0.3.1+3cc0f0907d
	   |-- fabric-networking-api-v1 1.0.5+3cc0f0907d
	   |-- fabric-networking-blockentity-v0 0.2.9+3cc0f0907d
	   |-- fabric-networking-v0 0.3.3+3cc0f0907d
	   |-- fabric-object-builder-api-v1 1.9.6+3cc0f0907d
	   |-- fabric-object-builders-v0 0.7.3+3cc0f0907d
	   |-- fabric-particles-v1 0.2.5+3cc0f0907d
	   |-- fabric-registry-sync-v0 0.7.6+3cc0f0907d
	   |-- fabric-renderer-api-v1 0.4.5+3cc0f0907d
	   |-- fabric-renderer-indigo 0.4.5+3cc0f0907d
	   |-- fabric-renderer-registries-v1 2.3.1+3cc0f0907d
	   |-- fabric-rendering-data-attachment-v1 0.1.6+3cc0f0907d
	   |-- fabric-rendering-fluids-v1 0.1.15+3cc0f0907d
	   |-- fabric-rendering-v0 1.1.3+3cc0f0907d
	   |-- fabric-rendering-v1 1.6.1+3cc0f0907d
	   |-- fabric-resource-loader-v0 0.4.8+3cc0f0907d
	   |-- fabric-screen-api-v1 1.0.1+3cc0f0907d
	   |-- fabric-screen-handler-api-v1 1.1.6+3cc0f0907d
	   |-- fabric-structure-api-v1 1.1.12+3cc0f0907d
	   |-- fabric-tag-extensions-v0 1.1.2+3cc0f0907d
	   |-- fabric-textures-v0 1.0.7+3cc0f0907d
	   |-- fabric-tool-attribute-api-v1 1.2.8+3cc0f0907d
	   \-- fabric-transfer-api-v1 1.5.0+3cc0f0907d
	- fabricloader 0.16.14
	   \-- mixinextras 0.4.1
	- java 17
	- minecraft 1.16.5
	- qizhangverdict 0.2.0-dev
[19:37:17] [main/INFO]: SpongePowered MIXIN Subsystem Version=0.8.7 Source=file:/E:/CodexTemp/QiZhangVerdict/legacy-fabric-antixray/fabric-1.16.5-antixray-1.1.0-java17-02/libraries/net/fabricmc/sponge-mixin/0.15.5+mixin.0.8.7/sponge-mixin-0.15.5+mixin.0.8.7.jar Service=Knot/Fabric Env=SERVER
[19:37:17] [main/INFO]: Compatibility level set to JAVA_16
[19:37:17] [main/INFO]: Initializing MixinExtras via com.llamalad7.mixinextras.service.MixinExtrasServiceImpl(version=0.4.1).
[19:37:22] [main/INFO]: External mod presence only: grimac=false, antixray=true; actual function must be tested separately
[19:37:23] [main/INFO]: Environment: authHost='https://authserver.mojang.com', accountsHost='https://api.mojang.com', sessionHost='https://sessionserver.mojang.com', servicesHost='https://api.minecraftservices.com', name='PROD'
[19:37:23] [main/INFO]: Found new data pack Fabric Mods, loading it automatically
[19:37:24] [main/WARN]: Ambiguity between arguments [teleport, destination] and [teleport, targets] with inputs: [Player, 0123, @e, dd12be42-52a9-4a91-a8a1-11c01849e498]
[19:37:24] [main/WARN]: Ambiguity between arguments [teleport, location] and [teleport, destination] with inputs: [0.1 -0.5 .9, 0 0 0]
[19:37:24] [main/WARN]: Ambiguity between arguments [teleport, location] and [teleport, targets] with inputs: [0.1 -0.5 .9, 0 0 0]
[19:37:24] [main/WARN]: Ambiguity between arguments [teleport, targets] and [teleport, destination] with inputs: [Player, 0123, dd12be42-52a9-4a91-a8a1-11c01849e498]
[19:37:24] [main/WARN]: Ambiguity between arguments [teleport, targets, location] and [teleport, targets, destination] with inputs: [0.1 -0.5 .9, 0 0 0]
[19:37:24] [main/INFO]: Reloading ResourceManager: Default, Fabric Mods (Fabric Tool Attribute API (v1))
[19:37:24] [Worker-Main-9/INFO]: Loaded 7 recipes
[19:37:24] [Worker-Main-9/INFO]: Loaded 927 advancements
[19:37:26] [main/INFO]: Applied 0 biome modifications to 0 of 79 new biomes in 2.817 ms
[19:37:26] [Server thread/INFO]: QiZhangGuard started: QiZhangVerdict sessions=0, trackedIPs=0, accountPairs=0, rules=11, companion=required, vm=DENY, blacklist=DENY, rateBuckets=0, accountBans=0, deviceBans=0, deviceRequired=true. Reports are self-reported, not trusted attestation.
[19:37:26] [Server thread/INFO]: Starting minecraft server version 1.16.5
[19:37:26] [Server thread/INFO]: Loading properties
[19:37:26] [Server thread/INFO]: Default game type: SURVIVAL
[19:37:26] [Server thread/INFO]: Generating keypair
[19:37:26] [Server thread/INFO]: Starting Minecraft server on 127.0.0.1:25673
[19:37:26] [Server thread/INFO]: Using default channel type
[19:37:27] [Server thread/WARN]: **** SERVER IS RUNNING IN OFFLINE/INSECURE MODE!
[19:37:27] [Server thread/WARN]: The server will make no attempt to authenticate usernames. Beware.
[19:37:27] [Server thread/WARN]: While this makes the game possible to play without internet access, it also opens up the ability for hackers to connect with any username they choose.
[19:37:27] [Server thread/WARN]: To change this, set "online-mode" to "true" in the server.properties file.
[19:37:27] [Server thread/INFO]: Preparing level "world"
[19:37:27] [Server thread/ERROR]: Mixin apply for mod antixray failed antixray.mixins.json:ChunkMapMixin from mod antixray -> net.minecraft.class_3898: org.spongepowered.asm.mixin.injection.throwables.InvalidInjectionException Critical injection failure: @Redirect annotation on initValues could not find any targets matching 'lambda$scheduleChunkLoad$14' in net/minecraft/class_3898. Using refmap anti-xray-mc1.16.5-refmap.json [INJECT_PREPARE Applicator Phase -> antixray.mixins.json:ChunkMapMixin from mod antixray -> Prepare Injections -> redirect$zza000$antixray$initValues(Lnet/minecraft/class_1923;Lnet/minecraft/class_2843;)Lnet/minecraft/class_2839; -> Parse ->  -> Validate Targets]
org.spongepowered.asm.mixin.injection.throwables.InvalidInjectionException: Critical injection failure: @Redirect annotation on initValues could not find any targets matching 'lambda$scheduleChunkLoad$14' in net/minecraft/class_3898. Using refmap anti-xray-mc1.16.5-refmap.json [INJECT_PREPARE Applicator Phase -> antixray.mixins.json:ChunkMapMixin from mod antixray -> Prepare Injections -> redirect$zza000$antixray$initValues(Lnet/minecraft/class_1923;Lnet/minecraft/class_2843;)Lnet/minecraft/class_2839; -> Parse ->  -> Validate Targets]
	at org.spongepowered.asm.mixin.injection.selectors.TargetSelectors.validate(TargetSelectors.java:346) ~[sponge-mixin-0.15.5+mixin.0.8.7.jar:0.15.5+mixin.0.8.7]
	at org.spongepowered.asm.mixin.injection.struct.InjectionInfo.readAnnotation(InjectionInfo.java:369) ~[sponge-mixin-0.15.5+mixin.0.8.7.jar:0.15.5+mixin.0.8.7]
	at org.spongepowered.asm.mixin.injection.struct.InjectionInfo.<init>(InjectionInfo.java:340) ~[sponge-mixin-0.15.5+mixin.0.8.7.jar:0.15.5+mixin.0.8.7]
	at org.spongepowered.asm.mixin.injection.struct.InjectionInfo.<init>(InjectionInfo.java:331) ~[sponge-mixin-0.15.5+mixin.0.8.7.jar:0.15.5+mixin.0.8.7]
	at org.spongepowered.asm.mixin.injection.struct.RedirectInjectionInfo.<init>(RedirectInjectionInfo.java:46) ~[sponge-mixin-0.15.5+mixin.0.8.7.jar:0.15.5+mixin.0.8.7]
	at jdk.internal.reflect.GeneratedConstructorAccessor21.newInstance(Unknown Source) ~[?:?]
	at jdk.internal.reflect.DelegatingConstructorAccessorImpl.newInstance(Unknown Source) ~[?:?]
	at java.lang.reflect.Constructor.newInstanceWithCaller(Unknown Source) ~[?:?]
	at java.lang.reflect.Constructor.newInstance(Unknown Source) ~[?:?]
	at org.spongepowered.asm.mixin.injection.struct.InjectionInfo$InjectorEntry.create(InjectionInfo.java:196) ~[sponge-mixin-0.15.5+mixin.0.8.7.jar:0.15.5+mixin.0.8.7]
	at org.spongepowered.asm.mixin.injection.struct.InjectionInfo.parse(InjectionInfo.java:664) ~[sponge-mixin-0.15.5+mixin.0.8.7.jar:0.15.5+mixin.0.8.7]
	at com.llamalad7.mixinextras.wrapper.factory.FactoryRedirectWrapperImpl.<init>(FactoryRedirectWrapperImpl.java:30) ~[mixinextras-0.4.1-215bdc40eef77b8f.jar:?]
	at com.llamalad7.mixinextras.wrapper.WrapperInjectionInfo.<init>(WrapperInjectionInfo.java:29) ~[mixinextras-0.4.1-215bdc40eef77b8f.jar:?]
	at com.llamalad7.mixinextras.wrapper.factory.FactoryRedirectWrapperInjectionInfo.<init>(FactoryRedirectWrapperInjectionInfo.java:13) ~[mixinextras-0.4.1-215bdc40eef77b8f.jar:?]
	at jdk.internal.reflect.NativeConstructorAccessorImpl.newInstance0(Native Method) ~[?:?]
	at jdk.internal.reflect.NativeConstructorAccessorImpl.newInstance(Unknown Source) ~[?:?]
	at jdk.internal.reflect.DelegatingConstructorAccessorImpl.newInstance(Unknown Source) ~[?:?]
	at java.lang.reflect.Constructor.newInstanceWithCaller(Unknown Source) ~[?:?]
	at java.lang.reflect.Constructor.newInstance(Unknown Source) ~[?:?]
	at org.spongepowered.asm.mixin.injection.struct.InjectionInfo$InjectorEntry.create(InjectionInfo.java:196) ~[sponge-mixin-0.15.5+mixin.0.8.7.jar:0.15.5+mixin.0.8.7]
	at org.spongepowered.asm.mixin.injection.struct.InjectionInfo.parse(InjectionInfo.java:664) ~[sponge-mixin-0.15.5+mixin.0.8.7.jar:0.15.5+mixin.0.8.7]
	at org.spongepowered.asm.mixin.transformer.MixinTargetContext.prepareInjections(MixinTargetContext.java:1399) ~[sponge-mixin-0.15.5+mixin.0.8.7.jar:0.15.5+mixin.0.8.7]
	at org.spongepowered.asm.mixin.transformer.MixinApplicatorStandard.prepareInjections(MixinApplicatorStandard.java:731) ~[sponge-mixin-0.15.5+mixin.0.8.7.jar:0.15.5+mixin.0.8.7]
	at org.spongepowered.asm.mixin.transformer.MixinApplicatorStandard.applyMixin(MixinApplicatorStandard.java:315) ~[sponge-mixin-0.15.5+mixin.0.8.7.jar:0.15.5+mixin.0.8.7]
	at org.spongepowered.asm.mixin.transformer.MixinApplicatorStandard.apply(MixinApplicatorStandard.java:246) ~[sponge-mixin-0.15.5+mixin.0.8.7.jar:0.15.5+mixin.0.8.7]
	at org.spongepowered.asm.mixin.transformer.TargetClassContext.apply(TargetClassContext.java:437) ~[sponge-mixin-0.15.5+mixin.0.8.7.jar:0.15.5+mixin.0.8.7]
	at org.spongepowered.asm.mixin.transformer.TargetClassContext.applyMixins(TargetClassContext.java:418) ~[sponge-mixin-0.15.5+mixin.0.8.7.jar:0.15.5+mixin.0.8.7]
	at org.spongepowered.asm.mixin.transformer.MixinProcessor.applyMixins(MixinProcessor.java:363) ~[sponge-mixin-0.15.5+mixin.0.8.7.jar:0.15.5+mixin.0.8.7]
	at org.spongepowered.asm.mixin.transformer.MixinTransformer.transformClass(MixinTransformer.java:234) ~[sponge-mixin-0.15.5+mixin.0.8.7.jar:0.15.5+mixin.0.8.7]
	at org.spongepowered.asm.mixin.transformer.MixinTransformer.transformClassBytes(MixinTransformer.java:202) ~[sponge-mixin-0.15.5+mixin.0.8.7.jar:0.15.5+mixin.0.8.7]
	at net.fabricmc.loader.impl.launch.knot.KnotClassDelegate.getPostMixinClassByteArray(KnotClassDelegate.java:422) ~[fabric-loader-0.16.14.jar:?]
	at net.fabricmc.loader.impl.launch.knot.KnotClassDelegate.tryLoadClass(KnotClassDelegate.java:323) ~[fabric-loader-0.16.14.jar:?]
	at net.fabricmc.loader.impl.launch.knot.KnotClassDelegate.loadClass(KnotClassDelegate.java:218) ~[fabric-loader-0.16.14.jar:?]
	at net.fabricmc.loader.impl.launch.knot.KnotClassLoader.loadClass(KnotClassLoader.java:119) ~[fabric-loader-0.16.14.jar:?]
	at java.lang.ClassLoader.loadClass(Unknown Source) ~[?:?]
	at net.minecraft.class_3215.<init>(class_3215.java:88) ~[server-intermediary.jar:?]
	at net.minecraft.class_3218.<init>(class_3218.java:191) ~[server-intermediary.jar:?]
	at net.minecraft.server.MinecraftServer.method_3786(MinecraftServer.java:368) ~[server-intermediary.jar:?]
	at net.minecraft.server.MinecraftServer.method_3735(MinecraftServer.java:335) ~[server-intermediary.jar:?]
	at net.minecraft.class_3176.method_3823(class_3176.java:179) ~[server-intermediary.jar:?]
	at net.minecraft.server.MinecraftServer.method_29741(MinecraftServer.java:645) ~[server-intermediary.jar:?]
	at net.minecraft.server.MinecraftServer.method_29739(MinecraftServer.java:257) ~[server-intermediary.jar:?]
	at java.lang.Thread.run(Unknown Source) [?:?]
[19:37:27] [Server thread/ERROR]: Encountered an unexpected exception
java.lang.RuntimeException: Mixin transformation of net.minecraft.class_3898 failed
	at net.fabricmc.loader.impl.launch.knot.KnotClassDelegate.getPostMixinClassByteArray(KnotClassDelegate.java:427) ~[fabric-loader-0.16.14.jar:?]
	at net.fabricmc.loader.impl.launch.knot.KnotClassDelegate.tryLoadClass(KnotClassDelegate.java:323) ~[fabric-loader-0.16.14.jar:?]
	at net.fabricmc.loader.impl.launch.knot.KnotClassDelegate.loadClass(KnotClassDelegate.java:218) ~[fabric-loader-0.16.14.jar:?]
	at net.fabricmc.loader.impl.launch.knot.KnotClassLoader.loadClass(KnotClassLoader.java:119) ~[fabric-loader-0.16.14.jar:?]
	at java.lang.ClassLoader.loadClass(Unknown Source) ~[?:?]
	at net.minecraft.class_3215.<init>(class_3215.java:88) ~[server-intermediary.jar:?]
	at net.minecraft.class_3218.<init>(class_3218.java:191) ~[server-intermediary.jar:?]
	at net.minecraft.server.MinecraftServer.method_3786(MinecraftServer.java:368) ~[server-intermediary.jar:?]
	at net.minecraft.server.MinecraftServer.method_3735(MinecraftServer.java:335) ~[server-intermediary.jar:?]
	at net.minecraft.class_3176.method_3823(class_3176.java:179) ~[server-intermediary.jar:?]
	at net.minecraft.server.MinecraftServer.method_29741(MinecraftServer.java:645) ~[server-intermediary.jar:?]
	at net.minecraft.server.MinecraftServer.method_29739(MinecraftServer.java:257) ~[server-intermediary.jar:?]
	at java.lang.Thread.run(Unknown Source) [?:?]
Caused by: org.spongepowered.asm.mixin.transformer.throwables.MixinTransformerError: An unexpected critical error was encountered
	at org.spongepowered.asm.mixin.transformer.MixinProcessor.applyMixins(MixinProcessor.java:392) ~[sponge-mixin-0.15.5+mixin.0.8.7.jar:0.15.5+mixin.0.8.7]
	at org.spongepowered.asm.mixin.transformer.MixinTransformer.transformClass(MixinTransformer.java:234) ~[sponge-mixin-0.15.5+mixin.0.8.7.jar:0.15.5+mixin.0.8.7]
	at org.spongepowered.asm.mixin.transformer.MixinTransformer.transformClassBytes(MixinTransformer.java:202) ~[sponge-mixin-0.15.5+mixin.0.8.7.jar:0.15.5+mixin.0.8.7]
	at net.fabricmc.loader.impl.launch.knot.KnotClassDelegate.getPostMixinClassByteArray(KnotClassDelegate.java:422) ~[fabric-loader-0.16.14.jar:?]
	... 12 more
Caused by: org.spongepowered.asm.mixin.throwables.MixinApplyError: Mixin [antixray.mixins.json:ChunkMapMixin from mod antixray] from phase [DEFAULT] in config [antixray.mixins.json] FAILED during APPLY
	at org.spongepowered.asm.mixin.transformer.MixinProcessor.handleMixinError(MixinProcessor.java:638) ~[sponge-mixin-0.15.5+mixin.0.8.7.jar:0.15.5+mixin.0.8.7]
	at org.spongepowered.asm.mixin.transformer.MixinProcessor.handleMixinApplyError(MixinProcessor.java:589) ~[sponge-mixin-0.15.5+mixin.0.8.7.jar:0.15.5+mixin.0.8.7]
	at org.spongepowered.asm.mixin.transformer.MixinProcessor.applyMixins(MixinProcessor.java:379) ~[sponge-mixin-0.15.5+mixin.0.8.7.jar:0.15.5+mixin.0.8.7]
	at org.spongepowered.asm.mixin.transformer.MixinTransformer.transformClass(MixinTransformer.java:234) ~[sponge-mixin-0.15.5+mixin.0.8.7.jar:0.15.5+mixin.0.8.7]
	at org.spongepowered.asm.mixin.transformer.MixinTransformer.transformClassBytes(MixinTransformer.java:202) ~[sponge-mixin-0.15.5+mixin.0.8.7.jar:0.15.5+mixin.0.8.7]
	at net.fabricmc.loader.impl.launch.knot.KnotClassDelegate.getPostMixinClassByteArray(KnotClassDelegate.java:422) ~[fabric-loader-0.16.14.jar:?]
	... 12 more
Caused by: org.spongepowered.asm.mixin.injection.throwables.InvalidInjectionException: Critical injection failure: @Redirect annotation on initValues could not find any targets matching 'lambda$scheduleChunkLoad$14' in net/minecraft/class_3898. Using refmap anti-xray-mc1.16.5-refmap.json [INJECT_PREPARE Applicator Phase -> antixray.mixins.json:ChunkMapMixin from mod antixray -> Prepare Injections -> redirect$zza000$antixray$initValues(Lnet/minecraft/class_1923;Lnet/minecraft/class_2843;)Lnet/minecraft/class_2839; -> Parse ->  -> Validate Targets]
	at org.spongepowered.asm.mixin.injection.selectors.TargetSelectors.validate(TargetSelectors.java:346) ~[sponge-mixin-0.15.5+mixin.0.8.7.jar:0.15.5+mixin.0.8.7]
	at org.spongepowered.asm.mixin.injection.struct.InjectionInfo.readAnnotation(InjectionInfo.java:369) ~[sponge-mixin-0.15.5+mixin.0.8.7.jar:0.15.5+mixin.0.8.7]
	at org.spongepowered.asm.mixin.injection.struct.InjectionInfo.<init>(InjectionInfo.java:340) ~[sponge-mixin-0.15.5+mixin.0.8.7.jar:0.15.5+mixin.0.8.7]
	at org.spongepowered.asm.mixin.injection.struct.InjectionInfo.<init>(InjectionInfo.java:331) ~[sponge-mixin-0.15.5+mixin.0.8.7.jar:0.15.5+mixin.0.8.7]
	at org.spongepowered.asm.mixin.injection.struct.RedirectInjectionInfo.<init>(RedirectInjectionInfo.java:46) ~[sponge-mixin-0.15.5+mixin.0.8.7.jar:0.15.5+mixin.0.8.7]
	at jdk.internal.reflect.GeneratedConstructorAccessor21.newInstance(Unknown Source) ~[?:?]
	at jdk.internal.reflect.DelegatingConstructorAccessorImpl.newInstance(Unknown Source) ~[?:?]
	at java.lang.reflect.Constructor.newInstanceWithCaller(Unknown Source) ~[?:?]
	at java.lang.reflect.Constructor.newInstance(Unknown Source) ~[?:?]
	at org.spongepowered.asm.mixin.injection.struct.InjectionInfo$InjectorEntry.create(InjectionInfo.java:196) ~[sponge-mixin-0.15.5+mixin.0.8.7.jar:0.15.5+mixin.0.8.7]
	at org.spongepowered.asm.mixin.injection.struct.InjectionInfo.parse(InjectionInfo.java:664) ~[sponge-mixin-0.15.5+mixin.0.8.7.jar:0.15.5+mixin.0.8.7]
	at com.llamalad7.mixinextras.wrapper.factory.FactoryRedirectWrapperImpl.<init>(FactoryRedirectWrapperImpl.java:30) ~[mixinextras-0.4.1-215bdc40eef77b8f.jar:?]
	at com.llamalad7.mixinextras.wrapper.WrapperInjectionInfo.<init>(WrapperInjectionInfo.java:29) ~[mixinextras-0.4.1-215bdc40eef77b8f.jar:?]
	at com.llamalad7.mixinextras.wrapper.factory.FactoryRedirectWrapperInjectionInfo.<init>(FactoryRedirectWrapperInjectionInfo.java:13) ~[mixinextras-0.4.1-215bdc40eef77b8f.jar:?]
	at jdk.internal.reflect.NativeConstructorAccessorImpl.newInstance0(Native Method) ~[?:?]
	at jdk.internal.reflect.NativeConstructorAccessorImpl.newInstance(Unknown Source) ~[?:?]
	at jdk.internal.reflect.DelegatingConstructorAccessorImpl.newInstance(Unknown Source) ~[?:?]
	at java.lang.reflect.Constructor.newInstanceWithCaller(Unknown Source) ~[?:?]
	at java.lang.reflect.Constructor.newInstance(Unknown Source) ~[?:?]
	at org.spongepowered.asm.mixin.injection.struct.InjectionInfo$InjectorEntry.create(InjectionInfo.java:196) ~[sponge-mixin-0.15.5+mixin.0.8.7.jar:0.15.5+mixin.0.8.7]
	at org.spongepowered.asm.mixin.injection.struct.InjectionInfo.parse(InjectionInfo.java:664) ~[sponge-mixin-0.15.5+mixin.0.8.7.jar:0.15.5+mixin.0.8.7]
	at org.spongepowered.asm.mixin.transformer.MixinTargetContext.prepareInjections(MixinTargetContext.java:1399) ~[sponge-mixin-0.15.5+mixin.0.8.7.jar:0.15.5+mixin.0.8.7]
	at org.spongepowered.asm.mixin.transformer.MixinApplicatorStandard.prepareInjections(MixinApplicatorStandard.java:731) ~[sponge-mixin-0.15.5+mixin.0.8.7.jar:0.15.5+mixin.0.8.7]
	at org.spongepowered.asm.mixin.transformer.MixinApplicatorStandard.applyMixin(MixinApplicatorStandard.java:315) ~[sponge-mixin-0.15.5+mixin.0.8.7.jar:0.15.5+mixin.0.8.7]
	at org.spongepowered.asm.mixin.transformer.MixinApplicatorStandard.apply(MixinApplicatorStandard.java:246) ~[sponge-mixin-0.15.5+mixin.0.8.7.jar:0.15.5+mixin.0.8.7]
	at org.spongepowered.asm.mixin.transformer.TargetClassContext.apply(TargetClassContext.java:437) ~[sponge-mixin-0.15.5+mixin.0.8.7.jar:0.15.5+mixin.0.8.7]
	at org.spongepowered.asm.mixin.transformer.TargetClassContext.applyMixins(TargetClassContext.java:418) ~[sponge-mixin-0.15.5+mixin.0.8.7.jar:0.15.5+mixin.0.8.7]
	at org.spongepowered.asm.mixin.transformer.MixinProcessor.applyMixins(MixinProcessor.java:363) ~[sponge-mixin-0.15.5+mixin.0.8.7.jar:0.15.5+mixin.0.8.7]
	at org.spongepowered.asm.mixin.transformer.MixinTransformer.transformClass(MixinTransformer.java:234) ~[sponge-mixin-0.15.5+mixin.0.8.7.jar:0.15.5+mixin.0.8.7]
	at org.spongepowered.asm.mixin.transformer.MixinTransformer.transformClassBytes(MixinTransformer.java:202) ~[sponge-mixin-0.15.5+mixin.0.8.7.jar:0.15.5+mixin.0.8.7]
	at net.fabricmc.loader.impl.launch.knot.KnotClassDelegate.getPostMixinClassByteArray(KnotClassDelegate.java:422) ~[fabric-loader-0.16.14.jar:?]
	... 12 more
[19:37:27] [Server thread/ERROR]: This crash report has been saved to: E:\CodexTemp\QiZhangVerdict\legacy-fabric-antixray\fabric-1.16.5-antixray-1.1.0-java17-02\.\crash-reports\crash-2026-09-25_19.37.27-server.txt
[19:37:27] [Server thread/INFO]: Stopping server
[19:37:27] [Server thread/INFO]: Saving players
[19:37:27] [Server thread/INFO]: Saving worlds
[19:37:27] [Server thread/ERROR]: Exception stopping the server
java.lang.NullPointerException: Cannot invoke "net.minecraft.class_3218.method_8621()" because "?" is null
	at net.minecraft.server.MinecraftServer.method_3723(MinecraftServer.java:572) ~[server-intermediary.jar:?]
	at net.minecraft.server.MinecraftServer.method_3782(MinecraftServer.java:599) ~[server-intermediary.jar:?]
	at net.minecraft.class_3176.method_3782(class_3176.java:567) ~[server-intermediary.jar:?]
	at net.minecraft.server.MinecraftServer.method_29741(MinecraftServer.java:707) ~[server-intermediary.jar:?]
	at net.minecraft.server.MinecraftServer.method_29739(MinecraftServer.java:257) ~[server-intermediary.jar:?]
	at java.lang.Thread.run(Unknown Source) [?:?]
