Downloading vanilla jar...
Patching vanilla jar...
System Info: Java 1.8 (OpenJDK 64-Bit Server VM 25.504-b01) Host: Windows 11 10.0 (amd64)
Loading libraries, please wait...
2026-09-25 19:44:23,756 main WARN Advanced terminal features are not available in this environment
[19:44:26 ERROR]: No key structures in MapLike[{}]
[19:44:26 INFO]: Environment: authHost='https://authserver.mojang.com', accountsHost='https://api.mojang.com', sessionHost='https://sessionserver.mojang.com', servicesHost='https://api.minecraftservices.com', name='PROD'
[19:44:26 INFO]: Found new data pack file/bukkit, loading it automatically
[19:44:26 INFO]: Reloading ResourceManager: Default, bukkit
[19:44:26 INFO]: Loaded 7 recipes
[19:44:27 INFO]: Starting minecraft server version 1.16.5
[19:44:27 INFO]: Loading properties
[19:44:27 INFO]: This server is running Paper version git-Paper-794 (MC: 1.16.5) (Implementing API version 1.16.5-R0.1-SNAPSHOT)
[19:44:27 INFO]: Server Ping Player Sample Count: 12
[19:44:27 INFO]: Using 4 threads for Netty based IO
[19:44:27 INFO]: Debug logging is disabled
[19:44:27 INFO]: Default game type: SURVIVAL
[19:44:27 INFO]: Generating keypair
[19:44:27 INFO]: Starting Minecraft server on 127.0.0.1:25674
[19:44:27 INFO]: Using default channel type
[19:44:29 WARN]: Initializing Legacy Material Support. Unless you have legacy plugins and/or data this is a bug!
[19:44:31 WARN]: Legacy plugin QiZhangVerdict v0.1.1 does not specify an api-version.
[19:44:31 INFO]: [GrimAC] Loading GrimAC v2.3.67
[19:44:31 INFO]: [GrimAC] Loading PacketEvents...
[19:44:33 INFO]: [QiZhangVerdict] Loading QiZhangVerdict v0.1.1
[19:44:33 WARN]: **** SERVER IS RUNNING IN OFFLINE/INSECURE MODE!
[19:44:33 WARN]: The server will make no attempt to authenticate usernames. Beware.
[19:44:33 WARN]: While this makes the game possible to play without internet access, it also opens up the ability for hackers to connect with any username they choose.
[19:44:33 WARN]: To change this, set "online-mode" to "true" in the server.properties file.
[19:44:33 INFO]: Preparing level "world"
[19:44:33 WARN]: Unable to find spawn biome
[19:44:34 WARN]: Unable to find spawn biome
[19:44:34 INFO]: Preparing start region for dimension minecraft:overworld
[19:44:34 INFO]: Preparing spawn area: 2%
[19:44:34 INFO]: Time elapsed: 127 ms
[19:44:34 INFO]: Preparing start region for dimension minecraft:the_nether
[19:44:35 INFO]: Preparing spawn area: 2%
[19:44:35 INFO]: Time elapsed: 224 ms
[19:44:35 INFO]: Preparing start region for dimension minecraft:the_end
[19:44:35 INFO]: Time elapsed: 13 ms
[19:44:35 INFO]: [GrimAC] Enabling GrimAC v2.3.67
[19:44:35 INFO]: [GrimAC] Registering singular bukkit event... (PistonEvent)
[19:44:35 INFO]: [GrimAC] Registering packets...
[19:44:35 INFO]: [GrimAC] Registering tick schedulers...
[19:44:35 INFO]: [GrimAC] [ACF] Enabled Asynchronous Tab Completion Support!
[19:44:35 WARN]: [GrimAC] You are running an outdated Java version, please update it to at least Java 17 (your version is 1.8.0_504).
[19:44:35 WARN]: [GrimAC] GrimAC will no longer support this version of Java in a future release.
[19:44:35 WARN]: [GrimAC] See https://github.com/GrimAnticheat/Grim/wiki/Updating-to-Java-17 for more information.
[19:44:35 INFO]: [QiZhangVerdict] Enabling QiZhangVerdict v0.1.1*
[19:44:35 WARN]: [QiZhangVerdict] Offline mode: UUID/account ownership needs external authentication; IP limits are not proof of identity. Secure proxy forwarding and firewall the backend.
[19:44:35 INFO]: [QiZhangVerdict] QiZhangVerdict sessions=0, trackedIPs=0, accountPairs=0, rules=11, companion=required, vm=DENY, blacklist=DENY, rateBuckets=0, accountBans=0, deviceBans=0, deviceRequired=true
[19:44:35 INFO]: [QiZhangVerdict] Integrations: GrimAC=2.3.67 enabled (check configuration); Orebfuscator=absent; Paper Anti-Xray=available; enable and verify per-world config. These engines are installed separately.
[19:44:35 INFO]: Running delayed init tasks
[19:44:35 INFO]: Done (7.816s)! For help, type "help"
[19:44:35 WARN]: [io.papermc.paper.util.PaperJvmChecker] ************************************************************
[19:44:35 WARN]: [io.papermc.paper.util.PaperJvmChecker] * WARNING - YOU ARE RUNNING AN OUTDATED VERSION OF JAVA.
[19:44:35 WARN]: [io.papermc.paper.util.PaperJvmChecker] * PAPER WILL STOP BEING COMPATIBLE WITH THIS VERSION OF
[19:44:35 WARN]: [io.papermc.paper.util.PaperJvmChecker] * JAVA WHEN MINECRAFT 1.17 IS RELEASED.
[19:44:35 WARN]: [io.papermc.paper.util.PaperJvmChecker] *
[19:44:35 WARN]: [io.papermc.paper.util.PaperJvmChecker] * Please update the version of Java you use to run Paper
[19:44:35 WARN]: [io.papermc.paper.util.PaperJvmChecker] * to at least Java 16. When Paper for Minecraft 1.17 is
[19:44:35 WARN]: [io.papermc.paper.util.PaperJvmChecker] * released support for versions of Java before 16 will
[19:44:35 WARN]: [io.papermc.paper.util.PaperJvmChecker] * be dropped.
[19:44:35 WARN]: [io.papermc.paper.util.PaperJvmChecker] *
[19:44:35 WARN]: [io.papermc.paper.util.PaperJvmChecker] * Current Java version: 1.8.0_504
[19:44:35 WARN]: [io.papermc.paper.util.PaperJvmChecker] *
[19:44:35 WARN]: [io.papermc.paper.util.PaperJvmChecker] * Check this forum post for more information: 
[19:44:35 WARN]: [io.papermc.paper.util.PaperJvmChecker] *   https://papermc.io/java16
[19:44:35 WARN]: [io.papermc.paper.util.PaperJvmChecker] ************************************************************
[19:44:35 INFO]: Timings Reset
[19:44:35 INFO]: QiZhangVerdict sessions=0, trackedIPs=0, accountPairs=0, rules=11, companion=required, vm=DENY, blacklist=DENY, rateBuckets=0, accountBans=0, deviceBans=0, deviceRequired=true
[19:44:35 INFO]: Integrations: GrimAC=2.3.67 enabled (check configuration); Orebfuscator=absent; Paper Anti-Xray=available; enable and verify per-world config. These engines are installed separately.
[19:44:36 INFO]: Set the world spawn point to 0, 64, 0 [0.0]
[19:44:36 INFO]: Gamerule doDaylightCycle is now set to: false
[19:44:36 INFO]: That position is not loaded
[19:44:36 INFO]: That position is not loaded
[19:44:36 INFO]: That position is not loaded
[19:44:36 INFO]: [Server] QV_SCENE_READY
[19:44:37 INFO]: UUID of player QVGrimLinked is 5f5fc467-3547-3024-8edb-c933991bb93e
[19:44:37 INFO]: QVGrimLinked joined the game
[19:44:37 INFO]: QVGrimLinked[/127.0.0.1:13414] logged in with entity id 27 at ([world]-0.5, 4.0, -9.5)
[19:44:39 INFO]: QVGrimLinked lost connection: Disconnected
[19:44:39 INFO]: QVGrimLinked left the game
[19:44:40 INFO]: UUID of player QVGrimMain is 96641a43-6f3d-3a54-9d29-bf7f09b15f70
[19:44:40 INFO]: QVGrimMain joined the game
[19:44:40 INFO]: QVGrimMain[/127.0.0.1:8156] logged in with entity id 28 at ([world]6.5, 4.0, -4.5)
[19:45:03 INFO]: QVGrimMain lost connection: Disconnected
[19:45:03 INFO]: QVGrimMain left the game
[19:45:04 INFO]: Stopping the server
[19:45:04 INFO]: Stopping server
[19:45:04 INFO]: [QiZhangVerdict] Disabling QiZhangVerdict v0.1.1
[19:45:04 INFO]: [GrimAC] Disabling GrimAC v2.3.67
[19:45:04 INFO]: [GrimAC] Terminating PacketEvents...
[19:45:04 INFO]: Saving players
[19:45:04 INFO]: Saving worlds
[19:45:04 INFO]: Saving chunks for level 'ServerLevel[world]'/minecraft:overworld
[19:45:04 INFO]: ThreadedAnvilChunkStorage (world): All chunks are saved
[19:45:04 INFO]: Saving chunks for level 'ServerLevel[world_nether]'/minecraft:the_nether
[19:45:04 INFO]: ThreadedAnvilChunkStorage (DIM-1): All chunks are saved
[19:45:04 INFO]: Saving chunks for level 'ServerLevel[world_the_end]'/minecraft:the_end
[19:45:04 INFO]: ThreadedAnvilChunkStorage (DIM1): All chunks are saved
[19:45:04 INFO]: ThreadedAnvilChunkStorage (world): All chunks are saved
[19:45:04 INFO]: ThreadedAnvilChunkStorage (DIM-1): All chunks are saved
[19:45:04 INFO]: ThreadedAnvilChunkStorage (DIM1): All chunks are saved
[19:45:04 INFO]: Flushing Chunk IO
[19:45:04 INFO]: Closing Thread Pool
[19:45:04 INFO]: Closing Server
