[19:57:03] [main/INFO]: Loading Minecraft 1.16.5 with Fabric Loader 0.16.14
[19:57:03] [main/INFO]: Fabric is preparing JARs on first launch, this may take a few seconds...
[19:57:03] [main/INFO]: Loading 41 mods:
	- antixray 1.1.0-qzcompat.1
	   \-- com_moandjiezana_toml_toml4j 0.7.2
	- fabric 0.42.0+1.16
	   |-- fabric-api-base 0.4.0+3cc0f0907d
	   |-- fabric-api-lookup-api-v1 1.3.1+3cc0f0907d
	   |-- fabric-biome-api-v1 3.1.13+3cc0f0907d
	   |-- fabric-blockrenderlayer-v1 1.1.6+3cc0f0907d
	   |-- fabric-command-api-v1 1.1.3+3cc0f0907d
	   |-- fabric-commands-v0 0.2.3+3cc0f0907d
	   |-- fabric-containers-v0 0.1.12+3cc0f0907d
	   |-- fabric-content-registries-v0 0.2.5+3cc0f0907d
	   |-- fabric-crash-report-info-v1 0.1.4+3cc0f0907d
	   |-- fabric-dimensions-v1 2.0.8+3cc0f0907d
	   |-- fabric-entity-events-v1 1.2.4+3cc0f0907d
	   |-- fabric-events-interaction-v0 0.4.5+3cc0f0907d
	   |-- fabric-events-lifecycle-v0 0.2.2+3cc0f0907d
	   |-- fabric-game-rule-api-v1 1.0.7+3cc0f0907d
	   |-- fabric-item-api-v1 1.2.2+3cc0f0907d
	   |-- fabric-item-groups-v0 0.3.1+3cc0f0907d
	   |-- fabric-key-binding-api-v1 1.0.5+3cc0f0907d
	   |-- fabric-keybindings-v0 0.2.2+3cc0f0907d
	   |-- fabric-lifecycle-events-v1 1.2.2+3cc0f0907d
	   |-- fabric-loot-tables-v1 1.0.3+3cc0f0907d
	   |-- fabric-mining-levels-v0 0.1.4+3cc0f0907d
	   |-- fabric-models-v0 0.3.1+3cc0f0907d
	   |-- fabric-networking-api-v1 1.0.5+3cc0f0907d
	   |-- fabric-networking-blockentity-v0 0.2.9+3cc0f0907d
	   |-- fabric-networking-v0 0.3.3+3cc0f0907d
	   |-- fabric-object-builder-api-v1 1.9.6+3cc0f0907d
	   |-- fabric-object-builders-v0 0.7.3+3cc0f0907d
	   |-- fabric-particles-v1 0.2.5+3cc0f0907d
	   |-- fabric-registry-sync-v0 0.7.6+3cc0f0907d
	   |-- fabric-renderer-api-v1 0.4.5+3cc0f0907d
	   |-- fabric-renderer-indigo 0.4.5+3cc0f0907d
	   |-- fabric-renderer-registries-v1 2.3.1+3cc0f0907d
	   |-- fabric-rendering-data-attachment-v1 0.1.6+3cc0f0907d
	   |-- fabric-rendering-fluids-v1 0.1.15+3cc0f0907d
	   |-- fabric-rendering-v0 1.1.3+3cc0f0907d
	   |-- fabric-rendering-v1 1.6.1+3cc0f0907d
	   |-- fabric-resource-loader-v0 0.4.8+3cc0f0907d
	   |-- fabric-screen-api-v1 1.0.1+3cc0f0907d
	   |-- fabric-screen-handler-api-v1 1.1.6+3cc0f0907d
	   |-- fabric-structure-api-v1 1.1.12+3cc0f0907d
	   |-- fabric-tag-extensions-v0 1.1.2+3cc0f0907d
	   |-- fabric-textures-v0 1.0.7+3cc0f0907d
	   |-- fabric-tool-attribute-api-v1 1.2.8+3cc0f0907d
	   \-- fabric-transfer-api-v1 1.5.0+3cc0f0907d
	- fabricloader 0.16.14
	   \-- mixinextras 0.4.1
	- java 17
	- minecraft 1.16.5
	- qizhangverdict 0.2.0-dev
[19:57:03] [main/INFO]: SpongePowered MIXIN Subsystem Version=0.8.7 Source=file:/E:/CodexTemp/QiZhangVerdict/legacy-fabric-antixray/fabric-1.16.5-antixray-qzcompat1-java17-01/libraries/net/fabricmc/sponge-mixin/0.15.5+mixin.0.8.7/sponge-mixin-0.15.5+mixin.0.8.7.jar Service=Knot/Fabric Env=SERVER
[19:57:03] [main/INFO]: Compatibility level set to JAVA_16
[19:57:04] [main/INFO]: Initializing MixinExtras via com.llamalad7.mixinextras.service.MixinExtrasServiceImpl(version=0.4.1).
[19:57:09] [main/INFO]: External mod presence only: grimac=false, antixray=true; actual function must be tested separately
[19:57:10] [main/INFO]: Environment: authHost='https://authserver.mojang.com', accountsHost='https://api.mojang.com', sessionHost='https://sessionserver.mojang.com', servicesHost='https://api.minecraftservices.com', name='PROD'
[19:57:10] [main/INFO]: Found new data pack Fabric Mods, loading it automatically
[19:57:11] [main/WARN]: Ambiguity between arguments [teleport, destination] and [teleport, targets] with inputs: [Player, 0123, @e, dd12be42-52a9-4a91-a8a1-11c01849e498]
[19:57:11] [main/WARN]: Ambiguity between arguments [teleport, location] and [teleport, destination] with inputs: [0.1 -0.5 .9, 0 0 0]
[19:57:11] [main/WARN]: Ambiguity between arguments [teleport, location] and [teleport, targets] with inputs: [0.1 -0.5 .9, 0 0 0]
[19:57:11] [main/WARN]: Ambiguity between arguments [teleport, targets] and [teleport, destination] with inputs: [Player, 0123, dd12be42-52a9-4a91-a8a1-11c01849e498]
[19:57:11] [main/WARN]: Ambiguity between arguments [teleport, targets, location] and [teleport, targets, destination] with inputs: [0.1 -0.5 .9, 0 0 0]
[19:57:11] [main/INFO]: Reloading ResourceManager: Default, Fabric Mods (Fabric Tool Attribute API (v1))
[19:57:11] [Worker-Main-9/INFO]: Loaded 7 recipes
[19:57:11] [Worker-Main-9/INFO]: Loaded 927 advancements
[19:57:13] [main/INFO]: Applied 0 biome modifications to 0 of 79 new biomes in 3.572 ms
[19:57:13] [Server thread/INFO]: QiZhangGuard started: QiZhangVerdict sessions=0, trackedIPs=0, accountPairs=0, rules=11, companion=required, vm=DENY, blacklist=DENY, rateBuckets=0, accountBans=0, deviceBans=0, deviceRequired=true. Reports are self-reported, not trusted attestation.
[19:57:13] [Server thread/INFO]: Starting minecraft server version 1.16.5
[19:57:13] [Server thread/INFO]: Loading properties
[19:57:13] [Server thread/INFO]: Default game type: SURVIVAL
[19:57:13] [Server thread/INFO]: Generating keypair
[19:57:13] [Server thread/INFO]: Starting Minecraft server on 127.0.0.1:25673
[19:57:13] [Server thread/INFO]: Using default channel type
[19:57:14] [Server thread/WARN]: **** SERVER IS RUNNING IN OFFLINE/INSECURE MODE!
[19:57:14] [Server thread/WARN]: The server will make no attempt to authenticate usernames. Beware.
[19:57:14] [Server thread/WARN]: While this makes the game possible to play without internet access, it also opens up the ability for hackers to connect with any username they choose.
[19:57:14] [Server thread/WARN]: To change this, set "online-mode" to "true" in the server.properties file.
[19:57:14] [Server thread/INFO]: Preparing level "world"
[19:57:16] [Server thread/INFO]: Preparing start region for dimension minecraft:overworld
[19:57:16] [Worker-Main-8/INFO]: Preparing spawn area: 0%
[19:57:16] [Worker-Main-9/INFO]: Preparing spawn area: 0%
[19:57:17] [Worker-Main-11/INFO]: Preparing spawn area: 0%
[19:57:17] [Worker-Main-12/INFO]: Preparing spawn area: 1%
[19:57:18] [Worker-Main-13/INFO]: Preparing spawn area: 3%
[19:57:18] [Worker-Main-9/INFO]: Preparing spawn area: 4%
[19:57:19] [Worker-Main-9/INFO]: Preparing spawn area: 7%
[19:57:19] [Worker-Main-11/INFO]: Preparing spawn area: 12%
[19:57:20] [Worker-Main-13/INFO]: Preparing spawn area: 17%
[19:57:20] [Worker-Main-12/INFO]: Preparing spawn area: 24%
[19:57:21] [Worker-Main-10/INFO]: Preparing spawn area: 26%
[19:57:21] [Worker-Main-10/INFO]: Preparing spawn area: 44%
[19:57:22] [Worker-Main-11/INFO]: Preparing spawn area: 54%
[19:57:22] [Worker-Main-8/INFO]: Preparing spawn area: 65%
[19:57:23] [Worker-Main-12/INFO]: Preparing spawn area: 76%
[19:57:23] [Worker-Main-12/INFO]: Preparing spawn area: 88%
[19:57:24] [Server thread/INFO]: Time elapsed: 8005 ms
[19:57:24] [Server thread/INFO]: Done (9.843s)! For help, type "help"
[19:57:24] [Server thread/INFO]: QiZhangVerdict sessions=0, trackedIPs=0, accountPairs=0, rules=11, companion=required, vm=DENY, blacklist=DENY, rateBuckets=0, accountBans=0, deviceBans=0, deviceRequired=true
[19:57:24] [Server thread/INFO]: Stopping the server
[19:57:24] [Server thread/INFO]: Stopping server
[19:57:24] [Server thread/INFO]: Saving players
[19:57:24] [Server thread/INFO]: Saving worlds
[19:57:24] [Server thread/INFO]: Saving chunks for level 'ServerLevel[world]'/minecraft:overworld
[19:57:25] [Server thread/INFO]: ThreadedAnvilChunkStorage (world): All chunks are saved
[19:57:25] [Server thread/INFO]: Saving chunks for level 'ServerLevel[world]'/minecraft:the_nether
[19:57:25] [Server thread/INFO]: ThreadedAnvilChunkStorage (DIM-1): All chunks are saved
[19:57:25] [Server thread/INFO]: Saving chunks for level 'ServerLevel[world]'/minecraft:the_end
[19:57:25] [Server thread/INFO]: ThreadedAnvilChunkStorage (DIM1): All chunks are saved
[19:57:25] [Server thread/INFO]: ThreadedAnvilChunkStorage (world): All chunks are saved
[19:57:25] [Server thread/INFO]: ThreadedAnvilChunkStorage (DIM-1): All chunks are saved
[19:57:25] [Server thread/INFO]: ThreadedAnvilChunkStorage (DIM1): All chunks are saved
