Loading libraries, please wait...
[19:42:44 INFO]: Starting minecraft server version 1.8.8
[19:42:44 INFO]: Loading properties
[19:42:44 INFO]: Default game type: SURVIVAL
[19:42:44 INFO]: This server is running CraftBukkit version git-PaperSpigot-445 (MC: 1.8.8) (Implementing API version 1.8.8-R0.1-SNAPSHOT)
[19:42:44 INFO]: Debug logging is disabled
[19:42:44 INFO]: Spigot Timings: true - Verbose: true - Interval: 5m - Length: 60m
[19:42:44 INFO]: Server Ping Player Sample Count: 12
[19:42:44 INFO]: Using 4 threads for Netty based IO
[19:42:44 INFO]: Data value allowed items: 
[19:42:44 INFO]: Generating keypair
[19:42:44 INFO]: Starting Minecraft server on 127.0.0.1:25674
[19:42:44 INFO]: Using default channel type
[19:42:45 INFO]: Set PluginClassLoader as parallel capable
[19:42:45 INFO]: [GrimAC] Loading GrimAC v2.3.67
[19:42:45 INFO]: [GrimAC] Loading PacketEvents...
[19:42:47 INFO]: [QiZhangVerdict] Loading QiZhangVerdict v0.1.1
[19:42:47 WARN]: **** SERVER IS RUNNING IN OFFLINE/INSECURE MODE!
[19:42:47 WARN]: The server will make no attempt to authenticate usernames. Beware.
[19:42:47 WARN]: While this makes the game possible to play without internet access, it also opens up the ability for hackers to connect with any username they choose.
[19:42:47 WARN]: To change this, set "online-mode" to "true" in the server.properties file.
[19:42:47 INFO]: **** Beginning UUID conversion, this may take A LONG time ****
[19:42:47 INFO]: Preparing level "world"
[19:42:47 INFO]: -------- World Settings For [world] --------
[19:42:47 INFO]: Item Merge Radius: 2.5
[19:42:47 INFO]: Item Despawn Rate: 6000
[19:42:47 INFO]: Arrow Despawn Rate: 1200
[19:42:47 INFO]: Allow Zombie Pigmen to spawn from portal blocks: true
[19:42:47 INFO]: Nerfing mobs spawned from spawners: false
[19:42:47 INFO]: Anti X-Ray: true
[19:42:47 INFO]: 	Engine Mode: 1
[19:42:47 INFO]: 	Hidden Blocks: [14, 15, 16, 21, 56, 73, 74, 129]
[19:42:47 INFO]: 	Replace Blocks: [1, 5]
[19:42:47 INFO]: Chunks to Grow per Tick: 650
[19:42:47 INFO]: Clear tick list: false
[19:42:47 INFO]: Experience Merge Radius: 3.0
[19:42:47 INFO]: Mob Spawn Range: 4
[19:42:47 INFO]: View Distance: 3
[19:42:47 INFO]: Zombie Aggressive Towards Villager: true
[19:42:47 INFO]: Max Entity Collisions: 8
[19:42:47 INFO]: Custom Map Seeds:  Village: 10387312 Feature: 14357617
[19:42:47 INFO]: Max TNT Explosions: 100
[19:42:47 INFO]: Tile Max Tick Time: 50ms Entity max Tick Time: 50ms
[19:42:47 INFO]: Random Lighting Updates: false
[19:42:47 INFO]: Cactus Growth Modifier: 100%
[19:42:47 INFO]: Cane Growth Modifier: 100%
[19:42:47 INFO]: Melon Growth Modifier: 100%
[19:42:47 INFO]: Mushroom Growth Modifier: 100%
[19:42:47 INFO]: Pumpkin Growth Modifier: 100%
[19:42:47 INFO]: Sapling Growth Modifier: 100%
[19:42:47 INFO]: Wheat Growth Modifier: 100%
[19:42:47 INFO]: NetherWart Growth Modifier: 100%
[19:42:47 INFO]: Structure Info Saving: true
[19:42:47 INFO]: Hopper Transfer: 8 Hopper Check: 8 Hopper Amount: 1
[19:42:47 INFO]: Sending up to 10 chunks per packet
[19:42:47 INFO]: Entity Tracking Range: Pl 48 / An 48 / Mo 48 / Mi 32 / Other 64
[19:42:47 INFO]: Entity Activation Range: An 32 / Mo 32 / Mi 16
[19:42:47 INFO]: -------- World Settings For [world] --------
[19:42:47 INFO]: Water over lava flow speed: 5
[19:42:47 INFO]: Fix TNT cannons: false
[19:42:47 INFO]: World async lighting: false
[19:42:47 INFO]: Player blocking damage multiplier set to 0.5
[19:42:47 INFO]: Max height for cactus growth 3. Max height for reed growth 3
[19:42:47 INFO]: Allow undead horse types to be leashed: false
[19:42:47 INFO]: Keep spawn chunk loaded: true
[19:42:47 INFO]: WorldServer TickNextTick cap set at 10000
[19:42:47 INFO]: WorldServer TickNextTickList cap always processes redstone: false
[19:42:47 INFO]: Remove invalid mob spawner tile entities: true
[19:42:47 INFO]: Living Entity Despawn Ranges:  Soft: 32 Hard: 128
[19:42:47 INFO]: Squids will spawn between Y: 45.0 and Y: 63.0
[19:42:47 INFO]: -------- World Settings For [world_nether] --------
[19:42:47 INFO]: Item Merge Radius: 2.5
[19:42:47 INFO]: Item Despawn Rate: 6000
[19:42:47 INFO]: Arrow Despawn Rate: 1200
[19:42:47 INFO]: Allow Zombie Pigmen to spawn from portal blocks: true
[19:42:47 INFO]: Nerfing mobs spawned from spawners: false
[19:42:47 INFO]: Anti X-Ray: true
[19:42:47 INFO]: 	Engine Mode: 1
[19:42:47 INFO]: 	Hidden Blocks: [14, 15, 16, 21, 56, 73, 74, 129]
[19:42:47 INFO]: 	Replace Blocks: [1, 5]
[19:42:47 INFO]: Chunks to Grow per Tick: 650
[19:42:47 INFO]: Clear tick list: false
[19:42:47 INFO]: Experience Merge Radius: 3.0
[19:42:47 INFO]: Mob Spawn Range: 4
[19:42:47 INFO]: View Distance: 3
[19:42:47 INFO]: Zombie Aggressive Towards Villager: true
[19:42:47 INFO]: Max Entity Collisions: 8
[19:42:47 INFO]: Custom Map Seeds:  Village: 10387312 Feature: 14357617
[19:42:47 INFO]: Max TNT Explosions: 100
[19:42:47 INFO]: Tile Max Tick Time: 50ms Entity max Tick Time: 50ms
[19:42:47 INFO]: Random Lighting Updates: false
[19:42:47 INFO]: Cactus Growth Modifier: 100%
[19:42:47 INFO]: Cane Growth Modifier: 100%
[19:42:47 INFO]: Melon Growth Modifier: 100%
[19:42:47 INFO]: Mushroom Growth Modifier: 100%
[19:42:47 INFO]: Pumpkin Growth Modifier: 100%
[19:42:47 INFO]: Sapling Growth Modifier: 100%
[19:42:47 INFO]: Wheat Growth Modifier: 100%
[19:42:47 INFO]: NetherWart Growth Modifier: 100%
[19:42:47 INFO]: Structure Info Saving: true
[19:42:47 INFO]: Hopper Transfer: 8 Hopper Check: 8 Hopper Amount: 1
[19:42:47 INFO]: Sending up to 10 chunks per packet
[19:42:47 INFO]: Entity Tracking Range: Pl 48 / An 48 / Mo 48 / Mi 32 / Other 64
[19:42:47 INFO]: Entity Activation Range: An 32 / Mo 32 / Mi 16
[19:42:47 INFO]: -------- World Settings For [world_nether] --------
[19:42:47 INFO]: Water over lava flow speed: 5
[19:42:47 INFO]: Fix TNT cannons: false
[19:42:47 INFO]: World async lighting: false
[19:42:47 INFO]: Player blocking damage multiplier set to 0.5
[19:42:47 INFO]: Max height for cactus growth 3. Max height for reed growth 3
[19:42:47 INFO]: Allow undead horse types to be leashed: false
[19:42:47 INFO]: Keep spawn chunk loaded: true
[19:42:47 INFO]: WorldServer TickNextTick cap set at 10000
[19:42:47 INFO]: WorldServer TickNextTickList cap always processes redstone: false
[19:42:47 INFO]: Remove invalid mob spawner tile entities: true
[19:42:47 INFO]: Living Entity Despawn Ranges:  Soft: 32 Hard: 128
[19:42:47 INFO]: Squids will spawn between Y: 45.0 and Y: 63.0
[19:42:47 INFO]: -------- World Settings For [world_the_end] --------
[19:42:47 INFO]: Item Merge Radius: 2.5
[19:42:47 INFO]: Item Despawn Rate: 6000
[19:42:47 INFO]: Arrow Despawn Rate: 1200
[19:42:47 INFO]: Allow Zombie Pigmen to spawn from portal blocks: true
[19:42:47 INFO]: Nerfing mobs spawned from spawners: false
[19:42:47 INFO]: Anti X-Ray: true
[19:42:47 INFO]: 	Engine Mode: 1
[19:42:47 INFO]: 	Hidden Blocks: [14, 15, 16, 21, 56, 73, 74, 129]
[19:42:47 INFO]: 	Replace Blocks: [1, 5]
[19:42:47 INFO]: Chunks to Grow per Tick: 650
[19:42:47 INFO]: Clear tick list: false
[19:42:47 INFO]: Experience Merge Radius: 3.0
[19:42:47 INFO]: Mob Spawn Range: 4
[19:42:47 INFO]: View Distance: 3
[19:42:47 INFO]: Zombie Aggressive Towards Villager: true
[19:42:47 INFO]: Max Entity Collisions: 8
[19:42:47 INFO]: Custom Map Seeds:  Village: 10387312 Feature: 14357617
[19:42:47 INFO]: Max TNT Explosions: 100
[19:42:47 INFO]: Tile Max Tick Time: 50ms Entity max Tick Time: 50ms
[19:42:47 INFO]: Random Lighting Updates: false
[19:42:47 INFO]: Cactus Growth Modifier: 100%
[19:42:47 INFO]: Cane Growth Modifier: 100%
[19:42:47 INFO]: Melon Growth Modifier: 100%
[19:42:47 INFO]: Mushroom Growth Modifier: 100%
[19:42:47 INFO]: Pumpkin Growth Modifier: 100%
[19:42:47 INFO]: Sapling Growth Modifier: 100%
[19:42:47 INFO]: Wheat Growth Modifier: 100%
[19:42:47 INFO]: NetherWart Growth Modifier: 100%
[19:42:47 INFO]: Structure Info Saving: true
[19:42:47 INFO]: Hopper Transfer: 8 Hopper Check: 8 Hopper Amount: 1
[19:42:47 INFO]: Sending up to 10 chunks per packet
[19:42:47 INFO]: Entity Tracking Range: Pl 48 / An 48 / Mo 48 / Mi 32 / Other 64
[19:42:47 INFO]: Entity Activation Range: An 32 / Mo 32 / Mi 16
[19:42:47 INFO]: -------- World Settings For [world_the_end] --------
[19:42:47 INFO]: Water over lava flow speed: 5
[19:42:47 INFO]: Fix TNT cannons: false
[19:42:47 INFO]: World async lighting: false
[19:42:47 INFO]: Player blocking damage multiplier set to 0.5
[19:42:47 INFO]: Max height for cactus growth 3. Max height for reed growth 3
[19:42:47 INFO]: Allow undead horse types to be leashed: false
[19:42:47 INFO]: Keep spawn chunk loaded: true
[19:42:47 INFO]: WorldServer TickNextTick cap set at 10000
[19:42:47 INFO]: WorldServer TickNextTickList cap always processes redstone: false
[19:42:47 INFO]: Remove invalid mob spawner tile entities: true
[19:42:47 INFO]: Living Entity Despawn Ranges:  Soft: 32 Hard: 128
[19:42:47 INFO]: Squids will spawn between Y: 45.0 and Y: 63.0
[19:42:47 INFO]: Preparing start region for level 0 (Seed: 12955)
[19:42:48 INFO]: Preparing start region for level 1 (Seed: 12955)
[19:42:48 INFO]: Preparing start region for level 2 (Seed: 12955)
[19:42:49 INFO]: [GrimAC] Enabling GrimAC v2.3.67
[19:42:49 INFO]: [GrimAC] Registering singular bukkit event... (PistonEvent)
[19:42:49 INFO]: [GrimAC] Registering packets...
[19:42:49 INFO]: [GrimAC] Registering tick schedulers...
[19:42:49 WARN]: [GrimAC] You are running an outdated Java version, please update it to at least Java 17 (your version is 1.8.0_504).
[19:42:49 WARN]: [GrimAC] GrimAC will no longer support this version of Java in a future release.
[19:42:49 WARN]: [GrimAC] See https://github.com/GrimAnticheat/Grim/wiki/Updating-to-Java-17 for more information.
[19:42:49 INFO]: [QiZhangVerdict] Enabling QiZhangVerdict v0.1.1
[19:42:49 WARN]: [QiZhangVerdict] Offline mode: UUID/account ownership needs external authentication; IP limits are not proof of identity. Secure proxy forwarding and firewall the backend.
[19:42:49 INFO]: [QiZhangVerdict] QiZhangVerdict sessions=0, trackedIPs=1, accountPairs=2, rules=11, companion=required, vm=DENY, blacklist=DENY, rateBuckets=0, accountBans=2, deviceBans=1, deviceRequired=true
[19:42:49 INFO]: [QiZhangVerdict] Integrations: GrimAC=2.3.67 enabled (check configuration); Orebfuscator=absent; Paper Anti-Xray=available; enable and verify per-world config. These engines are installed separately.
[19:42:49 INFO]: Server permissions file permissions.yml is empty, ignoring it
[19:42:49 INFO]: Done (1.820s)! For help, type "help" or "?"
[19:42:49 INFO]: Timings Reset
[19:42:49 INFO]: QiZhangVerdict sessions=0, trackedIPs=1, accountPairs=2, rules=11, companion=required, vm=DENY, blacklist=DENY, rateBuckets=0, accountBans=2, deviceBans=1, deviceRequired=true
[19:42:49 INFO]: Integrations: GrimAC=2.3.67 enabled (check configuration); Orebfuscator=absent; Paper Anti-Xray=available; enable and verify per-world config. These engines are installed separately.
[19:42:50 INFO]: UUID of player QVGrimMain is 96641a43-6f3d-3a54-9d29-bf7f09b15f70
[19:42:51 INFO]: Disconnecting com.mojang.authlib.GameProfile@6dfba8af[id=96641a43-6f3d-3a54-9d29-bf7f09b15f70,name=QVGrimMain,properties={},legacy=false] (/127.0.0.1:4554): This account is banned by the server
[19:42:51 INFO]: Disconnecting com.mojang.authlib.GameProfile@6dfba8af[id=96641a43-6f3d-3a54-9d29-bf7f09b15f70,name=QVGrimMain,properties={},legacy=false] (/127.0.0.1:4554): This account is banned by the server
[19:42:51 INFO]: com.mojang.authlib.GameProfile@6dfba8af[id=96641a43-6f3d-3a54-9d29-bf7f09b15f70,name=QVGrimMain,properties={},legacy=false] (/127.0.0.1:4554) lost connection: This account is banned by the server
[19:42:52 INFO]: UUID of player QVGrimLinked is 5f5fc467-3547-3024-8edb-c933991bb93e
[19:42:52 INFO]: Disconnecting com.mojang.authlib.GameProfile@425b8fdb[id=5f5fc467-3547-3024-8edb-c933991bb93e,name=QVGrimLinked,properties={},legacy=false] (/127.0.0.1:4559): This account is banned by the server
[19:42:52 INFO]: com.mojang.authlib.GameProfile@425b8fdb[id=5f5fc467-3547-3024-8edb-c933991bb93e,name=QVGrimLinked,properties={},legacy=false] (/127.0.0.1:4559) lost connection: This account is banned by the server
[19:42:53 INFO]: UUID of player QVGrimFresh is 005181b1-4088-3256-8a9e-39797635ccb8
[19:42:53 INFO]: QVGrimFresh[/127.0.0.1:4561] logged in with entity id 20 at ([world]-4.5, 64.0, -0.5)
[19:42:54 INFO]: QVGrimFresh lost connection: [QiZhangVerdict] This reported device identifier is banned
[19:42:54 INFO]: QVGrimFresh left the game.
[19:42:54 WARN]: handleDisconnection() called twice
[19:42:54 INFO]: UUID of player QVGrimClean is cfba7f44-d7e3-3d82-83a2-26ac51682509
[19:42:55 INFO]: QVGrimClean[/127.0.0.1:4562] logged in with entity id 21 at ([world]-0.5, 64.0, 2.5)
[19:42:56 INFO]: QVGrimClean lost connection: Disconnected
[19:42:56 INFO]: QVGrimClean left the game.
[19:42:56 INFO]: Unbanned target. Account and device bans are separate; check /qzverdict bans.
[19:42:58 INFO]: Unbanned target. Account and device bans are separate; check /qzverdict bans.
[19:42:59 INFO]: Unbanned target. Account and device bans are separate; check /qzverdict bans.
[19:43:00 INFO]: Unbanned target. Account and device bans are separate; check /qzverdict bans.
[19:43:01 INFO]: UUID of player QVGrimMain is 96641a43-6f3d-3a54-9d29-bf7f09b15f70
[19:43:01 INFO]: QVGrimMain[/127.0.0.1:5303] logged in with entity id 22 at ([world]-4.5, 64.0, 1.5)
[19:43:03 INFO]: QVGrimMain lost connection: Disconnected
[19:43:03 INFO]: QVGrimMain left the game.
[19:43:04 INFO]: Stopping the server
[19:43:04 INFO]: Stopping server
[19:43:04 INFO]: [QiZhangVerdict] Disabling QiZhangVerdict v0.1.1
[19:43:04 INFO]: [GrimAC] Disabling GrimAC v2.3.67
[19:43:04 INFO]: [GrimAC] Terminating PacketEvents...
[19:43:04 INFO]: Saving players
[19:43:04 INFO]: Saving worlds
[19:43:04 INFO]: Saving chunks for level 'world'/Overworld
[19:43:04 INFO]: Saving chunks for level 'world_nether'/Nether
[19:43:04 INFO]: Saving chunks for level 'world_the_end'/The End
