Loading libraries, please wait...
2026-09-25 19:37:57,273 main WARN Disabling terminal, you're running in an unsupported environment.
[19:37:58 INFO]: Starting minecraft server version 1.12.2
[19:37:58 INFO]: Loading properties
[19:37:58 INFO]: Default game type: SURVIVAL
[19:37:58 INFO]: This server is running Paper version git-Paper-1620 (MC: 1.12.2) (Implementing API version 1.12.2-R0.1-SNAPSHOT)
[19:37:58 INFO]: Debug logging is disabled
[19:37:58 INFO]: Server Ping Player Sample Count: 12
[19:37:58 INFO]: Using 4 threads for Netty based IO
[19:37:58 INFO]: Generating keypair
[19:37:58 INFO]: Starting Minecraft server on 127.0.0.1:25674
[19:37:58 INFO]: Using default channel type
[19:38:00 INFO]: Set PluginClassLoader as parallel capable
[19:38:00 INFO]: [GrimAC] Loading GrimAC v2.3.67
[19:38:00 INFO]: [GrimAC] Loading PacketEvents...
[19:38:02 INFO]: [QiZhangVerdict] Loading QiZhangVerdict v0.1.1
[19:38:02 INFO]: Server permissions file permissions.yml is empty, ignoring it
[19:38:02 WARN]: **** SERVER IS RUNNING IN OFFLINE/INSECURE MODE!
[19:38:02 WARN]: The server will make no attempt to authenticate usernames. Beware.
[19:38:02 WARN]: While this makes the game possible to play without internet access, it also opens up the ability for hackers to connect with any username they choose.
[19:38:02 WARN]: To change this, set "online-mode" to "true" in the server.properties file.
[19:38:02 INFO]: **** Beginning UUID conversion, this may take A LONG time ****
[19:38:02 INFO]: Preparing level "world"
[19:38:02 INFO]: -------- World Settings For [world] --------
[19:38:02 INFO]: Allow Zombie Pigmen to spawn from portal blocks: true
[19:38:02 INFO]: Custom Map Seeds:  Village: 10387312 Feature: 14357617 Monument: 10387313 Slime: 987234911
[19:38:02 INFO]: Item Merge Radius: 2.5
[19:38:02 INFO]: Item Despawn Rate: 6000
[19:38:02 INFO]: View Distance: 3
[19:38:02 INFO]: Arrow Despawn Rate: 1200
[19:38:02 INFO]: Nerfing mobs spawned from spawners: false
[19:38:02 INFO]: Experience Merge Radius: 3.0
[19:38:02 INFO]: Zombie Aggressive Towards Villager: true
[19:38:02 INFO]: Mob Spawn Range: 4
[19:38:02 INFO]: Structure Info Saving: true
[19:38:02 INFO]: Entity Tracking Range: Pl 48 / An 48 / Mo 48 / Mi 32 / Other 64
[19:38:02 INFO]: Random Lighting Updates: false
[19:38:02 INFO]: Max TNT Explosions: 100
[19:38:02 INFO]: Entity Activation Range: An 32 / Mo 32 / Mi 16 / Tiv true
[19:38:02 INFO]: Hopper Transfer: 8 Hopper Check: 1 Hopper Amount: 1
[19:38:02 INFO]: Tile Max Tick Time: 50ms Entity max Tick Time: 50ms
[19:38:02 INFO]: Cactus Growth Modifier: 100%
[19:38:02 INFO]: Cane Growth Modifier: 100%
[19:38:02 INFO]: Melon Growth Modifier: 100%
[19:38:02 INFO]: Mushroom Growth Modifier: 100%
[19:38:02 INFO]: Pumpkin Growth Modifier: 100%
[19:38:02 INFO]: Sapling Growth Modifier: 100%
[19:38:02 INFO]: Wheat Growth Modifier: 100%
[19:38:02 INFO]: NetherWart Growth Modifier: 100%
[19:38:02 INFO]: Vine Growth Modifier: 100%
[19:38:02 INFO]: Cocoa Growth Modifier: 100%
[19:38:02 INFO]: -------- World Settings For [world_nether] --------
[19:38:02 INFO]: Allow Zombie Pigmen to spawn from portal blocks: true
[19:38:02 INFO]: Custom Map Seeds:  Village: 10387312 Feature: 14357617 Monument: 10387313 Slime: 987234911
[19:38:02 INFO]: Item Merge Radius: 2.5
[19:38:02 INFO]: Item Despawn Rate: 6000
[19:38:02 INFO]: View Distance: 3
[19:38:02 INFO]: Arrow Despawn Rate: 1200
[19:38:02 INFO]: Nerfing mobs spawned from spawners: false
[19:38:02 INFO]: Experience Merge Radius: 3.0
[19:38:02 INFO]: Zombie Aggressive Towards Villager: true
[19:38:02 INFO]: Mob Spawn Range: 4
[19:38:02 INFO]: Structure Info Saving: true
[19:38:02 INFO]: Entity Tracking Range: Pl 48 / An 48 / Mo 48 / Mi 32 / Other 64
[19:38:02 INFO]: Random Lighting Updates: false
[19:38:02 INFO]: Max TNT Explosions: 100
[19:38:02 INFO]: Entity Activation Range: An 32 / Mo 32 / Mi 16 / Tiv true
[19:38:02 INFO]: Hopper Transfer: 8 Hopper Check: 1 Hopper Amount: 1
[19:38:02 INFO]: Tile Max Tick Time: 50ms Entity max Tick Time: 50ms
[19:38:02 INFO]: Cactus Growth Modifier: 100%
[19:38:02 INFO]: Cane Growth Modifier: 100%
[19:38:02 INFO]: Melon Growth Modifier: 100%
[19:38:02 INFO]: Mushroom Growth Modifier: 100%
[19:38:02 INFO]: Pumpkin Growth Modifier: 100%
[19:38:02 INFO]: Sapling Growth Modifier: 100%
[19:38:02 INFO]: Wheat Growth Modifier: 100%
[19:38:02 INFO]: NetherWart Growth Modifier: 100%
[19:38:02 INFO]: Vine Growth Modifier: 100%
[19:38:02 INFO]: Cocoa Growth Modifier: 100%
[19:38:02 INFO]: -------- World Settings For [world_the_end] --------
[19:38:02 INFO]: Allow Zombie Pigmen to spawn from portal blocks: true
[19:38:02 INFO]: Custom Map Seeds:  Village: 10387312 Feature: 14357617 Monument: 10387313 Slime: 987234911
[19:38:02 INFO]: Item Merge Radius: 2.5
[19:38:02 INFO]: Item Despawn Rate: 6000
[19:38:02 INFO]: View Distance: 3
[19:38:02 INFO]: Arrow Despawn Rate: 1200
[19:38:02 INFO]: Nerfing mobs spawned from spawners: false
[19:38:02 INFO]: Experience Merge Radius: 3.0
[19:38:02 INFO]: Zombie Aggressive Towards Villager: true
[19:38:02 INFO]: Mob Spawn Range: 4
[19:38:02 INFO]: Structure Info Saving: true
[19:38:02 INFO]: Entity Tracking Range: Pl 48 / An 48 / Mo 48 / Mi 32 / Other 64
[19:38:02 INFO]: Random Lighting Updates: false
[19:38:02 INFO]: Max TNT Explosions: 100
[19:38:02 INFO]: Entity Activation Range: An 32 / Mo 32 / Mi 16 / Tiv true
[19:38:02 INFO]: Hopper Transfer: 8 Hopper Check: 1 Hopper Amount: 1
[19:38:02 INFO]: Tile Max Tick Time: 50ms Entity max Tick Time: 50ms
[19:38:02 INFO]: Cactus Growth Modifier: 100%
[19:38:02 INFO]: Cane Growth Modifier: 100%
[19:38:02 INFO]: Melon Growth Modifier: 100%
[19:38:02 INFO]: Mushroom Growth Modifier: 100%
[19:38:02 INFO]: Pumpkin Growth Modifier: 100%
[19:38:02 INFO]: Sapling Growth Modifier: 100%
[19:38:02 INFO]: Wheat Growth Modifier: 100%
[19:38:02 INFO]: NetherWart Growth Modifier: 100%
[19:38:02 INFO]: Vine Growth Modifier: 100%
[19:38:02 INFO]: Cocoa Growth Modifier: 100%
[19:38:02 INFO]: Preparing start region for level 0 (Seed: 12955)
[19:38:03 INFO]: Preparing start region for level 1 (Seed: 12955)
[19:38:03 INFO]: Preparing start region for level 2 (Seed: 12955)
[19:38:03 INFO]: [GrimAC] Enabling GrimAC v2.3.67
[19:38:03 INFO]: [GrimAC] Registering singular bukkit event... (PistonEvent)
[19:38:03 INFO]: [GrimAC] Registering packets...
[19:38:03 INFO]: [GrimAC] Registering tick schedulers...
[19:38:03 INFO]: [GrimAC] [ACF] Enabled Asynchronous Tab Completion Support!
[19:38:03 WARN]: [GrimAC] You are running an outdated Java version, please update it to at least Java 17 (your version is 1.8.0_504).
[19:38:03 WARN]: [GrimAC] GrimAC will no longer support this version of Java in a future release.
[19:38:03 WARN]: [GrimAC] See https://github.com/GrimAnticheat/Grim/wiki/Updating-to-Java-17 for more information.
[19:38:03 INFO]: [QiZhangVerdict] Enabling QiZhangVerdict v0.1.1
[19:38:03 WARN]: [QiZhangVerdict] Offline mode: UUID/account ownership needs external authentication; IP limits are not proof of identity. Secure proxy forwarding and firewall the backend.
[19:38:03 INFO]: [QiZhangVerdict] QiZhangVerdict sessions=0, trackedIPs=1, accountPairs=2, rules=11, companion=required, vm=DENY, blacklist=DENY, rateBuckets=0, accountBans=2, deviceBans=1, deviceRequired=true
[19:38:03 INFO]: [QiZhangVerdict] Integrations: GrimAC=2.3.67 enabled (check configuration); Orebfuscator=absent; Paper Anti-Xray=available; enable and verify per-world config. These engines are installed separately.
[19:38:03 INFO]: Done (0.810s)! For help, type "help" or "?"
[19:38:03 INFO]: Timings Reset
[19:38:03 INFO]: QiZhangVerdict sessions=0, trackedIPs=1, accountPairs=2, rules=11, companion=required, vm=DENY, blacklist=DENY, rateBuckets=0, accountBans=2, deviceBans=1, deviceRequired=true
[19:38:03 INFO]: Integrations: GrimAC=2.3.67 enabled (check configuration); Orebfuscator=absent; Paper Anti-Xray=available; enable and verify per-world config. These engines are installed separately.
[19:38:05 INFO]: UUID of player QVGrimMain is 96641a43-6f3d-3a54-9d29-bf7f09b15f70
[19:38:05 INFO]: Disconnecting com.mojang.authlib.GameProfile@2b82d5c7[id=96641a43-6f3d-3a54-9d29-bf7f09b15f70,name=QVGrimMain,properties={},legacy=false] (/127.0.0.1:4633): This account is banned by the server
[19:38:05 INFO]: com.mojang.authlib.GameProfile@2b82d5c7[id=96641a43-6f3d-3a54-9d29-bf7f09b15f70,name=QVGrimMain,properties={},legacy=false] (/127.0.0.1:4633) lost connection: This account is banned by the server
[19:38:06 INFO]: UUID of player QVGrimLinked is 5f5fc467-3547-3024-8edb-c933991bb93e
[19:38:06 INFO]: Disconnecting com.mojang.authlib.GameProfile@30290d8d[id=5f5fc467-3547-3024-8edb-c933991bb93e,name=QVGrimLinked,properties={},legacy=false] (/127.0.0.1:4634): This account is banned by the server
[19:38:06 INFO]: com.mojang.authlib.GameProfile@30290d8d[id=5f5fc467-3547-3024-8edb-c933991bb93e,name=QVGrimLinked,properties={},legacy=false] (/127.0.0.1:4634) lost connection: This account is banned by the server
[19:38:07 INFO]: UUID of player QVGrimFresh is 005181b1-4088-3256-8a9e-39797635ccb8
[19:38:07 INFO]: QVGrimFresh[/127.0.0.1:4635] logged in with entity id 13 at ([world]-0.5, 64.0, -5.5)
[19:38:08 INFO]: QVGrimFresh lost connection: [QiZhangVerdict] This reported device identifier is banned
[19:38:08 INFO]: QVGrimFresh left the game
[19:38:08 WARN]: handleDisconnection() called twice
[19:38:09 INFO]: UUID of player QVGrimClean is cfba7f44-d7e3-3d82-83a2-26ac51682509
[19:38:09 INFO]: QVGrimClean[/127.0.0.1:4642] logged in with entity id 14 at ([world]-9.5, 64.0, 0.5)
[19:38:10 INFO]: QVGrimClean lost connection: Disconnected
[19:38:10 INFO]: QVGrimClean left the game
[19:38:11 INFO]: Unbanned target. Account and device bans are separate; check /qzverdict bans.
[19:38:12 INFO]: Unbanned target. Account and device bans are separate; check /qzverdict bans.
[19:38:13 INFO]: Unbanned target. Account and device bans are separate; check /qzverdict bans.
[19:38:14 INFO]: Unbanned target. Account and device bans are separate; check /qzverdict bans.
[19:38:15 INFO]: UUID of player QVGrimMain is 96641a43-6f3d-3a54-9d29-bf7f09b15f70
[19:38:15 INFO]: QVGrimMain[/127.0.0.1:4649] logged in with entity id 15 at ([world]-0.5, 64.0, 6.5)
[19:38:17 INFO]: QVGrimMain lost connection: Disconnected
[19:38:17 INFO]: QVGrimMain left the game
[19:38:18 INFO]: Stopping the server
[19:38:18 INFO]: Stopping server
[19:38:18 INFO]: [QiZhangVerdict] Disabling QiZhangVerdict v0.1.1
[19:38:18 INFO]: [GrimAC] Disabling GrimAC v2.3.67
[19:38:18 INFO]: [GrimAC] Terminating PacketEvents...
[19:38:18 INFO]: Saving players
[19:38:18 INFO]: Saving worlds
[19:38:18 INFO]: Saving chunks for level 'world'/overworld
[19:38:18 INFO]: Saving chunks for level 'world_nether'/the_nether
[19:38:18 INFO]: Saving chunks for level 'world_the_end'/the_end
