To honour the JVM settings for this build a new JVM will be forked. Please consider using the daemon: https://docs.gradle.org/2.7/userguide/gradle_daemon.html.
Starting daemon process: workingDir = E:\CodexTemp\QiZhangVerdict\legacy-build\1.8.9\gradle-user-home\daemon\2.7, daemonArgs: [E:\CodexTemp\QiZhangVerdict\toolchains\jdk8\jdk8u504-b01\bin\java.exe, -Xmx1536M, -Dfile.encoding=UTF-8, -Duser.country=CN, -Duser.language=zh, -Duser.variant, -cp, E:\CodexTemp\QiZhangVerdict\legacy-build\1.8.9\tools\gradle-2.7\lib\gradle-launcher-2.7.jar, org.gradle.launcher.daemon.bootstrap.GradleDaemon, 2.7]
Starting process 'Gradle build daemon'. Working directory: E:\CodexTemp\QiZhangVerdict\legacy-build\1.8.9\gradle-user-home\daemon\2.7 Command: E:\CodexTemp\QiZhangVerdict\toolchains\jdk8\jdk8u504-b01\bin\java.exe -Xmx1536M -Dfile.encoding=UTF-8 -Duser.country=CN -Duser.language=zh -Duser.variant -cp E:\CodexTemp\QiZhangVerdict\legacy-build\1.8.9\tools\gradle-2.7\lib\gradle-launcher-2.7.jar org.gradle.launcher.daemon.bootstrap.GradleDaemon 2.7
Successfully started process 'Gradle build daemon'
An attempt to start the daemon took 4.096 secs.
Connected to daemon DaemonInfo{pid=94964, address=[c3cdaa4e-8cb3-4b3a-ba9f-e9cb9b318e3b port:5612, addresses:[/127.0.0.1, /0:0:0:0:0:0:0:1]], idle=false, context=DefaultDaemonContext[uid=47439fcb-276f-42bf-825d-a24bfbeac962,javaHome=E:\CodexTemp\QiZhangVerdict\toolchains\jdk8\jdk8u504-b01,daemonRegistryDir=E:\CodexTemp\QiZhangVerdict\legacy-build\1.8.9\gradle-user-home\daemon,pid=94964,idleTimeout=120000,daemonOpts=-Xmx1536M,-Dfile.encoding=UTF-8,-Duser.country=CN,-Duser.language=zh,-Duser.variant]}. Dispatching request BuildAndStop{id=15f6d43d-d289-4fce-928b-c54b091fe4b9.1, currentDir=E:\Codex_work\QiZhangVerdict\platforms\1.8.9}.
Received result org.gradle.launcher.daemon.protocol.BuildStarted@7f2cfe3f from daemon DaemonInfo{pid=94964, address=[c3cdaa4e-8cb3-4b3a-ba9f-e9cb9b318e3b port:5612, addresses:[/127.0.0.1, /0:0:0:0:0:0:0:1]], idle=false, context=DefaultDaemonContext[uid=47439fcb-276f-42bf-825d-a24bfbeac962,javaHome=E:\CodexTemp\QiZhangVerdict\toolchains\jdk8\jdk8u504-b01,daemonRegistryDir=E:\CodexTemp\QiZhangVerdict\legacy-build\1.8.9\gradle-user-home\daemon,pid=94964,idleTimeout=120000,daemonOpts=-Xmx1536M,-Dfile.encoding=UTF-8,-Duser.country=CN,-Duser.language=zh,-Duser.variant]} (build should be starting).
The client will now receive all logging from the daemon (pid: 94964). The daemon log file: E:\CodexTemp\QiZhangVerdict\legacy-build\1.8.9\gradle-user-home\daemon\2.7\daemon-94964.out.log
Closing daemon's stdin at end of input.
The daemon will no longer process any standard input.
Executing build with daemon context: DefaultDaemonContext[uid=47439fcb-276f-42bf-825d-a24bfbeac962,javaHome=E:\CodexTemp\QiZhangVerdict\toolchains\jdk8\jdk8u504-b01,daemonRegistryDir=E:\CodexTemp\QiZhangVerdict\legacy-build\1.8.9\gradle-user-home\daemon,pid=94964,idleTimeout=120000,daemonOpts=-Xmx1536M,-Dfile.encoding=UTF-8,-Duser.country=CN,-Duser.language=zh,-Duser.variant]
Starting Build
Compiling settings file 'E:\Codex_work\QiZhangVerdict\platforms\1.8.9\settings.gradle' using SubsetScriptTransformer.
Compiling settings file 'E:\Codex_work\QiZhangVerdict\platforms\1.8.9\settings.gradle' using BuildScriptTransformer.
Settings evaluated using settings file 'E:\Codex_work\QiZhangVerdict\platforms\1.8.9\settings.gradle'.
Projects loaded. Root project using build file 'E:\Codex_work\QiZhangVerdict\platforms\1.8.9\build.gradle'.
Included projects: [root project 'QiZhangVerdict-1.8.9', project ':forge']
Evaluating root project 'QiZhangVerdict-1.8.9' using build file 'E:\Codex_work\QiZhangVerdict\platforms\1.8.9\build.gradle'.
Compiling build file 'E:\Codex_work\QiZhangVerdict\platforms\1.8.9\build.gradle' using SubsetScriptTransformer.
Download https://maven.minecraftforge.net/net/minecraftforge/gradle/ForgeGradle/2.1-SNAPSHOT/ForgeGradle-2.1-20211118.174922-42.pom
Download https://maven.minecraftforge.net/org/ow2/asm/asm-debug-all/5.0.3/asm-debug-all-5.0.3.pom
Download https://maven.minecraftforge.net/org/ow2/asm/asm-parent/5.0.3/asm-parent-5.0.3.pom
Found locally available resource with matching checksum: [https://maven.minecraftforge.net/org/ow2/ow2/1.3/ow2-1.3.pom, C:\Users\Q1666\.m2\repository\org\ow2\ow2\1.3\ow2-1.3.pom]
Download https://maven.minecraftforge.net/com/google/guava/guava/18.0/guava-18.0.pom
Download https://maven.minecraftforge.net/com/google/guava/guava-parent/18.0/guava-parent-18.0.pom
Found locally available resource with matching checksum: [https://maven.minecraftforge.net/org/sonatype/oss/oss-parent/7/oss-parent-7.pom, C:\Users\Q1666\.m2\repository\org\sonatype\oss\oss-parent\7\oss-parent-7.pom]
Download https://maven.minecraftforge.net/net/sf/opencsv/opencsv/2.3/opencsv-2.3.pom
Download https://maven.minecraftforge.net/com/cloudbees/diff4j/1.1/diff4j-1.1.pom
Download https://maven.minecraftforge.net/com/cloudbees/cloudbees-oss-parent/1/cloudbees-oss-parent-1.pom
Download https://maven.minecraftforge.net/com/github/abrarsyed/jastyle/jAstyle/1.3/jAstyle-1.3.pom
Download https://maven.minecraftforge.net/net/sf/trove4j/trove4j/2.1.0/trove4j-2.1.0.pom
Download https://maven.minecraftforge.net/com/github/jponge/lzma-java/1.3/lzma-java-1.3.pom
Download https://maven.minecraftforge.net/com/nothome/javaxdelta/2.0.1/javaxdelta-2.0.1.pom
Download https://maven.minecraftforge.net/com/google/code/gson/gson/2.2.4/gson-2.2.4.pom
Download https://maven.minecraftforge.net/com/github/tony19/named-regexp/0.2.3/named-regexp-0.2.3.pom
Download https://maven.minecraftforge.net/net/minecraftforge/fernflower/2.0-SNAPSHOT/fernflower-2.0-20151214.100946-17.pom
Download https://maven.minecraftforge.net/org/apache/httpcomponents/httpclient/4.3.3/httpclient-4.3.3.pom
Download https://maven.minecraftforge.net/org/apache/httpcomponents/httpcomponents-client/4.3.3/httpcomponents-client-4.3.3.pom
Download https://maven.minecraftforge.net/org/apache/httpcomponents/project/7/project-7.pom
Found locally available resource with matching checksum: [https://maven.minecraftforge.net/org/apache/apache/13/apache-13.pom, C:\Users\Q1666\.m2\repository\org\apache\apache\13\apache-13.pom]
Download https://maven.minecraftforge.net/org/apache/httpcomponents/httpmime/4.3.3/httpmime-4.3.3.pom
Download https://maven.minecraftforge.net/org/jvnet/localizer/localizer/1.12/localizer-1.12.pom
Download https://maven.minecraftforge.net/org/jvnet/localizer/localizer-parent/1.12/localizer-parent-1.12.pom
Download https://maven.minecraftforge.net/commons-io/commons-io/1.4/commons-io-1.4.pom
Download https://maven.minecraftforge.net/org/apache/commons/commons-parent/7/commons-parent-7.pom
Found locally available resource with matching checksum: [https://maven.minecraftforge.net/org/apache/apache/4/apache-4.pom, C:\Users\Q1666\.m2\repository\org\apache\apache\4\apache-4.pom]
Download https://maven.minecraftforge.net/trove/trove/1.0.2/trove-1.0.2.pom
Download https://maven.minecraftforge.net/org/apache/httpcomponents/httpcore/4.3.2/httpcore-4.3.2.pom
Download https://maven.minecraftforge.net/org/apache/httpcomponents/httpcomponents-core/4.3.2/httpcomponents-core-4.3.2.pom
Download https://maven.minecraftforge.net/commons-logging/commons-logging/1.1.3/commons-logging-1.1.3.pom
Download https://maven.minecraftforge.net/org/apache/commons/commons-parent/28/commons-parent-28.pom
Found locally available resource with matching checksum: [https://maven.minecraftforge.net/commons-codec/commons-codec/1.6/commons-codec-1.6.pom, C:\Users\Q1666\.m2\repository\commons-codec\commons-codec\1.6\commons-codec-1.6.pom]
Found locally available resource with matching checksum: [https://maven.minecraftforge.net/org/apache/commons/commons-parent/22/commons-parent-22.pom, C:\Users\Q1666\.m2\repository\org\apache\commons\commons-parent\22\commons-parent-22.pom]
Found locally available resource with matching checksum: [https://maven.minecraftforge.net/org/apache/apache/9/apache-9.pom, C:\Users\Q1666\.m2\repository\org\apache\apache\9\apache-9.pom]
Download https://maven.minecraftforge.net/net/minecraftforge/gradle/ForgeGradle/2.1-SNAPSHOT/ForgeGradle-2.1-20211118.174922-42.jar
Download https://maven.minecraftforge.net/org/ow2/asm/asm-debug-all/5.0.3/asm-debug-all-5.0.3.jar
Download https://maven.minecraftforge.net/com/google/guava/guava/18.0/guava-18.0.jar
Download https://maven.minecraftforge.net/net/sf/opencsv/opencsv/2.3/opencsv-2.3.jar
Download https://maven.minecraftforge.net/com/cloudbees/diff4j/1.1/diff4j-1.1.jar
Download https://maven.minecraftforge.net/com/github/abrarsyed/jastyle/jAstyle/1.3/jAstyle-1.3.jar
Download https://maven.minecraftforge.net/net/sf/trove4j/trove4j/2.1.0/trove4j-2.1.0.jar
Download https://maven.minecraftforge.net/com/github/jponge/lzma-java/1.3/lzma-java-1.3.jar
Download https://maven.minecraftforge.net/com/nothome/javaxdelta/2.0.1/javaxdelta-2.0.1.jar
Download https://maven.minecraftforge.net/com/google/code/gson/gson/2.2.4/gson-2.2.4.jar
Download https://maven.minecraftforge.net/com/github/tony19/named-regexp/0.2.3/named-regexp-0.2.3.jar
Download https://maven.minecraftforge.net/net/minecraftforge/fernflower/2.0-SNAPSHOT/fernflower-2.0-20151214.100946-17.jar
Download https://maven.minecraftforge.net/org/apache/httpcomponents/httpclient/4.3.3/httpclient-4.3.3.jar
Download https://maven.minecraftforge.net/org/apache/httpcomponents/httpmime/4.3.3/httpmime-4.3.3.jar
Download https://maven.minecraftforge.net/org/jvnet/localizer/localizer/1.12/localizer-1.12.jar
Download https://maven.minecraftforge.net/commons-io/commons-io/1.4/commons-io-1.4.jar
Download https://maven.minecraftforge.net/trove/trove/1.0.2/trove-1.0.2.jar
Download https://maven.minecraftforge.net/org/apache/httpcomponents/httpcore/4.3.2/httpcore-4.3.2.jar
Download https://maven.minecraftforge.net/commons-logging/commons-logging/1.1.3/commons-logging-1.1.3.jar
Found locally available resource with matching checksum: [https://maven.minecraftforge.net/commons-codec/commons-codec/1.6/commons-codec-1.6.jar, C:\Users\Q1666\.m2\repository\commons-codec\commons-codec\1.6\commons-codec-1.6.jar]
Compiling build file 'E:\Codex_work\QiZhangVerdict\platforms\1.8.9\build.gradle' using BuildScriptTransformer.

FAILURE: Build failed with an exception.

* Where:
Build file 'E:\Codex_work\QiZhangVerdict\platforms\1.8.9\build.gradle' line: 11

* What went wrong:
A problem occurred evaluating root project 'QiZhangVerdict-1.8.9'.
> Could not find method findProperty() for arguments [qzRuntimeRoot] on root project 'QiZhangVerdict-1.8.9'.

* Try:
Run with --debug option to get more log output.

* Exception is:
org.gradle.api.GradleScriptException: A problem occurred evaluating root project 'QiZhangVerdict-1.8.9'.
	at org.gradle.groovy.scripts.internal.DefaultScriptRunnerFactory$ScriptRunnerImpl.run(DefaultScriptRunnerFactory.java:93)
	at org.gradle.configuration.DefaultScriptPluginFactory$ScriptPluginImpl$1.run(DefaultScriptPluginFactory.java:148)
	at org.gradle.configuration.ProjectScriptTarget.addConfiguration(ProjectScriptTarget.java:72)
	at org.gradle.configuration.DefaultScriptPluginFactory$ScriptPluginImpl.apply(DefaultScriptPluginFactory.java:153)
	at org.gradle.configuration.project.BuildScriptProcessor.execute(BuildScriptProcessor.java:38)
	at org.gradle.configuration.project.BuildScriptProcessor.execute(BuildScriptProcessor.java:25)
	at org.gradle.configuration.project.ConfigureActionsProjectEvaluator.evaluate(ConfigureActionsProjectEvaluator.java:34)
	at org.gradle.configuration.project.LifecycleProjectEvaluator.evaluate(LifecycleProjectEvaluator.java:55)
	at org.gradle.api.internal.project.AbstractProject.evaluate(AbstractProject.java:491)
	at org.gradle.api.internal.project.AbstractProject.evaluate(AbstractProject.java:89)
	at org.gradle.execution.TaskPathProjectEvaluator.configureHierarchy(TaskPathProjectEvaluator.java:42)
	at org.gradle.configuration.DefaultBuildConfigurer.configure(DefaultBuildConfigurer.java:35)
	at org.gradle.initialization.DefaultGradleLauncher$2.run(DefaultGradleLauncher.java:126)
	at org.gradle.internal.Factories$1.create(Factories.java:22)
	at org.gradle.internal.progress.DefaultBuildOperationExecutor.run(DefaultBuildOperationExecutor.java:90)
	at org.gradle.internal.progress.DefaultBuildOperationExecutor.run(DefaultBuildOperationExecutor.java:52)
	at org.gradle.initialization.DefaultGradleLauncher.doBuildStages(DefaultGradleLauncher.java:123)
	at org.gradle.initialization.DefaultGradleLauncher.access$200(DefaultGradleLauncher.java:33)
	at org.gradle.initialization.DefaultGradleLauncher$1.create(DefaultGradleLauncher.java:100)
	at org.gradle.initialization.DefaultGradleLauncher$1.create(DefaultGradleLauncher.java:94)
	at org.gradle.internal.progress.DefaultBuildOperationExecutor.run(DefaultBuildOperationExecutor.java:90)
	at org.gradle.internal.progress.DefaultBuildOperationExecutor.run(DefaultBuildOperationExecutor.java:62)
	at org.gradle.initialization.DefaultGradleLauncher.doBuild(DefaultGradleLauncher.java:94)
	at org.gradle.initialization.DefaultGradleLauncher.run(DefaultGradleLauncher.java:83)
	at org.gradle.launcher.exec.InProcessBuildActionExecuter$DefaultBuildController.run(InProcessBuildActionExecuter.java:94)
	at org.gradle.tooling.internal.provider.ExecuteBuildActionRunner.run(ExecuteBuildActionRunner.java:28)
	at org.gradle.launcher.exec.ChainingBuildActionRunner.run(ChainingBuildActionRunner.java:35)
	at org.gradle.launcher.exec.InProcessBuildActionExecuter.execute(InProcessBuildActionExecuter.java:43)
	at org.gradle.launcher.exec.InProcessBuildActionExecuter.execute(InProcessBuildActionExecuter.java:28)
	at org.gradle.launcher.exec.ContinuousBuildActionExecuter.execute(ContinuousBuildActionExecuter.java:77)
	at org.gradle.launcher.exec.ContinuousBuildActionExecuter.execute(ContinuousBuildActionExecuter.java:47)
	at org.gradle.launcher.daemon.server.exec.ExecuteBuild.doBuild(ExecuteBuild.java:52)
	at org.gradle.launcher.daemon.server.exec.BuildCommandOnly.execute(BuildCommandOnly.java:36)
	at org.gradle.launcher.daemon.server.api.DaemonCommandExecution.proceed(DaemonCommandExecution.java:120)
	at org.gradle.launcher.daemon.server.exec.WatchForDisconnection.execute(WatchForDisconnection.java:37)
	at org.gradle.launcher.daemon.server.api.DaemonCommandExecution.proceed(DaemonCommandExecution.java:120)
	at org.gradle.launcher.daemon.server.exec.ResetDeprecationLogger.execute(ResetDeprecationLogger.java:26)
	at org.gradle.launcher.daemon.server.api.DaemonCommandExecution.proceed(DaemonCommandExecution.java:120)
	at org.gradle.launcher.daemon.server.exec.RequestStopIfSingleUsedDaemon.execute(RequestStopIfSingleUsedDaemon.java:34)
	at org.gradle.launcher.daemon.server.api.DaemonCommandExecution.proceed(DaemonCommandExecution.java:120)
	at org.gradle.launcher.daemon.server.exec.ForwardClientInput$2.call(ForwardClientInput.java:74)
	at org.gradle.launcher.daemon.server.exec.ForwardClientInput$2.call(ForwardClientInput.java:72)
	at org.gradle.util.Swapper.swap(Swapper.java:38)
	at org.gradle.launcher.daemon.server.exec.ForwardClientInput.execute(ForwardClientInput.java:72)
	at org.gradle.launcher.daemon.server.api.DaemonCommandExecution.proceed(DaemonCommandExecution.java:120)
	at org.gradle.launcher.daemon.server.health.DaemonHealthTracker.execute(DaemonHealthTracker.java:40)
	at org.gradle.launcher.daemon.server.api.DaemonCommandExecution.proceed(DaemonCommandExecution.java:120)
	at org.gradle.launcher.daemon.server.exec.LogToClient.doBuild(LogToClient.java:66)
	at org.gradle.launcher.daemon.server.exec.BuildCommandOnly.execute(BuildCommandOnly.java:36)
	at org.gradle.launcher.daemon.server.api.DaemonCommandExecution.proceed(DaemonCommandExecution.java:120)
	at org.gradle.launcher.daemon.server.exec.EstablishBuildEnvironment.doBuild(EstablishBuildEnvironment.java:71)
	at org.gradle.launcher.daemon.server.exec.BuildCommandOnly.execute(BuildCommandOnly.java:36)
	at org.gradle.launcher.daemon.server.api.DaemonCommandExecution.proceed(DaemonCommandExecution.java:120)
	at org.gradle.launcher.daemon.server.health.HintGCAfterBuild.execute(HintGCAfterBuild.java:41)
	at org.gradle.launcher.daemon.server.api.DaemonCommandExecution.proceed(DaemonCommandExecution.java:120)
	at org.gradle.launcher.daemon.server.exec.StartBuildOrRespondWithBusy$1.run(StartBuildOrRespondWithBusy.java:50)
	at org.gradle.launcher.daemon.server.DaemonStateCoordinator$1.run(DaemonStateCoordinator.java:246)
	at org.gradle.internal.concurrent.ExecutorPolicy$CatchAndRecordFailures.onExecute(ExecutorPolicy.java:54)
	at org.gradle.internal.concurrent.StoppableExecutorImpl$1.run(StoppableExecutorImpl.java:40)
Caused by: org.gradle.api.internal.MissingMethodException: Could not find method findProperty() for arguments [qzRuntimeRoot] on root project 'QiZhangVerdict-1.8.9'.
	at org.gradle.api.internal.AbstractDynamicObject.methodMissingException(AbstractDynamicObject.java:68)
	at org.gradle.api.internal.AbstractDynamicObject.invokeMethod(AbstractDynamicObject.java:56)
	at org.gradle.api.internal.CompositeDynamicObject.invokeMethod(CompositeDynamicObject.java:175)
	at org.gradle.groovy.scripts.BasicScript.methodMissing(BasicScript.java:79)
	at build_9944ce73h5rpvbgvcev7hq9o1.run(E:\Codex_work\QiZhangVerdict\platforms\1.8.9\build.gradle:11)
	at org.gradle.groovy.scripts.internal.DefaultScriptRunnerFactory$ScriptRunnerImpl.run(DefaultScriptRunnerFactory.java:91)
	... 58 more


BUILD FAILED

Total time: 30.552 secs
Received result Failure[value=org.gradle.initialization.ReportedException: org.gradle.internal.exceptions.LocationAwareException: Build file 'E:\Codex_work\QiZhangVerdict\platforms\1.8.9\build.gradle' line: 11
A problem occurred evaluating root project 'QiZhangVerdict-1.8.9'.] from daemon DaemonInfo{pid=94964, address=[c3cdaa4e-8cb3-4b3a-ba9f-e9cb9b318e3b port:5612, addresses:[/127.0.0.1, /0:0:0:0:0:0:0:1]], idle=false, context=DefaultDaemonContext[uid=47439fcb-276f-42bf-825d-a24bfbeac962,javaHome=E:\CodexTemp\QiZhangVerdict\toolchains\jdk8\jdk8u504-b01,daemonRegistryDir=E:\CodexTemp\QiZhangVerdict\legacy-build\1.8.9\gradle-user-home\daemon,pid=94964,idleTimeout=120000,daemonOpts=-Xmx1536M,-Dfile.encoding=UTF-8,-Duser.country=CN,-Duser.language=zh,-Duser.variant]} (build should be done).
