System Info: Java 1.8 (OpenJDK 64-Bit Server VM 25.504-b01) Host: Windows 11 10.0 (amd64)
Loading libraries, please wait...
2026-09-25 19:48:07,236 main WARN Advanced terminal features are not available in this environment
[19:48:10 ERROR]: No key layers in MapLike[{}]; No key structures in MapLike[{}]
[19:48:10 INFO]: Environment: authHost='https://authserver.mojang.com', accountsHost='https://api.mojang.com', sessionHost='https://sessionserver.mojang.com', servicesHost='https://api.minecraftservices.com', name='PROD'
[19:48:10 INFO]: Reloading ResourceManager: Default, bukkit
[19:48:10 INFO]: Loaded 7 recipes
[19:48:11 INFO]: Starting minecraft server version 1.16.5
[19:48:11 INFO]: Loading properties
[19:48:11 INFO]: This server is running Paper version git-Paper-794 (MC: 1.16.5) (Implementing API version 1.16.5-R0.1-SNAPSHOT)
[19:48:11 INFO]: Debug logging is disabled
[19:48:11 INFO]: Server Ping Player Sample Count: 12
[19:48:11 INFO]: Using 4 threads for Netty based IO
[19:48:11 INFO]: Default game type: SURVIVAL
[19:48:11 INFO]: Generating keypair
[19:48:11 INFO]: Starting Minecraft server on 127.0.0.1:25674
[19:48:11 INFO]: Using default channel type
[19:48:13 WARN]: Initializing Legacy Material Support. Unless you have legacy plugins and/or data this is a bug!
[19:48:15 WARN]: Legacy plugin QiZhangVerdict v0.1.1 does not specify an api-version.
[19:48:15 INFO]: [GrimAC] Loading GrimAC v2.3.67
[19:48:15 INFO]: [GrimAC] Loading PacketEvents...
[19:48:17 INFO]: [QiZhangVerdict] Loading QiZhangVerdict v0.1.1
[19:48:17 INFO]: Server permissions file permissions.yml is empty, ignoring it
[19:48:17 WARN]: **** SERVER IS RUNNING IN OFFLINE/INSECURE MODE!
[19:48:17 WARN]: The server will make no attempt to authenticate usernames. Beware.
[19:48:17 WARN]: While this makes the game possible to play without internet access, it also opens up the ability for hackers to connect with any username they choose.
[19:48:17 WARN]: To change this, set "online-mode" to "true" in the server.properties file.
[19:48:17 INFO]: Preparing level "world"
[19:48:17 INFO]: Preparing start region for dimension minecraft:overworld
[19:48:17 INFO]: Preparing spawn area: 0%
[19:48:17 INFO]: Time elapsed: 205 ms
[19:48:17 INFO]: Preparing start region for dimension minecraft:the_nether
[19:48:17 INFO]: Time elapsed: 15 ms
[19:48:17 INFO]: Preparing start region for dimension minecraft:the_end
[19:48:17 INFO]: Time elapsed: 8 ms
[19:48:17 INFO]: [GrimAC] Enabling GrimAC v2.3.67
[19:48:17 INFO]: [GrimAC] Registering singular bukkit event... (PistonEvent)
[19:48:17 INFO]: [GrimAC] Registering packets...
[19:48:17 INFO]: [GrimAC] Registering tick schedulers...
[19:48:17 INFO]: [GrimAC] [ACF] Enabled Asynchronous Tab Completion Support!
[19:48:18 WARN]: [GrimAC] You are running an outdated Java version, please update it to at least Java 17 (your version is 1.8.0_504).
[19:48:18 WARN]: [GrimAC] GrimAC will no longer support this version of Java in a future release.
[19:48:18 WARN]: [GrimAC] See https://github.com/GrimAnticheat/Grim/wiki/Updating-to-Java-17 for more information.
[19:48:18 INFO]: [QiZhangVerdict] Enabling QiZhangVerdict v0.1.1*
[19:48:18 WARN]: [QiZhangVerdict] Offline mode: UUID/account ownership needs external authentication; IP limits are not proof of identity. Secure proxy forwarding and firewall the backend.
[19:48:18 INFO]: [QiZhangVerdict] QiZhangVerdict sessions=0, trackedIPs=1, accountPairs=2, rules=11, companion=required, vm=DENY, blacklist=DENY, rateBuckets=0, accountBans=2, deviceBans=1, deviceRequired=true
[19:48:18 INFO]: [QiZhangVerdict] Integrations: GrimAC=2.3.67 enabled (check configuration); Orebfuscator=absent; Paper Anti-Xray=available; enable and verify per-world config. These engines are installed separately.
[19:48:18 INFO]: Running delayed init tasks
[19:48:18 INFO]: Done (6.783s)! For help, type "help"
[19:48:18 WARN]: [io.papermc.paper.util.PaperJvmChecker] ************************************************************
[19:48:18 WARN]: [io.papermc.paper.util.PaperJvmChecker] * WARNING - YOU ARE RUNNING AN OUTDATED VERSION OF JAVA.
[19:48:18 WARN]: [io.papermc.paper.util.PaperJvmChecker] * PAPER WILL STOP BEING COMPATIBLE WITH THIS VERSION OF
[19:48:18 WARN]: [io.papermc.paper.util.PaperJvmChecker] * JAVA WHEN MINECRAFT 1.17 IS RELEASED.
[19:48:18 WARN]: [io.papermc.paper.util.PaperJvmChecker] *
[19:48:18 WARN]: [io.papermc.paper.util.PaperJvmChecker] * Please update the version of Java you use to run Paper
[19:48:18 WARN]: [io.papermc.paper.util.PaperJvmChecker] * to at least Java 16. When Paper for Minecraft 1.17 is
[19:48:18 WARN]: [io.papermc.paper.util.PaperJvmChecker] * released support for versions of Java before 16 will
[19:48:18 WARN]: [io.papermc.paper.util.PaperJvmChecker] * be dropped.
[19:48:18 WARN]: [io.papermc.paper.util.PaperJvmChecker] *
[19:48:18 WARN]: [io.papermc.paper.util.PaperJvmChecker] * Current Java version: 1.8.0_504
[19:48:18 WARN]: [io.papermc.paper.util.PaperJvmChecker] *
[19:48:18 WARN]: [io.papermc.paper.util.PaperJvmChecker] * Check this forum post for more information: 
[19:48:18 WARN]: [io.papermc.paper.util.PaperJvmChecker] *   https://papermc.io/java16
[19:48:18 WARN]: [io.papermc.paper.util.PaperJvmChecker] ************************************************************
[19:48:18 INFO]: Timings Reset
[19:48:18 INFO]: QiZhangVerdict sessions=0, trackedIPs=1, accountPairs=2, rules=11, companion=required, vm=DENY, blacklist=DENY, rateBuckets=0, accountBans=2, deviceBans=1, deviceRequired=true
[19:48:18 INFO]: Integrations: GrimAC=2.3.67 enabled (check configuration); Orebfuscator=absent; Paper Anti-Xray=available; enable and verify per-world config. These engines are installed separately.
[19:48:20 INFO]: UUID of player QVGrimMain is 96641a43-6f3d-3a54-9d29-bf7f09b15f70
[19:48:20 INFO]: Disconnecting com.mojang.authlib.GameProfile@32008e8d[id=96641a43-6f3d-3a54-9d29-bf7f09b15f70,name=QVGrimMain,properties={},legacy=false] (/127.0.0.1:12137): This account is banned by the server
[19:48:20 INFO]: Disconnecting com.mojang.authlib.GameProfile@32008e8d[id=96641a43-6f3d-3a54-9d29-bf7f09b15f70,name=QVGrimMain,properties={},legacy=false] (/127.0.0.1:12137): This account is banned by the server
[19:48:20 INFO]: com.mojang.authlib.GameProfile@32008e8d[id=96641a43-6f3d-3a54-9d29-bf7f09b15f70,name=QVGrimMain,properties={},legacy=false] (/127.0.0.1:12137) lost connection: This account is banned by the server
[19:48:21 INFO]: UUID of player QVGrimLinked is 5f5fc467-3547-3024-8edb-c933991bb93e
[19:48:21 INFO]: Disconnecting com.mojang.authlib.GameProfile@462b81c4[id=5f5fc467-3547-3024-8edb-c933991bb93e,name=QVGrimLinked,properties={},legacy=false] (/127.0.0.1:11242): This account is banned by the server
[19:48:21 INFO]: com.mojang.authlib.GameProfile@462b81c4[id=5f5fc467-3547-3024-8edb-c933991bb93e,name=QVGrimLinked,properties={},legacy=false] (/127.0.0.1:11242) lost connection: This account is banned by the server
[19:48:22 INFO]: UUID of player QVGrimFresh is 005181b1-4088-3256-8a9e-39797635ccb8
[19:48:22 INFO]: QVGrimFresh joined the game
[19:48:22 INFO]: QVGrimFresh[/127.0.0.1:11243] logged in with entity id 14 at ([world]0.5, 4.0, 2.5)
[19:48:23 INFO]: QVGrimFresh lost connection: [QiZhangVerdict] This reported device identifier is banned
[19:48:23 INFO]: QVGrimFresh left the game
[19:48:24 INFO]: UUID of player QVGrimClean is cfba7f44-d7e3-3d82-83a2-26ac51682509
[19:48:24 INFO]: QVGrimClean joined the game
[19:48:24 INFO]: QVGrimClean[/127.0.0.1:11244] logged in with entity id 15 at ([world]9.5, 4.0, -3.5)
[19:48:25 INFO]: QVGrimClean lost connection: Disconnected
[19:48:25 INFO]: QVGrimClean left the game
[19:48:26 INFO]: Unbanned target. Account and device bans are separate; check /qzverdict bans.
[19:48:27 INFO]: Unbanned target. Account and device bans are separate; check /qzverdict bans.
[19:48:28 INFO]: Unbanned target. Account and device bans are separate; check /qzverdict bans.
[19:48:29 INFO]: Unbanned target. Account and device bans are separate; check /qzverdict bans.
[19:48:31 INFO]: UUID of player QVGrimMain is 96641a43-6f3d-3a54-9d29-bf7f09b15f70
[19:48:31 INFO]: QVGrimMain joined the game
[19:48:31 INFO]: QVGrimMain[/127.0.0.1:11247] logged in with entity id 16 at ([world]-2.5, 4.0, -8.5)
[19:48:32 INFO]: QVGrimMain lost connection: Disconnected
[19:48:32 INFO]: QVGrimMain left the game
[19:48:33 INFO]: Stopping the server
[19:48:33 INFO]: Stopping server
[19:48:33 INFO]: [QiZhangVerdict] Disabling QiZhangVerdict v0.1.1
[19:48:33 INFO]: [GrimAC] Disabling GrimAC v2.3.67
[19:48:33 INFO]: [GrimAC] Terminating PacketEvents...
[19:48:33 INFO]: Saving players
[19:48:33 INFO]: Saving worlds
[19:48:33 INFO]: Saving chunks for level 'ServerLevel[world]'/minecraft:overworld
[19:48:33 INFO]: ThreadedAnvilChunkStorage (world): All chunks are saved
[19:48:33 INFO]: Saving chunks for level 'ServerLevel[world_nether]'/minecraft:the_nether
[19:48:33 INFO]: ThreadedAnvilChunkStorage (DIM-1): All chunks are saved
[19:48:33 INFO]: Saving chunks for level 'ServerLevel[world_the_end]'/minecraft:the_end
[19:48:33 INFO]: ThreadedAnvilChunkStorage (DIM1): All chunks are saved
[19:48:33 INFO]: ThreadedAnvilChunkStorage (world): All chunks are saved
[19:48:33 INFO]: ThreadedAnvilChunkStorage (DIM-1): All chunks are saved
[19:48:33 INFO]: ThreadedAnvilChunkStorage (DIM1): All chunks are saved
[19:48:33 INFO]: Flushing Chunk IO
[19:48:33 INFO]: Closing Thread Pool
[19:48:33 INFO]: Closing Server
