Downloading vanilla jar...
Patching vanilla jar...
Loading libraries, please wait...
[19:39:58 INFO]: Starting minecraft server version 1.8.8
[19:39:58 INFO]: Loading properties
[19:39:58 INFO]: Default game type: SURVIVAL
[19:39:58 INFO]: This server is running CraftBukkit version git-PaperSpigot-445 (MC: 1.8.8) (Implementing API version 1.8.8-R0.1-SNAPSHOT)
[19:39:58 INFO]: Unable to find file banned-players.json, creating it.
[19:39:58 INFO]: Unable to find file banned-ips.json, creating it.
[19:39:58 INFO]: Unable to find file ops.json, creating it.
[19:39:58 INFO]: Unable to find file whitelist.json, creating it.
[19:39:58 INFO]: Debug logging is disabled
[19:39:58 INFO]: Spigot Timings: true - Verbose: true - Interval: 5m - Length: 60m
[19:39:58 INFO]: Server Ping Player Sample Count: 12
[19:39:58 INFO]: Using 4 threads for Netty based IO
[19:39:58 INFO]: Data value allowed items: 
[19:39:58 INFO]: Generating keypair
[19:39:58 INFO]: Starting Minecraft server on 127.0.0.1:25674
[19:39:58 INFO]: Using default channel type
[19:39:59 INFO]: Set PluginClassLoader as parallel capable
[19:39:59 INFO]: [GrimAC] Loading GrimAC v2.3.67
[19:39:59 INFO]: [GrimAC] Loading PacketEvents...
[19:40:00 INFO]: [QiZhangVerdict] Loading QiZhangVerdict v0.1.1
[19:40:00 WARN]: **** SERVER IS RUNNING IN OFFLINE/INSECURE MODE!
[19:40:00 WARN]: The server will make no attempt to authenticate usernames. Beware.
[19:40:00 WARN]: While this makes the game possible to play without internet access, it also opens up the ability for hackers to connect with any username they choose.
[19:40:00 WARN]: To change this, set "online-mode" to "true" in the server.properties file.
[19:40:00 INFO]: **** Beginning UUID conversion, this may take A LONG time ****
[19:40:00 INFO]: Preparing level "world"
[19:40:00 INFO]: -------- World Settings For [world] --------
[19:40:00 INFO]: Mob Spawn Range: 4
[19:40:00 INFO]: Arrow Despawn Rate: 1200
[19:40:00 INFO]: Item Merge Radius: 2.5
[19:40:00 INFO]: Item Despawn Rate: 6000
[19:40:00 INFO]: Custom Map Seeds:  Village: 10387312 Feature: 14357617
[19:40:00 INFO]: Max Entity Collisions: 8
[19:40:00 INFO]: Allow Zombie Pigmen to spawn from portal blocks: true
[19:40:00 INFO]: Zombie Aggressive Towards Villager: true
[19:40:00 INFO]: View Distance: 3
[19:40:00 INFO]: Anti X-Ray: true
[19:40:00 INFO]: 	Engine Mode: 1
[19:40:00 INFO]: 	Hidden Blocks: [14, 15, 16, 21, 56, 73, 74, 129]
[19:40:00 INFO]: 	Replace Blocks: [1, 5]
[19:40:00 INFO]: Hopper Transfer: 8 Hopper Check: 8 Hopper Amount: 1
[19:40:00 INFO]: Nerfing mobs spawned from spawners: false
[19:40:00 INFO]: Entity Tracking Range: Pl 48 / An 48 / Mo 48 / Mi 32 / Other 64
[19:40:00 INFO]: Cactus Growth Modifier: 100%
[19:40:00 INFO]: Cane Growth Modifier: 100%
[19:40:00 INFO]: Melon Growth Modifier: 100%
[19:40:00 INFO]: Mushroom Growth Modifier: 100%
[19:40:00 INFO]: Pumpkin Growth Modifier: 100%
[19:40:00 INFO]: Sapling Growth Modifier: 100%
[19:40:00 INFO]: Wheat Growth Modifier: 100%
[19:40:00 INFO]: NetherWart Growth Modifier: 100%
[19:40:00 INFO]: Entity Activation Range: An 32 / Mo 32 / Mi 16
[19:40:00 INFO]: Tile Max Tick Time: 50ms Entity max Tick Time: 50ms
[19:40:00 INFO]: Max TNT Explosions: 100
[19:40:00 INFO]: Random Lighting Updates: false
[19:40:00 INFO]: Sending up to 10 chunks per packet
[19:40:00 INFO]: Structure Info Saving: true
[19:40:00 INFO]: Chunks to Grow per Tick: 650
[19:40:00 INFO]: Clear tick list: false
[19:40:00 INFO]: Experience Merge Radius: 3.0
[19:40:00 INFO]: -------- World Settings For [world] --------
[19:40:00 INFO]: Remove invalid mob spawner tile entities: true
[19:40:00 INFO]: Max height for cactus growth 3. Max height for reed growth 3
[19:40:00 INFO]: Fix TNT cannons: false
[19:40:00 INFO]: Water over lava flow speed: 5
[19:40:00 INFO]: Keep spawn chunk loaded: true
[19:40:00 INFO]: Squids will spawn between Y: 45.0 and Y: 63.0
[19:40:00 INFO]: Living Entity Despawn Ranges:  Soft: 32 Hard: 128
[19:40:00 INFO]: Allow undead horse types to be leashed: false
[19:40:00 INFO]: World async lighting: false
[19:40:00 INFO]: WorldServer TickNextTick cap set at 10000
[19:40:00 INFO]: WorldServer TickNextTickList cap always processes redstone: false
[19:40:00 INFO]: Player blocking damage multiplier set to 0.5
[19:40:01 INFO]: -------- World Settings For [world_nether] --------
[19:40:01 INFO]: Mob Spawn Range: 4
[19:40:01 INFO]: Arrow Despawn Rate: 1200
[19:40:01 INFO]: Item Merge Radius: 2.5
[19:40:01 INFO]: Item Despawn Rate: 6000
[19:40:01 INFO]: Custom Map Seeds:  Village: 10387312 Feature: 14357617
[19:40:01 INFO]: Max Entity Collisions: 8
[19:40:01 INFO]: Allow Zombie Pigmen to spawn from portal blocks: true
[19:40:01 INFO]: Zombie Aggressive Towards Villager: true
[19:40:01 INFO]: View Distance: 3
[19:40:01 INFO]: Anti X-Ray: true
[19:40:01 INFO]: 	Engine Mode: 1
[19:40:01 INFO]: 	Hidden Blocks: [14, 15, 16, 21, 56, 73, 74, 129]
[19:40:01 INFO]: 	Replace Blocks: [1, 5]
[19:40:01 INFO]: Hopper Transfer: 8 Hopper Check: 8 Hopper Amount: 1
[19:40:01 INFO]: Nerfing mobs spawned from spawners: false
[19:40:01 INFO]: Entity Tracking Range: Pl 48 / An 48 / Mo 48 / Mi 32 / Other 64
[19:40:01 INFO]: Cactus Growth Modifier: 100%
[19:40:01 INFO]: Cane Growth Modifier: 100%
[19:40:01 INFO]: Melon Growth Modifier: 100%
[19:40:01 INFO]: Mushroom Growth Modifier: 100%
[19:40:01 INFO]: Pumpkin Growth Modifier: 100%
[19:40:01 INFO]: Sapling Growth Modifier: 100%
[19:40:01 INFO]: Wheat Growth Modifier: 100%
[19:40:01 INFO]: NetherWart Growth Modifier: 100%
[19:40:01 INFO]: Entity Activation Range: An 32 / Mo 32 / Mi 16
[19:40:01 INFO]: Tile Max Tick Time: 50ms Entity max Tick Time: 50ms
[19:40:01 INFO]: Max TNT Explosions: 100
[19:40:01 INFO]: Random Lighting Updates: false
[19:40:01 INFO]: Sending up to 10 chunks per packet
[19:40:01 INFO]: Structure Info Saving: true
[19:40:01 INFO]: Chunks to Grow per Tick: 650
[19:40:01 INFO]: Clear tick list: false
[19:40:01 INFO]: Experience Merge Radius: 3.0
[19:40:01 INFO]: -------- World Settings For [world_nether] --------
[19:40:01 INFO]: Remove invalid mob spawner tile entities: true
[19:40:01 INFO]: Max height for cactus growth 3. Max height for reed growth 3
[19:40:01 INFO]: Fix TNT cannons: false
[19:40:01 INFO]: Water over lava flow speed: 5
[19:40:01 INFO]: Keep spawn chunk loaded: true
[19:40:01 INFO]: Squids will spawn between Y: 45.0 and Y: 63.0
[19:40:01 INFO]: Living Entity Despawn Ranges:  Soft: 32 Hard: 128
[19:40:01 INFO]: Allow undead horse types to be leashed: false
[19:40:01 INFO]: World async lighting: false
[19:40:01 INFO]: WorldServer TickNextTick cap set at 10000
[19:40:01 INFO]: WorldServer TickNextTickList cap always processes redstone: false
[19:40:01 INFO]: Player blocking damage multiplier set to 0.5
[19:40:01 INFO]: -------- World Settings For [world_the_end] --------
[19:40:01 INFO]: Mob Spawn Range: 4
[19:40:01 INFO]: Arrow Despawn Rate: 1200
[19:40:01 INFO]: Item Merge Radius: 2.5
[19:40:01 INFO]: Item Despawn Rate: 6000
[19:40:01 INFO]: Custom Map Seeds:  Village: 10387312 Feature: 14357617
[19:40:01 INFO]: Max Entity Collisions: 8
[19:40:01 INFO]: Allow Zombie Pigmen to spawn from portal blocks: true
[19:40:01 INFO]: Zombie Aggressive Towards Villager: true
[19:40:01 INFO]: View Distance: 3
[19:40:01 INFO]: Anti X-Ray: true
[19:40:01 INFO]: 	Engine Mode: 1
[19:40:01 INFO]: 	Hidden Blocks: [14, 15, 16, 21, 56, 73, 74, 129]
[19:40:01 INFO]: 	Replace Blocks: [1, 5]
[19:40:01 INFO]: Hopper Transfer: 8 Hopper Check: 8 Hopper Amount: 1
[19:40:01 INFO]: Nerfing mobs spawned from spawners: false
[19:40:01 INFO]: Entity Tracking Range: Pl 48 / An 48 / Mo 48 / Mi 32 / Other 64
[19:40:01 INFO]: Cactus Growth Modifier: 100%
[19:40:01 INFO]: Cane Growth Modifier: 100%
[19:40:01 INFO]: Melon Growth Modifier: 100%
[19:40:01 INFO]: Mushroom Growth Modifier: 100%
[19:40:01 INFO]: Pumpkin Growth Modifier: 100%
[19:40:01 INFO]: Sapling Growth Modifier: 100%
[19:40:01 INFO]: Wheat Growth Modifier: 100%
[19:40:01 INFO]: NetherWart Growth Modifier: 100%
[19:40:01 INFO]: Entity Activation Range: An 32 / Mo 32 / Mi 16
[19:40:01 INFO]: Tile Max Tick Time: 50ms Entity max Tick Time: 50ms
[19:40:01 INFO]: Max TNT Explosions: 100
[19:40:01 INFO]: Random Lighting Updates: false
[19:40:01 INFO]: Sending up to 10 chunks per packet
[19:40:01 INFO]: Structure Info Saving: true
[19:40:01 INFO]: Chunks to Grow per Tick: 650
[19:40:01 INFO]: Clear tick list: false
[19:40:01 INFO]: Experience Merge Radius: 3.0
[19:40:01 INFO]: -------- World Settings For [world_the_end] --------
[19:40:01 INFO]: Remove invalid mob spawner tile entities: true
[19:40:01 INFO]: Max height for cactus growth 3. Max height for reed growth 3
[19:40:01 INFO]: Fix TNT cannons: false
[19:40:01 INFO]: Water over lava flow speed: 5
[19:40:01 INFO]: Keep spawn chunk loaded: true
[19:40:01 INFO]: Squids will spawn between Y: 45.0 and Y: 63.0
[19:40:01 INFO]: Living Entity Despawn Ranges:  Soft: 32 Hard: 128
[19:40:01 INFO]: Allow undead horse types to be leashed: false
[19:40:01 INFO]: World async lighting: false
[19:40:01 INFO]: WorldServer TickNextTick cap set at 10000
[19:40:01 INFO]: WorldServer TickNextTickList cap always processes redstone: false
[19:40:01 INFO]: Player blocking damage multiplier set to 0.5
[19:40:01 INFO]: Preparing start region for level 0 (Seed: 12955)
[19:40:02 INFO]: Preparing start region for level 1 (Seed: 12955)
[19:40:03 INFO]: Preparing spawn area: 26%
[19:40:04 INFO]: Preparing spawn area: 63%
[19:40:04 INFO]: Preparing start region for level 2 (Seed: 12955)
[19:40:05 INFO]: Preparing spawn area: 95%
[19:40:05 INFO]: [GrimAC] Enabling GrimAC v2.3.67
[19:40:05 INFO]: [GrimAC] Registering singular bukkit event... (PistonEvent)
[19:40:05 INFO]: [GrimAC] Registering packets...
[19:40:05 INFO]: [GrimAC] Registering tick schedulers...
[19:40:05 WARN]: [GrimAC] You are running an outdated Java version, please update it to at least Java 17 (your version is 1.8.0_504).
[19:40:05 WARN]: [GrimAC] GrimAC will no longer support this version of Java in a future release.
[19:40:05 WARN]: [GrimAC] See https://github.com/GrimAnticheat/Grim/wiki/Updating-to-Java-17 for more information.
[19:40:05 INFO]: [QiZhangVerdict] Enabling QiZhangVerdict v0.1.1
[19:40:06 WARN]: [QiZhangVerdict] Offline mode: UUID/account ownership needs external authentication; IP limits are not proof of identity. Secure proxy forwarding and firewall the backend.
[19:40:06 INFO]: [QiZhangVerdict] QiZhangVerdict sessions=0, trackedIPs=0, accountPairs=0, rules=11, companion=required, vm=DENY, blacklist=DENY, rateBuckets=0, accountBans=0, deviceBans=0, deviceRequired=true
[19:40:06 INFO]: [QiZhangVerdict] Integrations: GrimAC=2.3.67 enabled (check configuration); Orebfuscator=absent; Paper Anti-Xray=available; enable and verify per-world config. These engines are installed separately.
[19:40:06 INFO]: Done (5.088s)! For help, type "help" or "?"
[19:40:06 INFO]: Timings Reset
[19:40:06 INFO]: QiZhangVerdict sessions=0, trackedIPs=0, accountPairs=0, rules=11, companion=required, vm=DENY, blacklist=DENY, rateBuckets=0, accountBans=0, deviceBans=0, deviceRequired=true
[19:40:06 INFO]: Integrations: GrimAC=2.3.67 enabled (check configuration); Orebfuscator=absent; Paper Anti-Xray=available; enable and verify per-world config. These engines are installed separately.
[19:40:07 INFO]: Set the world spawn point to (0, 64, 0)
[19:40:07 INFO]: Game rule has been updated
[19:40:07 INFO]: Block placed
[19:40:07 INFO]: Block placed
[19:40:07 INFO]: Block placed
[19:40:07 INFO]: [Server] QV_SCENE_READY
[19:40:07 INFO]: UUID of player QVGrimLinked is 5f5fc467-3547-3024-8edb-c933991bb93e
[19:40:07 INFO]: QVGrimLinked[/127.0.0.1:8953] logged in with entity id 24 at ([world]2.5, 64.0, 3.5)
[19:40:09 INFO]: QVGrimLinked lost connection: Disconnected
[19:40:09 INFO]: QVGrimLinked left the game.
[19:40:10 INFO]: UUID of player QVGrimMain is 96641a43-6f3d-3a54-9d29-bf7f09b15f70
[19:40:10 INFO]: QVGrimMain[/127.0.0.1:8961] logged in with entity id 25 at ([world]4.5, 64.0, -3.5)
[19:40:33 INFO]: QVGrimMain lost connection: Disconnected
[19:40:33 INFO]: QVGrimMain left the game.
[19:40:33 INFO]: Stopping the server
[19:40:33 INFO]: Stopping server
[19:40:33 INFO]: [QiZhangVerdict] Disabling QiZhangVerdict v0.1.1
[19:40:33 INFO]: [GrimAC] Disabling GrimAC v2.3.67
[19:40:33 INFO]: [GrimAC] Terminating PacketEvents...
[19:40:33 INFO]: Saving players
[19:40:33 INFO]: Saving worlds
[19:40:33 INFO]: Saving chunks for level 'world'/Overworld
[19:40:33 INFO]: Saving chunks for level 'world_nether'/Nether
[19:40:33 INFO]: Saving chunks for level 'world_the_end'/The End
