Picked up JAVA_TOOL_OPTIONS: -Djavax.net.ssl.trustStoreType=Windows-ROOT -Djavax.net.ssl.trustStore=NONE -Dorg.gradle.internal.http.connectionTimeout=10000 -Dorg.gradle.internal.http.socketTimeout=10000
To honour the JVM settings for this build a single-use Daemon process will be forked. For more on this, please refer to https://docs.gradle.org/8.14.1/userguide/gradle_daemon.html#sec:disabling_the_daemon in the Gradle documentation.
Daemon will be stopped at the end of the build 

> Configure project :
Architect Plugin: 3.4.164
Architectury Loom: 1.11.456
This version of Architectury Loom is in beta! Please report any issues you encounter: https://github.com/architectury/architectury-loom/issues

> Task :fabric:compileJava UP-TO-DATE
> Task :fabric:processResources UP-TO-DATE
> Task :fabric:classes UP-TO-DATE
> Task :fabric:compileTestJava UP-TO-DATE
> Task :fabric:processTestResources NO-SOURCE
> Task :fabric:testClasses UP-TO-DATE

> Task :fabric:commandParserSmoke
Picked up JAVA_TOOL_OPTIONS: -Djavax.net.ssl.trustStoreType=Windows-ROOT -Djavax.net.ssl.trustStore=NONE -Dorg.gradle.internal.http.connectionTimeout=10000 -Dorg.gradle.internal.http.socketTimeout=10000
PASS: production command tree accepts unquoted device digests and legacy rule IDs, glob spaces and ban reasons; rejects non-admin access and invalid pages

> Task :fabric:jar
> Task :fabric:processIncludeJars UP-TO-DATE
> Task :fabric:sourcesJar
> Task :fabric:test
> Task :fabric:validateAccessWidener NO-SOURCE
> Task :fabric:check
> Task :neoforge:compileJava
> Task :neoforge:processResources UP-TO-DATE
> Task :neoforge:classes
> Task :neoforge:jar
> Task :neoforge:processIncludeJars UP-TO-DATE
> Task :neoforge:sourcesJar
> Task :neoforge:compileTestJava
> Task :neoforge:processTestResources NO-SOURCE
> Task :neoforge:testClasses
> Task :neoforge:test
> Task :neoforge:validateAccessWidener NO-SOURCE
> Task :neoforge:check
> Task :fabric:remapJar
> Task :neoforge:remapSourcesJar
> Task :neoforge:remapJar
> Task :neoforge:assemble
> Task :neoforge:build
> Task :fabric:remapSourcesJar
> Task :fabric:assemble
> Task :fabric:build

[Incubating] Problems report is available at: file:///E:/Codex_work/QiZhangGuard/platforms/1.21.1/build/reports/problems/problems-report.html

Deprecated Gradle features were used in this build, making it incompatible with Gradle 9.0.

You can use '--warning-mode all' to show the individual deprecation warnings and determine if they come from your own scripts or plugins.

For more on this, please refer to https://docs.gradle.org/8.14.1/userguide/command_line_interface.html#sec:command_line_warnings in the Gradle documentation.

BUILD SUCCESSFUL in 32s
19 actionable tasks: 13 executed, 6 up-to-date
