To honour the JVM settings for this build a single-use Daemon process will be forked. For more on this, please refer to https://docs.gradle.org/8.14.1/userguide/gradle_daemon.html#sec:disabling_the_daemon in the Gradle documentation.
Daemon will be stopped at the end of the build 

> Configure project :
Architect Plugin: 3.4.164
Architectury Loom: 1.11.456
This version of Architectury Loom is in beta! Please report any issues you encounter: https://github.com/architectury/architectury-loom/issues

> Task :fabric:compileJava
> Task :fabric:processResources UP-TO-DATE
> Task :fabric:classes
> Task :fabric:compileTestJava
> Task :fabric:processTestResources NO-SOURCE
> Task :fabric:testClasses

> Task :fabric:commandParserSmoke
PASS: production command tree accepts unquoted device digests and legacy rule IDs, glob spaces and ban reasons; rejects non-admin access and invalid pages

> Task :fabric:jar
> Task :fabric:processIncludeJars UP-TO-DATE
> Task :fabric:sourcesJar
> Task :fabric:test
> Task :fabric:validateAccessWidener NO-SOURCE
> Task :fabric:check

> Task :forge:compileJava
E:\Codex_work\QiZhangGuard\platforms\1.20.1\forge\src\main\java\cn\qizhang\guard\forge\GuardForge.java:26: 警告: [removal] ResourceLocation 中的 ResourceLocation(String,String) 已过时, 且标记为待删除
    public static final ResourceLocation CHANNEL_ID = new ResourceLocation("qzguard", "main");
                                                      ^
1 个警告

> Task :forge:processResources UP-TO-DATE
> Task :forge:classes
> Task :forge:jar
> Task :forge:compileTestJava
> Task :forge:processIncludeJars UP-TO-DATE
> Task :fabric:remapJar
> Task :forge:sourcesJar
> Task :forge:processTestResources NO-SOURCE
> Task :forge:testClasses
> Task :forge:test
> Task :forge:remapSourcesJar
> Task :forge:validateAccessWidener NO-SOURCE
> Task :forge:check
> Task :fabric:remapSourcesJar
> Task :fabric:assemble
> Task :fabric:build
> Task :forge:remapJar
> Task :forge:assemble
> Task :forge:build

[Incubating] Problems report is available at: file:///E:/Codex_work/QiZhangGuard/platforms/1.20.1/build/reports/problems/problems-report.html

Deprecated Gradle features were used in this build, making it incompatible with Gradle 9.0.

You can use '--warning-mode all' to show the individual deprecation warnings and determine if they come from your own scripts or plugins.

For more on this, please refer to https://docs.gradle.org/8.14.1/userguide/command_line_interface.html#sec:command_line_warnings in the Gradle documentation.

BUILD SUCCESSFUL in 47s
19 actionable tasks: 15 executed, 4 up-to-date
