Picked up JAVA_TOOL_OPTIONS: -Djava.io.tmpdir=E:/CodexTemp/QiZhangVerdict/next-platforms/1.20.4/builds/03-javaexec-workdirs/temp -Dqzguard.testDir=E:/CodexTemp/QiZhangVerdict/next-platforms/1.20.4/builds/03-javaexec-workdirs/core-tests -Djavax.net.ssl.trustStoreType=Windows-ROOT -Djavax.net.ssl.trustStore=NONE
To honour the JVM settings for this build a single-use Daemon process will be forked. For more on this, please refer to https://docs.gradle.org/8.14.1/userguide/gradle_daemon.html#sec:disabling_the_daemon in the Gradle documentation.
Daemon will be stopped at the end of the build 

> Configure project :
Architect Plugin: 3.4.164
Architectury Loom: 1.11.456
This version of Architectury Loom is in beta! Please report any issues you encounter: https://github.com/architectury/architectury-loom/issues

> Task :neoforge:compileJava FROM-CACHE
> Task :neoforge:processResources
> Task :neoforge:classes
> Task :neoforge:compileTestJava FROM-CACHE
> Task :neoforge:processTestResources NO-SOURCE
> Task :neoforge:testClasses UP-TO-DATE

> Task :neoforge:payloadCodecSmoke
Picked up JAVA_TOOL_OPTIONS: -Djava.io.tmpdir=E:/CodexTemp/QiZhangVerdict/next-platforms/1.20.4/builds/03-javaexec-workdirs/temp -Dqzguard.testDir=E:/CodexTemp/QiZhangVerdict/next-platforms/1.20.4/builds/03-javaexec-workdirs/core-tests -Djavax.net.ssl.trustStoreType=Windows-ROOT -Djavax.net.ssl.trustStore=NONE
PASS: raw wire round trips, outbound/inbound bounds and caller-array ownership

> Task :neoforge:clientChallengeDispatchSmoke
Picked up JAVA_TOOL_OPTIONS: -Djava.io.tmpdir=E:/CodexTemp/QiZhangVerdict/next-platforms/1.20.4/builds/03-javaexec-workdirs/temp -Dqzguard.testDir=E:/CodexTemp/QiZhangVerdict/next-platforms/1.20.4/builds/03-javaexec-workdirs/core-tests -Djavax.net.ssl.trustStoreType=Windows-ROOT -Djavax.net.ssl.trustStore=NONE
PASS client-dispatch 1: old snapshot drops initial challenge despite completed queued login
PASS client-dispatch 2: production entry queues without reading network-time player or connection
PASS client-dispatch 3: production entry receives challenge after login on its original connection
PASS client-dispatch 4: connection switched before queued work discards previous challenge
PASS client-dispatch 5: disconnected client discards queued challenge
PASS client-dispatch 6: supplier excludes closed connection even while original object remains
PASS client-dispatch 7: null origin cannot match a missing current connection
PASS client-dispatch 8: connection comparison uses identity, not equals
PASS client-dispatch 9: subsequent same-connection challenge remains supported
PASS client-dispatch total=9

[Incubating] Problems report is available at: file:///E:/Codex_work/QiZhangVerdict/platforms/1.20.4/build/reports/problems/problems-report.html

Deprecated Gradle features were used in this build, making it incompatible with Gradle 9.0.

You can use '--warning-mode all' to show the individual deprecation warnings and determine if they come from your own scripts or plugins.

For more on this, please refer to https://docs.gradle.org/8.14.1/userguide/command_line_interface.html#sec:command_line_warnings in the Gradle documentation.

BUILD SUCCESSFUL in 17s
5 actionable tasks: 3 executed, 2 from cache
