PASS rule 1: automation baritoe ALERT; parser, fresh defaults, source and report
PASS rule 2: automation baritone ALERT; parser, fresh defaults, source and report
PASS rule 3: mod advanced-xray-fabric DENY; parser, fresh defaults, source and report
PASS rule 4: mod aegis DENY; parser, fresh defaults, source and report
PASS rule 5: mod alien DENY; parser, fresh defaults, source and report
PASS rule 6: mod aoba DENY; parser, fresh defaults, source and report
PASS rule 7: mod ares DENY; parser, fresh defaults, source and report
PASS rule 8: mod atianxray ALERT; parser, fresh defaults, source and report
PASS rule 9: mod blackout DENY; parser, fresh defaults, source and report
PASS rule 10: mod bleachhack DENY; parser, fresh defaults, source and report
PASS rule 11: mod cheatutils DENY; parser, fresh defaults, source and report
PASS rule 12: mod cigarette DENY; parser, fresh defaults, source and report
PASS rule 13: mod earthhack DENY; parser, fresh defaults, source and report
PASS rule 14: mod fdpclient DENY; parser, fresh defaults, source and report
PASS rule 15: mod forgehax DENY; parser, fresh defaults, source and report
PASS rule 16: mod gamesense DENY; parser, fresh defaults, source and report
PASS rule 17: mod hypnotic DENY; parser, fresh defaults, source and report
PASS rule 18: mod jex DENY; parser, fresh defaults, source and report
PASS rule 19: mod kami DENY; parser, fresh defaults, source and report
PASS rule 20: mod kamiblue DENY; parser, fresh defaults, source and report
PASS rule 21: mod keystrokesmod ALERT; parser, fresh defaults, source and report
PASS rule 22: mod krs DENY; parser, fresh defaults, source and report
PASS rule 23: mod lambda DENY; parser, fresh defaults, source and report
PASS rule 24: mod liquidbounce DENY; parser, fresh defaults, source and report
PASS rule 25: mod mastermind DENY; parser, fresh defaults, source and report
PASS rule 26: mod meteor-client DENY; parser, fresh defaults, source and report
PASS rule 27: mod meteor-rejects DENY; parser, fresh defaults, source and report
PASS rule 28: mod meteorplus DENY; parser, fresh defaults, source and report
PASS rule 29: mod nightx DENY; parser, fresh defaults, source and report
PASS rule 30: mod salhack DENY; parser, fresh defaults, source and report
PASS rule 31: mod seppukumod DENY; parser, fresh defaults, source and report
PASS rule 32: mod streak-addon DENY; parser, fresh defaults, source and report
PASS rule 33: mod thunderhack DENY; parser, fresh defaults, source and report
PASS rule 34: mod trollhack DENY; parser, fresh defaults, source and report
PASS rule 35: mod wurst DENY; parser, fresh defaults, source and report
PASS rule 36: mod wurstplus DENY; parser, fresh defaults, source and report
PASS rule 37: mod xray DENY; parser, fresh defaults, source and report
PASS control 1: ordinary and ambiguous identifiers remain allowed without bans
PASS control 2: administrator OFF and API deletion survive reload and a new GuardService byte-for-byte
PASS control 3: pre-existing sparse CRLF policy is never auto-expanded or normalized
PASS: production Blacklist parser and fresh GuardService enforce 37 exact catalog rules (33 DENY, 4 ALERT); 3 preservation and ordinary-ID controls passed
