Picked up JAVA_TOOL_OPTIONS: -Djava.io.tmpdir=E:/CodexTemp/QiZhangVerdict/next-platforms/1.20.4/servers/fabric-02/runtime-temp
Unpacking 1.20.4/server-1.20.4.jar (versions:1.20.4) to versions\1.20.4\server-1.20.4.jar
Starting net.fabricmc.loader.impl.game.minecraft.BundlerClassPathCapture
[22:03:00] [main/INFO]: Loading Minecraft 1.20.4 with Fabric Loader 0.16.14
[22:03:00] [main/INFO]: Fabric is preparing JARs on first launch, this may take a few seconds...
[22:03:00] [main/INFO]: Loading 43 mods:
	- fabric-api 0.97.3+1.20.4
	   |-- fabric-api-base 0.4.37+78d798af4f
	   |-- fabric-api-lookup-api-v1 1.6.50+82b1bb3e4f
	   |-- fabric-biome-api-v1 13.0.17+78d798af4f
	   |-- fabric-block-api-v1 1.0.17+3e2216cb4f
	   |-- fabric-block-view-api-v2 1.0.5+78d798af4f
	   |-- fabric-blockrenderlayer-v1 1.1.47+78d798af4f
	   |-- fabric-client-tags-api-v1 1.1.8+78d798af4f
	   |-- fabric-command-api-v1 1.2.42+f71b366f4f
	   |-- fabric-command-api-v2 2.2.21+78d798af4f
	   |-- fabric-commands-v0 0.2.59+df3654b34f
	   |-- fabric-containers-v0 0.1.88+df3654b34f
	   |-- fabric-content-registries-v0 5.0.16+78d798af4f
	   |-- fabric-convention-tags-v1 1.5.11+78d798af4f
	   |-- fabric-crash-report-info-v1 0.2.24+78d798af4f
	   |-- fabric-data-attachment-api-v1 1.1.5+b90db5744f
	   |-- fabric-data-generation-api-v1 13.2.6+5c0133444f
	   |-- fabric-dimensions-v1 2.1.63+6605d1a84f
	   |-- fabric-entity-events-v1 1.6.2+09fc25014f
	   |-- fabric-events-interaction-v0 0.7.2+389931eb4f
	   |-- fabric-events-lifecycle-v0 0.2.76+df3654b34f
	   |-- fabric-game-rule-api-v1 1.0.47+78d798af4f
	   |-- fabric-item-api-v1 2.3.1+cadc140c4f
	   |-- fabric-item-group-api-v1 4.0.27+ee30b13a4f
	   |-- fabric-key-binding-api-v1 1.0.42+78d798af4f
	   |-- fabric-keybindings-v0 0.2.40+df3654b34f
	   |-- fabric-lifecycle-events-v1 2.3.1+a67ffb5d4f
	   |-- fabric-loot-api-v2 2.1.10+78d798af4f
	   |-- fabric-message-api-v1 6.0.6+78d798af4f
	   |-- fabric-mining-level-api-v1 2.1.66+78d798af4f
	   |-- fabric-model-loading-api-v1 1.0.9+78d798af4f
	   |-- fabric-models-v0 0.4.8+9386d8a74f
	   |-- fabric-networking-api-v1 3.1.9+6abb6a4b4f
	   |-- fabric-object-builder-api-v1 13.1.0+dba1195c4f
	   |-- fabric-particles-v1 1.1.8+78d798af4f
	   |-- fabric-recipe-api-v1 2.0.22+78d798af4f
	   |-- fabric-registry-sync-v0 4.0.21+ee30b13a4f
	   |-- fabric-renderer-api-v1 3.2.5+78d798af4f
	   |-- fabric-renderer-indigo 1.5.6+d331d3144f
	   |-- fabric-renderer-registries-v1 3.2.54+df3654b34f
	   |-- fabric-rendering-data-attachment-v1 0.3.43+73761d2e4f
	   |-- fabric-rendering-fluids-v1 3.1.2+e761c6694f
	   |-- fabric-rendering-v0 1.1.57+df3654b34f
	   |-- fabric-rendering-v1 3.2.1+6fd945a04f
	   |-- fabric-resource-conditions-api-v1 2.3.15+78d798af4f
	   |-- fabric-resource-loader-v0 0.11.21+ee30b13a4f
	   |-- fabric-screen-api-v1 2.0.18+78d798af4f
	   |-- fabric-screen-handler-api-v1 1.3.57+78d798af4f
	   |-- fabric-sound-api-v1 1.0.18+78d798af4f
	   |-- fabric-transfer-api-v1 4.0.12+90f2d7b14f
	   \-- fabric-transitive-access-wideners-v1 5.0.15+78d798af4f
	- fabricloader 0.16.14
	   \-- mixinextras 0.4.1
	- java 17
	- minecraft 1.20.4
	- qizhangverdict 0.3.0-dev
[22:03:01] [main/INFO]: SpongePowered MIXIN Subsystem Version=0.8.7 Source=file:/E:/CodexTemp/QiZhangVerdict/next-platforms/1.20.4/servers/fabric-02/libraries/net/fabricmc/sponge-mixin/0.15.5+mixin.0.8.7/sponge-mixin-0.15.5+mixin.0.8.7.jar Service=Knot/Fabric Env=SERVER
/******************************************************************************************************************************************************************************************************************************/
/*                                                                                      SpongePowered MIXIN (Verbose debugging enabled)                                                                                       */
/******************************************************************************************************************************************************************************************************************************/
/*                                         Code source : file:/E:/CodexTemp/QiZhangVerdict/next-platforms/1.20.4/servers/fabric-02/libraries/net/fabricmc/sponge-mixin/0.15.5+mixin.0.8.7/sponge-mixin-0.15.5+mixin.0.8.7.jar */
/*                                    Internal Version : 0.8.7                                                                                                                                                                */
/*                                        Java Version : 17.0 (supports compatibility 6-17)                                                                                                                                   */
/*                         Default Compatibility Level : JAVA_8                                                                                                                                                               */
/*                   Max Effective Compatibility Level : JAVA_13                                                                                                                                                              */
/*                                Detected ASM Version : ASM 9.8 (ASM10_EXPERIMENTAL)                                                                                                                                         */
/*                          Detected ASM Supports Java : Up to Java 25 (class file version 69.0)                                                                                                                              */
/******************************************************************************************************************************************************************************************************************************/
/*                                        Service Name : Knot/Fabric                                                                                                                                                          */
/*                                 Mixin Service Class : net.fabricmc.loader.impl.launch.knot.MixinServiceKnot                                                                                                                */
/*                       Global Property Service Class : net.fabricmc.loader.impl.launch.knot.FabricGlobalPropertyService                                                                                                     */
/*                                 Logger Adapter Type : Fabric Mixin Logger                                                                                                                                                  */
/******************************************************************************************************************************************************************************************************************************/
/*                                         mixin.debug : <false>                                                                                                                                                              */
/*                                  mixin.debug.export : - <true>                                                                                                                                                             */
/*                           mixin.debug.export.filter : - - <null>                                                                                                                                                           */
/*                        mixin.debug.export.decompile : - - <true>                                                                                                                                                           */
/*                  mixin.debug.export.decompile.async : - - - <true>                                                                                                                                                         */
/* mixin.debug.export.decompile.mergeGenericSignatures : - - - <true>                                                                                                                                                         */
/*                                  mixin.debug.verify : - <false>                                                                                                                                                            */
/*                                 mixin.debug.verbose : - <true>                                                                                                                                                             */
/*                         mixin.debug.countInjections : - <true>                                                                                                                                                             */
/*                                  mixin.debug.strict : - <false>                                                                                                                                                            */
/*                           mixin.debug.strict.unique : - - <false>                                                                                                                                                          */
/*                          mixin.debug.strict.targets : - - <false>                                                                                                                                                          */
/*                                mixin.debug.profiler : - <false>                                                                                                                                                            */
/*                           mixin.dumpTargetOnFailure : <false>                                                                                                                                                              */
/*                                        mixin.checks : <false>                                                                                                                                                              */
/*                             mixin.checks.interfaces : - <false>                                                                                                                                                            */
/*                      mixin.checks.interfaces.strict : - - <false>                                                                                                                                                          */
/*                             mixin.ignoreConstraints : <false>                                                                                                                                                              */
/*                                       mixin.hotSwap : <false>                                                                                                                                                              */
/*                                       mixin.env.obf : - <false>                                                                                                                                                            */
/*                             mixin.env.disableRefMap : - <false>                                                                                                                                                            */
/*                               mixin.env.remapRefMap : - <false>                                                                                                                                                            */
/*                       mixin.env.refMapRemappingFile : - <>                                                                                                                                                                 */
/*                        mixin.env.refMapRemappingEnv : - <searge>                                                                                                                                                           */
/*                      mixin.env.allowPermissiveMatch : - <false>                                                                                                                                                            */
/*                            mixin.env.ignoreRequired : - <false>                                                                                                                                                            */
/*                               mixin.env.compatLevel : - <false>                                                                                                                                                            */
/*                          mixin.env.shiftByViolation : - <warn>                                                                                                                                                             */
/*                      mixin.initialiserInjectionMode : <default>                                                                                                                                                            */
/*               mixin.tunable.classReaderExpandFrames : - <false>                                                                                                                                                            */
/******************************************************************************************************************************************************************************************************************************/
/*                                    UNSAFE_INJECTION : available=<true> enabled=<true>                                                                                                                                      */
/*                       INJECTORS_IN_INTERFACE_MIXINS : available=<true> enabled=<true>                                                                                                                                      */
/******************************************************************************************************************************************************************************************************************************/
/*                                       Detected Side : SERVER                                                                                                                                                               */
/******************************************************************************************************************************************************************************************************************************/
[22:03:01] [main/INFO]: Attempting to load Fernflower decompiler (Threaded mode)
[22:03:01] [main/INFO]: Fernflower could not be loaded, exported classes will not be decompiled. NoClassDefFoundError: org/jetbrains/java/decompiler/main/extern/IResultSaver
[22:03:01] [main/WARN]: Compatibility level JAVA_17 specified by fabric-api-lookup-api-v1.mixins.json is higher than the maximum level supported by this version of mixin (JAVA_13).
[22:03:01] [main/INFO]: Compatibility level set to JAVA_17
[22:03:01] [main/INFO]: Preparing mixins for MixinEnvironment[DEFAULT]
[22:03:01] [main/INFO]: Selecting config fabric-api-lookup-api-v1.mixins.json
[22:03:01] [main/INFO]: Selecting config fabric-biome-api-v1.mixins.json
[22:03:01] [main/INFO]: Selecting config fabric-block-api-v1.mixins.json
[22:03:01] [main/INFO]: Selecting config fabric-block-view-api-v2.mixins.json
[22:03:01] [main/INFO]: Selecting config fabric-command-api-v2.mixins.json
[22:03:01] [main/INFO]: Selecting config fabric-containers-v0.mixins.json
[22:03:01] [main/INFO]: Selecting config fabric-containers-v0.accurate.mixins.json
[22:03:01] [main/INFO]: Selecting config fabric-content-registries-v0.mixins.json
[22:03:01] [main/INFO]: Selecting config fabric-crash-report-info-v1.mixins.json
[22:03:01] [main/INFO]: Selecting config fabric-data-attachment-api-v1.mixins.json
[22:03:01] [main/INFO]: Selecting config fabric-data-generation-api-v1.mixins.json
[22:03:01] [main/INFO]: Selecting config fabric-dimensions-v1.mixins.json
[22:03:01] [main/INFO]: Selecting config fabric-entity-events-v1.mixins.json
[22:03:01] [main/INFO]: Selecting config fabric-events-interaction-v0.mixins.json
[22:03:01] [main/INFO]: Selecting config fabric-game-rule-api-v1.mixins.json
[22:03:01] [main/INFO]: Selecting config fabric-item-api-v1.mixins.json
[22:03:01] [main/INFO]: Selecting config fabric-item-group-api-v1.mixins.json
[22:03:01] [main/INFO]: Selecting config fabric-lifecycle-events-v1.mixins.json
[22:03:01] [main/INFO]: Selecting config fabric-loot-api-v2.mixins.json
[22:03:01] [main/INFO]: Selecting config fabric-message-api-v1.mixins.json
[22:03:01] [main/INFO]: Selecting config fabric-mining-level-api-v1.mixins.json
[22:03:01] [main/INFO]: Selecting config fabric-networking-api-v1.mixins.json
[22:03:01] [main/INFO]: Selecting config fabric-object-builder-v1.mixins.json
[22:03:01] [main/INFO]: Selecting config fabric-recipe-api-v1.mixins.json
[22:03:01] [main/INFO]: Selecting config fabric-registry-sync-v0.mixins.json
[22:03:01] [main/INFO]: Selecting config fabric-rendering-data-attachment-v1.mixins.json
[22:03:01] [main/INFO]: Selecting config fabric-resource-conditions-api-v1.mixins.json
[22:03:01] [main/INFO]: Selecting config fabric-resource-loader-v0.mixins.json
[22:03:01] [main/INFO]: Selecting config fabric-screen-handler-api-v1.mixins.json
[22:03:01] [main/INFO]: Selecting config fabric-transfer-api-v1.mixins.json
[22:03:01] [main/INFO]: Selecting config mixinextras.init.mixins.json
[22:03:01] [main/INFO]: Selecting config qizhangverdict.mixins.json
[22:03:01] [main/INFO]: Preparing fabric-api-lookup-api-v1.mixins.json (2)
[22:03:01] [main/INFO]: Preparing fabric-biome-api-v1.mixins.json (9)
[22:03:01] [main/INFO]: Preparing fabric-block-api-v1.mixins.json (4)
[22:03:01] [main/INFO]: Preparing fabric-block-view-api-v2.mixins.json (2)
[22:03:01] [main/INFO]: Preparing fabric-command-api-v2.mixins.json (5)
[22:03:01] [main/INFO]: Preparing fabric-containers-v0.mixins.json (1)
[22:03:01] [main/INFO]: Preparing fabric-containers-v0.accurate.mixins.json (1)
[22:03:01] [main/INFO]: Preparing fabric-content-registries-v0.mixins.json (11)
[22:03:01] [main/INFO]: Preparing fabric-crash-report-info-v1.mixins.json (1)
[22:03:01] [main/INFO]: Preparing fabric-data-attachment-api-v1.mixins.json (8)
[22:03:01] [main/INFO]: Preparing fabric-data-generation-api-v1.mixins.json (6)
[22:03:01] [main/INFO]: Preparing fabric-dimensions-v1.mixins.json (5)
[22:03:01] [main/INFO]: Preparing fabric-entity-events-v1.mixins.json (12)
[22:03:01] [main/INFO]: Preparing fabric-events-interaction-v0.mixins.json (4)
[22:03:01] [main/INFO]: Preparing fabric-game-rule-api-v1.mixins.json (6)
[22:03:01] [main/INFO]: Preparing fabric-item-api-v1.mixins.json (18)
[22:03:01] [main/INFO]: Preparing fabric-item-group-api-v1.mixins.json (3)
[22:03:01] [main/INFO]: Preparing fabric-lifecycle-events-v1.mixins.json (9)
[22:03:01] [main/INFO]: Preparing fabric-loot-api-v2.mixins.json (5)
[22:03:01] [main/INFO]: Preparing fabric-message-api-v1.mixins.json (2)
[22:03:01] [main/INFO]: Preparing fabric-mining-level-api-v1.mixins.json (3)
[22:03:01] [main/INFO]: Preparing fabric-networking-api-v1.mixins.json (17)
[22:03:01] [main/WARN]: @Mixin target net/minecraft/class_2539$class_4532 is public in fabric-networking-api-v1.mixins.json:NetworkStateInternalPacketHandlerMixin from mod fabric-networking-api-v1 and should be specified in value
[22:03:01] [main/INFO]: Preparing fabric-object-builder-v1.mixins.json (10)
[22:03:01] [main/INFO]: Preparing fabric-recipe-api-v1.mixins.json (3)
[22:03:01] [main/INFO]: Preparing fabric-registry-sync-v0.mixins.json (13)
[22:03:01] [main/INFO]: Preparing fabric-rendering-data-attachment-v1.mixins.json (2)
[22:03:01] [main/INFO]: Preparing fabric-resource-conditions-api-v1.mixins.json (6)
[22:03:01] [main/INFO]: Preparing fabric-resource-loader-v0.mixins.json (11)
[22:03:01] [main/INFO]: Preparing fabric-screen-handler-api-v1.mixins.json (2)
[22:03:01] [main/INFO]: Preparing fabric-transfer-api-v1.mixins.json (12)
[22:03:01] [main/INFO]: Preparing mixinextras.init.mixins.json (0)
[22:03:01] [main/INFO]: Preparing qizhangverdict.mixins.json (1)
[22:03:01] [main/INFO]: Prepared 194 mixins in 0.500 sec (2.6ms avg) (0ms load, 0ms transform, 0ms plugin)
[22:03:01] [main/INFO]: Initializing MixinExtras via com.llamalad7.mixinextras.service.MixinExtrasServiceImpl(version=0.4.1).
[22:03:01] [main/INFO]: Mixing server.MainMixin from fabric-data-generation-api-v1.mixins.json into net.minecraft.server.Main
[22:03:02] [main/INFO]: Mixing SystemDetailsMixin from fabric-crash-report-info-v1.mixins.json into net.minecraft.class_6396
[22:03:02] [main/INFO]: Renaming synthetic method lambda$appendMods$1(Lnet/fabricmc/loader/api/ModContainer;)Ljava/lang/String; to md38635d$fabric-crash-report-info-v1$lambda$appendMods$1$0 in fabric-crash-report-info-v1.mixins.json:SystemDetailsMixin from mod fabric-crash-report-info-v1
[22:03:02] [main/INFO]: Renaming synthetic method lambda$fillSystemDetails$0()Ljava/lang/String; to md38635d$fabric-crash-report-info-v1$lambda$fillSystemDetails$0$1 in fabric-crash-report-info-v1.mixins.json:SystemDetailsMixin from mod fabric-crash-report-info-v1
[22:03:03] [main/INFO]: Mixing BootstrapMixin from fabric-registry-sync-v0.mixins.json into net.minecraft.class_2966
[22:03:03] [main/INFO]: Renaming synthetic method lambda$initialize$1(Lnet/minecraft/class_3611;)Ljava/util/Collection; to md38635d$fabric-registry-sync-v0$lambda$initialize$1$0 in fabric-registry-sync-v0.mixins.json:BootstrapMixin from mod fabric-registry-sync-v0
[22:03:03] [main/INFO]: Renaming synthetic method lambda$initialize$0(Lnet/minecraft/class_2248;)Ljava/util/Collection; to md38635d$fabric-registry-sync-v0$lambda$initialize$0$1 in fabric-registry-sync-v0.mixins.json:BootstrapMixin from mod fabric-registry-sync-v0
[22:03:03] [main/INFO]: Mixing RegistriesAccessor from fabric-registry-sync-v0.mixins.json into net.minecraft.class_7923
[22:03:03] [main/INFO]: Renaming @Accessor method getROOT()Lnet/minecraft/class_2385; to getROOT$fabric-registry-sync-v0_$md$38635d$0 in fabric-registry-sync-v0.mixins.json:RegistriesAccessor from mod fabric-registry-sync-v0
[22:03:03] [main/INFO]: Mixing RegistriesMixin from fabric-registry-sync-v0.mixins.json into net.minecraft.class_7923
[22:03:03] [main/INFO]: Mixing SimpleRegistryMixin from fabric-registry-sync-v0.mixins.json into net.minecraft.class_2370
[22:03:03] [main/INFO]: Renaming synthetic method lambda$new$5([Lnet/fabricmc/fabric/api/event/registry/RegistryIdRemapCallback;)Lnet/fabricmc/fabric/api/event/registry/RegistryIdRemapCallback; to md38635d$fabric-registry-sync-v0$lambda$new$5$0 in fabric-registry-sync-v0.mixins.json:SimpleRegistryMixin from mod fabric-registry-sync-v0
[22:03:03] [main/INFO]: Renaming synthetic method lambda$new$4([Lnet/fabricmc/fabric/api/event/registry/RegistryIdRemapCallback;Lnet/fabricmc/fabric/api/event/registry/RegistryIdRemapCallback$RemapState;)V to md38635d$fabric-registry-sync-v0$lambda$new$4$1 in fabric-registry-sync-v0.mixins.json:SimpleRegistryMixin from mod fabric-registry-sync-v0
[22:03:03] [main/INFO]: Renaming synthetic method lambda$new$3([Lnet/fabricmc/fabric/api/event/registry/RegistryEntryRemovedCallback;)Lnet/fabricmc/fabric/api/event/registry/RegistryEntryRemovedCallback; to md38635d$fabric-registry-sync-v0$lambda$new$3$2 in fabric-registry-sync-v0.mixins.json:SimpleRegistryMixin from mod fabric-registry-sync-v0
[22:03:03] [main/INFO]: Renaming synthetic method lambda$new$2([Lnet/fabricmc/fabric/api/event/registry/RegistryEntryRemovedCallback;ILnet/minecraft/class_2960;Ljava/lang/Object;)V to md38635d$fabric-registry-sync-v0$lambda$new$2$3 in fabric-registry-sync-v0.mixins.json:SimpleRegistryMixin from mod fabric-registry-sync-v0
[22:03:03] [main/INFO]: Renaming synthetic method lambda$new$1([Lnet/fabricmc/fabric/api/event/registry/RegistryEntryAddedCallback;)Lnet/fabricmc/fabric/api/event/registry/RegistryEntryAddedCallback; to md38635d$fabric-registry-sync-v0$lambda$new$1$4 in fabric-registry-sync-v0.mixins.json:SimpleRegistryMixin from mod fabric-registry-sync-v0
[22:03:03] [main/INFO]: Renaming synthetic method lambda$new$0([Lnet/fabricmc/fabric/api/event/registry/RegistryEntryAddedCallback;ILnet/minecraft/class_2960;Ljava/lang/Object;)V to md38635d$fabric-registry-sync-v0$lambda$new$0$5 in fabric-registry-sync-v0.mixins.json:SimpleRegistryMixin from mod fabric-registry-sync-v0
[22:03:03] [main/INFO]: Mixing FluidMixin from fabric-transfer-api-v1.mixins.json into net.minecraft.class_3611
[22:03:03] [main/INFO]: Mixing BlockMixin from fabric-block-api-v1.mixins.json into net.minecraft.class_2248
[22:03:03] [main/INFO]: Mixing AbstractBlockAccessor from fabric-object-builder-v1.mixins.json into net.minecraft.class_4970
[22:03:03] [main/INFO]: Mixing EntityTypeMixin from fabric-object-builder-v1.mixins.json into net.minecraft.class_1299
[22:03:03] [main/INFO]: Mixing ItemMixin from fabric-item-api-v1.mixins.json into net.minecraft.class_1792
[22:03:03] [main/INFO]: Mixing ItemMixin from fabric-transfer-api-v1.mixins.json into net.minecraft.class_1792
[22:03:04] [main/INFO]: Mixing BlockEntityTypeAccessor from fabric-api-lookup-api-v1.mixins.json into net.minecraft.class_2591
[22:03:04] [main/INFO]: Mixing ArgumentTypesAccessor from fabric-command-api-v2.mixins.json into net.minecraft.class_2316
[22:03:04] [main/INFO]: Renaming @Accessor method fabric_getClassMap()Ljava/util/Map; to fabric_getClassMap$fabric-command-api-v2_$md$38635d$0 in fabric-command-api-v2.mixins.json:ArgumentTypesAccessor from mod fabric-command-api-v2
[22:03:04] [main/INFO]: Mixing ItemGroupsMixin from fabric-item-group-api-v1.mixins.json into net.minecraft.class_7706
[22:03:04] [main/INFO]: Renaming synthetic method lambda$paginateGroups$0(Lnet/minecraft/class_6880$class_6883;Lnet/minecraft/class_6880$class_6883;)I to md38635d$fabric-item-group-api-v1$lambda$paginateGroups$0$0 in fabric-item-group-api-v1.mixins.json:ItemGroupsMixin from mod fabric-item-group-api-v1
[22:03:04] [main/INFO]: Mixing ItemGroupAccessor from fabric-item-group-api-v1.mixins.json into net.minecraft.class_1761
[22:03:04] [main/INFO]: Mixing ItemGroupMixin from fabric-item-group-api-v1.mixins.json into net.minecraft.class_1761
[22:03:04] [main/INFO]: Renaming synthetic method lambda$getStacks$0(Lnet/minecraft/class_1761;)Ljava/lang/IllegalStateException; to md38635d$fabric-item-group-api-v1$lambda$getStacks$0$0 in fabric-item-group-api-v1.mixins.json:ItemGroupMixin from mod fabric-item-group-api-v1
[22:03:04] [main/INFO]: Mixing FireBlockMixin from fabric-content-registries-v0.mixins.json into net.minecraft.class_2358
[22:03:04] [main/INFO]: Mixing BlockViewMixin from fabric-block-view-api-v2.mixins.json into net.minecraft.class_1922
[22:03:04] [main/INFO]: Mixing AttachmentTargetsMixin from fabric-data-attachment-api-v1.mixins.json into net.minecraft.class_1937
[22:03:04] [main/INFO]: Mixing WorldMixin from fabric-lifecycle-events-v1.mixins.json into net.minecraft.class_1937
[22:03:04] [main/INFO]: Mixing WorldViewMixin from fabric-rendering-data-attachment-v1.mixins.json into net.minecraft.class_4538
[22:03:04] [main/INFO]: Mixing ServerWorldMixin from fabric-api-lookup-api-v1.mixins.json into net.minecraft.class_3218
[22:03:04] [main/INFO]: Renaming synthetic method lambda$fabric_invalidateCache$5(Ljava/util/Map$Entry;)Z to md38635d$fabric-api-lookup-api-v1$lambda$fabric_invalidateCache$5$0 in fabric-api-lookup-api-v1.mixins.json:ServerWorldMixin from mod fabric-api-lookup-api-v1
[22:03:04] [main/INFO]: Renaming synthetic method lambda$fabric_invalidateCache$4(Ljava/lang/ref/WeakReference;)Z to md38635d$fabric-api-lookup-api-v1$lambda$fabric_invalidateCache$4$1 in fabric-api-lookup-api-v1.mixins.json:ServerWorldMixin from mod fabric-api-lookup-api-v1
[22:03:04] [main/INFO]: Renaming synthetic method lambda$fabric_invalidateCache$3(Ljava/lang/ref/WeakReference;)V to md38635d$fabric-api-lookup-api-v1$lambda$fabric_invalidateCache$3$2 in fabric-api-lookup-api-v1.mixins.json:ServerWorldMixin from mod fabric-api-lookup-api-v1
[22:03:04] [main/INFO]: Renaming synthetic method lambda$fabric_invalidateCache$2(Ljava/lang/ref/WeakReference;)Z to md38635d$fabric-api-lookup-api-v1$lambda$fabric_invalidateCache$2$3 in fabric-api-lookup-api-v1.mixins.json:ServerWorldMixin from mod fabric-api-lookup-api-v1
[22:03:04] [main/INFO]: Renaming synthetic method lambda$fabric_registerCache$1(Ljava/lang/ref/WeakReference;)Z to md38635d$fabric-api-lookup-api-v1$lambda$fabric_registerCache$1$4 in fabric-api-lookup-api-v1.mixins.json:ServerWorldMixin from mod fabric-api-lookup-api-v1
[22:03:04] [main/INFO]: Renaming synthetic method lambda$fabric_registerCache$0(Lnet/minecraft/class_2338;)Ljava/util/List; to md38635d$fabric-api-lookup-api-v1$lambda$fabric_registerCache$0$5 in fabric-api-lookup-api-v1.mixins.json:ServerWorldMixin from mod fabric-api-lookup-api-v1
[22:03:04] [main/INFO]: Mixing ServerWorldMixin from fabric-data-attachment-api-v1.mixins.json into net.minecraft.class_3218
[22:03:04] [main/INFO]: Renaming synthetic method lambda$createAttachmentsPersistentState$1(Lnet/minecraft/class_3218;Lnet/minecraft/class_2487;)Lnet/fabricmc/fabric/impl/attachment/AttachmentPersistentState; to md38635d$fabric-data-attachment-api-v1$lambda$createAttachmentsPersistentState$1$6 in fabric-data-attachment-api-v1.mixins.json:ServerWorldMixin from mod fabric-data-attachment-api-v1
[22:03:04] [main/INFO]: Renaming synthetic method lambda$createAttachmentsPersistentState$0(Lnet/minecraft/class_3218;)Lnet/fabricmc/fabric/impl/attachment/AttachmentPersistentState; to md38635d$fabric-data-attachment-api-v1$lambda$createAttachmentsPersistentState$0$7 in fabric-data-attachment-api-v1.mixins.json:ServerWorldMixin from mod fabric-data-attachment-api-v1
[22:03:04] [main/INFO]: Mixing ServerWorldMixin from fabric-lifecycle-events-v1.mixins.json into net.minecraft.class_3218
[22:03:04] [main/INFO]: Mixing AttachmentTargetsMixin from fabric-data-attachment-api-v1.mixins.json into net.minecraft.class_1297
[22:03:04] [main/INFO]: Mixing EntityMixin from fabric-data-attachment-api-v1.mixins.json into net.minecraft.class_1297
[22:03:04] [main/INFO]: Mixing EntityMixin from fabric-dimensions-v1.mixins.json into net.minecraft.class_1297
[22:03:04] [main/INFO]: Mixing EntityMixin from fabric-entity-events-v1.mixins.json into net.minecraft.class_1297
[22:03:04] [main/INFO]: Mixing PlayerEntityMixin from fabric-entity-events-v1.mixins.json into net.minecraft.class_1657
[22:03:04] [main/INFO]: Mixing elytra.PlayerEntityMixin from fabric-entity-events-v1.mixins.json into net.minecraft.class_1657
[22:03:04] [main/INFO]: Mixing LivingEntityMixin from fabric-entity-events-v1.mixins.json into net.minecraft.class_1309
[22:03:04] [main/INFO]: Mixing elytra.LivingEntityMixin from fabric-entity-events-v1.mixins.json into net.minecraft.class_1309
[22:03:04] [main/INFO]: Mixing LivingEntityMixin from fabric-item-api-v1.mixins.json into net.minecraft.class_1309
[22:03:04] [main/INFO]: Mixing LivingEntityMixin from fabric-lifecycle-events-v1.mixins.json into net.minecraft.class_1309
[22:03:04] [main/INFO]: Mixing AbstractBlockSettingsAccessor from fabric-object-builder-v1.mixins.json into net.minecraft.class_4970$class_2251
[22:03:04] [main/INFO]: Mixing IdListMixin from fabric-registry-sync-v0.mixins.json into net.minecraft.class_2361
[22:03:04] [main/INFO]: Renaming synthetic method lambda$fabric_remapIds$0(Lit/unimi/dsi/fastutil/ints/Int2IntMap;Ljava/lang/Object;Ljava/lang/Integer;)Ljava/lang/Integer; to md38635d$fabric-registry-sync-v0$lambda$fabric_remapIds$0$0 in fabric-registry-sync-v0.mixins.json:IdListMixin from mod fabric-registry-sync-v0
[22:03:04] [main/INFO]: Mixing DetectorRailBlockMixin from fabric-object-builder-v1.mixins.json into net.minecraft.class_2313
[22:03:04] [main/INFO]: Renaming synthetic method lambda$getCustomComparatorOutput$0(Lnet/minecraft/class_1297;)Z to md38635d$fabric-object-builder-api-v1$lambda$getCustomComparatorOutput$0$0 in fabric-object-builder-v1.mixins.json:DetectorRailBlockMixin from mod fabric-object-builder-api-v1
[22:03:04] [main/INFO]: Mixing DropperBlockMixin from fabric-transfer-api-v1.mixins.json into net.minecraft.class_2325
[22:03:04] [main/INFO]: Renaming synthetic method lambda$hookDispense$0(Lnet/fabricmc/fabric/api/transfer/v1/item/ItemVariant;)Z to md38635d$fabric-transfer-api-v1$lambda$hookDispense$0$0 in fabric-transfer-api-v1.mixins.json:DropperBlockMixin from mod fabric-transfer-api-v1
[22:03:04] [main/INFO]: Mixing OxidizableMixin from fabric-content-registries-v0.mixins.json into net.minecraft.class_5955
[22:03:04] [main/INFO]: Mixing BlockStateMixin from fabric-block-api-v1.mixins.json into net.minecraft.class_2680
[22:03:04] [main/INFO]: Mixing BlockEntityMixin from fabric-block-view-api-v2.mixins.json into net.minecraft.class_2586
[22:03:04] [main/INFO]: Mixing AttachmentTargetsMixin from fabric-data-attachment-api-v1.mixins.json into net.minecraft.class_2586
[22:03:04] [main/INFO]: Mixing BlockEntityMixin from fabric-data-attachment-api-v1.mixins.json into net.minecraft.class_2586
[22:03:04] [main/INFO]: Mixing BlockEntityMixin from fabric-rendering-data-attachment-v1.mixins.json into net.minecraft.class_2586
[22:03:04] [main/INFO]: Mixing LootableContainerBlockEntityMixin from fabric-transfer-api-v1.mixins.json into net.minecraft.class_2621
[22:03:04] [main/INFO]: Mixing NamedScreenHandlerFactoryMixin from fabric-screen-handler-api-v1.mixins.json into net.minecraft.class_3908
[22:03:04] [main/INFO]: Mixing ChiseledBookshelfBlockEntityMixin from fabric-transfer-api-v1.mixins.json into net.minecraft.class_7716
[22:03:04] [main/WARN]: @Shadow target fabric-transfer-api-v1.mixins.json:ChiseledBookshelfBlockEntityMixin from mod fabric-transfer-api-v1::field_41314 is final but shadow is not decorated with @Final
[22:03:05] [main/INFO]: Mixing AbstractFurnaceBlockEntityMixin from fabric-content-registries-v0.mixins.json into net.minecraft.class_2609
[22:03:05] [main/INFO]: Mixing AbstractFurnaceBlockEntityMixin from fabric-item-api-v1.mixins.json into net.minecraft.class_2609
[22:03:05] [main/INFO]: Mixing AbstractFurnaceBlockEntityMixin from fabric-transfer-api-v1.mixins.json into net.minecraft.class_2609
[22:03:05] [main/INFO]: Mixing JukeboxBlockEntityMixin from fabric-transfer-api-v1.mixins.json into net.minecraft.class_2619
[22:03:05] [main/INFO]: Mixing MobEntityMixin from fabric-entity-events-v1.mixins.json into net.minecraft.class_1308
[22:03:05] [main/INFO]: Mixing BrewingStandBlockEntityMixin from fabric-item-api-v1.mixins.json into net.minecraft.class_2589
[22:03:05] [main/INFO]: Mixing ItemStackMixin from fabric-item-api-v1.mixins.json into net.minecraft.class_1799
[22:03:05] [main/INFO]: Mixing AnvilScreenHandlerMixin from fabric-item-api-v1.mixins.json into net.minecraft.class_1706
[22:03:05] [main/INFO]: Mixing HopperBlockEntityMixin from fabric-transfer-api-v1.mixins.json into net.minecraft.class_2614
[22:03:05] [main/INFO]: Renaming synthetic method lambda$hookExtract$1(Lnet/fabricmc/fabric/api/transfer/v1/item/ItemVariant;)Z to md38635d$fabric-transfer-api-v1$lambda$hookExtract$1$0 in fabric-transfer-api-v1.mixins.json:HopperBlockEntityMixin from mod fabric-transfer-api-v1
[22:03:05] [main/INFO]: Renaming synthetic method lambda$hookInsert$0(Lnet/fabricmc/fabric/api/transfer/v1/item/ItemVariant;)Z to md38635d$fabric-transfer-api-v1$lambda$hookInsert$0$1 in fabric-transfer-api-v1.mixins.json:HopperBlockEntityMixin from mod fabric-transfer-api-v1
[22:03:05] [main/INFO]: Mixing TadpoleEntityMixin from fabric-entity-events-v1.mixins.json into net.minecraft.class_7110
[22:03:06] [main/INFO]: Mixing BlockItemMixin from fabric-item-api-v1.mixins.json into net.minecraft.class_1747
[22:03:06] [main/INFO]: Mixing ArmorItemMixin from fabric-item-api-v1.mixins.json into net.minecraft.class_1738
[22:03:06] [main/INFO]: Mixing SwordItemMixin from fabric-mining-level-api-v1.mixins.json into net.minecraft.class_1829
[22:03:06] [main/INFO]: Mixing ShovelItemAccessor from fabric-content-registries-v0.mixins.json into net.minecraft.class_1821
[22:03:06] [main/INFO]: Renaming @Accessor method getPathStates()Ljava/util/Map; to getPathStates$fabric-content-registries-v0_$md$38635d$0 in fabric-content-registries-v0.mixins.json:ShovelItemAccessor from mod fabric-content-registries-v0
[22:03:06] [main/INFO]: Mixing MiningToolItemMixin from fabric-mining-level-api-v1.mixins.json into net.minecraft.class_1766
[22:03:06] [main/INFO]: Mixing AxeItemAccessor from fabric-content-registries-v0.mixins.json into net.minecraft.class_1743
[22:03:06] [main/INFO]: Renaming @Accessor method getStrippedBlocks()Ljava/util/Map; to getStrippedBlocks$fabric-content-registries-v0_$md$38635d$0 in fabric-content-registries-v0.mixins.json:AxeItemAccessor from mod fabric-content-registries-v0
[22:03:06] [main/INFO]: Renaming @Accessor method setStrippedBlocks(Ljava/util/Map;)V to setStrippedBlocks$fabric-content-registries-v0_$md$38635d$1 in fabric-content-registries-v0.mixins.json:AxeItemAccessor from mod fabric-content-registries-v0
[22:03:06] [main/INFO]: Mixing HoeItemAccessor from fabric-content-registries-v0.mixins.json into net.minecraft.class_1794
[22:03:06] [main/INFO]: Renaming @Accessor method getTillingActions()Ljava/util/Map; to getTillingActions$fabric-content-registries-v0_$md$38635d$0 in fabric-content-registries-v0.mixins.json:HoeItemAccessor from mod fabric-content-registries-v0
[22:03:06] [main/INFO]: Mixing BucketItemAccessor from fabric-transfer-api-v1.mixins.json into net.minecraft.class_1755
[22:03:06] [main/INFO]: Mixing BucketItemMixin from fabric-transfer-api-v1.mixins.json into net.minecraft.class_1755
[22:03:06] [main/INFO]: Mixing ShearsItemMixin from fabric-mining-level-api-v1.mixins.json into net.minecraft.class_1820
[22:03:06] [main/INFO]: Mixing HoneycombItemMixin from fabric-content-registries-v0.mixins.json into net.minecraft.class_5953
[22:03:06] [main/INFO]: Mixing EntityTypeBuilderMixin from fabric-object-builder-v1.mixins.json into net.minecraft.class_1299$class_1300
[22:03:06] [main/INFO]: Mixing StructuresToConfiguredStructuresFixMixin from fabric-registry-sync-v0.mixins.json into net.minecraft.class_7046
[22:03:06] [main/INFO]: Mixing TaggedChoiceTypeMixin from fabric-dimensions-v1.mixins.json into com.mojang.datafixers.types.templates.TaggedChoice$TaggedChoiceType
[22:03:06] [main/INFO]: Mixing TaggedChoiceMixin from fabric-dimensions-v1.mixins.json into com.mojang.datafixers.types.templates.TaggedChoice
[22:03:06] [main/INFO]: Mixing Schema2832Mixin from fabric-dimensions-v1.mixins.json into net.minecraft.class_6640
[22:03:07] [main/INFO]: Mixing CatEntityMixin from fabric-item-api-v1.mixins.json into net.minecraft.class_1451
[22:03:07] [main/INFO]: Mixing FoxEntityMixin from fabric-item-api-v1.mixins.json into net.minecraft.class_4019
[22:03:07] [main/INFO]: Mixing MooshroomEntityMixin from fabric-entity-events-v1.mixins.json into net.minecraft.class_1438
[22:03:07] [main/INFO]: Mixing PigEntityMixin from fabric-entity-events-v1.mixins.json into net.minecraft.class_1452
[22:03:07] [main/INFO]: Mixing ServerPlayerEntityAccessor from fabric-containers-v0.mixins.json into net.minecraft.class_3222
[22:03:07] [main/INFO]: Mixing ServerPlayerEntityMixin from fabric-containers-v0.accurate.mixins.json into net.minecraft.class_3222
[22:03:07] [main/INFO]: Mixing EntityMixin from fabric-dimensions-v1.mixins.json into net.minecraft.class_3222
[22:03:07] [main/INFO]: Mixing ServerPlayerEntityMixin from fabric-entity-events-v1.mixins.json into net.minecraft.class_3222
[22:03:07] [main/INFO]: Mixing ServerPlayerEntityMixin from fabric-events-interaction-v0.mixins.json into net.minecraft.class_3222
[22:03:07] [main/INFO]: Mixing ServerPlayerEntityMixin from fabric-screen-handler-api-v1.mixins.json into net.minecraft.class_3222
[22:03:07] [main/INFO]: Mixing AttachmentTargetsMixin from fabric-data-attachment-api-v1.mixins.json into net.minecraft.class_2791
[22:03:07] [main/INFO]: Mixing WorldChunkMixin from fabric-data-attachment-api-v1.mixins.json into net.minecraft.class_2818
[22:03:07] [main/INFO]: Mixing server.WorldChunkMixin from fabric-lifecycle-events-v1.mixins.json into net.minecraft.class_2818
[22:03:07] [main/INFO]: Mixing VillagerEntityAccessor from fabric-content-registries-v0.mixins.json into net.minecraft.class_1646
[22:03:07] [main/INFO]: Renaming @Accessor method fabric_setItemFoodValues(Ljava/util/Map;)V to fabric_setItemFoodValues$fabric-content-registries-v0_$md$38635d$0 in fabric-content-registries-v0.mixins.json:VillagerEntityAccessor from mod fabric-content-registries-v0
[22:03:07] [main/INFO]: Renaming @Accessor method fabric_setGatherableItems(Ljava/util/Set;)V to fabric_setGatherableItems$fabric-content-registries-v0_$md$38635d$1 in fabric-content-registries-v0.mixins.json:VillagerEntityAccessor from mod fabric-content-registries-v0
[22:03:07] [main/INFO]: Renaming @Accessor method fabric_getGatherableItems()Ljava/util/Set; to fabric_getGatherableItems$fabric-content-registries-v0_$md$38635d$2 in fabric-content-registries-v0.mixins.json:VillagerEntityAccessor from mod fabric-content-registries-v0
[22:03:07] [main/INFO]: Mixing VillagerEntityMixin from fabric-entity-events-v1.mixins.json into net.minecraft.class_1646
[22:03:07] [main/INFO]: Mixing WolfEntityMixin from fabric-item-api-v1.mixins.json into net.minecraft.class_1493
[22:03:07] [main/INFO]: Mixing ingredient.IngredientMixin from fabric-recipe-api-v1.mixins.json into net.minecraft.class_1856
[22:03:07] [main/INFO]: Renaming synthetic method lambda$injectCodec$3(Lnet/minecraft/class_1856;)Lcom/mojang/datafixers/util/Either; to md38635d$fabric-recipe-api-v1$lambda$injectCodec$3$0 in fabric-recipe-api-v1.mixins.json:ingredient.IngredientMixin from mod fabric-recipe-api-v1
[22:03:07] [main/INFO]: Renaming synthetic method lambda$injectCodec$2(Lcom/mojang/datafixers/util/Either;)Lnet/minecraft/class_1856; to md38635d$fabric-recipe-api-v1$lambda$injectCodec$2$1 in fabric-recipe-api-v1.mixins.json:ingredient.IngredientMixin from mod fabric-recipe-api-v1
[22:03:07] [main/INFO]: Renaming synthetic method lambda$injectCodec$1(Lnet/minecraft/class_1856;)Lnet/minecraft/class_1856; to md38635d$fabric-recipe-api-v1$lambda$injectCodec$1$2 in fabric-recipe-api-v1.mixins.json:ingredient.IngredientMixin from mod fabric-recipe-api-v1
[22:03:07] [main/INFO]: Renaming synthetic method lambda$injectCodec$0(ZLnet/fabricmc/fabric/api/recipe/v1/ingredient/CustomIngredientSerializer;)Lcom/mojang/serialization/Codec; to md38635d$fabric-recipe-api-v1$lambda$injectCodec$0$3 in fabric-recipe-api-v1.mixins.json:ingredient.IngredientMixin from mod fabric-recipe-api-v1
[22:03:07] [main/INFO]: Mixing EntitySelectorOptionsAccessor from fabric-command-api-v2.mixins.json into net.minecraft.class_2306
[22:03:07] [main/INFO]: Renaming @Invoker method callPutOption(Ljava/lang/String;Lnet/minecraft/class_2306$class_2307;Ljava/util/function/Predicate;Lnet/minecraft/class_2561;)V to callPutOption$fabric-command-api-v2_$md$38635d$0 in fabric-command-api-v2.mixins.json:EntitySelectorOptionsAccessor from mod fabric-command-api-v2
[22:03:07] [main/INFO]: Mixing EntitySelectorReaderMixin from fabric-command-api-v2.mixins.json into net.minecraft.class_2303
[22:03:07] [main/INFO]: Mixing BlockEntityTypeBuilderMixin from fabric-object-builder-v1.mixins.json into net.minecraft.class_2591$class_2592
[22:03:07] [main/INFO]: Mixing SimpleInventoryMixin from fabric-transfer-api-v1.mixins.json into net.minecraft.class_1277
[22:03:07] [main/INFO]: Mixing RecipeMixin from fabric-item-api-v1.mixins.json into net.minecraft.class_1860
[22:03:07] [main/INFO]: Mixing ingredient.ShapelessRecipeMixin from fabric-recipe-api-v1.mixins.json into net.minecraft.class_1867
[22:03:07] [main/INFO]: Mixing ItemPredicateMixin from fabric-item-api-v1.mixins.json into net.minecraft.class_2073
[22:03:07] [main/INFO]: Mixing EnchantRandomlyLootFunctionMixin from fabric-item-api-v1.mixins.json into net.minecraft.class_109
[22:03:07] [main/INFO]: Mixing RegistryCodecsMixin from fabric-dimensions-v1.mixins.json into net.minecraft.class_6895
[22:03:08] [main/INFO]: Mixing BiomeSourceMixin from fabric-biome-api-v1.mixins.json into net.minecraft.class_1966
[22:03:08] [main/INFO]: Mixing MultiNoiseBiomeSourceMixin from fabric-biome-api-v1.mixins.json into net.minecraft.class_4766
[22:03:08] [main/INFO]: Mixing NetherBiomePresetMixin from fabric-biome-api-v1.mixins.json into net.minecraft.class_8197$class_5305$1
[22:03:08] [main/INFO]: Mixing TheEndBiomeSourceMixin from fabric-biome-api-v1.mixins.json into net.minecraft.class_2169
[22:03:08] [main/INFO]: Renaming synthetic method lambda$init$1(Lnet/minecraft/class_7871;)Lnet/fabricmc/fabric/impl/biome/TheEndBiomeData$Overrides; to md38635d$fabric-biome-api-v1$lambda$init$1$0 in fabric-biome-api-v1.mixins.json:TheEndBiomeSourceMixin from mod fabric-biome-api-v1
[22:03:08] [main/INFO]: Renaming synthetic method lambda$modifyCodec$0(Lcom/mojang/serialization/codecs/RecordCodecBuilder$Instance;)Lcom/mojang/datafixers/kinds/App; to md38635d$fabric-biome-api-v1$lambda$modifyCodec$0$1 in fabric-biome-api-v1.mixins.json:TheEndBiomeSourceMixin from mod fabric-biome-api-v1
[22:03:08] [main/WARN]: Write access to @Mutable @Final field field_24730:Lcom/mojang/serialization/Codec; in fabric-biome-api-v1.mixins.json:TheEndBiomeSourceMixin from mod fabric-biome-api-v1::handler$zze000$fabric-biome-api-v1$modifyCodec
[22:03:08] [main/INFO]: Mixing DebugChunkGeneratorAccessor from fabric-registry-sync-v0.mixins.json into net.minecraft.class_2891
[22:03:08] [main/INFO]: Renaming @Accessor method setBLOCK_STATES(Ljava/util/List;)V to setBLOCK_STATES$fabric-registry-sync-v0_$md$38635d$0 in fabric-registry-sync-v0.mixins.json:DebugChunkGeneratorAccessor from mod fabric-registry-sync-v0
[22:03:08] [main/INFO]: Renaming @Accessor method setX_SIDE_LENGTH(I)V to setX_SIDE_LENGTH$fabric-registry-sync-v0_$md$38635d$1 in fabric-registry-sync-v0.mixins.json:DebugChunkGeneratorAccessor from mod fabric-registry-sync-v0
[22:03:08] [main/INFO]: Renaming @Accessor method setZ_SIDE_LENGTH(I)V to setZ_SIDE_LENGTH$fabric-registry-sync-v0_$md$38635d$2 in fabric-registry-sync-v0.mixins.json:DebugChunkGeneratorAccessor from mod fabric-registry-sync-v0
[22:03:08] [main/INFO]: Mixing DefaultAttributeRegistryAccessor from fabric-object-builder-v1.mixins.json into net.minecraft.class_5135
[22:03:08] [main/INFO]: Renaming @Accessor method getRegistry()Ljava/util/Map; to getRegistry$fabric-object-builder-api-v1_$md$38635d$0 in fabric-object-builder-v1.mixins.json:DefaultAttributeRegistryAccessor from mod fabric-object-builder-api-v1
[22:03:08] [main/INFO]: Mixing DefaultAttributeRegistryMixin from fabric-object-builder-v1.mixins.json into net.minecraft.class_5135
[22:03:08] [main/WARN]: Write access to @Mutable @Final field field_23730:Ljava/util/Map; in fabric-object-builder-v1.mixins.json:DefaultAttributeRegistryMixin from mod fabric-object-builder-api-v1::handler$zfo000$fabric-object-builder-api-v1$injectAttributes
[22:03:08] [main/INFO]: Mixing modification.MinecraftServerMixin from fabric-biome-api-v1.mixins.json into net.minecraft.server.MinecraftServer
[22:03:08] [main/INFO]: Mixing MinecraftServerMixin from fabric-lifecycle-events-v1.mixins.json into net.minecraft.server.MinecraftServer
[22:03:08] [main/INFO]: Renaming synthetic method lambda$endResourceReload$0(Ljava/lang/Void;Ljava/lang/Throwable;)Ljava/lang/Void; to md38635d$fabric-lifecycle-events-v1$lambda$endResourceReload$0$0 in fabric-lifecycle-events-v1.mixins.json:MinecraftServerMixin from mod fabric-lifecycle-events-v1
[22:03:08] [main/INFO]: Mixing MinecraftServerMixin from fabric-message-api-v1.mixins.json into net.minecraft.server.MinecraftServer
[22:03:08] [main/INFO]: Renaming synthetic method lambda$onGetChatDecorator$0(Lnet/minecraft/class_3222;Lnet/minecraft/class_2561;)Lnet/minecraft/class_2561; to md38635d$fabric-message-api-v1$lambda$onGetChatDecorator$0$1 in fabric-message-api-v1.mixins.json:MinecraftServerMixin from mod fabric-message-api-v1
[22:03:08] [main/INFO]: Mixing MinecraftServerMixin from fabric-registry-sync-v0.mixins.json into net.minecraft.server.MinecraftServer
[22:03:08] [main/INFO]: Mixing MinecraftServerMixin from fabric-resource-loader-v0.mixins.json into net.minecraft.server.MinecraftServer
[22:03:08] [main/INFO]: Mixing ServerConfigurationNetworkHandlerMixin from fabric-networking-api-v1.mixins.json into net.minecraft.class_8610
[22:03:08] [main/INFO]: Mixing ServerCommonNetworkHandlerMixin from fabric-networking-api-v1.mixins.json into net.minecraft.class_8609
[22:03:08] [main/INFO]: Mixing accessor.ServerCommonNetworkHandlerAccessor from fabric-networking-api-v1.mixins.json into net.minecraft.class_8609
[22:03:08] [main/INFO]: Mixing NetworkStateInternalPacketHandlerMixin from fabric-networking-api-v1.mixins.json into net.minecraft.class_2539$class_4532
[22:03:08] [main/INFO]: Renaming synthetic method lambda$replaceCustomPayloadFactory$1(Lnet/minecraft/class_2540;)Lnet/minecraft/class_2596; to md38635d$fabric-networking-api-v1$lambda$replaceCustomPayloadFactory$1$0 in fabric-networking-api-v1.mixins.json:NetworkStateInternalPacketHandlerMixin from mod fabric-networking-api-v1
[22:03:08] [main/INFO]: Renaming synthetic method lambda$replaceCustomPayloadFactory$0(Lnet/minecraft/class_2540;)Lnet/minecraft/class_2596; to md38635d$fabric-networking-api-v1$lambda$replaceCustomPayloadFactory$0$1 in fabric-networking-api-v1.mixins.json:NetworkStateInternalPacketHandlerMixin from mod fabric-networking-api-v1
[22:03:08] [main/INFO]: Mixing CustomPayloadC2SPacketMixin from fabric-networking-api-v1.mixins.json into net.minecraft.class_2817
[22:03:08] [main/INFO]: Mixing CustomPayloadS2CPacketMixin from fabric-networking-api-v1.mixins.json into net.minecraft.class_2658
[22:03:08] [main/INFO]: Mixing BlockEntityUpdateS2CPacketMixin from fabric-data-attachment-api-v1.mixins.json into net.minecraft.class_2622
[22:03:08] [main/INFO]: Renaming synthetic method lambda$stripPersistentAttachmentData$0(Ljava/util/function/Function;Lnet/minecraft/class_2586;)Lnet/minecraft/class_2487; to md38635d$fabric-data-attachment-api-v1$lambda$stripPersistentAttachmentData$0$0 in fabric-data-attachment-api-v1.mixins.json:BlockEntityUpdateS2CPacketMixin from mod fabric-data-attachment-api-v1
[22:03:08] [main/INFO]: Mixing LoginQueryRequestS2CPacketMixin from fabric-networking-api-v1.mixins.json into net.minecraft.class_2899
[22:03:08] [main/INFO]: Mixing LoginQueryResponseC2SPacketMixin from fabric-networking-api-v1.mixins.json into net.minecraft.class_2913
[22:03:08] [main/INFO]: External mod presence only: grimac=false, antixray=false; actual function must be tested separately
[22:03:08] [main/INFO]: Mixing ServerPlayNetworkHandlerMixin from fabric-networking-api-v1.mixins.json into net.minecraft.class_3244
[22:03:08] [main/INFO]: Mixing ServerPropertiesHandlerMixin from fabric-resource-loader-v0.mixins.json into net.minecraft.class_3806
[22:03:08] [main/INFO]: Mixing ResourcePackProfileMixin from fabric-resource-loader-v0.mixins.json into net.minecraft.class_3288
[22:03:08] [main/INFO]: Renaming synthetic method lambda$static$0(Ljava/util/Set;)Z to md38635d$fabric-resource-loader-v0$lambda$static$0$0 in fabric-resource-loader-v0.mixins.json:ResourcePackProfileMixin from mod fabric-resource-loader-v0
[22:03:08] [main/INFO]: Environment: Environment[sessionHost=https://sessionserver.mojang.com, servicesHost=https://api.minecraftservices.com, name=PROD]
[22:03:08] [main/INFO]: Mixing ResourcePackManagerMixin from fabric-resource-loader-v0.mixins.json into net.minecraft.class_3283
[22:03:08] [main/INFO]: Renaming synthetic method lambda$handleAutoDisable$0(Ljava/util/Set;Lnet/minecraft/class_3288;)Z to md38635d$fabric-resource-loader-v0$lambda$handleAutoDisable$0$0 in fabric-resource-loader-v0.mixins.json:ResourcePackManagerMixin from mod fabric-resource-loader-v0
[22:03:08] [main/WARN]: Write access to @Mutable @Final field field_14227:Ljava/util/Set; in fabric-resource-loader-v0.mixins.json:ResourcePackManagerMixin from mod fabric-resource-loader-v0::handler$zhj000$fabric-resource-loader-v0$construct
[22:03:08] [main/INFO]: Mixing DataPackContentsMixin from fabric-lifecycle-events-v1.mixins.json into net.minecraft.class_5350
[22:03:08] [main/INFO]: Mixing DataPackContentsMixin from fabric-resource-conditions-api-v1.mixins.json into net.minecraft.class_5350
[22:03:08] [main/INFO]: Mixing SaveLoadingMixin from fabric-registry-sync-v0.mixins.json into net.minecraft.class_7237
[22:03:08] [main/INFO]: Mixing ServerPlayerInteractionManagerMixin from fabric-events-interaction-v0.mixins.json into net.minecraft.class_3225
[22:03:09] [main/INFO]: Mixing GameRulesAccessor from fabric-game-rule-api-v1.mixins.json into net.minecraft.class_1928
[22:03:09] [main/INFO]: Renaming @Invoker method callRegister(Ljava/lang/String;Lnet/minecraft/class_1928$class_5198;Lnet/minecraft/class_1928$class_4314;)Lnet/minecraft/class_1928$class_4313; to callRegister$fabric-game-rule-api-v1_$md$38635d$0 in fabric-game-rule-api-v1.mixins.json:GameRulesAccessor from mod fabric-game-rule-api-v1
[22:03:09] [main/INFO]: Renaming @Accessor method getRuleTypes()Ljava/util/Map; to getRuleTypes$fabric-game-rule-api-v1_$md$38635d$1 in fabric-game-rule-api-v1.mixins.json:GameRulesAccessor from mod fabric-game-rule-api-v1
[22:03:09] [main/INFO]: Mixing GameRulesKeyMixin from fabric-game-rule-api-v1.mixins.json into net.minecraft.class_1928$class_4313
[22:03:09] [main/INFO]: Mixing GameRulesBooleanRuleAccessor from fabric-game-rule-api-v1.mixins.json into net.minecraft.class_1928$class_4310
[22:03:09] [main/INFO]: Renaming @Invoker method invokeCreate(ZLjava/util/function/BiConsumer;)Lnet/minecraft/class_1928$class_4314; to invokeCreate$fabric-game-rule-api-v1_$md$38635d$0 in fabric-game-rule-api-v1.mixins.json:GameRulesBooleanRuleAccessor from mod fabric-game-rule-api-v1
[22:03:09] [main/INFO]: Mixing GameRulesIntRuleAccessor from fabric-game-rule-api-v1.mixins.json into net.minecraft.class_1928$class_4312
[22:03:09] [main/INFO]: Mixing LifecycledResourceManagerImplMixin from fabric-resource-loader-v0.mixins.json into net.minecraft.class_6861
[22:03:09] [main/INFO]: Mixing modification.DynamicRegistryManagerImmutableImplMixin from fabric-biome-api-v1.mixins.json into net.minecraft.class_5455$class_6891
[22:03:09] [main/INFO]: Mixing RegistryLoaderMixin from fabric-registry-sync-v0.mixins.json into net.minecraft.class_7655
[22:03:09] [main/INFO]: Mixing ResourceMixin from fabric-resource-loader-v0.mixins.json into net.minecraft.class_3298
[22:03:09] [main/INFO]: No existing world data, creating new world
[22:03:09] [main/INFO]: Mixing KeyedResourceReloadListenerMixin from fabric-resource-loader-v0.mixins.json into net.minecraft.class_1863
[22:03:09] [main/INFO]: Mixing JsonDataLoaderMixin from fabric-resource-conditions-api-v1.mixins.json into net.minecraft.class_4309
[22:03:09] [main/INFO]: Mixing SinglePreparationResourceReloaderMixin from fabric-resource-conditions-api-v1.mixins.json into net.minecraft.class_4080
[22:03:09] [main/INFO]: Mixing LootManagerMixin from fabric-loot-api-v2.mixins.json into net.minecraft.class_60
[22:03:09] [main/INFO]: Renaming synthetic method lambda$applyLootTableEvents$1(Lcom/google/common/collect/ImmutableMap$Builder;Lnet/minecraft/class_3300;Lnet/minecraft/class_60;Lnet/minecraft/class_8488;Ljava/lang/Object;)V to md38635d$fabric-loot-api-v2$lambda$applyLootTableEvents$1$0 in fabric-loot-api-v2.mixins.json:LootManagerMixin from mod fabric-loot-api-v2
[22:03:09] [main/INFO]: Renaming synthetic method lambda$reload$0(Lnet/minecraft/class_3300;Lnet/minecraft/class_60;)V to md38635d$fabric-loot-api-v2$lambda$reload$0$1 in fabric-loot-api-v2.mixins.json:LootManagerMixin from mod fabric-loot-api-v2
[22:03:09] [main/INFO]: Mixing LootManagerMixin from fabric-resource-conditions-api-v1.mixins.json into net.minecraft.class_60
[22:03:09] [main/INFO]: Mixing KeyedResourceReloadListenerMixin from fabric-resource-loader-v0.mixins.json into net.minecraft.class_60
[22:03:09] [main/INFO]: Mixing LootTableAccessor from fabric-loot-api-v2.mixins.json into net.minecraft.class_52
[22:03:09] [main/INFO]: Mixing LootPoolAccessor from fabric-loot-api-v2.mixins.json into net.minecraft.class_55
[22:03:09] [main/INFO]: Mixing KeyedResourceReloadListenerMixin from fabric-resource-loader-v0.mixins.json into net.minecraft.class_2989
[22:03:09] [main/INFO]: Mixing TagManagerLoaderMixin from fabric-registry-sync-v0.mixins.json into net.minecraft.class_3505
[22:03:09] [main/INFO]: Mixing TagManagerLoaderMixin from fabric-resource-conditions-api-v1.mixins.json into net.minecraft.class_3505
[22:03:09] [main/INFO]: Mixing KeyedResourceReloadListenerMixin from fabric-resource-loader-v0.mixins.json into net.minecraft.class_3505
[22:03:09] [main/INFO]: Mixing CommandManagerMixin from fabric-command-api-v2.mixins.json into net.minecraft.class_2170
[22:03:09] [main/INFO]: Mixing CommandManagerMixin from fabric-networking-api-v1.mixins.json into net.minecraft.class_2170
[22:03:09] [main/INFO]: Mixing CommandGate1204Mixin from qizhangverdict.mixins.json into net.minecraft.class_2170
[22:03:09] [main/INFO]: Mixing DatapackCommandMixin from fabric-resource-loader-v0.mixins.json into net.minecraft.class_3027
[22:03:09] [main/INFO]: Renaming synthetic method lambda$filterDisabledPackSuggestions$2(Lnet/minecraft/class_3288;)Z to md38635d$fabric-resource-loader-v0$lambda$filterDisabledPackSuggestions$2$0 in fabric-resource-loader-v0.mixins.json:DatapackCommandMixin from mod fabric-resource-loader-v0
[22:03:09] [main/INFO]: Renaming synthetic method lambda$filterEnabledPackSuggestions$1(Lnet/minecraft/class_3288;)Z to md38635d$fabric-resource-loader-v0$lambda$filterEnabledPackSuggestions$1$1 in fabric-resource-loader-v0.mixins.json:DatapackCommandMixin from mod fabric-resource-loader-v0
[22:03:09] [main/INFO]: Renaming synthetic method lambda$static$0(Ljava/lang/Object;)Lcom/mojang/brigadier/Message; to md38635d$fabric-resource-loader-v0$lambda$static$0$2 in fabric-resource-loader-v0.mixins.json:DatapackCommandMixin from mod fabric-resource-loader-v0
[22:03:09] [main/INFO]: Mixing EnchantCommandMixin from fabric-item-api-v1.mixins.json into net.minecraft.class_3048
[22:03:09] [main/INFO]: Mixing GameRuleCommandAccessor from fabric-game-rule-api-v1.mixins.json into net.minecraft.class_3065
[22:03:09] [main/INFO]: Renaming @Invoker method invokeExecuteSet(Lcom/mojang/brigadier/context/CommandContext;Lnet/minecraft/class_1928$class_4313;)I to invokeExecuteSet$fabric-game-rule-api-v1_$md$38635d$0 in fabric-game-rule-api-v1.mixins.json:GameRuleCommandAccessor from mod fabric-game-rule-api-v1
[22:03:09] [main/INFO]: Renaming @Invoker method invokeExecuteQuery(Lnet/minecraft/class_2168;Lnet/minecraft/class_1928$class_4313;)I to invokeExecuteQuery$fabric-game-rule-api-v1_$md$38635d$1 in fabric-game-rule-api-v1.mixins.json:GameRuleCommandAccessor from mod fabric-game-rule-api-v1
[22:03:09] [main/INFO]: Mixing GameRuleCommandVisitorMixin from fabric-game-rule-api-v1.mixins.json into net.minecraft.class_3065$1
[22:03:09] [main/INFO]: Mixing HelpCommandAccessor from fabric-command-api-v2.mixins.json into net.minecraft.class_3069
[22:03:09] [main/INFO]: Renaming @Accessor method getFailedException()Lcom/mojang/brigadier/exceptions/SimpleCommandExceptionType; to getFailedException$fabric-command-api-v2_$md$38635d$0 in fabric-command-api-v2.mixins.json:HelpCommandAccessor from mod fabric-command-api-v2
[22:03:10] [main/INFO]: Mixing KeyedResourceReloadListenerMixin from fabric-resource-loader-v0.mixins.json into net.minecraft.class_5349
[22:03:10] [main/INFO]: Mixing SimpleResourceReloadMixin from fabric-resource-loader-v0.mixins.json into net.minecraft.class_4014
[22:03:10] [main/INFO]: Mixing LootTableBuilderMixin from fabric-loot-api-v2.mixins.json into net.minecraft.class_52$class_53
[22:03:10] [main/WARN]: Write access to @Mutable @Final field field_949:Lcom/google/common/collect/ImmutableList$Builder; in fabric-loot-api-v2.mixins.json:LootTableBuilderMixin from mod fabric-loot-api-v2::modifyPools
[22:03:10] [main/INFO]: Loaded 7 recipes
[22:03:10] [main/INFO]: Loaded 1271 advancements
[22:03:11] [main/INFO]: Mixing PlayerManagerMixin from fabric-entity-events-v1.mixins.json into net.minecraft.class_3324
[22:03:11] [main/INFO]: Mixing PlayerManagerMixin from fabric-lifecycle-events-v1.mixins.json into net.minecraft.class_3324
[22:03:11] [main/INFO]: Mixing PlayerManagerMixin from fabric-message-api-v1.mixins.json into net.minecraft.class_3324
[22:03:11] [main/INFO]: Mixing PlayerManagerMixin from fabric-networking-api-v1.mixins.json into net.minecraft.class_3324
[22:03:11] [main/INFO]: Applied 0 biome modifications to 0 of 64 new biomes in 1.077 ms
[22:03:11] [Server thread/INFO]: QiZhangGuard started: QiZhangVerdict sessions=0, trackedIPs=0, accountPairs=0, rules=37, companion=required, vm=DENY, blacklist=DENY, rateBuckets=0, accountBans=0, deviceBans=0, deviceRequired=true. Reports are self-reported, not trusted attestation.
[22:03:11] [Server thread/INFO]: Starting minecraft server version 1.20.4
[22:03:11] [Server thread/INFO]: Loading properties
[22:03:11] [Server thread/INFO]: Default game type: SURVIVAL
[22:03:11] [Server thread/INFO]: Generating keypair
[22:03:11] [Server thread/INFO]: Starting Minecraft server on 127.0.0.1:8205
[22:03:11] [Server thread/INFO]: Using default channel type
[22:03:11] [Server thread/INFO]: Mixing ClientConnectionMixin from fabric-networking-api-v1.mixins.json into net.minecraft.class_2535
[22:03:11] [Server thread/INFO]: Renaming synthetic method lambda$getPendingChannelsNames$0(Lnet/minecraft/class_2539;)Ljava/util/Collection; to md38635d$fabric-networking-api-v1$lambda$getPendingChannelsNames$0$0 in fabric-networking-api-v1.mixins.json:ClientConnectionMixin from mod fabric-networking-api-v1
[22:03:11] [Server thread/WARN]: **** SERVER IS RUNNING IN OFFLINE/INSECURE MODE!
[22:03:11] [Server thread/WARN]: The server will make no attempt to authenticate usernames. Beware.
[22:03:11] [Server thread/WARN]: While this makes the game possible to play without internet access, it also opens up the ability for hackers to connect with any username they choose.
[22:03:11] [Server thread/WARN]: To change this, set "online-mode" to "true" in the server.properties file.
[22:03:11] [Server thread/INFO]: Preparing level "world"
[22:03:11] [Server thread/INFO]: Mixing ServerWorldServerEntityHandlerMixin from fabric-lifecycle-events-v1.mixins.json into net.minecraft.class_3218$class_5526
[22:03:11] [Server thread/INFO]: Mixing PersistentStateManagerMixin from fabric-object-builder-v1.mixins.json into net.minecraft.class_26
[22:03:11] [Server thread/INFO]: Mixing ThreadedAnvilChunkStorageMixin from fabric-lifecycle-events-v1.mixins.json into net.minecraft.class_3898
[22:03:11] [Server thread/INFO]: Mixing accessor.ThreadedAnvilChunkStorageAccessor from fabric-networking-api-v1.mixins.json into net.minecraft.class_3898
[22:03:11] [Server thread/INFO]: Mixing NoiseConfigMixin from fabric-biome-api-v1.mixins.json into net.minecraft.class_7138
[22:03:11] [Server thread/INFO]: Mixing MultiNoiseUtilMultiNoiseSamplerMixin from fabric-biome-api-v1.mixins.json into net.minecraft.class_6544$class_6552
[22:03:11] [Server thread/INFO]: Mixing ChunkSectionMixin from fabric-block-api-v1.mixins.json into net.minecraft.class_2826
[22:03:12] [Server thread/INFO]: Mixing WrapperProtoChunkMixin from fabric-data-attachment-api-v1.mixins.json into net.minecraft.class_2821
[22:03:12] [Server thread/INFO]: Preparing start region for dimension minecraft:overworld
[22:03:12] [Worker-Main-10/INFO]: Mixing server.LanguageMixin from fabric-resource-loader-v0.mixins.json into net.minecraft.class_2477
[22:03:12] [Worker-Main-10/INFO]: Preparing spawn area: 0%
[22:03:12] [Worker-Main-6/INFO]: Preparing spawn area: 0%
[22:03:13] [Worker-Main-10/INFO]: Preparing spawn area: 10%
[22:03:13] [Worker-Main-7/INFO]: Preparing spawn area: 75%
[22:03:13] [Server thread/INFO]: Time elapsed: 1682 ms
[22:03:13] [Server thread/INFO]: Done (2.220s)! For help, type "help"
[22:03:13] [Server thread/INFO]: Mixing ChunkSerializerMixin from fabric-data-attachment-api-v1.mixins.json into net.minecraft.class_2852
[22:03:13] [Server thread/INFO]: Mixing ChunkSerializerMixin from fabric-registry-sync-v0.mixins.json into net.minecraft.class_2852
[22:03:13] [Server thread/INFO]: QiZhangVerdict sessions=0, trackedIPs=0, accountPairs=0, rules=37, companion=required, vm=DENY, blacklist=DENY, rateBuckets=0, accountBans=0, deviceBans=0, deviceRequired=true
[22:03:14] [Server thread/INFO]: QiZhangVerdict sessions=0, trackedIPs=0, accountPairs=0, rules=37, companion=required, vm=ALERT, blacklist=DENY, rateBuckets=0, accountBans=0, deviceBans=0, deviceRequired=true
[22:03:16] [Netty Server IO #1/INFO]: Mixing ingredient.PacketEncoderMixin from fabric-recipe-api-v1.mixins.json into net.minecraft.class_2545
[22:03:16] [Netty Server IO #1/INFO]: Mixing ServerLoginNetworkHandlerMixin from fabric-networking-api-v1.mixins.json into net.minecraft.class_3248
[22:03:16] [Netty Server IO #1/INFO]: Mixing accessor.ServerLoginNetworkHandlerAccessor from fabric-networking-api-v1.mixins.json into net.minecraft.class_3248
[22:03:16] [Netty Server IO #1/INFO]: Mixing SerializableRegistriesMixin from fabric-registry-sync-v0.mixins.json into net.minecraft.class_7782
[22:03:16] [Netty Server IO #1/INFO]: Renaming synthetic method lambda$filterNonSyncedEntries$0(Lnet/minecraft/class_5455$class_6892;)Z to md38635d$fabric-registry-sync-v0$lambda$filterNonSyncedEntries$0$0 in fabric-registry-sync-v0.mixins.json:SerializableRegistriesMixin from mod fabric-registry-sync-v0
[22:03:16] [Server thread/INFO]: Mixing HungerManagerMixin from fabric-item-api-v1.mixins.json into net.minecraft.class_1702
[22:03:16] [Server thread/INFO]: Mixing PlayerAdvancementTrackerMixin from fabric-events-interaction-v0.mixins.json into net.minecraft.class_2985
[22:03:16] [Server thread/INFO]: QVBot1[/127.0.0.1:7629] logged in with entity id 1 at (-2.5, -60.0, 10.5)
[22:03:16] [Server thread/INFO]: QVBot1 joined the game
[22:03:16] [Server thread/INFO]: Mixing accessor.EntityTrackerAccessor from fabric-networking-api-v1.mixins.json into net.minecraft.class_3898$class_3208
[22:03:16] [Server thread/INFO]: Mixing EntityTrackerEntryMixin from fabric-networking-api-v1.mixins.json into net.minecraft.class_3231
[22:03:16] [Server thread/INFO]: Mixing LandPathNodeMakerMixin from fabric-content-registries-v0.mixins.json into net.minecraft.class_14
[22:03:17] [Server thread/INFO]: QVBot1 lost connection: Disconnected
[22:03:17] [Server thread/INFO]: QVBot1 left the game
[22:03:18] [Server thread/INFO]: QiZhangVerdict sessions=0, trackedIPs=1, accountPairs=1, rules=37, companion=required, vm=ALERT, blacklist=DENY, rateBuckets=1, accountBans=0, deviceBans=0, deviceRequired=true
[22:03:19] [Server thread/INFO]: GateAccount[/127.0.0.1:7633] logged in with entity id 2 at (-8.5, -60.0, 8.5)
[22:03:19] [Server thread/INFO]: GateAccount joined the game
[22:03:21] [Server thread/INFO]: Made GateAccount a server operator
[22:03:23] [Server thread/INFO]: [Not Secure] [GateAccount] QZ_POST_GATE
[22:03:23] [Server thread/INFO]: GateAccount lost connection: Disconnected
[22:03:23] [Server thread/INFO]: GateAccount left the game
[22:03:24] [Server thread/INFO]: Made GateAccount no longer a server operator
[22:03:25] [Server thread/INFO]: QiZhangVerdict sessions=0, trackedIPs=1, accountPairs=2, rules=37, companion=required, vm=ALERT, blacklist=DENY, rateBuckets=1, accountBans=0, deviceBans=0, deviceRequired=true
[22:03:27] [Server thread/INFO]: QVBot2[/127.0.0.1:2237] logged in with entity id 3 at (0.5, -60.0, 2.5)
[22:03:27] [Server thread/INFO]: QVBot2 joined the game
[22:03:31] [Server thread/INFO]: QVBot2 lost connection: QiZhangGuard: required companion report timed out
[22:03:31] [Server thread/INFO]: QVBot2 left the game
[22:03:31] [Server thread/WARN]: handleDisconnection() called twice
[22:03:32] [Server thread/INFO]: BadWire[/127.0.0.1:2246] logged in with entity id 4 at (6.5, -60.0, 5.5)
[22:03:32] [Server thread/INFO]: BadWire joined the game
[22:03:33] [Server thread/INFO]: BadWire lost connection: Malformed or oversized companion report
[22:03:33] [Server thread/INFO]: BadWire left the game
[22:03:33] [Server thread/INFO]: BadWire[/127.0.0.1:2250] logged in with entity id 5 at (6.5, -60.0, 5.5)
[22:03:33] [Server thread/INFO]: BadWire joined the game
[22:03:35] [Server thread/INFO]: BadWire lost connection: Disconnected
[22:03:35] [Server thread/INFO]: BadWire left the game
[22:03:35] [Server thread/INFO]: QVBot3[/127.0.0.1:2251] logged in with entity id 6 at (-3.5, -60.0, 7.5)
[22:03:35] [Server thread/INFO]: QVBot3 joined the game
[22:03:36] [Server thread/INFO]: QVBot4[/127.0.0.1:2253] logged in with entity id 7 at (10.5, -60.0, 4.5)
[22:03:36] [Server thread/INFO]: QVBot4 joined the game
[22:03:37] [Server thread/INFO]: QVBot4 lost connection: Only the configured number of accounts may use the same IP and device concurrently
[22:03:37] [Server thread/INFO]: QVBot4 left the game
[22:03:38] [Server thread/INFO]: QVBot5[/127.0.0.1:2257] logged in with entity id 8 at (-4.5, -60.0, -4.5)
[22:03:38] [Server thread/INFO]: QVBot5 joined the game
[22:03:39] [Server thread/INFO]: QVBot6[/127.0.0.1:2259] logged in with entity id 9 at (10.5, -60.0, 7.5)
[22:03:39] [Server thread/INFO]: QVBot6 joined the game
[22:03:40] [Server thread/INFO]: QVBot7[/127.0.0.1:2260] logged in with entity id 10 at (-2.5, -60.0, 9.5)
[22:03:40] [Server thread/INFO]: QVBot7 joined the game
[22:03:40] [Server thread/INFO]: QVBot7 lost connection: Too many simultaneous accounts from this IP
[22:03:40] [Server thread/INFO]: QVBot7 left the game
[22:03:42] [Server thread/INFO]: QVBot3 lost connection: Disconnected
[22:03:42] [Server thread/INFO]: QVBot3 left the game
[22:03:42] [Server thread/INFO]: QVBot5 lost connection: Disconnected
[22:03:42] [Server thread/INFO]: QVBot5 left the game
[22:03:42] [Server thread/INFO]: QVBot6 lost connection: Disconnected
[22:03:42] [Server thread/INFO]: QVBot6 left the game
[22:03:42] [Server thread/INFO]: QVBot8[/127.0.0.1:2264] logged in with entity id 11 at (0.5, -60.0, -0.5)
[22:03:42] [Server thread/INFO]: QVBot8 joined the game
[22:03:43] [Server thread/INFO]: QVBot8 lost connection: Disconnected
[22:03:43] [Server thread/INFO]: QVBot8 left the game
[22:03:44] [Server thread/INFO]: CheatAccount[/127.0.0.1:2266] logged in with entity id 12 at (1.5, -60.0, -5.5)
[22:03:44] [Server thread/INFO]: CheatAccount joined the game
[22:03:44] [Server thread/INFO]: CheatAccount lost connection: Reported mod matches an exact server blacklist rule
[22:03:44] [Server thread/INFO]: CheatAccount left the game
[22:03:45] [Server thread/INFO]: LinkedAccount[/127.0.0.1:2267] logged in with entity id 13 at (-5.5, -60.0, -5.5)
[22:03:45] [Server thread/INFO]: LinkedAccount joined the game
[22:03:46] [Server thread/INFO]: LinkedAccount lost connection: This reported device identifier is banned
[22:03:46] [Server thread/INFO]: LinkedAccount left the game
[22:03:46] [Server thread/INFO]: CheatAccount[/127.0.0.1:2268] logged in with entity id 14 at (1.5, -60.0, -5.5)
[22:03:46] [Server thread/INFO]: CheatAccount joined the game
[22:03:47] [Server thread/INFO]: CheatAccount lost connection: This account is banned by the server
[22:03:47] [Server thread/INFO]: CheatAccount left the game
[22:03:48] [Server thread/INFO]: Unbanned: true
[22:03:49] [Server thread/INFO]: Unbanned: true
[22:03:50] [Server thread/INFO]: CheatAccount[/127.0.0.1:2274] logged in with entity id 15 at (1.5, -60.0, -5.5)
[22:03:50] [Server thread/INFO]: CheatAccount joined the game
[22:03:52] [Server thread/INFO]: CheatAccount lost connection: Disconnected
[22:03:52] [Server thread/INFO]: CheatAccount left the game
[22:03:52] [Server thread/INFO]: Added rule: 10ec627e-aee6-4644-be37-f9f2443258a8
[22:03:53] [Server thread/INFO]: QVBot9[/127.0.0.1:2279] logged in with entity id 16 at (0.5, -60.0, -2.5)
[22:03:53] [Server thread/INFO]: QVBot9 joined the game
[22:03:54] [Server thread/INFO]: QVBot9 lost connection: Reported mod matches a server blacklist rule
[22:03:54] [Server thread/INFO]: QVBot9 left the game
[22:03:55] [Server thread/INFO]: Added rule: b894b78f-372c-47aa-b35a-e0e6417daa5e
[22:03:56] [Server thread/INFO]: QVBot10[/127.0.0.1:11092] logged in with entity id 17 at (6.5, -60.0, 10.5)
[22:03:56] [Server thread/INFO]: QVBot10 joined the game
[22:03:57] [Server thread/INFO]: QVBot10 lost connection: Disconnected
[22:03:57] [Server thread/INFO]: QVBot10 left the game
[22:03:58] [Server thread/INFO]: Removed: true
[22:03:59] [Server thread/INFO]: QVBot11[/127.0.0.1:11094] logged in with entity id 18 at (-9.5, -60.0, -5.5)
[22:03:59] [Server thread/INFO]: QVBot11 joined the game
[22:04:00] [Server thread/INFO]: QVBot11 lost connection: Reported mod matches a server blacklist rule
[22:04:00] [Server thread/INFO]: QVBot11 left the game
[22:04:01] [Server thread/INFO]: Removed: true
[22:04:02] [Server thread/INFO]: QVBot12[/127.0.0.1:11098] logged in with entity id 19 at (4.5, -60.0, 6.5)
[22:04:02] [Server thread/INFO]: QVBot12 joined the game
[22:04:03] [Server thread/INFO]: QVBot12 lost connection: Disconnected
[22:04:03] [Server thread/INFO]: QVBot12 left the game
[22:04:04] [Server thread/INFO]: Added rule: 407e6646-5965-43a5-a8db-f8cb840763a7
[22:04:05] [Server thread/INFO]: QVBot13[/127.0.0.1:11100] logged in with entity id 20 at (5.5, -60.0, 0.5)
[22:04:05] [Server thread/INFO]: QVBot13 joined the game
[22:04:05] [Server thread/INFO]: QVBot13 lost connection: Reported mod matches a server blacklist rule
[22:04:05] [Server thread/INFO]: QVBot13 left the game
[22:04:06] [Server thread/INFO]: QiZhangVerdict sessions=0, trackedIPs=1, accountPairs=16, rules=38, companion=required, vm=ALERT, blacklist=DENY, rateBuckets=1, accountBans=4, deviceBans=3, deviceRequired=true
[22:04:08] [Server thread/INFO]: QVBot14[/127.0.0.1:11101] logged in with entity id 21 at (-2.5, -60.0, 0.5)
[22:04:08] [Server thread/INFO]: QVBot14 joined the game
[22:04:08] [Server thread/INFO]: QVBot14 lost connection: This IP is denied by server policy
[22:04:08] [Server thread/INFO]: QVBot14 left the game
[22:04:09] [Server thread/INFO]: Stopping the server
[22:04:09] [Server thread/INFO]: Stopping server
[22:04:09] [Server thread/INFO]: Saving players
[22:04:09] [Server thread/INFO]: Saving worlds
[22:04:10] [Server thread/INFO]: Saving chunks for level 'ServerLevel[world]'/minecraft:overworld
[22:04:10] [Server thread/INFO]: Saving chunks for level 'ServerLevel[world]'/minecraft:the_end
[22:04:10] [Server thread/INFO]: Saving chunks for level 'ServerLevel[world]'/minecraft:the_nether
[22:04:10] [Server thread/INFO]: ThreadedAnvilChunkStorage (world): All chunks are saved
[22:04:10] [Server thread/INFO]: ThreadedAnvilChunkStorage (DIM1): All chunks are saved
[22:04:10] [Server thread/INFO]: ThreadedAnvilChunkStorage (DIM-1): All chunks are saved
[22:04:10] [Server thread/INFO]: ThreadedAnvilChunkStorage: All dimensions are saved
