To honour the JVM settings for this build a single-use Daemon process will be forked. For more on this, please refer to https://docs.gradle.org/8.14.1/userguide/gradle_daemon.html#sec:disabling_the_daemon in the Gradle documentation.
Daemon will be stopped at the end of the build 

> Configure project :
Architect Plugin: 3.4.164
Architectury Loom: 1.11.456
This version of Architectury Loom is in beta! Please report any issues you encounter: https://github.com/architectury/architectury-loom/issues

> Configure project :fabric
:remapped 45 mods (intermediary -> named) in 1.508 s

> Task :generateLegacySources
> Task :compat:compileJava FROM-CACHE
> Task :compat:processResources NO-SOURCE
> Task :compat:classes UP-TO-DATE
> Task :compat:jar
> Task :compat:sourcesJar
> Task :compat:assemble
> Task :compat:compileTestJava FROM-CACHE
> Task :compat:processTestResources NO-SOURCE
> Task :compat:testClasses UP-TO-DATE

> Task :compat:boundedIoSmoke
PASS: Java 8 probe bridge preserves bounded, short, empty and zero-progress reads

> Task :compat:catalogCompatibilityTest
PASS rule 1: automation baritoe ALERT; parser, fresh defaults, source and report
PASS rule 2: automation baritone ALERT; parser, fresh defaults, source and report
PASS rule 3: mod advanced-xray-fabric DENY; parser, fresh defaults, source and report
PASS rule 4: mod aegis DENY; parser, fresh defaults, source and report
PASS rule 5: mod alien DENY; parser, fresh defaults, source and report
PASS rule 6: mod aoba DENY; parser, fresh defaults, source and report
PASS rule 7: mod ares DENY; parser, fresh defaults, source and report
PASS rule 8: mod atianxray ALERT; parser, fresh defaults, source and report
PASS rule 9: mod blackout DENY; parser, fresh defaults, source and report
PASS rule 10: mod bleachhack DENY; parser, fresh defaults, source and report
PASS rule 11: mod cheatutils DENY; parser, fresh defaults, source and report
PASS rule 12: mod cigarette DENY; parser, fresh defaults, source and report
PASS rule 13: mod earthhack DENY; parser, fresh defaults, source and report
PASS rule 14: mod fdpclient DENY; parser, fresh defaults, source and report
PASS rule 15: mod forgehax DENY; parser, fresh defaults, source and report
PASS rule 16: mod gamesense DENY; parser, fresh defaults, source and report
PASS rule 17: mod hypnotic DENY; parser, fresh defaults, source and report
PASS rule 18: mod jex DENY; parser, fresh defaults, source and report
PASS rule 19: mod kami DENY; parser, fresh defaults, source and report
PASS rule 20: mod kamiblue DENY; parser, fresh defaults, source and report
PASS rule 21: mod keystrokesmod ALERT; parser, fresh defaults, source and report
PASS rule 22: mod krs DENY; parser, fresh defaults, source and report
PASS rule 23: mod lambda DENY; parser, fresh defaults, source and report
PASS rule 24: mod liquidbounce DENY; parser, fresh defaults, source and report
PASS rule 25: mod mastermind DENY; parser, fresh defaults, source and report
PASS rule 26: mod meteor-client DENY; parser, fresh defaults, source and report
PASS rule 27: mod meteor-rejects DENY; parser, fresh defaults, source and report
PASS rule 28: mod meteorplus DENY; parser, fresh defaults, source and report
PASS rule 29: mod nightx DENY; parser, fresh defaults, source and report
PASS rule 30: mod salhack DENY; parser, fresh defaults, source and report
PASS rule 31: mod seppukumod DENY; parser, fresh defaults, source and report
PASS rule 32: mod streak-addon DENY; parser, fresh defaults, source and report
PASS rule 33: mod thunderhack DENY; parser, fresh defaults, source and report
PASS rule 34: mod trollhack DENY; parser, fresh defaults, source and report
PASS rule 35: mod wurst DENY; parser, fresh defaults, source and report
PASS rule 36: mod wurstplus DENY; parser, fresh defaults, source and report
PASS rule 37: mod xray DENY; parser, fresh defaults, source and report
PASS control 1: ordinary and ambiguous identifiers remain allowed without bans
PASS control 2: administrator OFF and API deletion survive reload and a new GuardService byte-for-byte
PASS control 3: pre-existing sparse CRLF policy is never auto-expanded or normalized
PASS: production Blacklist parser and fresh GuardService enforce 37 exact catalog rules (33 DENY, 4 ALERT); 3 preservation and ordinary-ID controls passed

> Task :compat:clientReporterSmoke
PASS: stable scoped digest, scope separation, asynchronous probe, wire round trip, stale callback suppression, 20 rapid reloads coalesced; no identifiers printed

> Task :compat:securityTest
PASS 1: literal parser rejects DNS and ambiguous representations
PASS 2: IPv4-mapped IPv6 shares limits with IPv4
PASS 3: IPv6 canonical forms share limits
PASS 4: CIDR allow and deny precedence
PASS 5: mapped CIDR semantics
PASS 6: failed attempts do not consume persisted accounts
PASS 7: rolling history survives restart and expires
PASS 8: concurrent pending accounts cannot bypass account limit
PASS 9: concurrent joins cannot bypass online limit
PASS 10: duplicate UUID cannot overwrite a session
PASS 11: pending reservations expire
PASS 12: join rate limit resets after rolling minute
PASS 13: attacker IP buckets are bounded
PASS 14: configuration reload is transactional
PASS 15: invalid blacklist prevents configuration reload
PASS 16: corrupt persisted history fails closed
PASS 17: state replacement preserves coherent latest history
PASS 18: fresh nonce and replay rejection
PASS 19: mismatched nonce consumes challenge
PASS 20: reissued challenge invalidates old nonce
PASS 21: required report timeout kicks exactly once
PASS 22: optional report timeout does not kick
PASS 23: retry cannot extend report deadline
PASS 24: malformed oversized incomplete and trailing reports rejected
PASS 25: wire rejects invalid UTF-8 and protocol versions
PASS 26: client report owns immutable copied lists
PASS 27: blacklist uses exact normalized identifiers
PASS 28: automation default only alerts
PASS 29: explicit automation denial bans associated accounts and device across restart
PASS 30: explicit automation denial honors KICK without persistent bans
PASS 31: VM DENY requires companion
PASS 32: VM evidence and unknown are distinguished
PASS 33: global blacklist OFF and ALERT are honored
PASS 34: managed glob rules and matching whitelist
PASS 35: rule mutations persist and invalid changes are transactional
PASS 36: legacy blacklist rules support list and removal
PASS 37: account and device bans propagate and survive restart
PASS 38: whitelist never bypasses a persistent ban
PASS 39: account and device unban are independent
PASS 40: KICK sanctions never persist a blacklist ban
PASS 41: missing devices and invalid reports do not permanently ban
PASS 42: same IP and device allows one concurrent account
PASS 43: same IP different devices allow three accounts
PASS 44: different IP same device is allowed until banned
PASS 45: concurrent device reports cannot bypass the device limit
PASS 46: IP and device limit respects configuration two
PASS 47: brand sanctions bind known device only
PASS 48: device protocol round trip and legacy rejection
PASS 49: online associated bans are discoverable without losing sessions
PASS 50: rechallenge applies new player rules
PASS 51: admin bans and background saves do not deadlock
PASS 52: online IP policy reload does not rewrite account history
PASS 53: server scope persists across restarts and differs across instances
PASS 54: corrupt server scope is rejected rather than regenerated
PASS 55: pathological managed rules have a report-wide budget
PASS 56: in-flight old report cannot consume or satisfy the new challenge
PASS 57: only two previous-nonce reports are tolerated
PASS: 57 security regression tests

> Task :compat:test FROM-CACHE
> Task :compat:check
> Task :compat:build
> Task :fabric:compileJava FROM-CACHE
> Task :fabric:processResources
> Task :fabric:classes
> Task :fabric:jar
> Task :fabric:compileTestJava FROM-CACHE
> Task :fabric:processIncludeJars
> Task :fabric:sourcesJar
> Task :fabric:remapJar
> Task :fabric:processTestResources NO-SOURCE
> Task :fabric:testClasses UP-TO-DATE

> Task :fabric:commandParserSmoke
PASS: production command tree accepts unquoted device digests and legacy rule IDs, glob spaces and ban reasons; rejects non-admin access and invalid pages

> Task :fabric:test FROM-CACHE
> Task :fabric:validateAccessWidener NO-SOURCE
> Task :fabric:check
> Task :forge:compileJava FROM-CACHE
> Task :forge:processResources
> Task :forge:classes
> Task :forge:jar
> Task :fabric:remapSourcesJar
> Task :fabric:assemble
> Task :fabric:build
> Task :forge:compileTestJava FROM-CACHE
> Task :forge:processIncludeJars
> Task :forge:sourcesJar
> Task :forge:remapJar
> Task :forge:processTestResources NO-SOURCE
> Task :forge:testClasses UP-TO-DATE

> Task :forge:commandParserSmoke
PASS: production command tree accepts unquoted device digests and legacy rule IDs, glob spaces and ban reasons; rejects non-admin access and invalid pages

> Task :forge:test FROM-CACHE
> Task :forge:validateAccessWidener NO-SOURCE
> Task :forge:remapSourcesJar
> Task :forge:assemble
> Task :forge:check
> Task :forge:build
gradle/actions: Writing build results to /home/runner/work/_temp/.gradle-actions/build-results/__run-1790340526191.json

[Incubating] Problems report is available at: file:///home/runner/work/QiZhangVerdict/QiZhangVerdict/platforms/1.16.5/build/reports/problems/problems-report.html

Deprecated Gradle features were used in this build, making it incompatible with Gradle 9.0.

You can use '--warning-mode all' to show the individual deprecation warnings and determine if they come from your own scripts or plugins.

For more on this, please refer to https://docs.gradle.org/8.14.1/userguide/command_line_interface.html#sec:command_line_warnings in the Gradle documentation.

BUILD SUCCESSFUL in 30s
30 actionable tasks: 21 executed, 9 from cache
