Picked up JAVA_TOOL_OPTIONS: -Djava.io.tmpdir=E:/CodexTemp/QiZhangVerdict/next-platforms/1.19.2/servers/fabric-01/runtime-temp
Unpacking 1.19.2/server-1.19.2.jar (versions:1.19.2) to versions\1.19.2\server-1.19.2.jar
Starting net.fabricmc.loader.impl.game.minecraft.BundlerClassPathCapture
[21:37:45] [main/INFO]: Loading Minecraft 1.19.2 with Fabric Loader 0.16.14
[21:37:45] [main/INFO]: Fabric is preparing JARs on first launch, this may take a few seconds...
[21:37:45] [main/INFO]: Loading 43 mods:
	- fabric-api 0.77.0+1.19.2
	   |-- fabric-api-base 0.4.15+8f4e8eb390
	   |-- fabric-api-lookup-api-v1 1.6.14+93d8cb8290
	   |-- fabric-biome-api-v1 9.1.1+16f1e31390
	   |-- fabric-block-api-v1 1.0.2+e415d50e90
	   |-- fabric-blockrenderlayer-v1 1.1.25+cafc6e8e90
	   |-- fabric-client-tags-api-v1 1.0.5+b35fea8390
	   |-- fabric-command-api-v1 1.2.16+f71b366f90
	   |-- fabric-command-api-v2 2.2.1+413cbbc790
	   |-- fabric-commands-v0 0.2.33+df3654b390
	   |-- fabric-containers-v0 0.1.42+df3654b390
	   |-- fabric-content-registries-v0 3.5.2+7c6cd14d90
	   |-- fabric-convention-tags-v1 1.3.0+4bc6e26290
	   |-- fabric-crash-report-info-v1 0.2.8+aeb40ebe90
	   |-- fabric-data-generation-api-v1 5.3.9+413cbbc790
	   |-- fabric-dimensions-v1 2.1.35+0d0f210290
	   |-- fabric-entity-events-v1 1.5.4+9244241690
	   |-- fabric-events-interaction-v0 0.4.34+562bff6e90
	   |-- fabric-events-lifecycle-v0 0.2.36+df3654b390
	   |-- fabric-game-rule-api-v1 1.0.24+b6b6abb490
	   |-- fabric-item-api-v1 1.6.6+b7d1888890
	   |-- fabric-item-groups-v0 0.3.39+9244241690
	   |-- fabric-key-binding-api-v1 1.0.25+5c4fce2890
	   |-- fabric-keybindings-v0 0.2.23+df3654b390
	   |-- fabric-lifecycle-events-v1 2.2.4+1b46dc7890
	   |-- fabric-loot-api-v2 1.1.13+83a8659290
	   |-- fabric-loot-tables-v1 1.1.16+9e7660c690
	   |-- fabric-message-api-v1 5.0.7+93d8cb8290
	   |-- fabric-mining-level-api-v1 2.1.24+33fbc73890
	   |-- fabric-models-v0 0.3.21+c6af733c90
	   |-- fabric-networking-api-v1 1.2.12+def3f86d90
	   |-- fabric-networking-v0 0.3.29+df3654b390
	   |-- fabric-object-builder-api-v1 4.2.2+d8ef690890
	   |-- fabric-particles-v1 1.1.0+ee641e7390
	   |-- fabric-recipe-api-v1 1.0.2+413cbbc790
	   |-- fabric-registry-sync-v0 0.9.33+9244241690
	   |-- fabric-renderer-api-v1 1.2.1+1adbf27790
	   |-- fabric-renderer-indigo 0.8.0+1adbf27790
	   |-- fabric-renderer-registries-v1 3.2.25+df3654b390
	   |-- fabric-rendering-data-attachment-v1 0.3.19+6e0787e690
	   |-- fabric-rendering-fluids-v1 3.0.11+4d0d570390
	   |-- fabric-rendering-v0 1.1.28+df3654b390
	   |-- fabric-rendering-v1 1.13.0+526f2c6790
	   |-- fabric-resource-conditions-api-v1 2.1.2+aae9039d90
	   |-- fabric-resource-loader-v0 0.8.4+edbdcddb90
	   |-- fabric-screen-api-v1 1.0.32+4d0d570390
	   |-- fabric-screen-handler-api-v1 1.3.8+1cc24b1b90
	   |-- fabric-sound-api-v1 1.0.2+c4f28df590
	   |-- fabric-textures-v0 1.0.24+aeb40ebe90
	   |-- fabric-transfer-api-v1 2.1.6+413cbbc790
	   \-- fabric-transitive-access-wideners-v1 1.3.3+08b73de490
	- fabricloader 0.16.14
	   \-- mixinextras 0.4.1
	- java 17
	- minecraft 1.19.2
	- qizhangverdict 0.3.0-dev
[21:37:45] [main/INFO]: SpongePowered MIXIN Subsystem Version=0.8.7 Source=file:/E:/CodexTemp/QiZhangVerdict/next-platforms/1.19.2/servers/fabric-01/libraries/net/fabricmc/sponge-mixin/0.15.5+mixin.0.8.7/sponge-mixin-0.15.5+mixin.0.8.7.jar Service=Knot/Fabric Env=SERVER
/******************************************************************************************************************************************************************************************************************************/
/*                                                                                      SpongePowered MIXIN (Verbose debugging enabled)                                                                                       */
/******************************************************************************************************************************************************************************************************************************/
/*                                         Code source : file:/E:/CodexTemp/QiZhangVerdict/next-platforms/1.19.2/servers/fabric-01/libraries/net/fabricmc/sponge-mixin/0.15.5+mixin.0.8.7/sponge-mixin-0.15.5+mixin.0.8.7.jar */
/*                                    Internal Version : 0.8.7                                                                                                                                                                */
/*                                        Java Version : 17.0 (supports compatibility 6-17)                                                                                                                                   */
/*                         Default Compatibility Level : JAVA_8                                                                                                                                                               */
/*                   Max Effective Compatibility Level : JAVA_13                                                                                                                                                              */
/*                                Detected ASM Version : ASM 9.8 (ASM10_EXPERIMENTAL)                                                                                                                                         */
/*                          Detected ASM Supports Java : Up to Java 25 (class file version 69.0)                                                                                                                              */
/******************************************************************************************************************************************************************************************************************************/
/*                                        Service Name : Knot/Fabric                                                                                                                                                          */
/*                                 Mixin Service Class : net.fabricmc.loader.impl.launch.knot.MixinServiceKnot                                                                                                                */
/*                       Global Property Service Class : net.fabricmc.loader.impl.launch.knot.FabricGlobalPropertyService                                                                                                     */
/*                                 Logger Adapter Type : Fabric Mixin Logger                                                                                                                                                  */
/******************************************************************************************************************************************************************************************************************************/
/*                                         mixin.debug : <false>                                                                                                                                                              */
/*                                  mixin.debug.export : - <true>                                                                                                                                                             */
/*                           mixin.debug.export.filter : - - <null>                                                                                                                                                           */
/*                        mixin.debug.export.decompile : - - <true>                                                                                                                                                           */
/*                  mixin.debug.export.decompile.async : - - - <true>                                                                                                                                                         */
/* mixin.debug.export.decompile.mergeGenericSignatures : - - - <true>                                                                                                                                                         */
/*                                  mixin.debug.verify : - <false>                                                                                                                                                            */
/*                                 mixin.debug.verbose : - <true>                                                                                                                                                             */
/*                         mixin.debug.countInjections : - <true>                                                                                                                                                             */
/*                                  mixin.debug.strict : - <false>                                                                                                                                                            */
/*                           mixin.debug.strict.unique : - - <false>                                                                                                                                                          */
/*                          mixin.debug.strict.targets : - - <false>                                                                                                                                                          */
/*                                mixin.debug.profiler : - <false>                                                                                                                                                            */
/*                           mixin.dumpTargetOnFailure : <false>                                                                                                                                                              */
/*                                        mixin.checks : <false>                                                                                                                                                              */
/*                             mixin.checks.interfaces : - <false>                                                                                                                                                            */
/*                      mixin.checks.interfaces.strict : - - <false>                                                                                                                                                          */
/*                             mixin.ignoreConstraints : <false>                                                                                                                                                              */
/*                                       mixin.hotSwap : <false>                                                                                                                                                              */
/*                                       mixin.env.obf : - <false>                                                                                                                                                            */
/*                             mixin.env.disableRefMap : - <false>                                                                                                                                                            */
/*                               mixin.env.remapRefMap : - <false>                                                                                                                                                            */
/*                       mixin.env.refMapRemappingFile : - <>                                                                                                                                                                 */
/*                        mixin.env.refMapRemappingEnv : - <searge>                                                                                                                                                           */
/*                      mixin.env.allowPermissiveMatch : - <false>                                                                                                                                                            */
/*                            mixin.env.ignoreRequired : - <false>                                                                                                                                                            */
/*                               mixin.env.compatLevel : - <false>                                                                                                                                                            */
/*                          mixin.env.shiftByViolation : - <warn>                                                                                                                                                             */
/*                      mixin.initialiserInjectionMode : <default>                                                                                                                                                            */
/*               mixin.tunable.classReaderExpandFrames : - <false>                                                                                                                                                            */
/******************************************************************************************************************************************************************************************************************************/
/*                                    UNSAFE_INJECTION : available=<true> enabled=<true>                                                                                                                                      */
/*                       INJECTORS_IN_INTERFACE_MIXINS : available=<true> enabled=<true>                                                                                                                                      */
/******************************************************************************************************************************************************************************************************************************/
/*                                       Detected Side : SERVER                                                                                                                                                               */
/******************************************************************************************************************************************************************************************************************************/
[21:37:45] [main/INFO]: Attempting to load Fernflower decompiler (Threaded mode)
[21:37:45] [main/INFO]: Fernflower could not be loaded, exported classes will not be decompiled. NoClassDefFoundError: org/jetbrains/java/decompiler/main/extern/IResultSaver
[21:37:45] [main/WARN]: Compatibility level JAVA_16 specified by fabric-api-lookup-api-v1.mixins.json is higher than the maximum level supported by this version of mixin (JAVA_13).
[21:37:45] [main/INFO]: Compatibility level set to JAVA_16
[21:37:45] [main/WARN]: Compatibility level JAVA_17 specified by fabric-block-api-v1.mixins.json is higher than the maximum level supported by this version of mixin (JAVA_13).
[21:37:45] [main/INFO]: Compatibility level set to JAVA_17
[21:37:45] [main/WARN]: Compatibility level JAVA_16 specified by fabric-command-api-v2.mixins.json is higher than the maximum level supported by this version of mixin (JAVA_13).
[21:37:45] [main/WARN]: Compatibility level JAVA_16 specified by fabric-containers-v0.mixins.json is higher than the maximum level supported by this version of mixin (JAVA_13).
[21:37:45] [main/WARN]: Compatibility level JAVA_16 specified by fabric-containers-v0.accurate.mixins.json is higher than the maximum level supported by this version of mixin (JAVA_13).
[21:37:45] [main/WARN]: Compatibility level JAVA_16 specified by fabric-content-registries-v0.mixins.json is higher than the maximum level supported by this version of mixin (JAVA_13).
[21:37:45] [main/WARN]: Compatibility level JAVA_16 specified by fabric-crash-report-info-v1.mixins.json is higher than the maximum level supported by this version of mixin (JAVA_13).
[21:37:45] [main/WARN]: Compatibility level JAVA_16 specified by fabric-data-generation-api-v1.mixins.json is higher than the maximum level supported by this version of mixin (JAVA_13).
[21:37:45] [main/WARN]: Compatibility level JAVA_16 specified by fabric-dimensions-v1.mixins.json is higher than the maximum level supported by this version of mixin (JAVA_13).
[21:37:45] [main/WARN]: Compatibility level JAVA_16 specified by fabric-entity-events-v1.mixins.json is higher than the maximum level supported by this version of mixin (JAVA_13).
[21:37:45] [main/WARN]: Compatibility level JAVA_16 specified by fabric-events-interaction-v0.mixins.json is higher than the maximum level supported by this version of mixin (JAVA_13).
[21:37:45] [main/WARN]: Compatibility level JAVA_16 specified by fabric-game-rule-api-v1.mixins.json is higher than the maximum level supported by this version of mixin (JAVA_13).
[21:37:45] [main/WARN]: Compatibility level JAVA_16 specified by fabric-item-api-v1.mixins.json is higher than the maximum level supported by this version of mixin (JAVA_13).
[21:37:45] [main/WARN]: Compatibility level JAVA_16 specified by fabric-item-groups-v0.mixins.json is higher than the maximum level supported by this version of mixin (JAVA_13).
[21:37:46] [main/WARN]: Compatibility level JAVA_16 specified by fabric-lifecycle-events-v1.mixins.json is higher than the maximum level supported by this version of mixin (JAVA_13).
[21:37:46] [main/WARN]: Compatibility level JAVA_16 specified by fabric-loot-tables-v1.mixins.json is higher than the maximum level supported by this version of mixin (JAVA_13).
[21:37:46] [main/WARN]: Compatibility level JAVA_16 specified by fabric-message-api-v1.mixins.json is higher than the maximum level supported by this version of mixin (JAVA_13).
[21:37:46] [main/WARN]: Compatibility level JAVA_16 specified by fabric-mining-level-api-v1.mixins.json is higher than the maximum level supported by this version of mixin (JAVA_13).
[21:37:46] [main/WARN]: Compatibility level JAVA_16 specified by fabric-networking-api-v1.mixins.json is higher than the maximum level supported by this version of mixin (JAVA_13).
[21:37:46] [main/WARN]: Compatibility level JAVA_16 specified by fabric-object-builder-v1.mixins.json is higher than the maximum level supported by this version of mixin (JAVA_13).
[21:37:46] [main/WARN]: Compatibility level JAVA_16 specified by fabric-registry-sync-v0.mixins.json is higher than the maximum level supported by this version of mixin (JAVA_13).
[21:37:46] [main/WARN]: Compatibility level JAVA_16 specified by fabric-rendering-data-attachment-v1.mixins.json is higher than the maximum level supported by this version of mixin (JAVA_13).
[21:37:46] [main/WARN]: Compatibility level JAVA_16 specified by fabric-resource-conditions-api-v1.mixins.json is higher than the maximum level supported by this version of mixin (JAVA_13).
[21:37:46] [main/WARN]: Compatibility level JAVA_16 specified by fabric-resource-loader-v0.mixins.json is higher than the maximum level supported by this version of mixin (JAVA_13).
[21:37:46] [main/WARN]: Compatibility level JAVA_16 specified by fabric-screen-handler-api-v1.mixins.json is higher than the maximum level supported by this version of mixin (JAVA_13).
[21:37:46] [main/WARN]: Compatibility level JAVA_16 specified by fabric-transfer-api-v1.mixins.json is higher than the maximum level supported by this version of mixin (JAVA_13).
[21:37:46] [main/INFO]: Preparing mixins for MixinEnvironment[DEFAULT]
[21:37:46] [main/INFO]: Selecting config fabric-api-lookup-api-v1.mixins.json
[21:37:46] [main/INFO]: Selecting config fabric-biome-api-v1.mixins.json
[21:37:46] [main/INFO]: Selecting config fabric-block-api-v1.mixins.json
[21:37:46] [main/INFO]: Selecting config fabric-command-api-v2.mixins.json
[21:37:46] [main/INFO]: Selecting config fabric-containers-v0.mixins.json
[21:37:46] [main/INFO]: Selecting config fabric-containers-v0.accurate.mixins.json
[21:37:46] [main/INFO]: Selecting config fabric-content-registries-v0.mixins.json
[21:37:46] [main/INFO]: Selecting config fabric-crash-report-info-v1.mixins.json
[21:37:46] [main/INFO]: Selecting config fabric-data-generation-api-v1.mixins.json
[21:37:46] [main/INFO]: Selecting config fabric-dimensions-v1.mixins.json
[21:37:46] [main/INFO]: Selecting config fabric-entity-events-v1.mixins.json
[21:37:46] [main/INFO]: Selecting config fabric-events-interaction-v0.mixins.json
[21:37:46] [main/INFO]: Selecting config fabric-game-rule-api-v1.mixins.json
[21:37:46] [main/INFO]: Selecting config fabric-item-api-v1.mixins.json
[21:37:46] [main/INFO]: Selecting config fabric-item-groups-v0.mixins.json
[21:37:46] [main/INFO]: Selecting config fabric-lifecycle-events-v1.mixins.json
[21:37:46] [main/INFO]: Selecting config fabric-loot-api-v2.mixins.json
[21:37:46] [main/INFO]: Selecting config fabric-loot-tables-v1.mixins.json
[21:37:46] [main/INFO]: Selecting config fabric-message-api-v1.mixins.json
[21:37:46] [main/INFO]: Selecting config fabric-mining-level-api-v1.mixins.json
[21:37:46] [main/INFO]: Selecting config fabric-networking-api-v1.mixins.json
[21:37:46] [main/INFO]: Selecting config fabric-object-builder-v1.mixins.json
[21:37:46] [main/INFO]: Selecting config fabric-recipe-api-v1.mixins.json
[21:37:46] [main/INFO]: Selecting config fabric-registry-sync-v0.mixins.json
[21:37:46] [main/INFO]: Selecting config fabric-rendering-data-attachment-v1.mixins.json
[21:37:46] [main/INFO]: Selecting config fabric-resource-conditions-api-v1.mixins.json
[21:37:46] [main/INFO]: Selecting config fabric-resource-loader-v0.mixins.json
[21:37:46] [main/INFO]: Selecting config fabric-screen-handler-api-v1.mixins.json
[21:37:46] [main/INFO]: Selecting config fabric-transfer-api-v1.mixins.json
[21:37:46] [main/INFO]: Selecting config mixinextras.init.mixins.json
[21:37:46] [main/INFO]: Selecting config qizhangverdict.mixins.json
[21:37:46] [main/INFO]: Preparing fabric-api-lookup-api-v1.mixins.json (2)
[21:37:46] [main/INFO]: Preparing fabric-biome-api-v1.mixins.json (9)
[21:37:46] [main/INFO]: Preparing fabric-block-api-v1.mixins.json (2)
[21:37:46] [main/INFO]: Preparing fabric-command-api-v2.mixins.json (5)
[21:37:46] [main/INFO]: Preparing fabric-containers-v0.mixins.json (1)
[21:37:46] [main/INFO]: Preparing fabric-containers-v0.accurate.mixins.json (1)
[21:37:46] [main/INFO]: Preparing fabric-content-registries-v0.mixins.json (14)
[21:37:46] [main/INFO]: Preparing fabric-crash-report-info-v1.mixins.json (1)
[21:37:46] [main/INFO]: Preparing fabric-data-generation-api-v1.mixins.json (5)
[21:37:46] [main/INFO]: Preparing fabric-dimensions-v1.mixins.json (3)
[21:37:46] [main/INFO]: Preparing fabric-entity-events-v1.mixins.json (8)
[21:37:46] [main/INFO]: Preparing fabric-events-interaction-v0.mixins.json (3)
[21:37:46] [main/INFO]: Preparing fabric-game-rule-api-v1.mixins.json (6)
[21:37:46] [main/INFO]: Preparing fabric-item-api-v1.mixins.json (7)
[21:37:46] [main/INFO]: Preparing fabric-item-groups-v0.mixins.json (1)
[21:37:46] [main/INFO]: Preparing fabric-lifecycle-events-v1.mixins.json (9)
[21:37:46] [main/INFO]: Preparing fabric-loot-api-v2.mixins.json (5)
[21:37:46] [main/INFO]: Preparing fabric-loot-tables-v1.mixins.json (2)
[21:37:46] [main/INFO]: Preparing fabric-message-api-v1.mixins.json (2)
[21:37:46] [main/INFO]: Preparing fabric-mining-level-api-v1.mixins.json (3)
[21:37:46] [main/INFO]: Preparing fabric-networking-api-v1.mixins.json (10)
[21:37:46] [main/INFO]: Preparing fabric-object-builder-v1.mixins.json (8)
[21:37:46] [main/INFO]: Preparing fabric-recipe-api-v1.mixins.json (3)
[21:37:46] [main/INFO]: Preparing fabric-registry-sync-v0.mixins.json (12)
[21:37:46] [main/INFO]: Preparing fabric-rendering-data-attachment-v1.mixins.json (2)
[21:37:46] [main/INFO]: Preparing fabric-resource-conditions-api-v1.mixins.json (4)
[21:37:46] [main/INFO]: Preparing fabric-resource-loader-v0.mixins.json (17)
[21:37:46] [main/INFO]: Preparing fabric-screen-handler-api-v1.mixins.json (2)
[21:37:46] [main/INFO]: Preparing fabric-transfer-api-v1.mixins.json (10)
[21:37:46] [main/INFO]: Preparing mixinextras.init.mixins.json (0)
[21:37:46] [main/INFO]: Preparing qizhangverdict.mixins.json (1)
[21:37:46] [main/INFO]: Prepared 157 mixins in 0.579 sec (3.7ms avg) (0ms load, 0ms transform, 0ms plugin)
[21:37:46] [main/INFO]: Initializing MixinExtras via com.llamalad7.mixinextras.service.MixinExtrasServiceImpl(version=0.4.1).
[21:37:46] [main/INFO]: Mixing server.MainMixin from fabric-data-generation-api-v1.mixins.json into net.minecraft.server.Main
[21:37:46] [main/WARN]: fabric-data-generation-api-v1.mixins.json:server.MainMixin from mod fabric-data-generation-api-v1: Class version 61 required is higher than the class version supported by the current version of Mixin (JAVA_16 supports class version 60)
[21:37:46] [main/INFO]: Mixing MainMixin from fabric-dimensions-v1.mixins.json into net.minecraft.server.Main
[21:37:46] [main/WARN]: fabric-dimensions-v1.mixins.json:MainMixin from mod fabric-dimensions-v1: Class version 61 required is higher than the class version supported by the current version of Mixin (JAVA_16 supports class version 60)
[21:37:46] [main/INFO]: Mixing MainMixin from fabric-resource-loader-v0.mixins.json into net.minecraft.server.Main
[21:37:46] [main/WARN]: fabric-resource-loader-v0.mixins.json:MainMixin from mod fabric-resource-loader-v0: Class version 61 required is higher than the class version supported by the current version of Mixin (JAVA_16 supports class version 60)
[21:37:46] [main/INFO]: Mixing DynamicRegistryManagerAccessor from fabric-data-generation-api-v1.mixins.json into net.minecraft.class_5455
[21:37:46] [main/INFO]: Renaming @Accessor method getInfos()Ljava/util/Map; to getInfos$fabric-data-generation-api-v1_$md$359271$0 in fabric-data-generation-api-v1.mixins.json:DynamicRegistryManagerAccessor from mod fabric-data-generation-api-v1
[21:37:46] [main/INFO]: Mixing DynamicRegistryManagerMixin from fabric-registry-sync-v0.mixins.json into net.minecraft.class_5455
[21:37:46] [main/WARN]: fabric-registry-sync-v0.mixins.json:DynamicRegistryManagerMixin from mod fabric-registry-sync-v0: Class version 61 required is higher than the class version supported by the current version of Mixin (JAVA_16 supports class version 60)
[21:37:47] [main/INFO]: Mixing SystemDetailsMixin from fabric-crash-report-info-v1.mixins.json into net.minecraft.class_6396
[21:37:47] [main/WARN]: fabric-crash-report-info-v1.mixins.json:SystemDetailsMixin from mod fabric-crash-report-info-v1: Class version 61 required is higher than the class version supported by the current version of Mixin (JAVA_16 supports class version 60)
[21:37:47] [main/INFO]: Renaming synthetic method lambda$appendMods$1(Lnet/fabricmc/loader/api/ModContainer;)Ljava/lang/String; to md359271$fabric-crash-report-info-v1$lambda$appendMods$1$0 in fabric-crash-report-info-v1.mixins.json:SystemDetailsMixin from mod fabric-crash-report-info-v1
[21:37:47] [main/INFO]: Renaming synthetic method lambda$fillSystemDetails$0()Ljava/lang/String; to md359271$fabric-crash-report-info-v1$lambda$fillSystemDetails$0$1 in fabric-crash-report-info-v1.mixins.json:SystemDetailsMixin from mod fabric-crash-report-info-v1
[21:37:49] [main/INFO]: Mixing BootstrapMixin from fabric-registry-sync-v0.mixins.json into net.minecraft.class_2966
[21:37:49] [main/INFO]: Renaming synthetic method lambda$initialize$1(Lnet/minecraft/class_3611;)Ljava/util/Collection; to md359271$fabric-registry-sync-v0$lambda$initialize$1$0 in fabric-registry-sync-v0.mixins.json:BootstrapMixin from mod fabric-registry-sync-v0
[21:37:49] [main/INFO]: Renaming synthetic method lambda$initialize$0(Lnet/minecraft/class_2248;)Ljava/util/Collection; to md359271$fabric-registry-sync-v0$lambda$initialize$0$1 in fabric-registry-sync-v0.mixins.json:BootstrapMixin from mod fabric-registry-sync-v0
[21:37:49] [main/INFO]: Mixing RegistryAccessor from fabric-registry-sync-v0.mixins.json into net.minecraft.class_2378
[21:37:49] [main/INFO]: Renaming @Accessor method getROOT()Lnet/minecraft/class_2385; to getROOT$fabric-registry-sync-v0_$md$359271$0 in fabric-registry-sync-v0.mixins.json:RegistryAccessor from mod fabric-registry-sync-v0
[21:37:49] [main/INFO]: Mixing RegistryMixin from fabric-registry-sync-v0.mixins.json into net.minecraft.class_2378
[21:37:49] [main/INFO]: Mixing SimpleRegistryMixin from fabric-registry-sync-v0.mixins.json into net.minecraft.class_2370
[21:37:49] [main/INFO]: Renaming synthetic method lambda$new$5([Lnet/fabricmc/fabric/api/event/registry/RegistryIdRemapCallback;)Lnet/fabricmc/fabric/api/event/registry/RegistryIdRemapCallback; to md359271$fabric-registry-sync-v0$lambda$new$5$0 in fabric-registry-sync-v0.mixins.json:SimpleRegistryMixin from mod fabric-registry-sync-v0
[21:37:49] [main/INFO]: Renaming synthetic method lambda$new$4([Lnet/fabricmc/fabric/api/event/registry/RegistryIdRemapCallback;Lnet/fabricmc/fabric/api/event/registry/RegistryIdRemapCallback$RemapState;)V to md359271$fabric-registry-sync-v0$lambda$new$4$1 in fabric-registry-sync-v0.mixins.json:SimpleRegistryMixin from mod fabric-registry-sync-v0
[21:37:49] [main/INFO]: Renaming synthetic method lambda$new$3([Lnet/fabricmc/fabric/api/event/registry/RegistryEntryRemovedCallback;)Lnet/fabricmc/fabric/api/event/registry/RegistryEntryRemovedCallback; to md359271$fabric-registry-sync-v0$lambda$new$3$2 in fabric-registry-sync-v0.mixins.json:SimpleRegistryMixin from mod fabric-registry-sync-v0
[21:37:49] [main/INFO]: Renaming synthetic method lambda$new$2([Lnet/fabricmc/fabric/api/event/registry/RegistryEntryRemovedCallback;ILnet/minecraft/class_2960;Ljava/lang/Object;)V to md359271$fabric-registry-sync-v0$lambda$new$2$3 in fabric-registry-sync-v0.mixins.json:SimpleRegistryMixin from mod fabric-registry-sync-v0
[21:37:49] [main/INFO]: Renaming synthetic method lambda$new$1([Lnet/fabricmc/fabric/api/event/registry/RegistryEntryAddedCallback;)Lnet/fabricmc/fabric/api/event/registry/RegistryEntryAddedCallback; to md359271$fabric-registry-sync-v0$lambda$new$1$4 in fabric-registry-sync-v0.mixins.json:SimpleRegistryMixin from mod fabric-registry-sync-v0
[21:37:49] [main/INFO]: Renaming synthetic method lambda$new$0([Lnet/fabricmc/fabric/api/event/registry/RegistryEntryAddedCallback;ILnet/minecraft/class_2960;Ljava/lang/Object;)V to md359271$fabric-registry-sync-v0$lambda$new$0$5 in fabric-registry-sync-v0.mixins.json:SimpleRegistryMixin from mod fabric-registry-sync-v0
[21:37:49] [main/INFO]: Mixing FluidMixin from fabric-transfer-api-v1.mixins.json into net.minecraft.class_3611
[21:37:49] [main/WARN]: fabric-transfer-api-v1.mixins.json:FluidMixin from mod fabric-transfer-api-v1: Class version 61 required is higher than the class version supported by the current version of Mixin (JAVA_16 supports class version 60)
[21:37:49] [main/INFO]: Mixing BlockMixin from fabric-block-api-v1.mixins.json into net.minecraft.class_2248
[21:37:49] [main/INFO]: Mixing AbstractBlockAccessor from fabric-object-builder-v1.mixins.json into net.minecraft.class_4970
[21:37:49] [main/WARN]: fabric-object-builder-v1.mixins.json:AbstractBlockAccessor from mod fabric-object-builder-api-v1: Class version 61 required is higher than the class version supported by the current version of Mixin (JAVA_16 supports class version 60)
[21:37:49] [main/INFO]: Mixing WorldMixin from fabric-lifecycle-events-v1.mixins.json into net.minecraft.class_1937
[21:37:49] [main/WARN]: fabric-lifecycle-events-v1.mixins.json:WorldMixin from mod fabric-lifecycle-events-v1: Class version 61 required is higher than the class version supported by the current version of Mixin (JAVA_16 supports class version 60)
[21:37:49] [main/INFO]: Mixing WorldViewMixin from fabric-rendering-data-attachment-v1.mixins.json into net.minecraft.class_4538
[21:37:49] [main/WARN]: fabric-rendering-data-attachment-v1.mixins.json:WorldViewMixin from mod fabric-rendering-data-attachment-v1: Class version 61 required is higher than the class version supported by the current version of Mixin (JAVA_16 supports class version 60)
[21:37:49] [main/INFO]: Mixing ServerWorldMixin from fabric-api-lookup-api-v1.mixins.json into net.minecraft.class_3218
[21:37:49] [main/WARN]: fabric-api-lookup-api-v1.mixins.json:ServerWorldMixin from mod fabric-api-lookup-api-v1: Class version 61 required is higher than the class version supported by the current version of Mixin (JAVA_16 supports class version 60)
[21:37:49] [main/INFO]: Renaming synthetic method lambda$fabric_invalidateCache$5(Ljava/util/Map$Entry;)Z to md359271$fabric-api-lookup-api-v1$lambda$fabric_invalidateCache$5$0 in fabric-api-lookup-api-v1.mixins.json:ServerWorldMixin from mod fabric-api-lookup-api-v1
[21:37:49] [main/INFO]: Renaming synthetic method lambda$fabric_invalidateCache$4(Ljava/lang/ref/WeakReference;)Z to md359271$fabric-api-lookup-api-v1$lambda$fabric_invalidateCache$4$1 in fabric-api-lookup-api-v1.mixins.json:ServerWorldMixin from mod fabric-api-lookup-api-v1
[21:37:49] [main/INFO]: Renaming synthetic method lambda$fabric_invalidateCache$3(Ljava/lang/ref/WeakReference;)V to md359271$fabric-api-lookup-api-v1$lambda$fabric_invalidateCache$3$2 in fabric-api-lookup-api-v1.mixins.json:ServerWorldMixin from mod fabric-api-lookup-api-v1
[21:37:49] [main/INFO]: Renaming synthetic method lambda$fabric_invalidateCache$2(Ljava/lang/ref/WeakReference;)Z to md359271$fabric-api-lookup-api-v1$lambda$fabric_invalidateCache$2$3 in fabric-api-lookup-api-v1.mixins.json:ServerWorldMixin from mod fabric-api-lookup-api-v1
[21:37:49] [main/INFO]: Renaming synthetic method lambda$fabric_registerCache$1(Ljava/lang/ref/WeakReference;)Z to md359271$fabric-api-lookup-api-v1$lambda$fabric_registerCache$1$4 in fabric-api-lookup-api-v1.mixins.json:ServerWorldMixin from mod fabric-api-lookup-api-v1
[21:37:49] [main/INFO]: Renaming synthetic method lambda$fabric_registerCache$0(Lnet/minecraft/class_2338;)Ljava/util/List; to md359271$fabric-api-lookup-api-v1$lambda$fabric_registerCache$0$5 in fabric-api-lookup-api-v1.mixins.json:ServerWorldMixin from mod fabric-api-lookup-api-v1
[21:37:49] [main/INFO]: Mixing ServerWorldMixin from fabric-lifecycle-events-v1.mixins.json into net.minecraft.class_3218
[21:37:49] [main/INFO]: Mixing EntityMixin from fabric-dimensions-v1.mixins.json into net.minecraft.class_1297
[21:37:49] [main/INFO]: Mixing EntityMixin from fabric-entity-events-v1.mixins.json into net.minecraft.class_1297
[21:37:49] [main/WARN]: fabric-entity-events-v1.mixins.json:EntityMixin from mod fabric-entity-events-v1: Class version 61 required is higher than the class version supported by the current version of Mixin (JAVA_16 supports class version 60)
[21:37:49] [main/INFO]: Mixing elytra.PlayerEntityMixin from fabric-entity-events-v1.mixins.json into net.minecraft.class_1657
[21:37:49] [main/INFO]: Mixing PlayerEntityMixin from fabric-entity-events-v1.mixins.json into net.minecraft.class_1657
[21:37:49] [main/INFO]: Mixing elytra.LivingEntityMixin from fabric-entity-events-v1.mixins.json into net.minecraft.class_1309
[21:37:49] [main/INFO]: Mixing LivingEntityMixin from fabric-entity-events-v1.mixins.json into net.minecraft.class_1309
[21:37:49] [main/INFO]: Mixing LivingEntityMixin from fabric-item-api-v1.mixins.json into net.minecraft.class_1309
[21:37:49] [main/WARN]: fabric-item-api-v1.mixins.json:LivingEntityMixin from mod fabric-item-api-v1: Class version 61 required is higher than the class version supported by the current version of Mixin (JAVA_16 supports class version 60)
[21:37:49] [main/INFO]: Mixing LivingEntityMixin from fabric-lifecycle-events-v1.mixins.json into net.minecraft.class_1309
[21:37:49] [main/INFO]: Mixing ItemMixin from fabric-item-api-v1.mixins.json into net.minecraft.class_1792
[21:37:49] [main/INFO]: Mixing ItemMixin from fabric-transfer-api-v1.mixins.json into net.minecraft.class_1792
[21:37:49] [main/INFO]: Mixing BlockEntityTypeAccessor from fabric-api-lookup-api-v1.mixins.json into net.minecraft.class_2591
[21:37:49] [main/INFO]: Mixing ArgumentTypesAccessor from fabric-command-api-v2.mixins.json into net.minecraft.class_2316
[21:37:49] [main/WARN]: fabric-command-api-v2.mixins.json:ArgumentTypesAccessor from mod fabric-command-api-v2: Class version 61 required is higher than the class version supported by the current version of Mixin (JAVA_16 supports class version 60)
[21:37:49] [main/INFO]: Renaming @Accessor method fabric_getClassMap()Ljava/util/Map; to fabric_getClassMap$fabric-command-api-v2_$md$359271$0 in fabric-command-api-v2.mixins.json:ArgumentTypesAccessor from mod fabric-command-api-v2
[21:37:49] [main/INFO]: Mixing DetectorRailBlockMixin from fabric-object-builder-v1.mixins.json into net.minecraft.class_2313
[21:37:49] [main/INFO]: Renaming synthetic method lambda$getCustomComparatorOutput$0(Lnet/minecraft/class_1297;)Z to md359271$fabric-object-builder-api-v1$lambda$getCustomComparatorOutput$0$0 in fabric-object-builder-v1.mixins.json:DetectorRailBlockMixin from mod fabric-object-builder-api-v1
[21:37:50] [main/INFO]: Mixing FireBlockMixin from fabric-content-registries-v0.mixins.json into net.minecraft.class_2358
[21:37:50] [main/WARN]: fabric-content-registries-v0.mixins.json:FireBlockMixin from mod fabric-content-registries-v0: Class version 61 required is higher than the class version supported by the current version of Mixin (JAVA_16 supports class version 60)
[21:37:50] [main/INFO]: Mixing DropperBlockMixin from fabric-transfer-api-v1.mixins.json into net.minecraft.class_2325
[21:37:50] [main/INFO]: Renaming synthetic method lambda$hookDispense$0(Lnet/fabricmc/fabric/api/transfer/v1/item/ItemVariant;)Z to md359271$fabric-transfer-api-v1$lambda$hookDispense$0$0 in fabric-transfer-api-v1.mixins.json:DropperBlockMixin from mod fabric-transfer-api-v1
[21:37:50] [main/INFO]: Mixing SculkSensorBlockMixin from fabric-content-registries-v0.mixins.json into net.minecraft.class_5703
[21:37:50] [main/INFO]: Mixing OxidizableMixin from fabric-content-registries-v0.mixins.json into net.minecraft.class_5955
[21:37:50] [main/INFO]: Mixing IdListMixin from fabric-registry-sync-v0.mixins.json into net.minecraft.class_2361
[21:37:50] [main/INFO]: Renaming synthetic method lambda$fabric_remapIds$0(Lit/unimi/dsi/fastutil/ints/Int2IntMap;Ljava/lang/Object;Ljava/lang/Integer;)Ljava/lang/Integer; to md359271$fabric-registry-sync-v0$lambda$fabric_remapIds$0$0 in fabric-registry-sync-v0.mixins.json:IdListMixin from mod fabric-registry-sync-v0
[21:37:50] [main/INFO]: Mixing MaterialBuilderAccessor from fabric-object-builder-v1.mixins.json into net.minecraft.class_3614$class_3615
[21:37:50] [main/INFO]: Mixing AbstractBlockSettingsAccessor from fabric-object-builder-v1.mixins.json into net.minecraft.class_4970$class_2251
[21:37:50] [main/INFO]: Mixing BlockStateMixin from fabric-block-api-v1.mixins.json into net.minecraft.class_2680
[21:37:50] [main/INFO]: Mixing BlockEntityMixin from fabric-rendering-data-attachment-v1.mixins.json into net.minecraft.class_2586
[21:37:50] [main/INFO]: Mixing LootableContainerBlockEntityMixin from fabric-transfer-api-v1.mixins.json into net.minecraft.class_2621
[21:37:50] [main/INFO]: Mixing NamedScreenHandlerFactoryMixin from fabric-screen-handler-api-v1.mixins.json into net.minecraft.class_3908
[21:37:50] [main/WARN]: fabric-screen-handler-api-v1.mixins.json:NamedScreenHandlerFactoryMixin from mod fabric-screen-handler-api-v1: Class version 61 required is higher than the class version supported by the current version of Mixin (JAVA_16 supports class version 60)
[21:37:50] [main/INFO]: Mixing AbstractFurnaceBlockEntityMixin from fabric-content-registries-v0.mixins.json into net.minecraft.class_2609
[21:37:50] [main/INFO]: Mixing AbstractFurnaceBlockEntityMixin from fabric-item-api-v1.mixins.json into net.minecraft.class_2609
[21:37:50] [main/INFO]: Mixing AbstractFurnaceBlockEntityMixin from fabric-transfer-api-v1.mixins.json into net.minecraft.class_2609
[21:37:51] [main/INFO]: Mixing BrewingStandBlockEntityMixin from fabric-item-api-v1.mixins.json into net.minecraft.class_2589
[21:37:51] [main/INFO]: Mixing ItemStackMixin from fabric-item-api-v1.mixins.json into net.minecraft.class_1799
[21:37:51] [main/INFO]: Mixing HopperBlockEntityMixin from fabric-transfer-api-v1.mixins.json into net.minecraft.class_2614
[21:37:51] [main/INFO]: Renaming synthetic method lambda$hookExtract$1(Lnet/fabricmc/fabric/api/transfer/v1/item/ItemVariant;)Z to md359271$fabric-transfer-api-v1$lambda$hookExtract$1$0 in fabric-transfer-api-v1.mixins.json:HopperBlockEntityMixin from mod fabric-transfer-api-v1
[21:37:51] [main/INFO]: Renaming synthetic method lambda$hookInsert$0(Lnet/fabricmc/fabric/api/transfer/v1/item/ItemVariant;)Z to md359271$fabric-transfer-api-v1$lambda$hookInsert$0$1 in fabric-transfer-api-v1.mixins.json:HopperBlockEntityMixin from mod fabric-transfer-api-v1
[21:37:51] [main/INFO]: Mixing StructuresToConfiguredStructuresFixMixin from fabric-registry-sync-v0.mixins.json into net.minecraft.class_7046
[21:37:52] [main/INFO]: Building unoptimized datafixer
[21:37:52] [main/INFO]: Mixing ServerPlayerEntityAccessor from fabric-containers-v0.mixins.json into net.minecraft.class_3222
[21:37:52] [main/WARN]: fabric-containers-v0.mixins.json:ServerPlayerEntityAccessor from mod fabric-containers-v0: Class version 61 required is higher than the class version supported by the current version of Mixin (JAVA_16 supports class version 60)
[21:37:52] [main/INFO]: Mixing ServerPlayerEntityMixin from fabric-containers-v0.accurate.mixins.json into net.minecraft.class_3222
[21:37:52] [main/WARN]: fabric-containers-v0.accurate.mixins.json:ServerPlayerEntityMixin from mod fabric-containers-v0: Class version 61 required is higher than the class version supported by the current version of Mixin (JAVA_16 supports class version 60)
[21:37:52] [main/INFO]: Mixing EntityMixin from fabric-dimensions-v1.mixins.json into net.minecraft.class_3222
[21:37:52] [main/INFO]: Mixing ServerPlayerEntityMixin from fabric-entity-events-v1.mixins.json into net.minecraft.class_3222
[21:37:52] [main/INFO]: Mixing ServerPlayerEntityMixin from fabric-events-interaction-v0.mixins.json into net.minecraft.class_3222
[21:37:52] [main/WARN]: fabric-events-interaction-v0.mixins.json:ServerPlayerEntityMixin from mod fabric-events-interaction-v0: Class version 61 required is higher than the class version supported by the current version of Mixin (JAVA_16 supports class version 60)
[21:37:52] [main/INFO]: Mixing ServerPlayerEntityMixin from fabric-screen-handler-api-v1.mixins.json into net.minecraft.class_3222
[21:37:52] [main/INFO]: Mixing server.WorldChunkMixin from fabric-lifecycle-events-v1.mixins.json into net.minecraft.class_2818
[21:37:52] [main/INFO]: Mixing VillagerEntityAccessor from fabric-content-registries-v0.mixins.json into net.minecraft.class_1646
[21:37:52] [main/INFO]: Renaming @Accessor method fabric_setItemFoodValues(Ljava/util/Map;)V to fabric_setItemFoodValues$fabric-content-registries-v0_$md$359271$0 in fabric-content-registries-v0.mixins.json:VillagerEntityAccessor from mod fabric-content-registries-v0
[21:37:52] [main/INFO]: Renaming @Accessor method fabric_setGatherableItems(Ljava/util/Set;)V to fabric_setGatherableItems$fabric-content-registries-v0_$md$359271$1 in fabric-content-registries-v0.mixins.json:VillagerEntityAccessor from mod fabric-content-registries-v0
[21:37:52] [main/INFO]: Renaming @Accessor method fabric_getGatherableItems()Ljava/util/Set; to fabric_getGatherableItems$fabric-content-registries-v0_$md$359271$2 in fabric-content-registries-v0.mixins.json:VillagerEntityAccessor from mod fabric-content-registries-v0
[21:37:52] [main/INFO]: Mixing VillagerEntityMixin from fabric-content-registries-v0.mixins.json into net.minecraft.class_1646
[21:37:53] [main/INFO]: Mixing BiomeSourceMixin from fabric-biome-api-v1.mixins.json into net.minecraft.class_1966
[21:37:53] [main/WARN]: fabric-biome-api-v1.mixins.json:BiomeSourceMixin from mod fabric-biome-api-v1: Class version 61 required is higher than the class version supported by the current version of Mixin (JAVA_16 supports class version 60)
[21:37:53] [main/INFO]: Mixing MultiNoiseBiomeSourceMixin from fabric-biome-api-v1.mixins.json into net.minecraft.class_4766
[21:37:53] [main/INFO]: Mixing TheEndBiomeSourceMixin from fabric-biome-api-v1.mixins.json into net.minecraft.class_2169
[21:37:53] [main/INFO]: Renaming synthetic method lambda$init$0(Lnet/minecraft/class_2378;)Lnet/fabricmc/fabric/impl/biome/TheEndBiomeData$Overrides; to md359271$fabric-biome-api-v1$lambda$init$0$0 in fabric-biome-api-v1.mixins.json:TheEndBiomeSourceMixin from mod fabric-biome-api-v1
[21:37:53] [main/INFO]: Mixing DebugChunkGeneratorAccessor from fabric-registry-sync-v0.mixins.json into net.minecraft.class_2891
[21:37:53] [main/INFO]: Renaming @Accessor method setBLOCK_STATES(Ljava/util/List;)V to setBLOCK_STATES$fabric-registry-sync-v0_$md$359271$0 in fabric-registry-sync-v0.mixins.json:DebugChunkGeneratorAccessor from mod fabric-registry-sync-v0
[21:37:53] [main/INFO]: Renaming @Accessor method setX_SIDE_LENGTH(I)V to setX_SIDE_LENGTH$fabric-registry-sync-v0_$md$359271$1 in fabric-registry-sync-v0.mixins.json:DebugChunkGeneratorAccessor from mod fabric-registry-sync-v0
[21:37:53] [main/INFO]: Renaming @Accessor method setZ_SIDE_LENGTH(I)V to setZ_SIDE_LENGTH$fabric-registry-sync-v0_$md$359271$2 in fabric-registry-sync-v0.mixins.json:DebugChunkGeneratorAccessor from mod fabric-registry-sync-v0
[21:37:53] [main/INFO]: Mixing ArmorItemMixin from fabric-item-api-v1.mixins.json into net.minecraft.class_1738
[21:37:53] [main/INFO]: Mixing SwordItemMixin from fabric-mining-level-api-v1.mixins.json into net.minecraft.class_1829
[21:37:53] [main/WARN]: fabric-mining-level-api-v1.mixins.json:SwordItemMixin from mod fabric-mining-level-api-v1: Class version 61 required is higher than the class version supported by the current version of Mixin (JAVA_16 supports class version 60)
[21:37:53] [main/INFO]: Mixing ShovelItemAccessor from fabric-content-registries-v0.mixins.json into net.minecraft.class_1821
[21:37:53] [main/INFO]: Renaming @Accessor method getPathStates()Ljava/util/Map; to getPathStates$fabric-content-registries-v0_$md$359271$0 in fabric-content-registries-v0.mixins.json:ShovelItemAccessor from mod fabric-content-registries-v0
[21:37:53] [main/INFO]: Mixing MiningToolItemMixin from fabric-mining-level-api-v1.mixins.json into net.minecraft.class_1766
[21:37:53] [main/INFO]: Mixing AxeItemAccessor from fabric-content-registries-v0.mixins.json into net.minecraft.class_1743
[21:37:53] [main/INFO]: Renaming @Accessor method getStrippedBlocks()Ljava/util/Map; to getStrippedBlocks$fabric-content-registries-v0_$md$359271$0 in fabric-content-registries-v0.mixins.json:AxeItemAccessor from mod fabric-content-registries-v0
[21:37:53] [main/INFO]: Renaming @Accessor method setStrippedBlocks(Ljava/util/Map;)V to setStrippedBlocks$fabric-content-registries-v0_$md$359271$1 in fabric-content-registries-v0.mixins.json:AxeItemAccessor from mod fabric-content-registries-v0
[21:37:53] [main/INFO]: Mixing HoeItemAccessor from fabric-content-registries-v0.mixins.json into net.minecraft.class_1794
[21:37:53] [main/INFO]: Renaming @Accessor method getTillingActions()Ljava/util/Map; to getTillingActions$fabric-content-registries-v0_$md$359271$0 in fabric-content-registries-v0.mixins.json:HoeItemAccessor from mod fabric-content-registries-v0
[21:37:53] [main/INFO]: Mixing BucketItemAccessor from fabric-transfer-api-v1.mixins.json into net.minecraft.class_1755
[21:37:53] [main/INFO]: Mixing BucketItemMixin from fabric-transfer-api-v1.mixins.json into net.minecraft.class_1755
[21:37:53] [main/INFO]: Mixing ShearsItemMixin from fabric-mining-level-api-v1.mixins.json into net.minecraft.class_1820
[21:37:53] [main/INFO]: Mixing HoneycombItemMixin from fabric-content-registries-v0.mixins.json into net.minecraft.class_5953
[21:37:53] [main/INFO]: Mixing ItemGroupMixin from fabric-item-groups-v0.mixins.json into net.minecraft.class_1761
[21:37:53] [main/WARN]: fabric-item-groups-v0.mixins.json:ItemGroupMixin from mod fabric-item-groups-v0: Class version 61 required is higher than the class version supported by the current version of Mixin (JAVA_16 supports class version 60)
[21:37:53] [main/WARN]: Write access to @Mutable @Final field field_7921:[Lnet/minecraft/class_1761; in fabric-item-groups-v0.mixins.json:ItemGroupMixin from mod fabric-item-groups-v0::fabric_expandArray
[21:37:53] [main/INFO]: Mixing ingredient.IngredientMixin from fabric-recipe-api-v1.mixins.json into net.minecraft.class_1856
[21:37:53] [main/INFO]: Mixing modification.DynamicRegistryManagerImmutableImplMixin from fabric-biome-api-v1.mixins.json into net.minecraft.class_5455$class_6891
[21:37:53] [main/INFO]: Mixing RecipeMixin from fabric-item-api-v1.mixins.json into net.minecraft.class_1860
[21:37:53] [main/INFO]: Mixing EntitySelectorOptionsAccessor from fabric-command-api-v2.mixins.json into net.minecraft.class_2306
[21:37:53] [main/INFO]: Renaming @Invoker method callPutOption(Ljava/lang/String;Lnet/minecraft/class_2306$class_2307;Ljava/util/function/Predicate;Lnet/minecraft/class_2561;)V to callPutOption$fabric-command-api-v2_$md$359271$0 in fabric-command-api-v2.mixins.json:EntitySelectorOptionsAccessor from mod fabric-command-api-v2
[21:37:53] [main/INFO]: Mixing EntitySelectorReaderMixin from fabric-command-api-v2.mixins.json into net.minecraft.class_2303
[21:37:53] [main/INFO]: Mixing DefaultAttributeRegistryAccessor from fabric-object-builder-v1.mixins.json into net.minecraft.class_5135
[21:37:53] [main/INFO]: Renaming @Accessor method getRegistry()Ljava/util/Map; to getRegistry$fabric-object-builder-api-v1_$md$359271$0 in fabric-object-builder-v1.mixins.json:DefaultAttributeRegistryAccessor from mod fabric-object-builder-api-v1
[21:37:53] [main/INFO]: Mixing DefaultAttributeRegistryMixin from fabric-object-builder-v1.mixins.json into net.minecraft.class_5135
[21:37:53] [main/WARN]: Write access to @Mutable @Final field field_23730:Ljava/util/Map; in fabric-object-builder-v1.mixins.json:DefaultAttributeRegistryMixin from mod fabric-object-builder-api-v1::handler$zdm000$fabric-object-builder-api-v1$injectAttributes
[21:37:53] [main/INFO]: Mixing MinecraftServerMixin from fabric-biome-api-v1.mixins.json into net.minecraft.server.MinecraftServer
[21:37:53] [main/INFO]: Renaming synthetic method lambda$addNetherBiomes$0(Lnet/minecraft/class_5363;)V to md359271$fabric-biome-api-v1$lambda$addNetherBiomes$0$0 in fabric-biome-api-v1.mixins.json:MinecraftServerMixin from mod fabric-biome-api-v1
[21:37:53] [main/INFO]: Mixing modification.MinecraftServerMixin from fabric-biome-api-v1.mixins.json into net.minecraft.server.MinecraftServer
[21:37:53] [main/INFO]: Mixing MinecraftServerMixin from fabric-lifecycle-events-v1.mixins.json into net.minecraft.server.MinecraftServer
[21:37:53] [main/INFO]: Renaming synthetic method lambda$endResourceReload$0(Ljava/lang/Void;Ljava/lang/Throwable;)Ljava/lang/Void; to md359271$fabric-lifecycle-events-v1$lambda$endResourceReload$0$1 in fabric-lifecycle-events-v1.mixins.json:MinecraftServerMixin from mod fabric-lifecycle-events-v1
[21:37:53] [main/INFO]: Mixing MinecraftServerMixin from fabric-message-api-v1.mixins.json into net.minecraft.server.MinecraftServer
[21:37:53] [main/WARN]: fabric-message-api-v1.mixins.json:MinecraftServerMixin from mod fabric-message-api-v1: Class version 61 required is higher than the class version supported by the current version of Mixin (JAVA_16 supports class version 60)
[21:37:53] [main/INFO]: Renaming synthetic method lambda$onGetChatDecorator$1(Lnet/minecraft/class_7492;Lnet/minecraft/class_3222;Lnet/minecraft/class_2561;)Ljava/util/concurrent/CompletableFuture; to md359271$fabric-message-api-v1$lambda$onGetChatDecorator$1$2 in fabric-message-api-v1.mixins.json:MinecraftServerMixin from mod fabric-message-api-v1
[21:37:53] [main/INFO]: Renaming synthetic method lambda$onGetChatDecorator$0(Lnet/minecraft/class_3222;Lnet/minecraft/class_2561;)Ljava/util/concurrent/CompletionStage; to md359271$fabric-message-api-v1$lambda$onGetChatDecorator$0$3 in fabric-message-api-v1.mixins.json:MinecraftServerMixin from mod fabric-message-api-v1
[21:37:53] [main/INFO]: Mixing MinecraftServerMixin from fabric-registry-sync-v0.mixins.json into net.minecraft.server.MinecraftServer
[21:37:53] [main/INFO]: Mixing MinecraftServerMixin from fabric-resource-loader-v0.mixins.json into net.minecraft.server.MinecraftServer
[21:37:53] [main/INFO]: Mixing LootTableBuilderMixin from fabric-loot-api-v2.mixins.json into net.minecraft.class_52$class_53
[21:37:53] [main/WARN]: fabric-loot-api-v2.mixins.json:LootTableBuilderMixin from mod fabric-loot-api-v2: Class version 61 required is higher than the class version supported by the current version of Mixin (JAVA_8 supports class version 52)
[21:37:53] [main/INFO]: Mixing LootManagerMixin from fabric-loot-api-v2.mixins.json into net.minecraft.class_60
[21:37:53] [main/INFO]: Renaming synthetic method lambda$apply$0(Lnet/minecraft/class_3300;Lcom/google/common/collect/ImmutableMap$Builder;Lnet/minecraft/class_2960;Lnet/minecraft/class_52;)V to md359271$fabric-loot-api-v2$lambda$apply$0$0 in fabric-loot-api-v2.mixins.json:LootManagerMixin from mod fabric-loot-api-v2
[21:37:53] [main/INFO]: Mixing KeyedResourceReloadListenerMixin from fabric-resource-loader-v0.mixins.json into net.minecraft.class_60
[21:37:53] [main/INFO]: Mixing JsonDataLoaderMixin from fabric-resource-conditions-api-v1.mixins.json into net.minecraft.class_4309
[21:37:53] [main/WARN]: fabric-resource-conditions-api-v1.mixins.json:JsonDataLoaderMixin from mod fabric-resource-conditions-api-v1: Class version 61 required is higher than the class version supported by the current version of Mixin (JAVA_16 supports class version 60)
[21:37:53] [main/INFO]: Mixing SinglePreparationResourceReloaderMixin from fabric-resource-conditions-api-v1.mixins.json into net.minecraft.class_4080
[21:37:53] [main/INFO]: Mixing LootTableAccessor from fabric-loot-api-v2.mixins.json into net.minecraft.class_52
[21:37:53] [main/INFO]: Mixing LootTableMixin from fabric-loot-tables-v1.mixins.json into net.minecraft.class_52
[21:37:53] [main/WARN]: fabric-loot-tables-v1.mixins.json:LootTableMixin from mod fabric-loot-tables-v1: Class version 61 required is higher than the class version supported by the current version of Mixin (JAVA_16 supports class version 60)
[21:37:53] [main/INFO]: Mixing ServerLoginNetworkHandlerMixin from fabric-networking-api-v1.mixins.json into net.minecraft.class_3248
[21:37:53] [main/WARN]: fabric-networking-api-v1.mixins.json:ServerLoginNetworkHandlerMixin from mod fabric-networking-api-v1: Class version 61 required is higher than the class version supported by the current version of Mixin (JAVA_16 supports class version 60)
[21:37:53] [main/INFO]: Mixing accessor.ServerLoginNetworkHandlerAccessor from fabric-networking-api-v1.mixins.json into net.minecraft.class_3248
[21:37:54] [main/INFO]: Mixing ServerPlayNetworkHandlerMixin from fabric-networking-api-v1.mixins.json into net.minecraft.class_3244
[21:37:54] [main/INFO]: External mod presence only: grimac=false, antixray=false; actual function must be tested separately
[21:37:54] [main/INFO]: Environment: authHost='https://authserver.mojang.com', accountsHost='https://api.mojang.com', sessionHost='https://sessionserver.mojang.com', servicesHost='https://api.minecraftservices.com', name='PROD'
[21:37:54] [main/INFO]: Mixing LevelStorageMixin from fabric-dimensions-v1.mixins.json into net.minecraft.class_32
[21:37:54] [main/INFO]: Mixing LevelStorageSessionMixin from fabric-registry-sync-v0.mixins.json into net.minecraft.class_32$class_5143
[21:37:54] [main/INFO]: Mixing ResourcePackManagerMixin from fabric-resource-loader-v0.mixins.json into net.minecraft.class_3283
[21:37:54] [main/INFO]: Mixing ResourcePackManagerAccessor from fabric-resource-loader-v0.mixins.json into net.minecraft.class_3283
[21:37:54] [main/WARN]: Write access to @Mutable @Final field field_14227:Ljava/util/Set; in fabric-resource-loader-v0.mixins.json:ResourcePackManagerMixin from mod fabric-resource-loader-v0::handler$zfc000$fabric-resource-loader-v0$construct
[21:37:54] [main/INFO]: Mixing DefaultResourcePackMixin from fabric-resource-loader-v0.mixins.json into net.minecraft.class_3268
[21:37:54] [main/INFO]: Mixing FileResourcePackProviderAccessor from fabric-resource-loader-v0.mixins.json into net.minecraft.class_3279
[21:37:54] [main/INFO]: Mixing ResourcePackProfileMixin from fabric-resource-loader-v0.mixins.json into net.minecraft.class_3288
[21:37:54] [main/INFO]: Mixing DataPackContentsMixin from fabric-lifecycle-events-v1.mixins.json into net.minecraft.class_5350
[21:37:54] [main/INFO]: Mixing DataPackContentsMixin from fabric-resource-conditions-api-v1.mixins.json into net.minecraft.class_5350
[21:37:54] [main/INFO]: Mixing ServerPlayerInteractionManagerMixin from fabric-events-interaction-v0.mixins.json into net.minecraft.class_3225
[21:37:54] [main/INFO]: Mixing GameRulesAccessor from fabric-game-rule-api-v1.mixins.json into net.minecraft.class_1928
[21:37:54] [main/WARN]: fabric-game-rule-api-v1.mixins.json:GameRulesAccessor from mod fabric-game-rule-api-v1: Class version 61 required is higher than the class version supported by the current version of Mixin (JAVA_16 supports class version 60)
[21:37:54] [main/INFO]: Renaming @Invoker method callRegister(Ljava/lang/String;Lnet/minecraft/class_1928$class_5198;Lnet/minecraft/class_1928$class_4314;)Lnet/minecraft/class_1928$class_4313; to callRegister$fabric-game-rule-api-v1_$md$359271$0 in fabric-game-rule-api-v1.mixins.json:GameRulesAccessor from mod fabric-game-rule-api-v1
[21:37:54] [main/INFO]: Renaming @Accessor method getRuleTypes()Ljava/util/Map; to getRuleTypes$fabric-game-rule-api-v1_$md$359271$1 in fabric-game-rule-api-v1.mixins.json:GameRulesAccessor from mod fabric-game-rule-api-v1
[21:37:54] [main/INFO]: Mixing GameRulesKeyMixin from fabric-game-rule-api-v1.mixins.json into net.minecraft.class_1928$class_4313
[21:37:54] [main/INFO]: Mixing GameRulesBooleanRuleAccessor from fabric-game-rule-api-v1.mixins.json into net.minecraft.class_1928$class_4310
[21:37:54] [main/INFO]: Renaming @Invoker method invokeCreate(ZLjava/util/function/BiConsumer;)Lnet/minecraft/class_1928$class_4314; to invokeCreate$fabric-game-rule-api-v1_$md$359271$0 in fabric-game-rule-api-v1.mixins.json:GameRulesBooleanRuleAccessor from mod fabric-game-rule-api-v1
[21:37:54] [main/INFO]: Mixing GameRulesIntRuleAccessor from fabric-game-rule-api-v1.mixins.json into net.minecraft.class_1928$class_4312
[21:37:54] [main/INFO]: Mixing LifecycledResourceManagerImplMixin from fabric-resource-loader-v0.mixins.json into net.minecraft.class_6861
[21:37:54] [main/INFO]: Mixing NamespaceResourceManagerAccessor from fabric-resource-loader-v0.mixins.json into net.minecraft.class_3294
[21:37:54] [main/INFO]: Renaming @Invoker method fabric$accessor_getMetadataPath(Lnet/minecraft/class_2960;)Lnet/minecraft/class_2960; to fabric$accessor_getMetadataPath$fabric-resource-loader-v0_$md$359271$0 in fabric-resource-loader-v0.mixins.json:NamespaceResourceManagerAccessor from mod fabric-resource-loader-v0
[21:37:54] [main/INFO]: Mixing NamespaceResourceManagerMixin from fabric-resource-loader-v0.mixins.json into net.minecraft.class_3294
[21:37:55] [main/INFO]: Mixing ResourceMixin from fabric-resource-loader-v0.mixins.json into net.minecraft.class_3298
[21:37:55] [main/INFO]: Mixing KeyedResourceReloadListenerMixin from fabric-resource-loader-v0.mixins.json into net.minecraft.class_1863
[21:37:55] [main/INFO]: Mixing LootPoolAccessor from fabric-loot-api-v2.mixins.json into net.minecraft.class_55
[21:37:55] [main/INFO]: Mixing LootPoolMixin from fabric-loot-tables-v1.mixins.json into net.minecraft.class_55
[21:37:55] [main/INFO]: Mixing KeyedResourceReloadListenerMixin from fabric-resource-loader-v0.mixins.json into net.minecraft.class_2989
[21:37:55] [main/INFO]: Mixing TagManagerLoaderMixin from fabric-resource-conditions-api-v1.mixins.json into net.minecraft.class_3505
[21:37:55] [main/INFO]: Mixing KeyedResourceReloadListenerMixin from fabric-resource-loader-v0.mixins.json into net.minecraft.class_3505
[21:37:55] [main/INFO]: Mixing CommandManagerMixin from fabric-command-api-v2.mixins.json into net.minecraft.class_2170
[21:37:55] [main/INFO]: Mixing CommandGate119Mixin from qizhangverdict.mixins.json into net.minecraft.class_2170
[21:37:55] [main/INFO]: Mixing GameRuleCommandAccessor from fabric-game-rule-api-v1.mixins.json into net.minecraft.class_3065
[21:37:55] [main/INFO]: Renaming @Invoker method invokeExecuteSet(Lcom/mojang/brigadier/context/CommandContext;Lnet/minecraft/class_1928$class_4313;)I to invokeExecuteSet$fabric-game-rule-api-v1_$md$359271$0 in fabric-game-rule-api-v1.mixins.json:GameRuleCommandAccessor from mod fabric-game-rule-api-v1
[21:37:55] [main/INFO]: Renaming @Invoker method invokeExecuteQuery(Lnet/minecraft/class_2168;Lnet/minecraft/class_1928$class_4313;)I to invokeExecuteQuery$fabric-game-rule-api-v1_$md$359271$1 in fabric-game-rule-api-v1.mixins.json:GameRuleCommandAccessor from mod fabric-game-rule-api-v1
[21:37:55] [main/INFO]: Mixing GameRuleCommandVisitorMixin from fabric-game-rule-api-v1.mixins.json into net.minecraft.class_3065$1
[21:37:55] [main/INFO]: Mixing HelpCommandAccessor from fabric-command-api-v2.mixins.json into net.minecraft.class_3069
[21:37:55] [main/INFO]: Renaming @Accessor method getFailedException()Lcom/mojang/brigadier/exceptions/SimpleCommandExceptionType; to getFailedException$fabric-command-api-v2_$md$359271$0 in fabric-command-api-v2.mixins.json:HelpCommandAccessor from mod fabric-command-api-v2
[21:37:55] [main/INFO]: Mixing TeleportCommandMixin from fabric-entity-events-v1.mixins.json into net.minecraft.class_3143
[21:37:56] [main/INFO]: Mixing KeyedResourceReloadListenerMixin from fabric-resource-loader-v0.mixins.json into net.minecraft.class_5349
[21:37:56] [main/INFO]: Mixing SimpleResourceReloadMixin from fabric-resource-loader-v0.mixins.json into net.minecraft.class_4014
[21:37:56] [Worker-Main-9/INFO]: Mixing NamespaceResourceManagerEntryMixin from fabric-resource-loader-v0.mixins.json into net.minecraft.class_3294$class_7083
[21:37:56] [main/INFO]: Mixing ingredient.ShapelessRecipeMixin from fabric-recipe-api-v1.mixins.json into net.minecraft.class_1867
[21:37:56] [main/INFO]: Loaded 7 recipes
[21:37:56] [main/INFO]: Mixing CriteriaAccessor from fabric-object-builder-v1.mixins.json into net.minecraft.class_174
[21:37:56] [main/INFO]: Renaming @Invoker method callRegister(Lnet/minecraft/class_179;)Lnet/minecraft/class_179; to callRegister$fabric-object-builder-api-v1_$md$359271$0 in fabric-object-builder-v1.mixins.json:CriteriaAccessor from mod fabric-object-builder-api-v1
[21:37:56] [main/INFO]: Loaded 1179 advancements
[21:37:57] [main/INFO]: Mixing PlayerManagerMixin from fabric-entity-events-v1.mixins.json into net.minecraft.class_3324
[21:37:57] [main/INFO]: Mixing PlayerManagerMixin from fabric-lifecycle-events-v1.mixins.json into net.minecraft.class_3324
[21:37:57] [main/INFO]: Mixing PlayerManagerMixin from fabric-message-api-v1.mixins.json into net.minecraft.class_3324
[21:37:57] [main/INFO]: Mixing PlayerManagerMixin from fabric-networking-api-v1.mixins.json into net.minecraft.class_3324
[21:37:57] [main/INFO]: Applied 0 biome modifications to 0 of 63 new biomes in 3.228 ms
[21:37:57] [Server thread/INFO]: QiZhangGuard started: QiZhangVerdict sessions=0, trackedIPs=0, accountPairs=0, rules=37, companion=required, vm=DENY, blacklist=DENY, rateBuckets=0, accountBans=0, deviceBans=0, deviceRequired=true. Reports are self-reported, not trusted attestation.
[21:37:58] [Server thread/INFO]: Starting minecraft server version 1.19.2
[21:37:58] [Server thread/INFO]: Loading properties
[21:37:58] [Server thread/INFO]: Default game type: SURVIVAL
[21:37:58] [Server thread/INFO]: Generating keypair
[21:37:58] [Server thread/INFO]: Starting Minecraft server on 127.0.0.1:7889
[21:37:58] [Server thread/INFO]: Using default channel type
[21:37:58] [Server thread/INFO]: Mixing ClientConnectionMixin from fabric-networking-api-v1.mixins.json into net.minecraft.class_2535
[21:37:58] [Server thread/WARN]: **** SERVER IS RUNNING IN OFFLINE/INSECURE MODE!
[21:37:58] [Server thread/WARN]: The server will make no attempt to authenticate usernames. Beware.
[21:37:58] [Server thread/WARN]: While this makes the game possible to play without internet access, it also opens up the ability for hackers to connect with any username they choose.
[21:37:58] [Server thread/WARN]: To change this, set "online-mode" to "true" in the server.properties file.
[21:37:58] [Server thread/INFO]: Preparing level "world"
[21:37:58] [Server thread/INFO]: Mixing ServerWorldServerEntityHandlerMixin from fabric-lifecycle-events-v1.mixins.json into net.minecraft.class_3218$class_5526
[21:37:58] [Server thread/INFO]: Mixing ThreadedAnvilChunkStorageMixin from fabric-lifecycle-events-v1.mixins.json into net.minecraft.class_3898
[21:37:58] [Server thread/INFO]: Mixing accessor.ThreadedAnvilChunkStorageAccessor from fabric-networking-api-v1.mixins.json into net.minecraft.class_3898
[21:37:58] [Server thread/INFO]: Mixing NoiseConfigMixin from fabric-biome-api-v1.mixins.json into net.minecraft.class_7138
[21:37:58] [Server thread/INFO]: Mixing MultiNoiseUtilMultiNoiseSamplerMixin from fabric-biome-api-v1.mixins.json into net.minecraft.class_6544$class_6552
[21:37:59] [Server thread/INFO]: Preparing start region for dimension minecraft:overworld
[21:38:00] [Worker-Main-6/INFO]: Mixing server.LanguageMixin from fabric-resource-loader-v0.mixins.json into net.minecraft.class_2477
[21:38:00] [Worker-Main-6/INFO]: Preparing spawn area: 0%
[21:38:00] [Worker-Main-5/INFO]: Preparing spawn area: 0%
[21:38:00] [Worker-Main-5/INFO]: Preparing spawn area: 0%
[21:38:00] [Worker-Main-15/INFO]: Preparing spawn area: 2%
[21:38:01] [Worker-Main-4/INFO]: Preparing spawn area: 8%
[21:38:02] [Worker-Main-3/INFO]: Preparing spawn area: 13%
[21:38:02] [Worker-Main-9/INFO]: Preparing spawn area: 29%
[21:38:02] [Worker-Main-3/INFO]: Preparing spawn area: 42%
[21:38:03] [Worker-Main-2/INFO]: Preparing spawn area: 54%
[21:38:04] [Worker-Main-13/INFO]: Preparing spawn area: 68%
[21:38:04] [Worker-Main-7/INFO]: Preparing spawn area: 81%
[21:38:04] [Worker-Main-12/INFO]: Preparing spawn area: 95%
[21:38:05] [Server thread/INFO]: Time elapsed: 5648 ms
[21:38:05] [Server thread/INFO]: Done (6.492s)! For help, type "help"
[21:38:05] [Server thread/INFO]: Mixing ChunkSerializerMixin from fabric-registry-sync-v0.mixins.json into net.minecraft.class_2852
[21:38:05] [Server thread/INFO]: QiZhangVerdict sessions=0, trackedIPs=0, accountPairs=0, rules=37, companion=required, vm=DENY, blacklist=DENY, rateBuckets=0, accountBans=0, deviceBans=0, deviceRequired=true
[21:38:06] [Server thread/INFO]: QiZhangVerdict sessions=0, trackedIPs=0, accountPairs=0, rules=37, companion=required, vm=ALERT, blacklist=DENY, rateBuckets=0, accountBans=0, deviceBans=0, deviceRequired=true
[21:38:08] [Netty Server IO #1/INFO]: Mixing ingredient.PacketEncoderMixin from fabric-recipe-api-v1.mixins.json into net.minecraft.class_2545
[21:38:08] [Netty Server IO #1/INFO]: Mixing accessor.CustomPayloadC2SPacketAccessor from fabric-networking-api-v1.mixins.json into net.minecraft.class_2817
[21:38:08] [Netty Server IO #1/INFO]: Mixing accessor.LoginQueryResponseC2SPacketAccessor from fabric-networking-api-v1.mixins.json into net.minecraft.class_2913
[21:38:08] [Server thread/INFO]: Mixing SimpleInventoryMixin from fabric-transfer-api-v1.mixins.json into net.minecraft.class_1277
[21:38:08] [Server thread/INFO]: QVBot1[/127.0.0.1:8137] logged in with entity id 1 at (7.5, -60.0, 7.5)
[21:38:08] [Server thread/INFO]: QVBot1 joined the game
[21:38:08] [Server thread/INFO]: Mixing accessor.EntityTrackerAccessor from fabric-networking-api-v1.mixins.json into net.minecraft.class_3898$class_3208
[21:38:08] [Server thread/INFO]: Mixing EntityTrackerEntryMixin from fabric-networking-api-v1.mixins.json into net.minecraft.class_3231
[21:38:09] [Server thread/INFO]: Mixing LandPathNodeMakerMixin from fabric-content-registries-v0.mixins.json into net.minecraft.class_14
[21:38:09] [Server thread/INFO]: QVBot1 lost connection: Disconnected
[21:38:09] [Server thread/INFO]: QVBot1 left the game
[21:38:10] [Server thread/INFO]: QiZhangVerdict sessions=0, trackedIPs=1, accountPairs=1, rules=37, companion=required, vm=ALERT, blacklist=DENY, rateBuckets=1, accountBans=0, deviceBans=0, deviceRequired=true
[21:38:11] [Server thread/INFO]: GateAccount[/127.0.0.1:8138] logged in with entity id 2 at (1.5, -60.0, 1.5)
[21:38:11] [Server thread/INFO]: GateAccount joined the game
[21:38:12] [Server thread/INFO]: Made GateAccount a server operator
[21:38:15] [Server thread/INFO]: [Not Secure] [GateAccount] QZ_POST_GATE
[21:38:15] [Server thread/INFO]: GateAccount lost connection: Disconnected
[21:38:15] [Server thread/INFO]: GateAccount left the game
[21:38:16] [Server thread/INFO]: Made GateAccount no longer a server operator
[21:38:17] [Server thread/INFO]: QiZhangVerdict sessions=0, trackedIPs=1, accountPairs=2, rules=37, companion=required, vm=ALERT, blacklist=DENY, rateBuckets=1, accountBans=0, deviceBans=0, deviceRequired=true
[21:38:18] [Server thread/INFO]: QVBot2[/127.0.0.1:5965] logged in with entity id 3 at (8.5, -60.0, 7.5)
[21:38:18] [Server thread/INFO]: QVBot2 joined the game
[21:38:23] [Server thread/INFO]: QVBot2 lost connection: QiZhangGuard: required companion report timed out
[21:38:23] [Server thread/INFO]: QVBot2 left the game
[21:38:24] [Server thread/INFO]: BadWire[/127.0.0.1:3853] logged in with entity id 4 at (-2.5, -60.0, 2.5)
[21:38:24] [Server thread/INFO]: BadWire joined the game
[21:38:24] [Server thread/INFO]: BadWire lost connection: Malformed or oversized companion report
[21:38:24] [Server thread/INFO]: BadWire left the game
[21:38:25] [Server thread/INFO]: BadWire[/127.0.0.1:3854] logged in with entity id 5 at (-2.5, -60.0, 2.5)
[21:38:25] [Server thread/INFO]: BadWire joined the game
[21:38:27] [Server thread/INFO]: BadWire lost connection: Disconnected
[21:38:27] [Server thread/INFO]: BadWire left the game
[21:38:27] [Server thread/INFO]: QVBot3[/127.0.0.1:3855] logged in with entity id 6 at (-9.5, -60.0, 1.5)
[21:38:27] [Server thread/INFO]: QVBot3 joined the game
[21:38:28] [Server thread/INFO]: QVBot4[/127.0.0.1:3856] logged in with entity id 7 at (1.5, -60.0, -8.5)
[21:38:28] [Server thread/INFO]: QVBot4 joined the game
[21:38:29] [Server thread/INFO]: QVBot4 lost connection: Only the configured number of accounts may use the same IP and device concurrently
[21:38:29] [Server thread/INFO]: QVBot4 left the game
[21:38:30] [Server thread/INFO]: QVBot5[/127.0.0.1:3861] logged in with entity id 8 at (0.5, -60.0, 5.5)
[21:38:30] [Server thread/INFO]: QVBot5 joined the game
[21:38:31] [Server thread/INFO]: QVBot6[/127.0.0.1:3862] logged in with entity id 9 at (6.5, -60.0, 3.5)
[21:38:31] [Server thread/INFO]: QVBot6 joined the game
[21:38:33] [Server thread/INFO]: QVBot7[/127.0.0.1:3863] logged in with entity id 10 at (7.5, -60.0, -6.5)
[21:38:33] [Server thread/INFO]: QVBot7 joined the game
[21:38:33] [Server thread/INFO]: QVBot7 lost connection: Too many simultaneous accounts from this IP
[21:38:33] [Server thread/INFO]: QVBot7 left the game
[21:38:33] [Server thread/WARN]: handleDisconnection() called twice
[21:38:34] [Server thread/INFO]: QVBot3 lost connection: Disconnected
[21:38:34] [Server thread/INFO]: QVBot3 left the game
[21:38:34] [Server thread/INFO]: QVBot5 lost connection: Disconnected
[21:38:34] [Server thread/INFO]: QVBot5 left the game
[21:38:34] [Server thread/INFO]: QVBot6 lost connection: Disconnected
[21:38:34] [Server thread/INFO]: QVBot6 left the game
[21:38:34] [Server thread/INFO]: QVBot8[/127.0.0.1:3866] logged in with entity id 11 at (9.5, -60.0, 3.5)
[21:38:34] [Server thread/INFO]: QVBot8 joined the game
[21:38:36] [Server thread/INFO]: QVBot8 lost connection: Disconnected
[21:38:36] [Server thread/INFO]: QVBot8 left the game
[21:38:36] [Server thread/INFO]: CheatAccount[/127.0.0.1:3867] logged in with entity id 12 at (-3.5, -60.0, 4.5)
[21:38:36] [Server thread/INFO]: CheatAccount joined the game
[21:38:37] [Server thread/INFO]: CheatAccount lost connection: Reported mod matches an exact server blacklist rule
[21:38:37] [Server thread/INFO]: CheatAccount left the game
[21:38:38] [Server thread/INFO]: LinkedAccount[/127.0.0.1:3868] logged in with entity id 13 at (-6.5, -60.0, 2.5)
[21:38:38] [Server thread/INFO]: LinkedAccount joined the game
[21:38:38] [Server thread/INFO]: LinkedAccount lost connection: This reported device identifier is banned
[21:38:38] [Server thread/INFO]: LinkedAccount left the game
[21:38:39] [Server thread/INFO]: CheatAccount[/127.0.0.1:3869] logged in with entity id 14 at (-3.5, -60.0, 4.5)
[21:38:39] [Server thread/INFO]: CheatAccount joined the game
[21:38:39] [Server thread/INFO]: CheatAccount lost connection: This account is banned by the server
[21:38:39] [Server thread/INFO]: CheatAccount left the game
[21:38:39] [Server thread/WARN]: handleDisconnection() called twice
[21:38:40] [Server thread/INFO]: Unbanned: true
[21:38:42] [Server thread/INFO]: Unbanned: true
[21:38:43] [Server thread/INFO]: CheatAccount[/127.0.0.1:3874] logged in with entity id 15 at (-3.5, -60.0, 4.5)
[21:38:43] [Server thread/INFO]: CheatAccount joined the game
[21:38:44] [Server thread/INFO]: CheatAccount lost connection: Disconnected
[21:38:44] [Server thread/INFO]: CheatAccount left the game
[21:38:45] [Server thread/INFO]: Added rule: 824a95a2-d1f7-40bb-b9aa-2d7128e418c4
[21:38:46] [Server thread/INFO]: QVBot9[/127.0.0.1:3876] logged in with entity id 16 at (-7.5, -60.0, -9.5)
[21:38:46] [Server thread/INFO]: QVBot9 joined the game
[21:38:46] [Server thread/INFO]: QVBot9 lost connection: Reported mod matches a server blacklist rule
[21:38:46] [Server thread/INFO]: QVBot9 left the game
[21:38:47] [Server thread/INFO]: Added rule: 900b7ca3-3ceb-4e3f-a3e9-d9db061f42f6
[21:38:49] [Server thread/INFO]: QVBot10[/127.0.0.1:1309] logged in with entity id 17 at (-7.5, -60.0, -3.5)
[21:38:49] [Server thread/INFO]: QVBot10 joined the game
[21:38:50] [Server thread/INFO]: QVBot10 lost connection: Disconnected
[21:38:50] [Server thread/INFO]: QVBot10 left the game
[21:38:51] [Server thread/INFO]: Removed: true
[21:38:52] [Server thread/INFO]: QVBot11[/127.0.0.1:1313] logged in with entity id 18 at (-9.5, -60.0, -4.5)
[21:38:52] [Server thread/INFO]: QVBot11 joined the game
[21:38:52] [Server thread/INFO]: QVBot11 lost connection: Reported mod matches a server blacklist rule
[21:38:52] [Server thread/INFO]: QVBot11 left the game
[21:38:53] [Server thread/INFO]: Removed: true
[21:38:54] [Server thread/INFO]: QVBot12[/127.0.0.1:1315] logged in with entity id 19 at (-2.5, -60.0, -6.5)
[21:38:54] [Server thread/INFO]: QVBot12 joined the game
[21:38:56] [Server thread/INFO]: QVBot12 lost connection: Disconnected
[21:38:56] [Server thread/INFO]: QVBot12 left the game
[21:38:56] [Server thread/INFO]: Added rule: 30ebfc37-0618-4d5f-bfda-e71eaf6c46d4
[21:38:58] [Server thread/INFO]: QVBot13[/127.0.0.1:1316] logged in with entity id 20 at (8.5, -60.0, 0.5)
[21:38:58] [Server thread/INFO]: QVBot13 joined the game
[21:38:58] [Server thread/INFO]: QVBot13 lost connection: Reported mod matches a server blacklist rule
[21:38:58] [Server thread/INFO]: QVBot13 left the game
[21:38:59] [Server thread/INFO]: QiZhangVerdict sessions=0, trackedIPs=1, accountPairs=16, rules=38, companion=required, vm=ALERT, blacklist=DENY, rateBuckets=1, accountBans=4, deviceBans=3, deviceRequired=true
[21:39:00] [Server thread/INFO]: QVBot14[/127.0.0.1:1321] logged in with entity id 21 at (6.5, -60.0, -0.5)
[21:39:00] [Server thread/INFO]: QVBot14 joined the game
[21:39:00] [Server thread/INFO]: QVBot14 lost connection: This IP is denied by server policy
[21:39:00] [Server thread/INFO]: QVBot14 left the game
[21:39:00] [Server thread/WARN]: handleDisconnection() called twice
[21:39:02] [Server thread/INFO]: QiZhangVerdict sessions=0, trackedIPs=1, accountPairs=16, rules=38, companion=required, vm=DENY, blacklist=DENY, rateBuckets=1, accountBans=4, deviceBans=3, deviceRequired=true
[21:39:03] [Server thread/INFO]: QVBot15[/127.0.0.1:1326] logged in with entity id 22 at (-0.5, -60.0, 2.5)
[21:39:03] [Server thread/INFO]: QVBot15 joined the game
[21:39:04] [Server thread/INFO]: QVBot15 lost connection: Companion reported a virtual machine indicator
[21:39:04] [Server thread/INFO]: QVBot15 left the game
[21:39:04] [Server thread/INFO]: QVBot16[/127.0.0.1:1330] logged in with entity id 23 at (6.5, -60.0, 4.5)
[21:39:04] [Server thread/INFO]: QVBot16 joined the game
[21:39:05] [Server thread/INFO]: Report decision player=edc8f3dc-ba2e-3999-9748-0637a3718bb0 code=VM_UNKNOWN message=VM status is unknown or has only inconclusive indicators
[21:39:06] [Server thread/INFO]: QVBot16 lost connection: Disconnected
[21:39:06] [Server thread/INFO]: QVBot16 left the game
[21:39:06] [Server thread/INFO]: QiZhangVerdict sessions=0, trackedIPs=1, accountPairs=18, rules=38, companion=required, vm=ALERT, blacklist=DENY, rateBuckets=1, accountBans=5, deviceBans=4, deviceRequired=true
[21:39:07] [Server thread/INFO]: QVBot17[/127.0.0.1:1332] logged in with entity id 24 at (-5.5, -60.0, -5.5)
[21:39:07] [Server thread/INFO]: QVBot17 joined the game
[21:39:09] [Server thread/INFO]: QVBot18[/127.0.0.1:1333] logged in with entity id 25 at (-3.5, -60.0, 6.5)
[21:39:09] [Server thread/INFO]: QVBot18 joined the game
[21:39:10] [Server thread/INFO]: QVBot19[/127.0.0.1:1336] logged in with entity id 26 at (1.5, -60.0, -9.5)
[21:39:10] [Server thread/INFO]: QVBot19 joined the game
[21:39:10] [Server thread/INFO]: QVBot19 lost connection: Too many simultaneous accounts from this IP
[21:39:10] [Server thread/INFO]: QVBot19 left the game
[21:39:11] [Server thread/INFO]: QVBot17 lost connection: Disconnected
[21:39:11] [Server thread/INFO]: QVBot17 left the game
[21:39:11] [Server thread/INFO]: QVBot18 lost connection: Disconnected
[21:39:11] [Server thread/INFO]: QVBot18 left the game
[21:39:12] [Server thread/INFO]: Page 1/1
06205eb0-363d-35e3-8c60-8c1ef8b83c9c	BLACKLIST_DENIED
15519aaa-3950-3430-bc9c-c0c7c47a9cf3	BLACKLIST_DENIED
87b706ea-8c04-3118-b4cc-2d720ee925df	VM_DENIED
b791d91a-dbdc-3a65-a036-fc39d6993ac9	DEVICE_BANNED
d8c92e3a-17df-39d2-a36d-e08c0d1aab2e	BLACKLIST_DENIED
device:0723e1710c0a08646895f23b3eaf0153e6fb1d316ec121abe3e842cbff565460	VM_DENIED
device:746caab8fda1c4e339d0724f9fb70b2d52b533cbfce2a0a2b98a039648cbf174	BLACKLIST_DENIED
device:d6578071b2c3a3ef93925882a0215c31812b6db116703c2082e07adec5a2499e	BLACKLIST_DENIED
device:fb7f23f1518fc50a1bfa07fc581a2f340c89a3596042f418617b9dd66614e239	BLACKLIST_DENIED
[21:39:13] [Server thread/INFO]: Page 1/4
legacy:automation:baritoe	BLACK	MOD	EXACT	baritoe	ALERT
legacy:automation:baritone	BLACK	MOD	EXACT	baritone	ALERT
legacy:mod:advanced-xray-fabric	BLACK	MOD	EXACT	advanced-xray-fabric	DENY
legacy:mod:aegis	BLACK	MOD	EXACT	aegis	DENY
legacy:mod:alien	BLACK	MOD	EXACT	alien	DENY
legacy:mod:aoba	BLACK	MOD	EXACT	aoba	DENY
legacy:mod:ares	BLACK	MOD	EXACT	ares	DENY
legacy:mod:atianxray	BLACK	MOD	EXACT	atianxray	ALERT
legacy:mod:blackout	BLACK	MOD	EXACT	blackout	DENY
legacy:mod:bleachhack	BLACK	MOD	EXACT	bleachhack	DENY
[21:39:15] [Server thread/INFO]: Stopping the server
[21:39:15] [Server thread/INFO]: Stopping server
[21:39:15] [Server thread/INFO]: Saving players
[21:39:15] [Server thread/INFO]: Saving worlds
[21:39:16] [Server thread/INFO]: Saving chunks for level 'ServerLevel[world]'/minecraft:overworld
[21:39:16] [Server thread/INFO]: Saving chunks for level 'ServerLevel[world]'/minecraft:the_nether
[21:39:16] [Server thread/INFO]: Saving chunks for level 'ServerLevel[world]'/minecraft:the_end
[21:39:16] [Server thread/INFO]: ThreadedAnvilChunkStorage (world): All chunks are saved
[21:39:16] [Server thread/INFO]: ThreadedAnvilChunkStorage (DIM-1): All chunks are saved
[21:39:16] [Server thread/INFO]: ThreadedAnvilChunkStorage (DIM1): All chunks are saved
[21:39:16] [Server thread/INFO]: ThreadedAnvilChunkStorage: All dimensions are saved
