Picked up JAVA_TOOL_OPTIONS: -Dqzguard.testDir=/home/runner/work/_temp/qizhang-modern/mods-1.21.1/core-tests
To honour the JVM settings for this build a single-use Daemon process will be forked. For more on this, please refer to https://docs.gradle.org/8.14.1/userguide/gradle_daemon.html#sec:disabling_the_daemon in the Gradle documentation.
Daemon will be stopped at the end of the build 

> Configure project :
Architect Plugin: 3.4.164
Architectury Loom: 1.11.456
This version of Architectury Loom is in beta! Please report any issues you encounter: https://github.com/architectury/architectury-loom/issues
duplicate input class net/fabricmc/fabric/mixin/tag/package-info, from /home/runner/.gradle/caches/modules-2/files-2.1/net.fabricmc.fabric-api/fabric-convention-tags-v2/2.12.0+c3656daa19/45cd5f071ec42e13b8b6ce15c8f83db322da2494/fabric-convention-tags-v2-2.12.0+c3656daa19.jar and /home/runner/.gradle/caches/modules-2/files-2.1/net.fabricmc.fabric-api/fabric-tag-api-v1/1.3.0+1eb36c0719/ba08d91572b12cd23a2d7a193ed45c26f8da62b0/fabric-tag-api-v1-1.3.0+1eb36c0719.jar

> Configure project :fabric
:remapped 51 mods (intermediary -> named) in 1.456 s

> Task :fabric:compileJava FROM-CACHE
> Task :fabric:processResources
> Task :fabric:classes
> Task :fabric:jar
> Task :fabric:compileTestJava FROM-CACHE
> Task :fabric:processIncludeJars
> Task :fabric:remapJar
> Task :fabric:sourcesJar
> Task :fabric:remapSourcesJar
> Task :fabric:assemble
> Task :fabric:processTestResources NO-SOURCE
> Task :fabric:testClasses UP-TO-DATE
> Task :fabric:test FROM-CACHE
> Task :fabric:validateAccessWidener NO-SOURCE
> Task :fabric:check UP-TO-DATE
> Task :fabric:build
> Task :neoforge:compileJava FROM-CACHE
> Task :neoforge:processResources
> Task :neoforge:classes
> Task :neoforge:jar
> Task :neoforge:processIncludeJars
> Task :neoforge:remapJar
> Task :neoforge:sourcesJar
> Task :neoforge:remapSourcesJar
> Task :neoforge:assemble
> Task :neoforge:compileTestJava FROM-CACHE
> Task :neoforge:processTestResources NO-SOURCE
> Task :neoforge:testClasses UP-TO-DATE
> Task :neoforge:test FROM-CACHE
> Task :neoforge:validateAccessWidener NO-SOURCE
> Task :neoforge:check UP-TO-DATE
> Task :neoforge:build

> Task :fabric:commandParserSmoke
Picked up JAVA_TOOL_OPTIONS: -Dqzguard.testDir=/home/runner/work/_temp/qizhang-modern/mods-1.21.1/core-tests
PASS: production command tree accepts unquoted device digests and legacy rule IDs, glob spaces and ban reasons; rejects non-admin access and invalid pages
gradle/actions: Writing build results to /home/runner/work/_temp/.gradle-actions/build-results/__run-1790340530196.json

[Incubating] Problems report is available at: file:///home/runner/work/QiZhangVerdict/QiZhangVerdict/platforms/1.21.1/build/reports/problems/problems-report.html

Deprecated Gradle features were used in this build, making it incompatible with Gradle 9.0.

You can use '--warning-mode all' to show the individual deprecation warnings and determine if they come from your own scripts or plugins.

For more on this, please refer to https://docs.gradle.org/8.14.1/userguide/command_line_interface.html#sec:command_line_warnings in the Gradle documentation.

BUILD SUCCESSFUL in 23s
19 actionable tasks: 13 executed, 6 from cache
