  <log4j:Event logger="cpw.mods.modlauncher.Launcher" timestamp="1790593194148" level="INFO" thread="main">
    <log4j:Message><![CDATA[ModLauncher running: args [--username, Verdict1206, --version, neoforge-20.6.141, --gameDir, E:\CodexTemp\QiZhangVerdict\compat-1.20.6\client-fixtures\neoforge-1.20.6\runs\candidate-42-01\client-game, --assetsDir, E:\CodexTemp\QiZhangVerdict\compat-1.20.6\runtime-inputs-01\assets, --assetIndex, 16, --uuid, a10d9ac2-14be-36a0-b1a0-51374815fd80, --accessToken, ‚ùÑ‚ùÑ‚ùÑ‚ùÑ‚ùÑ‚ùÑ‚ùÑ‚ùÑ, --userType, legacy, --versionType, release, --width, 640, --height, 360, --quickPlayMultiplayer, 127.0.0.1:25742, --fml.neoForgeVersion, 20.6.141, --fml.fmlVersion, 3.0.45, --fml.mcVersion, 1.20.6, --fml.neoFormVersion, 20240627.102356, --launchTarget, forgeclient]]]></log4j:Message>
  </log4j:Event>
  <log4j:Event logger="cpw.mods.modlauncher.Launcher" timestamp="1790593194152" level="INFO" thread="main">
    <log4j:Message><![CDATA[JVM identified as Oracle Corporation Java HotSpot(TM) 64-Bit Server VM 21.0.8+12-LTS-250]]></log4j:Message>
  </log4j:Event>
  <log4j:Event logger="cpw.mods.modlauncher.Launcher" timestamp="1790593194153" level="INFO" thread="main">
    <log4j:Message><![CDATA[ModLauncher 11.0.2+main.4612c65f starting: java version 21.0.8 by Oracle Corporation; OS Windows 11 arch amd64 version 10.0]]></log4j:Message>
  </log4j:Event>
  <log4j:Event logger="net.neoforged.fml.loading.FMLConfig" timestamp="1790593194234" level="WARN" thread="main">
    <log4j:Message><![CDATA[Configuration file E:\CodexTemp\QiZhangVerdict\compat-1.20.6\client-fixtures\neoforge-1.20.6\runs\candidate-42-01\client-game\config\fml.toml is not correct. Correcting]]></log4j:Message>
  </log4j:Event>
  <log4j:Event logger="net.neoforged.fml.loading.FMLConfig" timestamp="1790593194235" level="INFO" thread="main">
    <log4j:Message><![CDATA[Incorrect key [disableConfigWatcher] was corrected from null to false]]></log4j:Message>
  </log4j:Event>
  <log4j:Event logger="net.neoforged.fml.loading.FMLConfig" timestamp="1790593194235" level="INFO" thread="main">
    <log4j:Message><![CDATA[Incorrect key [earlyWindowSkipGLVersions] was corrected from null to []]]></log4j:Message>
  </log4j:Event>
  <log4j:Event logger="net.neoforged.fml.loading.FMLConfig" timestamp="1790593194236" level="INFO" thread="main">
    <log4j:Message><![CDATA[Incorrect key [earlyWindowSquir] was corrected from null to false]]></log4j:Message>
  </log4j:Event>
  <log4j:Event logger="net.neoforged.fml.loading.ImmediateWindowHandler" timestamp="1790593194266" level="INFO" thread="main">
    <log4j:Message><![CDATA[Loading ImmediateWindowProvider fmlearlywindow]]></log4j:Message>
  </log4j:Event>
  <log4j:Event logger="EARLYDISPLAY" timestamp="1790593194408" level="INFO" thread="main">
    <log4j:Message><![CDATA[Trying GL version 4.6]]></log4j:Message>
  </log4j:Event>
  <log4j:Event logger="EARLYDISPLAY" timestamp="1790593194849" level="INFO" thread="main">
    <log4j:Message><![CDATA[Requested GL version 4.6 got version 4.6]]></log4j:Message>
  </log4j:Event>
  <log4j:Event logger="mixin" timestamp="1790593194996" level="INFO" thread="main">
    <log4j:Message><![CDATA[SpongePowered MIXIN Subsystem Version=0.8.5 Source=union:/E:/CodexTemp/QiZhangVerdict/compat-1.20.6/client-fixtures/neoforge-1.20.6/base-42-01/libraries/net/fabricmc/sponge-mixin/0.13.4+mixin.0.8.5/sponge-mixin-0.13.4+mixin.0.8.5.jar%23180!/ Service=ModLauncher Env=CLIENT]]></log4j:Message>
  </log4j:Event>
  <log4j:Event logger="EARLYDISPLAY" timestamp="1790593195255" level="INFO" thread="pool-2-thread-1">
    <log4j:Message><![CDATA[GL info: AMD Radeon(TM) Graphics GL version 4.6.0 Core Profile Context 22.40.84.06.231130, ATI Technologies Inc.]]></log4j:Message>
  </log4j:Event>
  <log4j:Event logger="net.neoforged.fml.loading.moddiscovery.ModDiscoverer" timestamp="1790593195557" level="INFO" thread="main">
    <log4j:Message><![CDATA[Found mod file "client-1.20.6-20240627.102356-srg.jar" [locator: production client provider +net.neoforged:neoforge:20.6.141:client]]]></log4j:Message>
  </log4j:Event>
  <log4j:Event logger="net.neoforged.fml.loading.moddiscovery.ModDiscoverer" timestamp="1790593195572" level="INFO" thread="main">
    <log4j:Message><![CDATA[Found mod file "neoforge-20.6.141-universal.jar" [locator: PathBasedLocator[name=neoforge, paths=[E:\CodexTemp\QiZhangVerdict\compat-1.20.6\client-fixtures\neoforge-1.20.6\base-42-01\libraries\net\neoforged\neoforge\20.6.141\neoforge-20.6.141-universal.jar]], reader: mod manifest]]]></log4j:Message>
  </log4j:Event>
  <log4j:Event logger="net.neoforged.fml.loading.moddiscovery.ModDiscoverer" timestamp="1790593195587" level="INFO" thread="main">
    <log4j:Message><![CDATA[Found mod file "qizhangverdict-neoforge-1.20.6-0.5.0-dev.jar" [locator: {mods folder locator at E:\CodexTemp\QiZhangVerdict\compat-1.20.6\client-fixtures\neoforge-1.20.6\runs\candidate-42-01\client-game\mods}, reader: mod manifest]]]></log4j:Message>
  </log4j:Event>
  <log4j:Event logger="net.neoforged.fml.loading.moddiscovery.locators.JarInJarDependencyLocator" timestamp="1790593195712" level="INFO" thread="main">
    <log4j:Message><![CDATA[Found 1 dependencies adding them to mods collection]]></log4j:Message>
  </log4j:Event>
  <log4j:Event logger="net.neoforged.fml.loading.moddiscovery.ModDiscoverer" timestamp="1790593195712" level="INFO" thread="main">
    <log4j:Message><![CDATA[Found gamelibrary file "mixinextras-neoforge-0.4.1.jar" [parent: neoforge-20.6.141-universal.jar, locator: jarinjar, reader: mod manifest]]]></log4j:Message>
  </log4j:Event>
  <log4j:Event logger="net.neoforged.fml.loading.FMLServiceProvider" timestamp="1790593195887" level="INFO" thread="main">
    <log4j:Message><![CDATA[Loading coremod script-engine for [neoforge]]]></log4j:Message>
  </log4j:Event>
  <log4j:Event logger="mixin" timestamp="1790593197052" level="INFO" thread="main">
    <log4j:Message><![CDATA[Compatibility level set to JAVA_21]]></log4j:Message>
  </log4j:Event>
  <log4j:Event logger="cpw.mods.modlauncher.LaunchServiceHandler" timestamp="1790593197056" level="INFO" thread="main">
    <log4j:Message><![CDATA[Launching target 'forgeclient' with arguments [--version, neoforge-20.6.141, --gameDir, E:\CodexTemp\QiZhangVerdict\compat-1.20.6\client-fixtures\neoforge-1.20.6\runs\candidate-42-01\client-game, --assetsDir, E:\CodexTemp\QiZhangVerdict\compat-1.20.6\runtime-inputs-01\assets, --uuid, a10d9ac2-14be-36a0-b1a0-51374815fd80, --username, Verdict1206, --assetIndex, 16, --accessToken, ‚ùÑ‚ùÑ‚ùÑ‚ùÑ‚ùÑ‚ùÑ‚ùÑ‚ùÑ, --userType, legacy, --versionType, release, --width, 640, --height, 360, --quickPlayMultiplayer, 127.0.0.1:25742]]]></log4j:Message>
  </log4j:Event>
WARN StatusConsoleListener Error parsing URI E:\CodexTemp\QiZhangVerdict\compat-1.20.6\runtime-inputs-01\assets\log_configs\client-1.12.xml
WARN StatusConsoleListener Advanced terminal features are not available in this environment
[20:00:02] [Datafixer Bootstrap/INFO] [mojang/DataFixerBuilder]: 225 Datafixer optimizations took 257 milliseconds
[20:00:03] [Render thread/WARN] [minecraft/VanillaPackResourcesBuilder]: Assets URL 'union:/E:/CodexTemp/QiZhangVerdict/compat-1.20.6/client-fixtures/neoforge-1.20.6/base-42-01/libraries/net/minecraft/client/1.20.6-20240627.102356/client-1.20.6-20240627.102356-srg.jar%23184!/assets/.mcassetsroot' uses unexpected schema
[20:00:03] [Render thread/WARN] [minecraft/VanillaPackResourcesBuilder]: Assets URL 'union:/E:/CodexTemp/QiZhangVerdict/compat-1.20.6/client-fixtures/neoforge-1.20.6/base-42-01/libraries/net/minecraft/client/1.20.6-20240627.102356/client-1.20.6-20240627.102356-srg.jar%23184!/data/.mcassetsroot' uses unexpected schema
[20:00:03] [Render thread/INFO] [mojang/YggdrasilAuthenticationService]: Environment: Environment[sessionHost=https://sessionserver.mojang.com, servicesHost=https://api.minecraftservices.com, name=PROD]
[20:00:03] [Render thread/INFO] [minecraft/Minecraft]: Setting user: Verdict1206
[20:00:03] [Render thread/INFO] [minecraft/Minecraft]: Backend library: LWJGL version 3.3.3+5
[20:00:04] [modloading-worker-0/INFO] [ne.ne.ne.co.NeoForgeMod/NEOFORGE-MOD]: NeoForge mod loading, version 20.6.141, for MC 1.20.6
[20:00:04] [Render thread/INFO] [minecraft/ReloadableResourceManager]: Reloading ResourceManager: vanilla, mod_resources, mod/qizhangverdict, mod/neoforge
[20:00:05] [Worker-Main-13/INFO] [minecraft/UnihexProvider]: Found unifont_all_no_pua-15.1.04.hex, loading
[20:00:05] [Render thread/WARN] [ne.ne.ne.co.ModConfigSpec/CORE]: Configuration file E:\CodexTemp\QiZhangVerdict\compat-1.20.6\client-fixtures\neoforge-1.20.6\runs\candidate-42-01\client-game\config\neoforge-client.toml is not correct. Correcting
[20:00:05] [Render thread/WARN] [ne.ne.ne.co.ModConfigSpec/CORE]: Incorrect key client was corrected from null to its default, SimpleCommentedConfig:{}. 
[20:00:05] [Render thread/WARN] [ne.ne.ne.co.ModConfigSpec/CORE]: Incorrect key client.experimentalForgeLightPipelineEnabled was corrected from null to its default, false. 
[20:00:05] [Render thread/WARN] [ne.ne.ne.co.ModConfigSpec/CORE]: Incorrect key client.showLoadWarnings was corrected from null to its default, true. 
[20:00:05] [Render thread/WARN] [ne.ne.ne.co.ModConfigSpec/CORE]: Incorrect key client.useCombinedDepthStencilAttachment was corrected from null to its default, false. 
[20:00:05] [Render thread/WARN] [ne.ne.ne.co.ModConfigSpec/CORE]: Configuration file E:\CodexTemp\QiZhangVerdict\compat-1.20.6\client-fixtures\neoforge-1.20.6\runs\candidate-42-01\client-game\config\neoforge-common.toml is not correct. Correcting
[20:00:05] [Render thread/WARN] [ne.ne.ne.co.ModConfigSpec/CORE]: Incorrect key general was corrected from null to its default, SimpleCommentedConfig:{}. 
[20:00:05] [Render thread/WARN] [ne.ne.ne.co.ModConfigSpec/CORE]: Incorrect key general.logUntranslatedItemTagWarnings was corrected from null to its default, SILENCED. 
[20:00:05] [Render thread/WARN] [ne.ne.ne.co.ModConfigSpec/CORE]: Incorrect key general.logLegacyTagWarnings was corrected from null to its default, DEV_SHORT. 
[20:00:05] [Worker-Main-2/INFO] [minecraft/UnihexProvider]: Found unifont_jp_patch-15.1.04.hex, loading
[20:00:06] [Render thread/WARN] [minecraft/SoundEngine]: Missing sound for event: minecraft:item.goat_horn.play
[20:00:06] [Render thread/WARN] [minecraft/SoundEngine]: Missing sound for event: minecraft:entity.goat.screaming.horn_break
[20:00:06] [Render thread/INFO] [mojang/Library]: OpenAL initialized on device OpenAL Soft on —Ô…˘∆˜ (UU‘∂≥Ã–Èƒ‚“Ù∆µ…Ë±∏)
[20:00:06] [Render thread/INFO] [minecraft/SoundEngine]: Sound engine started
[20:00:06] [Render thread/INFO] [minecraft/TextureAtlas]: Created: 1024x512x4 minecraft:textures/atlas/blocks.png-atlas
[20:00:06] [Render thread/INFO] [minecraft/TextureAtlas]: Created: 256x256x4 minecraft:textures/atlas/signs.png-atlas
[20:00:06] [Render thread/INFO] [minecraft/TextureAtlas]: Created: 512x512x4 minecraft:textures/atlas/banner_patterns.png-atlas
[20:00:06] [Render thread/INFO] [minecraft/TextureAtlas]: Created: 512x512x4 minecraft:textures/atlas/shield_patterns.png-atlas
[20:00:06] [Render thread/INFO] [minecraft/TextureAtlas]: Created: 1024x1024x4 minecraft:textures/atlas/armor_trims.png-atlas
[20:00:06] [Render thread/INFO] [minecraft/TextureAtlas]: Created: 256x256x4 minecraft:textures/atlas/chest.png-atlas
[20:00:06] [Render thread/INFO] [minecraft/TextureAtlas]: Created: 128x64x4 minecraft:textures/atlas/decorated_pot.png-atlas
[20:00:06] [Render thread/INFO] [minecraft/TextureAtlas]: Created: 512x256x4 minecraft:textures/atlas/beds.png-atlas
[20:00:06] [Render thread/INFO] [minecraft/TextureAtlas]: Created: 512x256x4 minecraft:textures/atlas/shulker_boxes.png-atlas
[20:00:07] [Render thread/INFO] [minecraft/TextureAtlas]: Created: 512x256x0 minecraft:textures/atlas/particles.png-atlas
[20:00:07] [Render thread/INFO] [minecraft/TextureAtlas]: Created: 256x256x0 minecraft:textures/atlas/paintings.png-atlas
[20:00:07] [Render thread/INFO] [minecraft/TextureAtlas]: Created: 256x128x0 minecraft:textures/atlas/mob_effects.png-atlas
[20:00:07] [Render thread/INFO] [minecraft/TextureAtlas]: Created: 64x64x0 minecraft:textures/atlas/map_decorations.png-atlas
[20:00:07] [Render thread/INFO] [minecraft/TextureAtlas]: Created: 1024x512x0 minecraft:textures/atlas/gui.png-atlas
[20:00:07] [Render thread/WARN] [minecraft/ShaderInstance]: Shader rendertype_entity_translucent_emissive could not find sampler named Sampler2 in the specified shader program.
[20:00:07] [Render thread/INFO] [minecraft/ConnectScreen]: Connecting to 127.0.0.1, 25742
[20:00:09] [Render thread/INFO] [MixinExtras|Service/]: Initializing MixinExtras via com.llamalad7.mixinextras.service.MixinExtrasServiceImpl(version=0.4.1).
[20:00:09] [Render thread/INFO] [minecraft/AdvancementTree]: Loaded 2 advancements
[20:00:11] [Render thread/INFO] [minecraft/ChatComponent]: [System] [CHAT] [Server] QZ_GUI_SURVIVAL_6764e4c4d00ed177
[20:00:42] [Render thread/INFO] [minecraft/ChatComponent]: [System] [CHAT] Saved screenshot as 2026-09-28_20.00.42.png
[20:01:12] [Render thread/INFO] [minecraft/ChatComponent]: [System] [CHAT] [Server] QZ_GUI_SURVIVAL_04e255ecba36e47b
[20:01:12] [Render thread/INFO] [minecraft/Minecraft]: Stopping!
