WARN StatusConsoleListener The use of package scanning to locate plugins is deprecated and will be removed in a future release
WARN StatusConsoleListener The use of package scanning to locate plugins is deprecated and will be removed in a future release
WARN StatusConsoleListener The use of package scanning to locate plugins is deprecated and will be removed in a future release
WARN StatusConsoleListener The use of package scanning to locate plugins is deprecated and will be removed in a future release
[19:59:38.179] [main/INFO] [Launcher/MODLAUNCHER]: ModLauncher running: args [--launchTarget, forgeserver, --fml.neoForgeVersion, 20.6.141, --fml.fmlVersion, 3.0.45, --fml.mcVersion, 1.20.6, --fml.neoFormVersion, 20240627.102356, nogui] 
[19:59:38.183] [main/INFO] [Launcher/MODLAUNCHER]: JVM identified as Oracle Corporation Java HotSpot(TM) 64-Bit Server VM 21.0.8+12-LTS-250 
[19:59:38.184] [main/INFO] [Launcher/MODLAUNCHER]: ModLauncher 11.0.2+main.4612c65f starting: java version 21.0.8 by Oracle Corporation; OS Windows 11 arch amd64 version 10.0 
[19:59:38.285] [main/WARN] [loading.FMLConfig/CORE]: Configuration file E:\CodexTemp\QiZhangVerdict\compat-1.20.6\client-fixtures\neoforge-1.20.6\runs\candidate-42-01\server\config\fml.toml is not correct. Correcting 
[19:59:38.286] [main/INFO] [loading.FMLConfig/CORE]: Incorrect key [disableConfigWatcher] was corrected from null to false 
[19:59:38.287] [main/INFO] [loading.FMLConfig/CORE]: Incorrect key [earlyWindowSkipGLVersions] was corrected from null to [] 
[19:59:38.287] [main/INFO] [loading.FMLConfig/CORE]: Incorrect key [earlyWindowSquir] was corrected from null to false 
[19:59:38.321] [main/INFO] [loading.ImmediateWindowHandler/]: ImmediateWindowProvider not loading because launch target is forgeserver 
[19:59:38.386] [main/INFO] [mixin/]: SpongePowered MIXIN Subsystem Version=0.8.5 Source=union:/E:/CodexTemp/QiZhangVerdict/compat-1.20.6/client-fixtures/neoforge-1.20.6/runs/candidate-42-01/server/libraries/net/fabricmc/sponge-mixin/0.13.4+mixin.0.8.5/sponge-mixin-0.13.4+mixin.0.8.5.jar%2377!/ Service=ModLauncher Env=SERVER 
[19:59:38.570] [main/INFO] [loading.moddiscovery.ModDiscoverer/SCAN]: Found mod file "server-1.20.6-20240627.102356-srg.jar" [locator: production server provider +net.neoforged:neoforge:20.6.141:server] 
[19:59:38.588] [main/INFO] [loading.moddiscovery.ModDiscoverer/SCAN]: Found mod file "neoforge-20.6.141-universal.jar" [locator: PathBasedLocator[name=neoforge, paths=[libraries\net\neoforged\neoforge\20.6.141\neoforge-20.6.141-universal.jar]], reader: mod manifest] 
[19:59:38.609] [main/INFO] [loading.moddiscovery.ModDiscoverer/SCAN]: Found mod file "qizhangverdict-neoforge-1.20.6-0.5.0-dev.jar" [locator: {mods folder locator at E:\CodexTemp\QiZhangVerdict\compat-1.20.6\client-fixtures\neoforge-1.20.6\runs\candidate-42-01\server\mods}, reader: mod manifest] 
[19:59:38.766] [main/INFO] [loading.moddiscovery.locators.JarInJarDependencyLocator/]: Found 1 dependencies adding them to mods collection 
[19:59:38.766] [main/INFO] [loading.moddiscovery.ModDiscoverer/SCAN]: Found gamelibrary file "mixinextras-neoforge-0.4.1.jar" [parent: neoforge-20.6.141-universal.jar, locator: jarinjar, reader: mod manifest] 
[19:59:38.913] [main/INFO] [loading.FMLServiceProvider/CORE]: Loading coremod script-engine for [neoforge] 
[19:59:39.822] [main/INFO] [mixin/]: Compatibility level set to JAVA_21 
[19:59:39.839] [main/INFO] [LaunchServiceHandler/MODLAUNCHER]: Launching target 'forgeserver' with arguments [nogui] 
WARN StatusConsoleListener The use of package scanning to locate plugins is deprecated and will be removed in a future release
WARN StatusConsoleListener The use of package scanning to locate plugins is deprecated and will be removed in a future release
WARN StatusConsoleListener The use of package scanning to locate plugins is deprecated and will be removed in a future release
WARN StatusConsoleListener The use of package scanning to locate plugins is deprecated and will be removed in a future release
WARN StatusConsoleListener Advanced terminal features are not available in this environment
[19:59:46] [modloading-worker-0/INFO] [ne.ne.ne.co.NeoForgeMod/NEOFORGE-MOD]: NeoForge mod loading, version 20.6.141, for MC 1.20.6
[19:59:46] [modloading-sync-worker/WARN] [ne.ne.ne.co.ModConfigSpec/CORE]: Configuration file E:\CodexTemp\QiZhangVerdict\compat-1.20.6\client-fixtures\neoforge-1.20.6\runs\candidate-42-01\server\config\neoforge-common.toml is not correct. Correcting
[19:59:46] [modloading-sync-worker/WARN] [ne.ne.ne.co.ModConfigSpec/CORE]: Incorrect key general was corrected from null to its default, SimpleCommentedConfig:{}. 
[19:59:46] [modloading-sync-worker/WARN] [ne.ne.ne.co.ModConfigSpec/CORE]: Incorrect key general.logUntranslatedItemTagWarnings was corrected from null to its default, SILENCED. 
[19:59:46] [modloading-sync-worker/WARN] [ne.ne.ne.co.ModConfigSpec/CORE]: Incorrect key general.logLegacyTagWarnings was corrected from null to its default, DEV_SHORT. 
[19:59:47] [main/INFO] [mojang/YggdrasilAuthenticationService]: Environment: Environment[sessionHost=https://sessionserver.mojang.com, servicesHost=https://api.minecraftservices.com, name=PROD]
[19:59:47] [main/WARN] [minecraft/VanillaPackResourcesBuilder]: Assets URL 'union:/E:/CodexTemp/QiZhangVerdict/compat-1.20.6/client-fixtures/neoforge-1.20.6/runs/candidate-42-01/server/libraries/net/minecraft/server/1.20.6-20240627.102356/server-1.20.6-20240627.102356-srg.jar%23123!/assets/.mcassetsroot' uses unexpected schema
[19:59:47] [main/WARN] [minecraft/VanillaPackResourcesBuilder]: Assets URL 'union:/E:/CodexTemp/QiZhangVerdict/compat-1.20.6/client-fixtures/neoforge-1.20.6/runs/candidate-42-01/server/libraries/net/minecraft/server/1.20.6-20240627.102356/server-1.20.6-20240627.102356-srg.jar%23123!/data/.mcassetsroot' uses unexpected schema
[19:59:47] [main/INFO] [minecraft/Main]: No existing world data, creating new world
[19:59:47] [Worker-Main-2/INFO] [MixinExtras|Service/]: Initializing MixinExtras via com.llamalad7.mixinextras.service.MixinExtrasServiceImpl(version=0.4.1).
[19:59:48] [main/INFO] [minecraft/RecipeManager]: Loaded 1175 recipes
[19:59:48] [main/INFO] [minecraft/AdvancementTree]: Loaded 1276 advancements
[19:59:49] [Server thread/INFO] [minecraft/DedicatedServer]: Starting minecraft server version 1.20.6
[19:59:49] [Server thread/INFO] [minecraft/DedicatedServer]: Loading properties
[19:59:49] [Server thread/INFO] [minecraft/DedicatedServer]: Default game type: SURVIVAL
[19:59:49] [Server thread/INFO] [minecraft/MinecraftServer]: Generating keypair
[19:59:49] [Server thread/INFO] [minecraft/DedicatedServer]: Starting Minecraft server on 127.0.0.1:25742
[19:59:49] [Server thread/INFO] [minecraft/ServerConnectionListener]: Using default channel type
[19:59:49] [Server thread/WARN] [minecraft/DedicatedServer]: **** SERVER IS RUNNING IN OFFLINE/INSECURE MODE!
[19:59:49] [Server thread/WARN] [minecraft/DedicatedServer]: The server will make no attempt to authenticate usernames. Beware.
[19:59:49] [Server thread/WARN] [minecraft/DedicatedServer]: While this makes the game possible to play without internet access, it also opens up the ability for hackers to connect with any username they choose.
[19:59:49] [Server thread/WARN] [minecraft/DedicatedServer]: To change this, set "online-mode" to "true" in the server.properties file.
[19:59:49] [Server thread/WARN] [ne.ne.ne.co.ModConfigSpec/CORE]: Configuration file E:\CodexTemp\QiZhangVerdict\compat-1.20.6\client-fixtures\neoforge-1.20.6\runs\candidate-42-01\server\config\neoforge-server.toml is not correct. Correcting
[19:59:49] [Server thread/WARN] [ne.ne.ne.co.ModConfigSpec/CORE]: Incorrect key server was corrected from null to its default, SimpleCommentedConfig:{}. 
[19:59:49] [Server thread/WARN] [ne.ne.ne.co.ModConfigSpec/CORE]: Incorrect key server.removeErroringBlockEntities was corrected from null to its default, false. 
[19:59:49] [Server thread/WARN] [ne.ne.ne.co.ModConfigSpec/CORE]: Incorrect key server.removeErroringEntities was corrected from null to its default, false. 
[19:59:49] [Server thread/WARN] [ne.ne.ne.co.ModConfigSpec/CORE]: Incorrect key server.fullBoundingBoxLadders was corrected from null to its default, false. 
[19:59:49] [Server thread/WARN] [ne.ne.ne.co.ModConfigSpec/CORE]: Incorrect key server.permissionHandler was corrected from null to its default, neoforge:default_handler. 
[19:59:49] [Server thread/WARN] [ne.ne.ne.co.ModConfigSpec/CORE]: Incorrect key server.advertiseDedicatedServerToLan was corrected from null to its default, true. 
[19:59:49] [Server thread/INFO] [minecraft/DedicatedServer]: Preparing level "world"
[19:59:49] [Server thread/INFO] [minecraft/MinecraftServer]: Preparing start region for dimension minecraft:overworld
[19:59:49] [Worker-Main-10/INFO] [minecraft/LoggerChunkProgressListener]: Preparing spawn area: 2%
[19:59:50] [Server thread/INFO] [minecraft/LoggerChunkProgressListener]: Time elapsed: 380 ms
[19:59:50] [Server thread/INFO] [minecraft/DedicatedServer]: Done (0.885s)! For help, type "help"
[19:59:50] [LanServerPinger #1/WARN] [minecraft/LanServerPinger]: LanServerPinger: Network is unreachable: sendto
[19:59:50] [Server thread/INFO] [ne.ne.ne.se.pe.PermissionAPI/]: Successfully initialized permission handler neoforge:default_handler
[19:59:50] [Server thread/INFO] [QiZhangVerdict/]: External mod presence only: grimac=false, antixray=false; actual function must be tested separately
[19:59:50] [Server thread/INFO] [QiZhangVerdict/]: QiZhangGuard started: QiZhangVerdict sessions=0, trackedIPs=0, accountPairs=0, rules=42, companion=required, vm=DENY, blacklist=DENY, rateBuckets=0, accountBans=0, deviceBans=0, deviceRequired=true. Reports are self-reported, not trusted attestation.
[20:00:08] [Server thread/INFO] [minecraft/PlayerList]: Verdict1206[/127.0.0.1:8248] logged in with entity id 1 at (2.5, -60.0, -8.5)
[20:00:08] [Server thread/INFO] [minecraft/MinecraftServer]: Verdict1206 joined the game
[20:00:11] [Server thread/INFO] [minecraft/MinecraftServer]: There are 1 of a max of 5 players online: Verdict1206
[20:00:11] [Server thread/INFO] [minecraft/MinecraftServer]: QiZhangVerdict sessions=1, trackedIPs=1, accountPairs=1, rules=42, companion=required, vm=DENY, blacklist=DENY, rateBuckets=1, accountBans=0, deviceBans=0, deviceRequired=true
[20:00:11] [Server thread/INFO] [minecraft/MinecraftServer]: [Not Secure] [Server] QZ_GUI_SURVIVAL_6764e4c4d00ed177
[20:01:12] [Server thread/INFO] [minecraft/MinecraftServer]: There are 1 of a max of 5 players online: Verdict1206
[20:01:12] [Server thread/INFO] [minecraft/MinecraftServer]: QiZhangVerdict sessions=1, trackedIPs=1, accountPairs=1, rules=42, companion=required, vm=DENY, blacklist=DENY, rateBuckets=1, accountBans=0, deviceBans=0, deviceRequired=true
[20:01:12] [Server thread/INFO] [minecraft/MinecraftServer]: [Not Secure] [Server] QZ_GUI_SURVIVAL_04e255ecba36e47b
[20:01:12] [Server thread/INFO] [minecraft/ServerGamePacketListenerImpl]: Verdict1206 lost connection: Disconnected
[20:01:12] [Server thread/INFO] [minecraft/MinecraftServer]: Verdict1206 left the game
[20:01:12] [Server thread/INFO] [minecraft/MinecraftServer]: Stopping the server
[20:01:12] [Server thread/INFO] [minecraft/MinecraftServer]: Stopping server
[20:01:12] [Server thread/INFO] [minecraft/MinecraftServer]: Saving players
[20:01:12] [Server thread/INFO] [minecraft/MinecraftServer]: Saving worlds
[20:01:13] [Server thread/INFO] [minecraft/MinecraftServer]: Saving chunks for level 'ServerLevel[world]'/minecraft:overworld
[20:01:13] [Server thread/INFO] [minecraft/MinecraftServer]: Saving chunks for level 'ServerLevel[world]'/minecraft:the_end
[20:01:13] [Server thread/INFO] [minecraft/MinecraftServer]: Saving chunks for level 'ServerLevel[world]'/minecraft:the_nether
[20:01:13] [Server thread/INFO] [minecraft/MinecraftServer]: ThreadedAnvilChunkStorage (world): All chunks are saved
[20:01:13] [Server thread/INFO] [minecraft/MinecraftServer]: ThreadedAnvilChunkStorage (DIM1): All chunks are saved
[20:01:13] [Server thread/INFO] [minecraft/MinecraftServer]: ThreadedAnvilChunkStorage (DIM-1): All chunks are saved
[20:01:13] [Server thread/INFO] [minecraft/MinecraftServer]: ThreadedAnvilChunkStorage: All dimensions are saved
