PartialReadError: Read error for undefined : Missing characters in string, found size is 99290 expected size was 105172
    at new ExtendableError (E:\CodexTemp\QiZhangGuard\bot\node_modules\protodef\src\utils.js:63:13)
    at new PartialReadError (E:\CodexTemp\QiZhangGuard\bot\node_modules\protodef\src\utils.js:70:5)
    at Object.string (eval at compile (E:\CodexTemp\QiZhangGuard\bot\node_modules\protodef\src\compiler.js:262:12), <anonymous>:107:15)
    at eval (eval at compile (E:\CodexTemp\QiZhangGuard\bot\node_modules\protodef\src\compiler.js:262:12), <anonymous>:867:65)
    at eval (eval at compile (E:\CodexTemp\QiZhangGuard\bot\node_modules\protodef\src\compiler.js:262:12), <anonymous>:869:11)
    at Object.ArmorTrimMaterial (eval at compile (E:\CodexTemp\QiZhangGuard\bot\node_modules\protodef\src\compiler.js:262:12), <anonymous>:874:9)
    at eval (eval at compile (E:\CodexTemp\QiZhangGuard\bot\node_modules\protodef\src\compiler.js:262:12), <anonymous>:499:55)
    at eval (eval at compile (E:\CodexTemp\QiZhangGuard\bot\node_modules\protodef\src\compiler.js:262:12), <anonymous>:502:15)
    at eval (eval at compile (E:\CodexTemp\QiZhangGuard\bot\node_modules\protodef\src\compiler.js:262:12), <anonymous>:514:13)
    at Object.SlotComponent (eval at compile (E:\CodexTemp\QiZhangGuard\bot\node_modules\protodef\src\compiler.js:262:12), <anonymous>:696:9)
AssertionError [ERR_ASSERTION]: normal companion joins: {"name":"QVBot1","kicked":"","ended":false,"joined":true,"sent":false,"error":""}
    at allowed (E:\CodexTemp\QiZhangVerdict\compat-1.20.6\servers\forge-42-02\qa\protocol_smoke.cjs:80:29)
    at main (E:\CodexTemp\QiZhangVerdict\compat-1.20.6\servers\forge-42-02\qa\protocol_smoke.cjs:84:31) {
  generatedMessage: false,
  code: 'ERR_ASSERTION',
  actual: false,
  expected: true,
  operator: '==',
  diff: 'simple'
}
