  <log4j:Event logger="net.neoforged.fml.startup.Entrypoint" timestamp="1790348806084" level="INFO" thread="main">
    <log4j:Message><![CDATA[JVM Uptime at startup: 423ms]]></log4j:Message>
  </log4j:Event>
  <log4j:Event logger="net.neoforged.fml.loading.FMLLoader" timestamp="1790348806094" level="INFO" thread="main">
    <log4j:Message><![CDATA[Starting FancyModLoader version 10.0.36 (CLIENT in PROD)]]></log4j:Message>
  </log4j:Event>
  <log4j:Event logger="net.neoforged.fml.loading.FMLLoader" timestamp="1790348806094" level="INFO" thread="main">
    <log4j:Message><![CDATA[Game directory: E:\CodexTemp\QiZhangVerdict\compat-1.21.11\client-fixtures\neoforge-1.21.11\runs\candidate-0.4.0-dev-01\client-game]]></log4j:Message>
  </log4j:Event>
  <log4j:Event logger="net.neoforged.fml.loading.EarlyServiceDiscovery" timestamp="1790348806166" level="INFO" thread="main">
    <log4j:Message><![CDATA[Found 2 early service jars (out of 102) in 38ms]]></log4j:Message>
  </log4j:Event>
  <log4j:Event logger="net.neoforged.fml.loading.FMLLoader" timestamp="1790348806167" level="INFO" thread="main">
    <log4j:Message><![CDATA[Loading FML Early Services:]]></log4j:Message>
  </log4j:Event>
  <log4j:Event logger="net.neoforged.fml.loading.FMLLoader" timestamp="1790348806168" level="INFO" thread="main">
    <log4j:Message><![CDATA[ - E:/CodexTemp/QiZhangVerdict/compat-1.21.11/client-fixtures/neoforge-1.21.11/base-preparation-01/libraries/net/neoforged/fancymodloader/earlydisplay/10.0.36/earlydisplay-10.0.36.jar]]></log4j:Message>
  </log4j:Event>
  <log4j:Event logger="net.neoforged.fml.loading.FMLLoader" timestamp="1790348806169" level="INFO" thread="main">
    <log4j:Message><![CDATA[ - E:/CodexTemp/QiZhangVerdict/compat-1.21.11/client-fixtures/neoforge-1.21.11/base-preparation-01/libraries/net/neoforged/fancymodloader/loader/10.0.36/loader-10.0.36.jar]]></log4j:Message>
  </log4j:Event>
  <log4j:Event logger="net.neoforged.fml.loading.ImmediateWindowHandler" timestamp="1790348806175" level="INFO" thread="main">
    <log4j:Message><![CDATA[Loading ImmediateWindowProvider fmlearlywindow]]></log4j:Message>
  </log4j:Event>
  <log4j:Event logger="net.neoforged.fml.loading.moddiscovery.locators.GameLocator" timestamp="1790348806984" level="INFO" thread="ForkJoinPool.commonPool-worker-14">
    <log4j:Message><![CDATA[Failed to find common Minecraft classes and resources on the classpath. Assuming we're launching production.]]></log4j:Message>
  </log4j:Event>
  <log4j:Event logger="net.neoforged.fml.loading.moddiscovery.ModDiscoverer" timestamp="1790348807112" level="INFO" thread="ForkJoinPool.commonPool-worker-14">
    <log4j:Message><![CDATA[Found mod file "minecraft-client-patched-21.11.45.jar" [locator: game locator, reader: mod manifest]]]></log4j:Message>
  </log4j:Event>
  <log4j:Event logger="net.neoforged.fml.loading.moddiscovery.ModDiscoverer" timestamp="1790348807122" level="INFO" thread="ForkJoinPool.commonPool-worker-14">
    <log4j:Message><![CDATA[Found mod file "neoforge-21.11.45-universal.jar" [locator: game locator, reader: mod manifest]]]></log4j:Message>
  </log4j:Event>
  <log4j:Event logger="net.neoforged.fml.loading.moddiscovery.ModDiscoverer" timestamp="1790348807182" level="INFO" thread="ForkJoinPool.commonPool-worker-14">
    <log4j:Message><![CDATA[Found mod file "qizhangverdict-neoforge-1.21.11-0.4.0-dev.jar" [locator: {mods folder locator at E:\CodexTemp\QiZhangVerdict\compat-1.21.11\client-fixtures\neoforge-1.21.11\runs\candidate-0.4.0-dev-01\client-game\mods}, reader: mod manifest]]]></log4j:Message>
  </log4j:Event>
  <log4j:Event logger="net.neoforged.fml.earlydisplay.render.LoadingScreenRenderer" timestamp="1790348807208" level="INFO" thread="fml-loadingscreen">
    <log4j:Message><![CDATA[GL info: AMD Radeon(TM) Graphics GL version 3.3.0 Core Profile Context 22.40.84.06.231130, ATI Technologies Inc.]]></log4j:Message>
  </log4j:Event>
  <log4j:Event logger="net.neoforged.fml.loading.moddiscovery.locators.JarInJarDependencyLocator" timestamp="1790348807273" level="INFO" thread="ForkJoinPool.commonPool-worker-14">
    <log4j:Message><![CDATA[Found 2 dependencies adding them to mods collection]]></log4j:Message>
  </log4j:Event>
  <log4j:Event logger="net.neoforged.fml.loading.moddiscovery.ModDiscoverer" timestamp="1790348807273" level="INFO" thread="ForkJoinPool.commonPool-worker-14">
    <log4j:Message><![CDATA[Found gamelibrary file "mixinextras-neoforge-0.5.3.jar" [parent: neoforge-21.11.45-universal.jar, locator: jarinjar, reader: mod manifest]]]></log4j:Message>
  </log4j:Event>
  <log4j:Event logger="net.neoforged.fml.loading.moddiscovery.ModDiscoverer" timestamp="1790348807273" level="INFO" thread="ForkJoinPool.commonPool-worker-14">
    <log4j:Message><![CDATA[Found library file "net.neoforged.neoforge-coremods-21.11.45.jar" [parent: neoforge-21.11.45-universal.jar, locator: jarinjar, reader: mod manifest]]]></log4j:Message>
  </log4j:Event>
  <log4j:Event logger="net.neoforged.fml.loading.moddiscovery.ModDiscoverer" timestamp="1790348807275" level="INFO" thread="ForkJoinPool.commonPool-worker-14">
    <log4j:Message><![CDATA[
     Mod List:
		Name Version (Mod Id)

		Minecraft 1.21.11 (minecraft)
		NeoForge 21.11.45 (neoforge)
		QiZhang's Verdict 0.4.0-dev (qizhangverdict)]]></log4j:Message>
  </log4j:Event>
  <log4j:Event logger="net.neoforged.fml.earlydisplay.render.elements.MojangLogoElement" timestamp="1790348807308" level="WARN" thread="fml-loadingscreen">
    <log4j:Message><![CDATA[Failed to find Mojang logo at any of the expected classpath locations.]]></log4j:Message>
  </log4j:Event>
  <log4j:Event logger="mixin" timestamp="1790348807491" level="INFO" thread="main">
    <log4j:Message><![CDATA[SpongePowered MIXIN Subsystem Version=0.8.7 Source=file:/E:/CodexTemp/QiZhangVerdict/compat-1.21.11/client-fixtures/neoforge-1.21.11/base-preparation-01/libraries/net/fabricmc/sponge-mixin/0.16.5+mixin.0.8.7/sponge-mixin-0.16.5+mixin.0.8.7.jar Service=FML Env=CLIENT]]></log4j:Message>
  </log4j:Event>
  <log4j:Event logger="net.neoforged.fml.loading.FMLLoader" timestamp="1790348807541" level="INFO" thread="main">
    <log4j:Message><![CDATA[Loading FML Plugins:]]></log4j:Message>
  </log4j:Event>
  <log4j:Event logger="net.neoforged.fml.loading.FMLLoader" timestamp="1790348807541" level="INFO" thread="main">
    <log4j:Message><![CDATA[ - ~libraries/net/neoforged/neoforge/21.11.45/neoforge-21.11.45-universal.jar > net.neoforged.neoforge-coremods-21.11.45.jar]]></log4j:Message>
  </log4j:Event>
  <log4j:Event logger="net.neoforged.fml.loading.FMLLoader" timestamp="1790348807690" level="INFO" thread="main">
    <log4j:Message><![CDATA[Building game content classloader:
 - minecraft (jar(~libraries/net/neoforged/minecraft-client-patched/21.11.45/minecraft-client-patched-21.11.45.jar))
 - mixinextras.neoforge (jar(~libraries/net/neoforged/neoforge/21.11.45/neoforge-21.11.45-universal.jar > mixinextras-neoforge-0.5.3.jar))
 - neoforge (jar(~libraries/net/neoforged/neoforge/21.11.45/neoforge-21.11.45-universal.jar))
 - net.neoforged.fml.generated (empty(VirtualJar/net.neoforged.fml.generated))
 - qizhangverdict (jar(mods/qizhangverdict-neoforge-1.21.11-0.4.0-dev.jar))]]></log4j:Message>
  </log4j:Event>
  <log4j:Event logger="net.neoforged.fml.loading.FMLLoader" timestamp="1790348807707" level="INFO" thread="main">
    <log4j:Message><![CDATA[Built game content classloader in 29ms]]></log4j:Message>
  </log4j:Event>
  <log4j:Event logger="com.mojang.datafixers.DataFixerBuilder" timestamp="1790348809387" level="INFO" thread="Datafixer Bootstrap">
    <log4j:Message><![CDATA[290 Datafixer optimizations took 561 milliseconds]]></log4j:Message>
  </log4j:Event>
  <log4j:Event logger="MixinExtras|Service" timestamp="1790348809532" level="INFO" thread="pool-8-thread-1">
    <log4j:Message><![CDATA[Initializing MixinExtras via com.llamalad7.mixinextras.service.MixinExtrasServiceImpl(version=0.5.3).]]></log4j:Message>
  </log4j:Event>
  <log4j:Event logger="net.neoforged.neoforge.common.NeoForgeMod" timestamp="1790348814215" level="INFO" thread="modloading-worker-0">
    <log4j:Message><![CDATA[NeoForge mod loading, version 21.11.45, for MC 1.21.11]]></log4j:Message>
  </log4j:Event>
  <log4j:Event logger="net.minecraft.client.main.Main" timestamp="1790348814589" level="INFO" thread="main">
    <log4j:Message><![CDATA[Completely ignored arguments: [--userType, legacy]]]></log4j:Message>
  </log4j:Event>
  <log4j:Event logger="com.mojang.authlib.yggdrasil.YggdrasilAuthenticationService" timestamp="1790348814820" level="INFO" thread="Render thread">
    <log4j:Message><![CDATA[Environment: Environment[sessionHost=https://sessionserver.mojang.com, servicesHost=https://api.minecraftservices.com, profilesHost=https://api.mojang.com, name=PROD]]]></log4j:Message>
  </log4j:Event>
  <log4j:Event logger="net.minecraft.client.Minecraft" timestamp="1790348814836" level="INFO" thread="Render thread">
    <log4j:Message><![CDATA[Setting user: Verdict12111]]></log4j:Message>
  </log4j:Event>
  <log4j:Event logger="net.minecraft.client.Minecraft" timestamp="1790348814965" level="INFO" thread="Render thread">
    <log4j:Message><![CDATA[Backend library: LWJGL version 3.3.3+5]]></log4j:Message>
  </log4j:Event>
  <log4j:Event logger="net.minecraft.client.Minecraft" timestamp="1790348815135" level="INFO" thread="Render thread">
    <log4j:Message><![CDATA[Using optional rendering extensions: GL_ARB_buffer_storage, GL_KHR_debug, GL_ARB_vertex_attrib_binding, GL_ARB_direct_state_access, GL_EXT_texture_filter_anisotropic]]></log4j:Message>
  </log4j:Event>
  <log4j:Event logger="net.minecraft.client.Minecraft" timestamp="1790348815441" level="ERROR" thread="Download-2">
    <log4j:Message><![CDATA[Failed to fetch user properties]]></log4j:Message>
    <log4j:Throwable><![CDATA[com.mojang.authlib.exceptions.InvalidCredentialsException: Status: 401
	at com.mojang.authlib.exceptions.MinecraftClientHttpException.toAuthenticationException(MinecraftClientHttpException.java:59)
	at com.mojang.authlib.yggdrasil.YggdrasilUserApiService.fetchProperties(YggdrasilUserApiService.java:150)
	at TRANSFORMER/minecraft@1.21.11/net.minecraft.client.Minecraft.lambda$new$1(Minecraft.java:429)
	at java.base/java.util.concurrent.CompletableFuture$AsyncSupply.run(CompletableFuture.java:1768)
	at java.base/java.util.concurrent.ThreadPoolExecutor.runWorker(ThreadPoolExecutor.java:1144)
	at java.base/java.util.concurrent.ThreadPoolExecutor$Worker.run(ThreadPoolExecutor.java:642)
	at java.base/java.lang.Thread.run(Thread.java:1583)
Caused by: MinecraftClientHttpException[type=HTTP_ERROR, status=401, response=ErrorResponse[path=/player/attributes, error=null, errorMessage=null, details=null]]
	at com.mojang.authlib.minecraft.client.MinecraftClient.readInputStream(MinecraftClient.java:103)
	at com.mojang.authlib.minecraft.client.MinecraftClient.get(MinecraftClient.java:56)
	at com.mojang.authlib.yggdrasil.YggdrasilUserApiService.fetchProperties(YggdrasilUserApiService.java:121)
	... 5 more
]]></log4j:Throwable>
  </log4j:Event>
  <log4j:Event logger="net.minecraft.server.packs.resources.ReloadableResourceManager" timestamp="1790348815856" level="INFO" thread="Render thread">
    <log4j:Message><![CDATA[Reloading ResourceManager: vanilla, mod_resources, mod/qizhangverdict, mod/neoforge]]></log4j:Message>
  </log4j:Event>
  <log4j:Event logger="com.mojang.realmsclient.client.RealmsClient" timestamp="1790348815887" level="INFO" thread="Download-2">
    <log4j:Message><![CDATA[Could not authorize you against Realms server: java.lang.RuntimeException: Failed to parse into SignedJWT: 0]]></log4j:Message>
  </log4j:Event>
  <log4j:Event logger="com.mojang.realmsclient.client.RealmsClient" timestamp="1790348815890" level="ERROR" thread="Download-2">
    <log4j:Message><![CDATA[Failed to fetch Realms feature flags]]></log4j:Message>
    <log4j:Throwable><![CDATA[com.mojang.realmsclient.exception.RealmsServiceException: Realms authentication error with message 'java.lang.RuntimeException: Failed to parse into SignedJWT: 0'
	at TRANSFORMER/minecraft@1.21.11/com.mojang.realmsclient.client.RealmsClient.execute(RealmsClient.java:512)
	at TRANSFORMER/minecraft@1.21.11/com.mojang.realmsclient.client.RealmsClient.fetchFeatureFlags(RealmsClient.java:160)
	at java.base/java.util.concurrent.CompletableFuture$AsyncSupply.run(CompletableFuture.java:1768)
	at java.base/java.util.concurrent.ThreadPoolExecutor.runWorker(ThreadPoolExecutor.java:1144)
	at java.base/java.util.concurrent.ThreadPoolExecutor$Worker.run(ThreadPoolExecutor.java:642)
	at java.base/java.lang.Thread.run(Thread.java:1583)
]]></log4j:Throwable>
  </log4j:Event>
  <log4j:Event logger="net.minecraft.client.gui.font.providers.UnihexProvider" timestamp="1790348816131" level="INFO" thread="Worker-Main-14">
    <log4j:Message><![CDATA[Found unifont_all_no_pua-17.0.01.hex, loading]]></log4j:Message>
  </log4j:Event>
  <log4j:Event logger="net.minecraft.client.gui.font.providers.UnihexProvider" timestamp="1790348816134" level="INFO" thread="Worker-Main-12">
    <log4j:Message><![CDATA[Found unifont_pua-17.0.01.hex, loading]]></log4j:Message>
  </log4j:Event>
  <log4j:Event logger="net.minecraft.client.gui.font.providers.UnihexProvider" timestamp="1790348816512" level="INFO" thread="Worker-Main-14">
    <log4j:Message><![CDATA[Found unifont_jp_patch-17.0.01.hex, loading]]></log4j:Message>
  </log4j:Event>
  <log4j:Event logger="com.mojang.blaze3d.audio.Library" timestamp="1790348817862" level="INFO" thread="Render thread">
    <log4j:Message><![CDATA[OpenAL initialized on device OpenAL Soft on 扬声器 (UU远程虚拟音频设备)]]></log4j:Message>
  </log4j:Event>
  <log4j:Event logger="net.minecraft.client.sounds.SoundEngine" timestamp="1790348817864" level="INFO" thread="Render thread">
    <log4j:Message><![CDATA[Sound engine started]]></log4j:Message>
  </log4j:Event>
  <log4j:Event logger="net.minecraft.client.renderer.texture.TextureAtlas" timestamp="1790348817864" level="INFO" thread="Render thread">
    <log4j:Message><![CDATA[Created: 512x256x0 minecraft:textures/atlas/particles.png-atlas]]></log4j:Message>
  </log4j:Event>
  <log4j:Event logger="net.minecraft.client.renderer.texture.TextureAtlas" timestamp="1790348817876" level="INFO" thread="Render thread">
    <log4j:Message><![CDATA[Created: 128x128x0 minecraft:textures/atlas/decorated_pot.png-atlas]]></log4j:Message>
  </log4j:Event>
  <log4j:Event logger="net.minecraft.client.renderer.texture.TextureAtlas" timestamp="1790348817877" level="INFO" thread="Render thread">
    <log4j:Message><![CDATA[Created: 2048x1024x0 minecraft:textures/atlas/armor_trims.png-atlas]]></log4j:Message>
  </log4j:Event>
  <log4j:Event logger="net.minecraft.client.renderer.texture.TextureAtlas" timestamp="1790348817892" level="INFO" thread="Render thread">
    <log4j:Message><![CDATA[Created: 512x256x0 minecraft:textures/atlas/paintings.png-atlas]]></log4j:Message>
  </log4j:Event>
  <log4j:Event logger="net.minecraft.client.renderer.texture.TextureAtlas" timestamp="1790348817893" level="INFO" thread="Render thread">
    <log4j:Message><![CDATA[Created: 1024x512x0 minecraft:textures/atlas/shield_patterns.png-atlas]]></log4j:Message>
  </log4j:Event>
  <log4j:Event logger="net.minecraft.client.renderer.texture.TextureAtlas" timestamp="1790348817894" level="INFO" thread="Render thread">
    <log4j:Message><![CDATA[Created: 2048x2048x4 minecraft:textures/atlas/blocks.png-atlas]]></log4j:Message>
  </log4j:Event>
  <log4j:Event logger="net.minecraft.client.renderer.texture.TextureAtlas" timestamp="1790348817952" level="INFO" thread="Render thread">
    <log4j:Message><![CDATA[Created: 512x512x0 minecraft:textures/atlas/chest.png-atlas]]></log4j:Message>
  </log4j:Event>
  <log4j:Event logger="net.minecraft.client.renderer.texture.TextureAtlas" timestamp="1790348817953" level="INFO" thread="Render thread">
    <log4j:Message><![CDATA[Created: 256x128x0 minecraft:textures/atlas/celestials.png-atlas]]></log4j:Message>
  </log4j:Event>
  <log4j:Event logger="net.minecraft.client.renderer.texture.TextureAtlas" timestamp="1790348817953" level="INFO" thread="Render thread">
    <log4j:Message><![CDATA[Created: 1024x512x0 minecraft:textures/atlas/banner_patterns.png-atlas]]></log4j:Message>
  </log4j:Event>
  <log4j:Event logger="net.minecraft.client.renderer.texture.TextureAtlas" timestamp="1790348817955" level="INFO" thread="Render thread">
    <log4j:Message><![CDATA[Created: 512x512x0 minecraft:textures/atlas/beds.png-atlas]]></log4j:Message>
  </log4j:Event>
  <log4j:Event logger="net.minecraft.client.renderer.texture.TextureAtlas" timestamp="1790348817957" level="INFO" thread="Render thread">
    <log4j:Message><![CDATA[Created: 1024x512x0 minecraft:textures/atlas/items.png-atlas]]></log4j:Message>
  </log4j:Event>
  <log4j:Event logger="net.minecraft.client.renderer.texture.TextureAtlas" timestamp="1790348817997" level="INFO" thread="Render thread">
    <log4j:Message><![CDATA[Created: 1024x1024x0 minecraft:textures/atlas/gui.png-atlas]]></log4j:Message>
  </log4j:Event>
  <log4j:Event logger="net.minecraft.client.renderer.texture.TextureAtlas" timestamp="1790348818046" level="INFO" thread="Render thread">
    <log4j:Message><![CDATA[Created: 128x64x0 minecraft:textures/atlas/map_decorations.png-atlas]]></log4j:Message>
  </log4j:Event>
  <log4j:Event logger="net.minecraft.client.renderer.texture.TextureAtlas" timestamp="1790348818047" level="INFO" thread="Render thread">
    <log4j:Message><![CDATA[Created: 512x256x0 minecraft:textures/atlas/signs.png-atlas]]></log4j:Message>
  </log4j:Event>
  <log4j:Event logger="net.minecraft.client.renderer.texture.TextureAtlas" timestamp="1790348818047" level="INFO" thread="Render thread">
    <log4j:Message><![CDATA[Created: 512x512x0 minecraft:textures/atlas/shulker_boxes.png-atlas]]></log4j:Message>
  </log4j:Event>
  <log4j:Event logger="net.neoforged.neoforge.client.entity.animation.json.AnimationLoader" timestamp="1790348818185" level="INFO" thread="Render thread">
    <log4j:Message><![CDATA[Loaded 0 entity animations]]></log4j:Message>
  </log4j:Event>
  <log4j:Event logger="net.minecraft.client.gui.screens.ConnectScreen" timestamp="1790348818385" level="INFO" thread="Render thread">
    <log4j:Message><![CDATA[Connecting to 127.0.0.1, 25732]]></log4j:Message>
  </log4j:Event>
  <log4j:Event logger="net.minecraft.client.multiplayer.AccountProfileKeyPairManager" timestamp="1790348818630" level="ERROR" thread="Download-2">
    <log4j:Message><![CDATA[Failed to retrieve profile key pair]]></log4j:Message>
    <log4j:Throwable><![CDATA[MinecraftClientHttpException[type=HTTP_ERROR, status=401, response=ErrorResponse[path=/player/certificates, error=null, errorMessage=null, details=null]]
	at com.mojang.authlib.minecraft.client.MinecraftClient.readInputStream(MinecraftClient.java:103)
	at com.mojang.authlib.minecraft.client.MinecraftClient.post(MinecraftClient.java:64)
	at com.mojang.authlib.yggdrasil.YggdrasilUserApiService.getKeyPair(YggdrasilUserApiService.java:61)
	at TRANSFORMER/minecraft@1.21.11/net.minecraft.client.multiplayer.AccountProfileKeyPairManager.fetchProfileKeyPair(AccountProfileKeyPairManager.java:129)
	at TRANSFORMER/minecraft@1.21.11/net.minecraft.client.multiplayer.AccountProfileKeyPairManager.lambda$readOrFetchProfileKeyPair$0(AccountProfileKeyPairManager.java:75)
	at java.base/java.util.concurrent.CompletableFuture$AsyncSupply.run(CompletableFuture.java:1768)
	at java.base/java.util.concurrent.ThreadPoolExecutor.runWorker(ThreadPoolExecutor.java:1144)
	at java.base/java.util.concurrent.ThreadPoolExecutor$Worker.run(ThreadPoolExecutor.java:642)
	at java.base/java.lang.Thread.run(Thread.java:1583)
]]></log4j:Throwable>
  </log4j:Event>
  <log4j:Event logger="net.minecraft.advancements.AdvancementTree" timestamp="1790348820785" level="INFO" thread="Render thread">
    <log4j:Message><![CDATA[Loaded 2 advancements]]></log4j:Message>
  </log4j:Event>
  <log4j:Event logger="net.minecraft.client.renderer.DynamicUniformStorage" timestamp="1790348820907" level="INFO" thread="Render thread">
    <log4j:Message><![CDATA[Resizing Dynamic Transforms UBO, capacity limit of 2 reached during a single frame. New capacity will be 4.]]></log4j:Message>
  </log4j:Event>
  <log4j:Event logger="net.minecraft.client.renderer.DynamicUniformStorage" timestamp="1790348821060" level="INFO" thread="Render thread">
    <log4j:Message><![CDATA[Resizing Dynamic Transforms UBO, capacity limit of 4 reached during a single frame. New capacity will be 8.]]></log4j:Message>
  </log4j:Event>
  <log4j:Event logger="net.minecraft.client.renderer.DynamicUniformStorage" timestamp="1790348821324" level="INFO" thread="Render thread">
    <log4j:Message><![CDATA[Resizing Chunk Sections UBO, capacity limit of 2 reached during a single frame. New capacity will be 8.]]></log4j:Message>
  </log4j:Event>
  <log4j:Event logger="net.minecraft.client.renderer.DynamicUniformStorage" timestamp="1790348821387" level="INFO" thread="Render thread">
    <log4j:Message><![CDATA[Resizing Chunk Sections UBO, capacity limit of 8 reached during a single frame. New capacity will be 16.]]></log4j:Message>
  </log4j:Event>
  <log4j:Event logger="net.minecraft.client.renderer.DynamicUniformStorage" timestamp="1790348821521" level="INFO" thread="Render thread">
    <log4j:Message><![CDATA[Resizing Chunk Sections UBO, capacity limit of 16 reached during a single frame. New capacity will be 32.]]></log4j:Message>
  </log4j:Event>
  <log4j:Event logger="net.minecraft.client.gui.components.ChatComponent" timestamp="1790348822224" level="INFO" thread="Render thread">
    <log4j:Message><![CDATA[[System] [CHAT] [Server] QZ_GUI_SURVIVAL_0fc8c4b63bca2b1e]]></log4j:Message>
  </log4j:Event>
  <log4j:Event logger="net.minecraft.client.gui.components.ChatComponent" timestamp="1790348852656" level="INFO" thread="Render thread">
    <log4j:Message><![CDATA[[System] [CHAT] Saved screenshot as 2026-09-26_00.07.32.png]]></log4j:Message>
  </log4j:Event>
  <log4j:Event logger="net.minecraft.client.gui.components.ChatComponent" timestamp="1790348882575" level="INFO" thread="Render thread">
    <log4j:Message><![CDATA[[System] [CHAT] [Server] QZ_GUI_SURVIVAL_afb6277801eda7e1]]></log4j:Message>
  </log4j:Event>
  <log4j:Event logger="net.minecraft.client.Minecraft" timestamp="1790348882775" level="INFO" thread="Render thread">
    <log4j:Message><![CDATA[Stopping!]]></log4j:Message>
  </log4j:Event>
