Outputting log to file neoforge-21.11.45-installer.jar.log
JVM info: Oracle Corporation - 21.0.8 - 21.0.8+12-LTS-250
java.net.preferIPv4Stack=true
Current Time: 26/09/2026 00:05:51
Host: maven.neoforged.net [95.173.204.25, 178.249.213.3, 95.173.204.15, 95.173.204.22, 178.249.213.27, 95.173.204.18]
Host: libraries.minecraft.net [150.171.110.138]
Host: launchermeta.mojang.com [150.171.110.138]
Host: piston-meta.mojang.com [150.171.110.138]
Host: sessionserver.mojang.com [150.171.110.136]
Found java version 21.0.8
Target Directory: E:\CodexTemp\QiZhangVerdict\compat-1.21.11\client-fixtures\neoforge-1.21.11\base-preparation-01
Extracting json
Considering minecraft client jar
Downloading libraries
Found 1 additional library directories
Considering library net.neoforged.fancymodloader:earlydisplay:10.0.36
File E:\CodexTemp\QiZhangVerdict\compat-1.21.11\client-fixtures\neoforge-1.21.11\base-preparation-01\libraries\net\neoforged\fancymodloader\earlydisplay\10.0.36\earlydisplay-10.0.36.jar exists. Checksum valid.
Considering library net.neoforged.fancymodloader:loader:10.0.36
File E:\CodexTemp\QiZhangVerdict\compat-1.21.11\client-fixtures\neoforge-1.21.11\base-preparation-01\libraries\net\neoforged\fancymodloader\loader\10.0.36\loader-10.0.36.jar exists. Checksum valid.
Considering library net.neoforged:accesstransformers:11.0.2
File E:\CodexTemp\QiZhangVerdict\compat-1.21.11\client-fixtures\neoforge-1.21.11\base-preparation-01\libraries\net\neoforged\accesstransformers\11.0.2\accesstransformers-11.0.2.jar exists. Checksum valid.
Considering library org.ow2.asm:asm-commons:9.8
File E:\CodexTemp\QiZhangVerdict\compat-1.21.11\client-fixtures\neoforge-1.21.11\base-preparation-01\libraries\org\ow2\asm\asm-commons\9.8\asm-commons-9.8.jar exists. Checksum valid.
Considering library net.neoforged:mergetool:2.0.0:api
File E:\CodexTemp\QiZhangVerdict\compat-1.21.11\client-fixtures\neoforge-1.21.11\base-preparation-01\libraries\net\neoforged\mergetool\2.0.0\mergetool-2.0.0-api.jar exists. Checksum valid.
Considering library org.ow2.asm:asm-util:9.8
File E:\CodexTemp\QiZhangVerdict\compat-1.21.11\client-fixtures\neoforge-1.21.11\base-preparation-01\libraries\org\ow2\asm\asm-util\9.8\asm-util-9.8.jar exists. Checksum valid.
Considering library org.ow2.asm:asm-analysis:9.8
File E:\CodexTemp\QiZhangVerdict\compat-1.21.11\client-fixtures\neoforge-1.21.11\base-preparation-01\libraries\org\ow2\asm\asm-analysis\9.8\asm-analysis-9.8.jar exists. Checksum valid.
Considering library org.ow2.asm:asm-tree:9.8
File E:\CodexTemp\QiZhangVerdict\compat-1.21.11\client-fixtures\neoforge-1.21.11\base-preparation-01\libraries\org\ow2\asm\asm-tree\9.8\asm-tree-9.8.jar exists. Checksum valid.
Considering library net.neoforged:bus:8.0.5
File E:\CodexTemp\QiZhangVerdict\compat-1.21.11\client-fixtures\neoforge-1.21.11\base-preparation-01\libraries\net\neoforged\bus\8.0.5\bus-8.0.5.jar exists. Checksum valid.
Considering library org.ow2.asm:asm:9.8
File E:\CodexTemp\QiZhangVerdict\compat-1.21.11\client-fixtures\neoforge-1.21.11\base-preparation-01\libraries\org\ow2\asm\asm\9.8\asm-9.8.jar exists. Checksum valid.
Considering library com.electronwill.night-config:toml:3.8.3
File E:\CodexTemp\QiZhangVerdict\compat-1.21.11\client-fixtures\neoforge-1.21.11\base-preparation-01\libraries\com\electronwill\night-config\toml\3.8.3\toml-3.8.3.jar exists. Checksum valid.
Considering library com.electronwill.night-config:core:3.8.3
File E:\CodexTemp\QiZhangVerdict\compat-1.21.11\client-fixtures\neoforge-1.21.11\base-preparation-01\libraries\com\electronwill\night-config\core\3.8.3\core-3.8.3.jar exists. Checksum valid.
Considering library net.neoforged:JarJarSelector:0.5.0
File E:\CodexTemp\QiZhangVerdict\compat-1.21.11\client-fixtures\neoforge-1.21.11\base-preparation-01\libraries\net\neoforged\JarJarSelector\0.5.0\JarJarSelector-0.5.0.jar exists. Checksum valid.
Considering library net.neoforged:JarJarMetadata:0.5.0
File E:\CodexTemp\QiZhangVerdict\compat-1.21.11\client-fixtures\neoforge-1.21.11\base-preparation-01\libraries\net\neoforged\JarJarMetadata\0.5.0\JarJarMetadata-0.5.0.jar exists. Checksum valid.
Considering library org.apache.maven:maven-artifact:3.9.9
File E:\CodexTemp\QiZhangVerdict\compat-1.21.11\client-fixtures\neoforge-1.21.11\base-preparation-01\libraries\org\apache\maven\maven-artifact\3.9.9\maven-artifact-3.9.9.jar exists. Checksum valid.
Considering library net.jodah:typetools:0.6.3
File E:\CodexTemp\QiZhangVerdict\compat-1.21.11\client-fixtures\neoforge-1.21.11\base-preparation-01\libraries\net\jodah\typetools\0.6.3\typetools-0.6.3.jar exists. Checksum valid.
Considering library net.minecrell:terminalconsoleappender:1.3.0
File E:\CodexTemp\QiZhangVerdict\compat-1.21.11\client-fixtures\neoforge-1.21.11\base-preparation-01\libraries\net\minecrell\terminalconsoleappender\1.3.0\terminalconsoleappender-1.3.0.jar exists. Checksum valid.
Considering library net.fabricmc:sponge-mixin:0.16.5+mixin.0.8.7
File E:\CodexTemp\QiZhangVerdict\compat-1.21.11\client-fixtures\neoforge-1.21.11\base-preparation-01\libraries\net\fabricmc\sponge-mixin\0.16.5+mixin.0.8.7\sponge-mixin-0.16.5+mixin.0.8.7.jar exists. Checksum valid.
Considering library net.neoforged.accesstransformers:at-parser:11.0.2
File E:\CodexTemp\QiZhangVerdict\compat-1.21.11\client-fixtures\neoforge-1.21.11\base-preparation-01\libraries\net\neoforged\accesstransformers\at-parser\11.0.2\at-parser-11.0.2.jar exists. Checksum valid.
Considering library org.jline:jline-reader:3.20.0
File E:\CodexTemp\QiZhangVerdict\compat-1.21.11\client-fixtures\neoforge-1.21.11\base-preparation-01\libraries\org\jline\jline-reader\3.20.0\jline-reader-3.20.0.jar exists. Checksum valid.
Considering library org.jline:jline-terminal:3.20.0
File E:\CodexTemp\QiZhangVerdict\compat-1.21.11\client-fixtures\neoforge-1.21.11\base-preparation-01\libraries\org\jline\jline-terminal\3.20.0\jline-terminal-3.20.0.jar exists. Checksum valid.
Considering library net.minecraftforge:srgutils:0.4.15
File E:\CodexTemp\QiZhangVerdict\compat-1.21.11\client-fixtures\neoforge-1.21.11\base-preparation-01\libraries\net\minecraftforge\srgutils\0.4.15\srgutils-0.4.15.jar exists. Checksum valid.
Considering library com.google.guava:listenablefuture:9999.0-empty-to-avoid-conflict-with-guava
File E:\CodexTemp\QiZhangVerdict\compat-1.21.11\client-fixtures\neoforge-1.21.11\base-preparation-01\libraries\com\google\guava\listenablefuture\9999.0-empty-to-avoid-conflict-with-guava\listenablefuture-9999.0-empty-to-avoid-conflict-with-guava.jar exists. Checksum valid.
Considering library com.google.errorprone:error_prone_annotations:2.41.0
File E:\CodexTemp\QiZhangVerdict\compat-1.21.11\client-fixtures\neoforge-1.21.11\base-preparation-01\libraries\com\google\errorprone\error_prone_annotations\2.41.0\error_prone_annotations-2.41.0.jar exists. Checksum valid.
Considering library com.google.j2objc:j2objc-annotations:3.1
File E:\CodexTemp\QiZhangVerdict\compat-1.21.11\client-fixtures\neoforge-1.21.11\base-preparation-01\libraries\com\google\j2objc\j2objc-annotations\3.1\j2objc-annotations-3.1.jar exists. Checksum valid.
Considering library org.codehaus.plexus:plexus-utils:3.5.1
File E:\CodexTemp\QiZhangVerdict\compat-1.21.11\client-fixtures\neoforge-1.21.11\base-preparation-01\libraries\org\codehaus\plexus\plexus-utils\3.5.1\plexus-utils-3.5.1.jar exists. Checksum valid.
Considering library net.neoforged.fancymodloader:earlydisplay:10.0.36
File E:\CodexTemp\QiZhangVerdict\compat-1.21.11\client-fixtures\neoforge-1.21.11\base-preparation-01\libraries\net\neoforged\fancymodloader\earlydisplay\10.0.36\earlydisplay-10.0.36.jar exists. Checksum valid.
Considering library net.neoforged.fancymodloader:loader:10.0.36
File E:\CodexTemp\QiZhangVerdict\compat-1.21.11\client-fixtures\neoforge-1.21.11\base-preparation-01\libraries\net\neoforged\fancymodloader\loader\10.0.36\loader-10.0.36.jar exists. Checksum valid.
Considering library net.neoforged:accesstransformers:11.0.2
File E:\CodexTemp\QiZhangVerdict\compat-1.21.11\client-fixtures\neoforge-1.21.11\base-preparation-01\libraries\net\neoforged\accesstransformers\11.0.2\accesstransformers-11.0.2.jar exists. Checksum valid.
Considering library org.ow2.asm:asm-commons:9.8
File E:\CodexTemp\QiZhangVerdict\compat-1.21.11\client-fixtures\neoforge-1.21.11\base-preparation-01\libraries\org\ow2\asm\asm-commons\9.8\asm-commons-9.8.jar exists. Checksum valid.
Considering library net.neoforged:mergetool:2.0.0:api
File E:\CodexTemp\QiZhangVerdict\compat-1.21.11\client-fixtures\neoforge-1.21.11\base-preparation-01\libraries\net\neoforged\mergetool\2.0.0\mergetool-2.0.0-api.jar exists. Checksum valid.
Considering library org.ow2.asm:asm-util:9.8
File E:\CodexTemp\QiZhangVerdict\compat-1.21.11\client-fixtures\neoforge-1.21.11\base-preparation-01\libraries\org\ow2\asm\asm-util\9.8\asm-util-9.8.jar exists. Checksum valid.
Considering library org.ow2.asm:asm-analysis:9.8
File E:\CodexTemp\QiZhangVerdict\compat-1.21.11\client-fixtures\neoforge-1.21.11\base-preparation-01\libraries\org\ow2\asm\asm-analysis\9.8\asm-analysis-9.8.jar exists. Checksum valid.
Considering library org.ow2.asm:asm-tree:9.8
File E:\CodexTemp\QiZhangVerdict\compat-1.21.11\client-fixtures\neoforge-1.21.11\base-preparation-01\libraries\org\ow2\asm\asm-tree\9.8\asm-tree-9.8.jar exists. Checksum valid.
Considering library net.neoforged:bus:8.0.5
File E:\CodexTemp\QiZhangVerdict\compat-1.21.11\client-fixtures\neoforge-1.21.11\base-preparation-01\libraries\net\neoforged\bus\8.0.5\bus-8.0.5.jar exists. Checksum valid.
Considering library org.ow2.asm:asm:9.8
File E:\CodexTemp\QiZhangVerdict\compat-1.21.11\client-fixtures\neoforge-1.21.11\base-preparation-01\libraries\org\ow2\asm\asm\9.8\asm-9.8.jar exists. Checksum valid.
Considering library com.electronwill.night-config:toml:3.8.3
File E:\CodexTemp\QiZhangVerdict\compat-1.21.11\client-fixtures\neoforge-1.21.11\base-preparation-01\libraries\com\electronwill\night-config\toml\3.8.3\toml-3.8.3.jar exists. Checksum valid.
Considering library com.electronwill.night-config:core:3.8.3
File E:\CodexTemp\QiZhangVerdict\compat-1.21.11\client-fixtures\neoforge-1.21.11\base-preparation-01\libraries\com\electronwill\night-config\core\3.8.3\core-3.8.3.jar exists. Checksum valid.
Considering library net.neoforged:JarJarSelector:0.5.0
File E:\CodexTemp\QiZhangVerdict\compat-1.21.11\client-fixtures\neoforge-1.21.11\base-preparation-01\libraries\net\neoforged\JarJarSelector\0.5.0\JarJarSelector-0.5.0.jar exists. Checksum valid.
Considering library net.neoforged:JarJarMetadata:0.5.0
File E:\CodexTemp\QiZhangVerdict\compat-1.21.11\client-fixtures\neoforge-1.21.11\base-preparation-01\libraries\net\neoforged\JarJarMetadata\0.5.0\JarJarMetadata-0.5.0.jar exists. Checksum valid.
Considering library org.apache.maven:maven-artifact:3.9.9
File E:\CodexTemp\QiZhangVerdict\compat-1.21.11\client-fixtures\neoforge-1.21.11\base-preparation-01\libraries\org\apache\maven\maven-artifact\3.9.9\maven-artifact-3.9.9.jar exists. Checksum valid.
Considering library net.jodah:typetools:0.6.3
File E:\CodexTemp\QiZhangVerdict\compat-1.21.11\client-fixtures\neoforge-1.21.11\base-preparation-01\libraries\net\jodah\typetools\0.6.3\typetools-0.6.3.jar exists. Checksum valid.
Considering library net.minecrell:terminalconsoleappender:1.3.0
File E:\CodexTemp\QiZhangVerdict\compat-1.21.11\client-fixtures\neoforge-1.21.11\base-preparation-01\libraries\net\minecrell\terminalconsoleappender\1.3.0\terminalconsoleappender-1.3.0.jar exists. Checksum valid.
Considering library net.fabricmc:sponge-mixin:0.16.5+mixin.0.8.7
File E:\CodexTemp\QiZhangVerdict\compat-1.21.11\client-fixtures\neoforge-1.21.11\base-preparation-01\libraries\net\fabricmc\sponge-mixin\0.16.5+mixin.0.8.7\sponge-mixin-0.16.5+mixin.0.8.7.jar exists. Checksum valid.
Considering library net.neoforged.accesstransformers:at-parser:11.0.2
File E:\CodexTemp\QiZhangVerdict\compat-1.21.11\client-fixtures\neoforge-1.21.11\base-preparation-01\libraries\net\neoforged\accesstransformers\at-parser\11.0.2\at-parser-11.0.2.jar exists. Checksum valid.
Considering library org.jline:jline-reader:3.20.0
File E:\CodexTemp\QiZhangVerdict\compat-1.21.11\client-fixtures\neoforge-1.21.11\base-preparation-01\libraries\org\jline\jline-reader\3.20.0\jline-reader-3.20.0.jar exists. Checksum valid.
Considering library org.jline:jline-terminal:3.20.0
File E:\CodexTemp\QiZhangVerdict\compat-1.21.11\client-fixtures\neoforge-1.21.11\base-preparation-01\libraries\org\jline\jline-terminal\3.20.0\jline-terminal-3.20.0.jar exists. Checksum valid.
Considering library org.lwjgl:lwjgl-tinyfd:3.3.3
File E:\CodexTemp\QiZhangVerdict\compat-1.21.11\client-fixtures\neoforge-1.21.11\base-preparation-01\libraries\org\lwjgl\lwjgl-tinyfd\3.3.3\lwjgl-tinyfd-3.3.3.jar exists. Checksum valid.
Considering library org.lwjgl:lwjgl:3.3.3
File E:\CodexTemp\QiZhangVerdict\compat-1.21.11\client-fixtures\neoforge-1.21.11\base-preparation-01\libraries\org\lwjgl\lwjgl\3.3.3\lwjgl-3.3.3.jar exists. Checksum valid.
Considering library net.minecraftforge:srgutils:0.4.15
File E:\CodexTemp\QiZhangVerdict\compat-1.21.11\client-fixtures\neoforge-1.21.11\base-preparation-01\libraries\net\minecraftforge\srgutils\0.4.15\srgutils-0.4.15.jar exists. Checksum valid.
Considering library com.google.guava:listenablefuture:9999.0-empty-to-avoid-conflict-with-guava
File E:\CodexTemp\QiZhangVerdict\compat-1.21.11\client-fixtures\neoforge-1.21.11\base-preparation-01\libraries\com\google\guava\listenablefuture\9999.0-empty-to-avoid-conflict-with-guava\listenablefuture-9999.0-empty-to-avoid-conflict-with-guava.jar exists. Checksum valid.
Considering library com.google.errorprone:error_prone_annotations:2.41.0
File E:\CodexTemp\QiZhangVerdict\compat-1.21.11\client-fixtures\neoforge-1.21.11\base-preparation-01\libraries\com\google\errorprone\error_prone_annotations\2.41.0\error_prone_annotations-2.41.0.jar exists. Checksum valid.
Considering library com.google.j2objc:j2objc-annotations:3.1
File E:\CodexTemp\QiZhangVerdict\compat-1.21.11\client-fixtures\neoforge-1.21.11\base-preparation-01\libraries\com\google\j2objc\j2objc-annotations\3.1\j2objc-annotations-3.1.jar exists. Checksum valid.
Considering library org.codehaus.plexus:plexus-utils:3.5.1
File E:\CodexTemp\QiZhangVerdict\compat-1.21.11\client-fixtures\neoforge-1.21.11\base-preparation-01\libraries\org\codehaus\plexus\plexus-utils\3.5.1\plexus-utils-3.5.1.jar exists. Checksum valid.
Considering library net.neoforged:neoform:1.21.11-20251209.172050:mappings@tsrg.lzma
File E:\CodexTemp\QiZhangVerdict\compat-1.21.11\client-fixtures\neoforge-1.21.11\base-preparation-01\libraries\net\neoforged\neoform\1.21.11-20251209.172050\neoform-1.21.11-20251209.172050-mappings.tsrg.lzma exists. Checksum valid.
Considering library net.neoforged.installertools:installertools:4.0.6:fatjar
File E:\CodexTemp\QiZhangVerdict\compat-1.21.11\client-fixtures\neoforge-1.21.11\base-preparation-01\libraries\net\neoforged\installertools\installertools\4.0.6\installertools-4.0.6-fatjar.jar exists. Checksum valid.
Considering library net.neoforged:neoforge:21.11.45:universal
File E:\CodexTemp\QiZhangVerdict\compat-1.21.11\client-fixtures\neoforge-1.21.11\base-preparation-01\libraries\net\neoforged\neoforge\21.11.45\neoforge-21.11.45-universal.jar exists. Checksum valid.
Created Temporary Directory: E:\CodexTemp\QiZhangVerdict\compat-1.21.11\client-fixtures\neoforge-1.21.11\base-preparation-01\tmp\neoforge_installer10445910533981282205
  Extracting: /data/client.lzma
Building Processors
===============================================================================
Processor: net.neoforged.installertools:installertools -> DOWNLOAD_MOJMAPS
  MainClass: net.neoforged.installertools.ConsoleTool
  Classpath:
    E:\CodexTemp\QiZhangVerdict\compat-1.21.11\client-fixtures\neoforge-1.21.11\base-preparation-01\libraries\net\neoforged\installertools\installertools\4.0.6\installertools-4.0.6-fatjar.jar
    E:\CodexTemp\QiZhangVerdict\compat-1.21.11\client-fixtures\neoforge-1.21.11\base-preparation-01\libraries\net\neoforged\installertools\installertools\4.0.6\installertools-4.0.6-fatjar.jar
  Args: --task, DOWNLOAD_MOJMAPS, --version, 1.21.11, --side, client, --output, E:\CodexTemp\QiZhangVerdict\compat-1.21.11\client-fixtures\neoforge-1.21.11\base-preparation-01\libraries\net\minecraft\client\1.21.11\client-1.21.11-mappings.txt
Task: DOWNLOAD_MOJMAPS
MC Version: 1.21.11
Side:       client
Output:     E:\CodexTemp\QiZhangVerdict\compat-1.21.11\client-fixtures\neoforge-1.21.11\base-preparation-01\libraries\net\minecraft\client\1.21.11\client-1.21.11-mappings.txt
Downloaded Mojang mappings for 1.21.11
===============================================================================
Processor: net.neoforged.installertools:installertools -> PROCESS_MINECRAFT_JAR
  MainClass: net.neoforged.installertools.ConsoleTool
  Classpath:
    E:\CodexTemp\QiZhangVerdict\compat-1.21.11\client-fixtures\neoforge-1.21.11\base-preparation-01\libraries\net\neoforged\installertools\installertools\4.0.6\installertools-4.0.6-fatjar.jar
    E:\CodexTemp\QiZhangVerdict\compat-1.21.11\client-fixtures\neoforge-1.21.11\base-preparation-01\libraries\net\neoforged\installertools\installertools\4.0.6\installertools-4.0.6-fatjar.jar
  Args: --task, PROCESS_MINECRAFT_JAR, --input, E:\CodexTemp\QiZhangVerdict\compat-1.21.11\client-fixtures\neoforge-1.21.11\base-preparation-01\versions\1.21.11\1.21.11.jar, --input-mappings, E:\CodexTemp\QiZhangVerdict\compat-1.21.11\client-fixtures\neoforge-1.21.11\base-preparation-01\libraries\net\minecraft\client\1.21.11\client-1.21.11-mappings.txt, --output, E:\CodexTemp\QiZhangVerdict\compat-1.21.11\client-fixtures\neoforge-1.21.11\base-preparation-01\libraries\net\neoforged\minecraft-client-patched\21.11.45\minecraft-client-patched-21.11.45.jar, --extract-libraries-to, E:\CodexTemp\QiZhangVerdict\compat-1.21.11\client-fixtures\neoforge-1.21.11\base-preparation-01/libraries/, --neoform-data, E:\CodexTemp\QiZhangVerdict\compat-1.21.11\client-fixtures\neoforge-1.21.11\base-preparation-01\libraries\net\neoforged\neoform\1.21.11-20251209.172050\neoform-1.21.11-20251209.172050-mappings.tsrg.lzma, --apply-patches, E:\CodexTemp\QiZhangVerdict\compat-1.21.11\client-fixtures\neoforge-1.21.11\base-preparation-01\tmp\neoforge_installer10445910533981282205\data\client.lzma
Task: PROCESS_MINECRAFT_JAR
load parameter mappings [538ms]
load patch bundle [755ms]
load mappings [1096ms]
merge mappings [316ms]
load input zip [1573ms]
Adding Libraries to Inheritance
Processor: net.neoforged.installertools:installertools -> PROCESS_MINECRAFT_JAR: Processing entries
Adding input to inheritance map
Processing 28163 entries
Adding extras
Sorting
deobfuscate jar [1974ms]
applying patches [295ms]
write output file [2161ms]
overall work [6018ms]
Injecting profile
Successfully installed client into launcher.
You can delete this installer file now if you wish
