WARN StatusConsoleListener The use of package scanning to locate plugins is deprecated and will be removed in a future release
WARN StatusConsoleListener The use of package scanning to locate plugins is deprecated and will be removed in a future release
WARN StatusConsoleListener The use of package scanning to locate plugins is deprecated and will be removed in a future release
WARN StatusConsoleListener The use of package scanning to locate plugins is deprecated and will be removed in a future release
WARN StatusConsoleListener Advanced terminal features are not available in this environment
[21:15:38] [main/INFO] [cp.mo.mo.Launcher/MODLAUNCHER]: ModLauncher running: args [--launchTarget, forge_server, nogui]
[21:15:38] [main/INFO] [cp.mo.mo.Launcher/MODLAUNCHER]: JVM identified as Oracle Corporation Java HotSpot(TM) 64-Bit Server VM 21.0.8+12-LTS-250
[21:15:38] [main/INFO] [cp.mo.mo.Launcher/MODLAUNCHER]: ModLauncher 10.2.4 starting: java version 21.0.8 by Oracle Corporation; OS Windows 11 arch amd64 version 10.0
[21:15:38] [main/WARN] [ne.mi.fm.lo.FMLConfig/CORE]: Configuration file E:\CodexTemp\QiZhangVerdict\compat-1.20.6\servers\forge-42-01\config\fml.toml is not correct. Correcting
[21:15:38] [main/INFO] [ne.mi.fm.lo.FMLConfig/CORE]: Incorrect key [earlyWindowSkipGLVersions] was corrected from null to []
[21:15:38] [main/INFO] [ne.mi.fm.lo.FMLConfig/CORE]: Incorrect key [earlyWindowLogHelpMessage] was corrected from null to true
[21:15:38] [main/INFO] [ne.mi.fm.lo.FMLConfig/CORE]: Incorrect key [earlyWindowSquir] was corrected from null to false
[21:15:38] [main/INFO] [ne.mi.fm.lo.FMLConfig/CORE]: Incorrect key [earlyWindowShowCPU] was corrected from null to false
[21:15:38] [main/INFO] [ne.mi.fm.lo.ImmediateWindowHandler/]: ImmediateWindowProvider not loading because launch target is forge_server
[21:15:38] [main/INFO] [mixin/]: SpongePowered MIXIN Subsystem Version=0.8.5 Source=jar:file:///E:/CodexTemp/QiZhangVerdict/compat-1.20.6/servers/forge-42-01/libraries/org/spongepowered/mixin/0.8.5/mixin-0.8.5.jar!/ Service=ModLauncher Env=SERVER
/*********************************************************************************************************************************************************************************************/
/*                                                                      SpongePowered MIXIN (Verbose debugging enabled)                                                                      */
/*********************************************************************************************************************************************************************************************/
/*                                         Code source : jar:file:///E:/CodexTemp/QiZhangVerdict/compat-1.20.6/servers/forge-42-01/libraries/org/spongepowered/mixin/0.8.5/mixin-0.8.5.jar!/ */
/*                                    Internal Version : 0.8.5                                                                                                                               */
/*                                        Java Version : 21.0 (supports compatibility 6-18)                                                                                                  */
/*                         Default Compatibility Level : JAVA_16                                                                                                                             */
/*                                Detected ASM Version : ASM 9.7.1 (ASM10_EXPERIMENTAL)                                                                                                      */
/*                          Detected ASM Supports Java : Up to Java 24 (class file version 68.0)                                                                                             */
/*********************************************************************************************************************************************************************************************/
/*                                        Service Name : ModLauncher                                                                                                                         */
/*                                 Mixin Service Class : org.spongepowered.asm.service.modlauncher.MixinServiceModLauncher                                                                   */
/*                       Global Property Service Class : org.spongepowered.asm.service.modlauncher.Blackboard                                                                                */
/*                                 Logger Adapter Type : Log4j2 (via ModLauncher)                                                                                                            */
/*********************************************************************************************************************************************************************************************/
/*                                         mixin.debug : <false>                                                                                                                             */
/*                                  mixin.debug.export : - <true>                                                                                                                            */
/*                           mixin.debug.export.filter : - - <null>                                                                                                                          */
/*                        mixin.debug.export.decompile : - - <true>                                                                                                                          */
/*                  mixin.debug.export.decompile.async : - - - <true>                                                                                                                        */
/* mixin.debug.export.decompile.mergeGenericSignatures : - - - <true>                                                                                                                        */
/*                                  mixin.debug.verify : - <false>                                                                                                                           */
/*                                 mixin.debug.verbose : - <true>                                                                                                                            */
/*                         mixin.debug.countInjections : - <true>                                                                                                                            */
/*                                  mixin.debug.strict : - <false>                                                                                                                           */
/*                           mixin.debug.strict.unique : - - <false>                                                                                                                         */
/*                          mixin.debug.strict.targets : - - <false>                                                                                                                         */
/*                                mixin.debug.profiler : - <false>                                                                                                                           */
/*                           mixin.dumpTargetOnFailure : <false>                                                                                                                             */
/*                                        mixin.checks : <false>                                                                                                                             */
/*                             mixin.checks.interfaces : - <false>                                                                                                                           */
/*                      mixin.checks.interfaces.strict : - - <false>                                                                                                                         */
/*                             mixin.ignoreConstraints : <false>                                                                                                                             */
/*                                       mixin.hotSwap : <false>                                                                                                                             */
/*                                           mixin.env : <false>                                                                                                                             */
/*                                       mixin.env.obf : - <false>                                                                                                                           */
/*                             mixin.env.disableRefMap : - <false>                                                                                                                           */
/*                               mixin.env.remapRefMap : - <false>                                                                                                                           */
/*                       mixin.env.refMapRemappingFile : - <>                                                                                                                                */
/*                        mixin.env.refMapRemappingEnv : - <searge>                                                                                                                          */
/*                      mixin.env.allowPermissiveMatch : - <false>                                                                                                                           */
/*                            mixin.env.ignoreRequired : - <false>                                                                                                                           */
/*                               mixin.env.compatLevel : - <false>                                                                                                                           */
/*                          mixin.env.shiftByViolation : - <warn>                                                                                                                            */
/*                      mixin.initialiserInjectionMode : <default>                                                                                                                           */
/*********************************************************************************************************************************************************************************************/
/*                                       Detected Side : SERVER                                                                                                                              */
/*********************************************************************************************************************************************************************************************/
[21:15:38] [main/INFO] [ne.mi.fm.lo.mo.JarInJarDependencyLocator/]: No dependencies to load found. Skipping!
Exception in thread "main" java.lang.reflect.InvocationTargetException
	at java.base/jdk.internal.reflect.DirectMethodHandleAccessor.invoke(DirectMethodHandleAccessor.java:118)
	at java.base/java.lang.reflect.Method.invoke(Method.java:580)
	at net.minecraftforge.bootstrap.shim.Main.main(Main.java:101)
Caused by: java.lang.reflect.InvocationTargetException
	at java.base/jdk.internal.reflect.DirectMethodHandleAccessor.invoke(DirectMethodHandleAccessor.java:118)
	at java.base/java.lang.reflect.Method.invoke(Method.java:580)
	at net.minecraftforge.bootstrap.Bootstrap.bootstrapMain(Bootstrap.java:133)
	at net.minecraftforge.bootstrap.Bootstrap.start(Bootstrap.java:53)
	at net.minecraftforge.bootstrap.ForgeBootstrap.main(ForgeBootstrap.java:19)
	at java.base/jdk.internal.reflect.DirectMethodHandleAccessor.invoke(DirectMethodHandleAccessor.java:103)
	... 2 more
Caused by: org.spongepowered.asm.launch.MixinInitialisationError: Mixin config qizhangverdict.mixins.json specifies compatibility level JAVA_21 which is not recognised
	at SECURE-BOOTSTRAP/org.spongepowered.mixin/org.spongepowered.asm.mixin.transformer.MixinConfig.initCompatibilityLevel(MixinConfig.java:517)
	at SECURE-BOOTSTRAP/org.spongepowered.mixin/org.spongepowered.asm.mixin.transformer.MixinConfig.postInit(MixinConfig.java:500)
	at SECURE-BOOTSTRAP/org.spongepowered.mixin/org.spongepowered.asm.mixin.transformer.MixinConfig.onLoad(MixinConfig.java:428)
	at SECURE-BOOTSTRAP/org.spongepowered.mixin/org.spongepowered.asm.mixin.transformer.MixinConfig.create(MixinConfig.java:1285)
	at SECURE-BOOTSTRAP/org.spongepowered.mixin/org.spongepowered.asm.mixin.transformer.Config.create(Config.java:148)
	at SECURE-BOOTSTRAP/org.spongepowered.mixin/org.spongepowered.asm.mixin.Mixins.createConfiguration(Mixins.java:100)
	at SECURE-BOOTSTRAP/org.spongepowered.mixin/org.spongepowered.asm.mixin.Mixins.addConfiguration(Mixins.java:87)
	at SECURE-BOOTSTRAP/org.spongepowered.mixin/org.spongepowered.asm.launch.platform.MixinPlatformManager.addConfig(MixinPlatformManager.java:262)
	at SECURE-BOOTSTRAP/org.spongepowered.mixin/org.spongepowered.asm.launch.platform.MixinPlatformAgentDefault.prepare(MixinPlatformAgentDefault.java:46)
	at SECURE-BOOTSTRAP/org.spongepowered.mixin/org.spongepowered.asm.launch.platform.MixinContainer.prepare(MixinContainer.java:122)
	at SECURE-BOOTSTRAP/org.spongepowered.mixin/org.spongepowered.asm.launch.platform.MixinPlatformManager.createContainerFor(MixinPlatformManager.java:144)
	at SECURE-BOOTSTRAP/org.spongepowered.mixin/org.spongepowered.asm.launch.platform.MixinPlatformManager.addContainer(MixinPlatformManager.java:134)
	at SECURE-BOOTSTRAP/org.spongepowered.mixin/org.spongepowered.asm.launch.platform.MixinPlatformManager.addNestedContainers(MixinPlatformManager.java:152)
	at SECURE-BOOTSTRAP/org.spongepowered.mixin/org.spongepowered.asm.launch.platform.MixinPlatformManager.scanForContainers(MixinPlatformManager.java:213)
	at SECURE-BOOTSTRAP/org.spongepowered.mixin/org.spongepowered.asm.launch.platform.MixinPlatformManager.inject(MixinPlatformManager.java:186)
	at SECURE-BOOTSTRAP/org.spongepowered.mixin/org.spongepowered.asm.launch.MixinBootstrap.inject(MixinBootstrap.java:202)
	at SECURE-BOOTSTRAP/org.spongepowered.mixin/org.spongepowered.asm.launch.MixinLaunchPluginLegacy.initializeLaunch(MixinLaunchPluginLegacy.java:201)
	at SECURE-BOOTSTRAP/org.spongepowered.mixin/org.spongepowered.asm.launch.MixinLaunchPlugin.initializeLaunch(MixinLaunchPlugin.java:34)
	at SECURE-BOOTSTRAP/cpw.mods.modlauncher@10.2.4/cpw.mods.modlauncher.LaunchPluginHandler.lambda$announceLaunch$6(LaunchPluginHandler.java:107)
	at java.base/java.util.HashMap.forEach(HashMap.java:1429)
	at SECURE-BOOTSTRAP/cpw.mods.modlauncher@10.2.4/cpw.mods.modlauncher.LaunchPluginHandler.announceLaunch(LaunchPluginHandler.java:106)
	at SECURE-BOOTSTRAP/cpw.mods.modlauncher@10.2.4/cpw.mods.modlauncher.LaunchServiceHandler.launch(LaunchServiceHandler.java:56)
	at SECURE-BOOTSTRAP/cpw.mods.modlauncher@10.2.4/cpw.mods.modlauncher.LaunchServiceHandler.launch(LaunchServiceHandler.java:97)
	at SECURE-BOOTSTRAP/cpw.mods.modlauncher@10.2.4/cpw.mods.modlauncher.Launcher.run(Launcher.java:116)
	at SECURE-BOOTSTRAP/cpw.mods.modlauncher@10.2.4/cpw.mods.modlauncher.Launcher.main(Launcher.java:75)
	at SECURE-BOOTSTRAP/cpw.mods.modlauncher@10.2.4/cpw.mods.modlauncher.BootstrapEntry.main(BootstrapEntry.java:17)
	at net.minecraftforge.bootstrap@2.1.7/net.minecraftforge.bootstrap.Bootstrap.moduleMain(Bootstrap.java:188)
	at java.base/jdk.internal.reflect.DirectMethodHandleAccessor.invoke(DirectMethodHandleAccessor.java:103)
	... 7 more
