Picked up JAVA_TOOL_OPTIONS: -Djava.io.tmpdir=E:/CodexTemp/QiZhangVerdict/compat-1.17.1/builds/build-03/temp -Dqzguard.testDir=E:/CodexTemp/QiZhangVerdict/compat-1.17.1/builds/build-03/core-tests -Djavax.net.ssl.trustStoreType=Windows-ROOT -Djavax.net.ssl.trustStore=NONE
To honour the JVM settings for this build a single-use Daemon process will be forked. For more on this, please refer to https://docs.gradle.org/8.14.1/userguide/gradle_daemon.html#sec:disabling_the_daemon in the Gradle documentation.
Daemon will be stopped at the end of the build 

> Configure project :
Architect Plugin: 3.4.164
Architectury Loom: 1.11.456
This version of Architectury Loom is in beta! Please report any issues you encounter: https://github.com/architectury/architectury-loom/issues

> Task :forge:adaptSharedSources

> Task :forge:compileJava
Picked up JAVA_TOOL_OPTIONS: -Djava.io.tmpdir=E:/CodexTemp/QiZhangVerdict/compat-1.17.1/builds/build-03/temp -Dqzguard.testDir=E:/CodexTemp/QiZhangVerdict/compat-1.17.1/builds/build-03/core-tests -Djavax.net.ssl.trustStoreType=Windows-ROOT -Djavax.net.ssl.trustStore=NONE

> Task :forge:processResources
> Task :forge:classes
> Task :forge:jar
> Task :forge:compileSmokeJava FROM-CACHE
> Task :forge:adaptSharedTests
> Task :forge:compileTestJava FROM-CACHE
> Task :forge:processIncludeJars
> Task :forge:remapJar
> Task :forge:sourcesJar
> Task :forge:remapSourcesJar
> Task :forge:assemble
> Task :forge:processTestResources NO-SOURCE
> Task :forge:testClasses UP-TO-DATE

> Task :forge:commandParserSmoke
Picked up JAVA_TOOL_OPTIONS: -Djava.io.tmpdir=E:/CodexTemp/QiZhangVerdict/compat-1.17.1/builds/build-03/temp -Dqzguard.testDir=E:/CodexTemp/QiZhangVerdict/compat-1.17.1/builds/build-03/core-tests -Djavax.net.ssl.trustStoreType=Windows-ROOT -Djavax.net.ssl.trustStore=NONE
PASS: production command tree accepts unquoted device digests and legacy rule IDs, glob spaces and ban reasons; rejects non-admin access and invalid pages

> Task :forge:processSmokeResources NO-SOURCE
> Task :forge:smokeClasses UP-TO-DATE

> Task :forge:connectionDispatchSmoke
Picked up JAVA_TOOL_OPTIONS: -Djava.io.tmpdir=E:/CodexTemp/QiZhangVerdict/compat-1.17.1/builds/build-03/temp -Dqzguard.testDir=E:/CodexTemp/QiZhangVerdict/compat-1.17.1/builds/build-03/core-tests -Djavax.net.ssl.trustStoreType=Windows-ROOT -Djavax.net.ssl.trustStore=NONE
PASS forge-connection-dispatch 1: queues before inspecting current login state
PASS forge-connection-dispatch 2: queued login accepts original live PLAY listener
PASS forge-connection-dispatch 3: server switch rejects old transport
PASS forge-connection-dispatch 4: same transport with replaced listener is rejected
PASS forge-connection-dispatch 5: retained local listener cannot hide replacement on the transport
PASS forge-connection-dispatch 6: closed transport is rejected even when objects remain
PASS forge-connection-dispatch 7: non-PLAY listener transition rejects queued payload
PASS forge-connection-dispatch 8: disconnected listener cannot receive queued payload
PASS forge-connection-dispatch 9: new challenge on same valid connection still works
PASS forge-connection-dispatch 10: null origins are never queued
PASS forge-connection-dispatch 11: connection comparison uses identity not equals
PASS forge-connection-dispatch 12: listener comparison uses identity not equals
PASS forge-connection-dispatch 13: delayed response cannot use closed connection
PASS forge-connection-dispatch 14: delayed response cannot use non-PLAY phase
PASS forge-connection-dispatch 15: delayed response may use exact live PLAY origin
PASS forge-connection-dispatch total=15

> Task :forge:legacyPayloadSmoke
Picked up JAVA_TOOL_OPTIONS: -Djava.io.tmpdir=E:/CodexTemp/QiZhangVerdict/compat-1.17.1/builds/build-03/temp -Dqzguard.testDir=E:/CodexTemp/QiZhangVerdict/compat-1.17.1/builds/build-03/core-tests -Djavax.net.ssl.trustStoreType=Windows-ROOT -Djavax.net.ssl.trustStore=NONE
PASS: eight actual legacy custom-payload writes, 30000-byte bounds, readable slice and defensive ownership

> Task :forge:test
> Task :forge:validateAccessWidener NO-SOURCE
> Task :forge:check
> Task :forge:build

[Incubating] Problems report is available at: file:///E:/Codex_work/QiZhangVerdict/platforms/1.17.1/build/reports/problems/problems-report.html

Deprecated Gradle features were used in this build, making it incompatible with Gradle 9.0.

You can use '--warning-mode all' to show the individual deprecation warnings and determine if they come from your own scripts or plugins.

For more on this, please refer to https://docs.gradle.org/8.14.1/userguide/command_line_interface.html#sec:command_line_warnings in the Gradle documentation.

BUILD SUCCESSFUL in 29s
15 actionable tasks: 13 executed, 2 from cache
