Starting net.fabricmc.loader.impl.game.minecraft.BundlerClassPathCapture
[00:03:37] [main/INFO]: Loading Minecraft 1.21.11 with Fabric Loader 0.19.5
[00:03:37] [main/WARN]: Ignoring invalid library path "
[00:03:37] [main/WARN]: Ignoring invalid library path D:\Program Files\Node.js\"
[00:03:37] [main/INFO]: Loading 42 mods:
	- fabric-api 0.141.6+1.21.11
	   |-- fabric-api-base 1.0.5+4ebb5c083e
	   |-- fabric-api-lookup-api-v1 1.6.114+20dc27073e
	   |-- fabric-biome-api-v1 17.1.1+4fc5413f3e
	   |-- fabric-block-api-v1 1.1.10+4ebb5c083e
	   |-- fabric-block-view-api-v2 1.0.39+4ebb5c083e
	   |-- fabric-command-api-v2 2.4.7+6b42a6003e
	   |-- fabric-content-registries-v0 10.2.14+4fc5413f3e
	   |-- fabric-convention-tags-v1 2.1.55+7f945d5b3e
	   |-- fabric-convention-tags-v2 2.17.3+8ef948ba3e
	   |-- fabric-crash-report-info-v1 0.3.23+4ebb5c083e
	   |-- fabric-data-attachment-api-v1 1.8.48+eed0806f3e
	   |-- fabric-data-generation-api-v1 23.5.0+88d7da613e
	   |-- fabric-dimensions-v1 4.0.28+4fc5413f3e
	   |-- fabric-entity-events-v1 3.1.1+1d0ab4303e
	   |-- fabric-events-interaction-v0 4.1.1+3b89ecf63e
	   |-- fabric-game-rule-api-v1 2.0.3+4fc5413f3e
	   |-- fabric-item-api-v1 11.6.0+67f17bb43e
	   |-- fabric-item-group-api-v1 4.2.36+4fc5413f3e
	   |-- fabric-lifecycle-events-v1 2.6.15+4ebb5c083e
	   |-- fabric-loot-api-v2 3.0.73+3f89f5a53e
	   |-- fabric-loot-api-v3 2.0.20+78c8b4663e
	   |-- fabric-message-api-v1 6.1.12+4ebb5c083e
	   |-- fabric-networking-api-v1 5.1.6+6b6d71a53e
	   |-- fabric-object-builder-api-v1 21.1.40+4fc5413f3e
	   |-- fabric-particles-v1 4.2.12+4fc5413f3e
	   |-- fabric-recipe-api-v1 8.2.4+4ebb5c083e
	   |-- fabric-registry-sync-v0 6.2.6+1718722b3e
	   |-- fabric-rendering-fluids-v1 3.1.43+4ebb5c083e
	   |-- fabric-resource-conditions-api-v1 5.0.35+4fc5413f3e
	   |-- fabric-resource-loader-v0 3.3.4+4fc5413f3e
	   |-- fabric-resource-loader-v1 1.0.10+78c8b4663e
	   |-- fabric-screen-handler-api-v1 1.3.162+4fc5413f3e
	   |-- fabric-serialization-api-v1 1.0.5+4ebb5c083e
	   |-- fabric-tag-api-v1 1.3.0+88d7da613e
	   |-- fabric-transfer-api-v1 6.0.25+4fc5413f3e
	   \-- fabric-transitive-access-wideners-v1 7.1.0+014c8cec3e
	- fabricloader 0.19.5
	   \-- mixinextras 0.5.5
	- java 21
	- minecraft 1.21.11
	- qizhangverdict 0.4.0-dev
[00:03:37] [main/INFO]: SpongePowered MIXIN Subsystem Version=0.8.7 Source=file:/E:/CodexTemp/QiZhangVerdict/compat-1.21.11/client-fixtures/fabric-1.21.11/runs/candidate-0.4.0-dev-01/server/libraries/net/fabricmc/sponge-mixin/0.17.4+mixin.0.8.7/sponge-mixin-0.17.4+mixin.0.8.7.jar Service=Knot/Fabric Env=SERVER
[00:03:38] [main/INFO]: Initializing MixinExtras via com.llamalad7.mixinextras.service.MixinExtrasServiceImpl(version=0.5.5).
[00:03:46] [main/INFO]: External mod presence only: grimac=false, antixray=false; actual function must be tested separately
[00:03:46] [main/INFO]: Environment: Environment[sessionHost=https://sessionserver.mojang.com, servicesHost=https://api.minecraftservices.com, profilesHost=https://api.mojang.com, name=PROD]
[00:03:47] [main/INFO]: No existing world data, creating new world
[00:03:48] [main/INFO]: Loaded 1470 recipes
[00:03:48] [main/INFO]: Loaded 1584 advancements
[00:03:48] [main/INFO]: Applied 0 biome modifications to 0 of 65 new biomes in 1.561 ms
[00:03:48] [Server thread/INFO]: QiZhangGuard started: QiZhangVerdict sessions=0, trackedIPs=0, accountPairs=0, rules=39, companion=required, vm=DENY, blacklist=DENY, rateBuckets=0, accountBans=0, deviceBans=0, deviceRequired=true. Reports are self-reported, not trusted attestation.
[00:03:48] [Server thread/INFO]: Starting minecraft server version 1.21.11
[00:03:48] [Server thread/INFO]: Loading properties
[00:03:48] [Server thread/INFO]: Default game type: SURVIVAL
[00:03:48] [Server thread/INFO]: Generating keypair
[00:03:48] [Server thread/INFO]: Starting Minecraft server on 127.0.0.1:25731
[00:03:48] [Server thread/WARN]: **** SERVER IS RUNNING IN OFFLINE/INSECURE MODE!
[00:03:48] [Server thread/WARN]: The server will make no attempt to authenticate usernames. Beware.
[00:03:48] [Server thread/WARN]: While this makes the game possible to play without internet access, it also opens up the ability for hackers to connect with any username they choose.
[00:03:48] [Server thread/WARN]: To change this, set "online-mode" to "true" in the server.properties file.
[00:03:48] [Server thread/INFO]: Preparing level "world"
[00:03:48] [Server thread/INFO]: Selecting global world spawn...
[00:03:49] [Server thread/INFO]: Loading 0 persistent chunks...
[00:03:49] [Server thread/INFO]: Preparing spawn area: 100%
[00:03:49] [Server thread/INFO]: Time elapsed: 373 ms
[00:03:49] [Server thread/INFO]: Done (0.562s)! For help, type "help"
[00:04:17] [Server thread/INFO]: Verdict12111[/127.0.0.1:4840] logged in with entity id 1 at (0.5, -60.0, 8.5)
[00:04:17] [Server thread/INFO]: Verdict12111 joined the game
[00:04:18] [Server thread/INFO]: There are 1 of a max of 5 players online: Verdict12111
[00:04:18] [Server thread/INFO]: QiZhangVerdict sessions=1, trackedIPs=1, accountPairs=1, rules=39, companion=required, vm=DENY, blacklist=DENY, rateBuckets=1, accountBans=0, deviceBans=0, deviceRequired=true
[00:04:18] [Server thread/INFO]: [Not Secure] [Server] QZ_GUI_SURVIVAL_ac1c087c0d92526e
[00:05:19] [Server thread/INFO]: There are 1 of a max of 5 players online: Verdict12111
[00:05:19] [Server thread/INFO]: QiZhangVerdict sessions=1, trackedIPs=1, accountPairs=1, rules=39, companion=required, vm=DENY, blacklist=DENY, rateBuckets=1, accountBans=0, deviceBans=0, deviceRequired=true
[00:05:19] [Server thread/INFO]: [Not Secure] [Server] QZ_GUI_SURVIVAL_e25adaa98ebbef97
[00:05:19] [Server thread/INFO]: Verdict12111 lost connection: Disconnected
[00:05:19] [Server thread/INFO]: Verdict12111 left the game
[00:05:20] [Server thread/INFO]: Stopping the server
[00:05:20] [Server thread/INFO]: Stopping server
[00:05:20] [Server thread/INFO]: Saving players
[00:05:20] [Server thread/INFO]: Saving worlds
[00:05:20] [Server thread/INFO]: Saving chunks for level 'ServerLevel[world]'/minecraft:overworld
[00:05:20] [Server thread/INFO]: Saving chunks for level 'ServerLevel[world]'/minecraft:the_end
[00:05:20] [Server thread/INFO]: Saving chunks for level 'ServerLevel[world]'/minecraft:the_nether
[00:05:20] [Server thread/INFO]: ThreadedAnvilChunkStorage (world): All chunks are saved
[00:05:20] [Server thread/INFO]: ThreadedAnvilChunkStorage (DIM1): All chunks are saved
[00:05:20] [Server thread/INFO]: ThreadedAnvilChunkStorage (DIM-1): All chunks are saved
[00:05:20] [Server thread/INFO]: ThreadedAnvilChunkStorage: All dimensions are saved
