  <log4j:Event logger="FabricLoader/GameProvider" timestamp="1790602985778" level="INFO" thread="main">
    <log4j:Message><![CDATA[Loading Minecraft 1.17.1 with Fabric Loader 0.19.5]]></log4j:Message>
  </log4j:Event>
  <log4j:Event logger="FabricLoader/GameRemap" timestamp="1790602985780" level="INFO" thread="main">
    <log4j:Message><![CDATA[Fabric is preparing JARs on first launch, this may take a few seconds...]]></log4j:Message>
  </log4j:Event>
  <log4j:Event logger="FabricLoader" timestamp="1790602985899" level="INFO" thread="main">
    <log4j:Message><![CDATA[Loading 51 mods:
	- fabric 0.46.1+1.17
	   |-- fabric-api-base 0.4.0+cf39a74318
	   |-- fabric-api-lookup-api-v1 1.5.0+e821752d18
	   |-- fabric-biome-api-v1 3.2.2+cf39a74318
	   |-- fabric-blockrenderlayer-v1 1.1.6+cf39a74318
	   |-- fabric-command-api-v1 1.1.4+cf39a74318
	   |-- fabric-commands-v0 0.2.3+cf39a74318
	   |-- fabric-containers-v0 0.1.13+cf39a74318
	   |-- fabric-content-registries-v0 0.4.1+3447790d18
	   |-- fabric-crash-report-info-v1 0.1.6+cf39a74318
	   |-- fabric-dimensions-v1 2.0.15+b556f28c18
	   |-- fabric-entity-events-v1 1.4.1+377137cc18
	   |-- fabric-events-interaction-v0 0.4.12+e99fbe1218
	   |-- fabric-events-lifecycle-v0 0.2.4+cf39a74318
	   |-- fabric-game-rule-api-v1 1.0.8+cf39a74318
	   |-- fabric-item-api-v1 1.3.0+6617390918
	   |-- fabric-item-groups-v0 0.3.2+cf39a74318
	   |-- fabric-key-binding-api-v1 1.0.6+2a2bb57318
	   |-- fabric-keybindings-v0 0.2.4+cf39a74318
	   |-- fabric-lifecycle-events-v1 1.4.6+0392f3a618
	   |-- fabric-loot-tables-v1 1.0.5+cf39a74318
	   |-- fabric-mining-level-api-v1 1.0.3+cf39a74318
	   |-- fabric-mining-levels-v0 0.1.7+cf39a74318
	   |-- fabric-models-v0 0.3.1+cf39a74318
	   |-- fabric-networking-api-v1 1.0.14+cf39a74318
	   |-- fabric-networking-blockentity-v0 0.2.12+cf39a74318
	   |-- fabric-networking-v0 0.3.3+cf39a74318
	   |-- fabric-object-builder-api-v1 1.11.1+f907116918
	   |-- fabric-object-builders-v0 0.7.8+cf39a74318
	   |-- fabric-particles-v1 0.2.5+cf39a74318
	   |-- fabric-registry-sync-v0 0.8.0+ea29b33318
	   |-- fabric-renderer-api-v1 0.4.6+ce16ae5918
	   |-- fabric-renderer-indigo 0.4.10+ce16ae5918
	   |-- fabric-renderer-registries-v1 3.2.6+cf39a74318
	   |-- fabric-rendering-data-attachment-v1 0.1.6+cf39a74318
	   |-- fabric-rendering-fluids-v1 0.2.1+cf39a74318
	   |-- fabric-rendering-v0 1.1.7+cf39a74318
	   |-- fabric-rendering-v1 1.10.1+377137cc18
	   |-- fabric-resource-conditions-api-v1 1.0.1+591a0f2118
	   |-- fabric-resource-loader-v0 0.4.10+f09604ce18
	   |-- fabric-screen-api-v1 1.0.5+cf39a74318
	   |-- fabric-screen-handler-api-v1 1.1.9+cf39a74318
	   |-- fabric-structure-api-v1 1.2.0+48a9ad8918
	   |-- fabric-tag-extensions-v0 1.2.3+cf39a74318
	   |-- fabric-textures-v0 1.0.7+cf39a74318
	   |-- fabric-tool-attribute-api-v1 1.3.3+3b96517518
	   \-- fabric-transfer-api-v1 1.5.4+cf39a74318
	- fabricloader 0.19.5
	   \-- mixinextras 0.5.5
	- java 16
	- minecraft 1.17.1]]></log4j:Message>
  </log4j:Event>
  <log4j:Event logger="FabricLoader/Mixin" timestamp="1790602986144" level="INFO" thread="main">
    <log4j:Message><![CDATA[SpongePowered MIXIN Subsystem Version=0.8.7 Source=file:/E:/CodexTemp/QiZhangVerdict/compat-1.17.1/client-fixtures/fabric-1.17.1/base-44-01/libraries/net/fabricmc/sponge-mixin/0.17.4+mixin.0.8.7/sponge-mixin-0.17.4+mixin.0.8.7.jar Service=Knot/Fabric Env=CLIENT]]></log4j:Message>
  </log4j:Event>
  <log4j:Event logger="FabricLoader/MixinExtras|Service" timestamp="1790602986973" level="INFO" thread="main">
    <log4j:Message><![CDATA[Initializing MixinExtras via com.llamalad7.mixinextras.service.MixinExtrasServiceImpl(version=0.5.5).]]></log4j:Message>
  </log4j:Event>
  <log4j:Event logger="com.mojang.authlib.yggdrasil.YggdrasilAuthenticationService" timestamp="1790602992024" level="INFO" thread="Render thread">
    <log4j:Message><![CDATA[Environment: authHost='https://authserver.mojang.com', accountsHost='https://api.mojang.com', sessionHost='https://sessionserver.mojang.com', servicesHost='https://api.minecraftservices.com', name='PROD']]></log4j:Message>
  </log4j:Event>
  <log4j:Event logger="net.minecraft.class_310" timestamp="1790602992717" level="ERROR" thread="Render thread">
    <log4j:Message><![CDATA[Failed to verify authentication]]></log4j:Message>
    <log4j:Throwable><![CDATA[com.mojang.authlib.exceptions.InvalidCredentialsException: Status: 401
	at com.mojang.authlib.exceptions.MinecraftClientHttpException.toAuthenticationException(MinecraftClientHttpException.java:56)
	at com.mojang.authlib.yggdrasil.YggdrasilSocialInteractionsService.checkPrivileges(YggdrasilSocialInteractionsService.java:112)
	at com.mojang.authlib.yggdrasil.YggdrasilSocialInteractionsService.<init>(YggdrasilSocialInteractionsService.java:42)
	at com.mojang.authlib.yggdrasil.YggdrasilAuthenticationService.createSocialInteractionsService(YggdrasilAuthenticationService.java:151)
	at net.minecraft.class_310.method_31382(class_310.java:670)
	at net.minecraft.class_310.<init>(class_310.java:429)
	at net.minecraft.client.main.Main.main(Main.java:179)
	at net.fabricmc.loader.impl.game.minecraft.MinecraftGameProvider.launch(MinecraftGameProvider.java:517)
	at net.fabricmc.loader.impl.launch.knot.Knot.launch(Knot.java:72)
	at net.fabricmc.loader.impl.launch.knot.KnotClient.main(KnotClient.java:23)
Caused by: MinecraftClientHttpException[type=HTTP_ERROR, status=401, response=ErrorResponse[path='/privileges', error='null', details=null, errorMessage='null']]
	at com.mojang.authlib.minecraft.client.MinecraftClient.readInputStream(MinecraftClient.java:77)
	at com.mojang.authlib.minecraft.client.MinecraftClient.get(MinecraftClient.java:47)
	at com.mojang.authlib.yggdrasil.YggdrasilSocialInteractionsService.checkPrivileges(YggdrasilSocialInteractionsService.java:104)
	... 8 more
]]></log4j:Throwable>
  </log4j:Event>
  <log4j:Event logger="net.minecraft.class_310" timestamp="1790602992730" level="INFO" thread="Render thread">
    <log4j:Message><![CDATA[Setting user: Verdict117]]></log4j:Message>
  </log4j:Event>
  <log4j:Event logger="FabricLoader/Mixin" timestamp="1790602992825" level="WARN" thread="Render thread">
    <log4j:Message><![CDATA[@Inject(@At("INVOKE")) Shift.BY=3 on fabric-lifecycle-events-v1.mixins.json:client.WorldChunkMixin from mod fabric-lifecycle-events-v1::handler$zdk000$fabric-lifecycle-events-v1$onLoadBlockEntity exceeds the maximum allowed value: 0. Increase the value of maxShiftBy to suppress this warning.]]></log4j:Message>
  </log4j:Event>
  <log4j:Event logger="net.fabricmc.fabric.impl.client.indigo.Indigo" timestamp="1790602993018" level="INFO" thread="Render thread">
    <log4j:Message><![CDATA[[Indigo] Registering Indigo renderer!]]></log4j:Message>
  </log4j:Event>
  <log4j:Event logger="net.minecraft.class_310" timestamp="1790602994220" level="INFO" thread="Render thread">
    <log4j:Message><![CDATA[Backend library: LWJGL version 3.2.2 build 10]]></log4j:Message>
  </log4j:Event>
  <log4j:Event logger="com.mojang.text2speech.NarratorWindows" timestamp="1790602996694" level="INFO" thread="Render thread">
    <log4j:Message><![CDATA[Narrator library for x64 successfully loaded]]></log4j:Message>
  </log4j:Event>
  <log4j:Event logger="net.minecraft.class_3304" timestamp="1790602996826" level="INFO" thread="Render thread">
    <log4j:Message><![CDATA[Reloading ResourceManager: Default, Fabric Mods (Fabric API, Fabric API Base, Fabric API Lookup API (v1), Fabric Biome API (v1), Fabric BlockRenderLayer Registration (v1), Fabric Command API (v1), Fabric Commands (v0), Fabric Containers (v0), Fabric Content Registries (v0), Fabric Crash Report Info (v1), Fabric Dimensions API (v1), Fabric Entity Events (v1), Fabric Events Interaction (v0), Fabric Events Lifecycle (v0), Fabric Game Rule API (v1), Fabric Item API (v1), Fabric Item Groups (v0), Fabric Key Binding API (v1), Fabric Key Bindings (v0), Fabric Lifecycle Events (v1), Fabric Loot Tables (v1), Fabric Mining Level API (v1), Fabric Mining Levels (v0), Fabric Models (v0), Fabric Networking API (v1), Fabric Networking Block Entity (v0), Fabric Networking (v0), Fabric Object Builder API (v1), Fabric Object Builders (v0), Fabric Particles (v1), Fabric Registry Sync (v0), Fabric Renderer API (v1), Fabric Renderer - Indigo, Fabric Renderer Registries (v1), Fabric Rendering Data Attachment (v1), Fabric Rendering Fluids (v1), Fabric Rendering (v0), Fabric Rendering (v1), Fabric Resource Conditions API (v1), Fabric Resource Loader (v0), Fabric Screen API (v1), Fabric Screen Handler API (v1), Fabric Structure API (v1), Fabric Tag Extensions (v0), Fabric Textures (v0), Fabric Tool Attribute API (v1), Fabric Transfer API (v1), Fabric Loader)]]></log4j:Message>
  </log4j:Event>
  <log4j:Event logger="net.minecraft.class_412" timestamp="1790602996984" level="INFO" thread="Render thread">
    <log4j:Message><![CDATA[Connecting to 127.0.0.1, 25772]]></log4j:Message>
  </log4j:Event>
  <log4j:Event logger="net.minecraft.class_4225" timestamp="1790603000176" level="INFO" thread="Render thread">
    <log4j:Message><![CDATA[OpenAL initialized.]]></log4j:Message>
  </log4j:Event>
  <log4j:Event logger="net.minecraft.class_1140" timestamp="1790603000177" level="INFO" thread="Render thread">
    <log4j:Message><![CDATA[Sound engine started]]></log4j:Message>
  </log4j:Event>
  <log4j:Event logger="net.minecraft.class_1059" timestamp="1790603000744" level="INFO" thread="Render thread">
    <log4j:Message><![CDATA[Created: 1024x1024x4 minecraft:textures/atlas/blocks.png-atlas]]></log4j:Message>
  </log4j:Event>
  <log4j:Event logger="net.minecraft.class_1059" timestamp="1790603000757" level="INFO" thread="Render thread">
    <log4j:Message><![CDATA[Created: 256x128x4 minecraft:textures/atlas/signs.png-atlas]]></log4j:Message>
  </log4j:Event>
  <log4j:Event logger="net.minecraft.class_1059" timestamp="1790603000762" level="INFO" thread="Render thread">
    <log4j:Message><![CDATA[Created: 1024x512x4 minecraft:textures/atlas/banner_patterns.png-atlas]]></log4j:Message>
  </log4j:Event>
  <log4j:Event logger="net.minecraft.class_1059" timestamp="1790603000775" level="INFO" thread="Render thread">
    <log4j:Message><![CDATA[Created: 1024x512x4 minecraft:textures/atlas/shield_patterns.png-atlas]]></log4j:Message>
  </log4j:Event>
  <log4j:Event logger="net.minecraft.class_1059" timestamp="1790603000780" level="INFO" thread="Render thread">
    <log4j:Message><![CDATA[Created: 256x256x4 minecraft:textures/atlas/chest.png-atlas]]></log4j:Message>
  </log4j:Event>
  <log4j:Event logger="net.minecraft.class_1059" timestamp="1790603000782" level="INFO" thread="Render thread">
    <log4j:Message><![CDATA[Created: 512x256x4 minecraft:textures/atlas/beds.png-atlas]]></log4j:Message>
  </log4j:Event>
  <log4j:Event logger="net.minecraft.class_1059" timestamp="1790603000783" level="INFO" thread="Render thread">
    <log4j:Message><![CDATA[Created: 512x256x4 minecraft:textures/atlas/shulker_boxes.png-atlas]]></log4j:Message>
  </log4j:Event>
  <log4j:Event logger="net.minecraft.class_1059" timestamp="1790603002373" level="INFO" thread="Render thread">
    <log4j:Message><![CDATA[Created: 256x256x0 minecraft:textures/atlas/particles.png-atlas]]></log4j:Message>
  </log4j:Event>
  <log4j:Event logger="net.minecraft.class_1059" timestamp="1790603002376" level="INFO" thread="Render thread">
    <log4j:Message><![CDATA[Created: 256x256x0 minecraft:textures/atlas/paintings.png-atlas]]></log4j:Message>
  </log4j:Event>
  <log4j:Event logger="net.minecraft.class_1059" timestamp="1790603002376" level="INFO" thread="Render thread">
    <log4j:Message><![CDATA[Created: 256x128x0 minecraft:textures/atlas/mob_effects.png-atlas]]></log4j:Message>
  </log4j:Event>
  <log4j:Event logger="com.mojang.authlib.yggdrasil.YggdrasilAuthenticationService" timestamp="1790603002618" level="INFO" thread="Render thread">
    <log4j:Message><![CDATA[Environment: authHost='https://authserver.mojang.com', accountsHost='https://api.mojang.com', sessionHost='https://sessionserver.mojang.com', servicesHost='https://api.minecraftservices.com', name='PROD']]></log4j:Message>
  </log4j:Event>
  <log4j:Event logger="net.minecraft.class_163" timestamp="1790603004164" level="INFO" thread="Render thread">
    <log4j:Message><![CDATA[Loaded 0 advancements]]></log4j:Message>
  </log4j:Event>
  <log4j:Event logger="net.minecraft.class_338" timestamp="1790603028166" level="INFO" thread="Render thread">
    <log4j:Message><![CDATA[[CHAT] Saved screenshot as 2026-09-28_22.43.48.png]]></log4j:Message>
  </log4j:Event>
  <log4j:Event logger="net.minecraft.class_310" timestamp="1790603068128" level="INFO" thread="Render thread">
    <log4j:Message><![CDATA[Stopping!]]></log4j:Message>
  </log4j:Event>
