[22:42:31] [main/INFO]: Loading Minecraft 1.17.1 with Fabric Loader 0.19.5
[22:42:31] [main/WARN]: Ignoring invalid library path "
[22:42:31] [main/WARN]: Ignoring invalid library path D:\Program Files\Node.js\"
[22:42:31] [main/INFO]: Loading 40 mods:
	- fabric 0.46.1+1.17
	   |-- fabric-api-base 0.4.0+cf39a74318
	   |-- fabric-api-lookup-api-v1 1.5.0+e821752d18
	   |-- fabric-biome-api-v1 3.2.2+cf39a74318
	   |-- fabric-command-api-v1 1.1.4+cf39a74318
	   |-- fabric-commands-v0 0.2.3+cf39a74318
	   |-- fabric-containers-v0 0.1.13+cf39a74318
	   |-- fabric-content-registries-v0 0.4.1+3447790d18
	   |-- fabric-crash-report-info-v1 0.1.6+cf39a74318
	   |-- fabric-dimensions-v1 2.0.15+b556f28c18
	   |-- fabric-entity-events-v1 1.4.1+377137cc18
	   |-- fabric-events-interaction-v0 0.4.12+e99fbe1218
	   |-- fabric-events-lifecycle-v0 0.2.4+cf39a74318
	   |-- fabric-game-rule-api-v1 1.0.8+cf39a74318
	   |-- fabric-item-api-v1 1.3.0+6617390918
	   |-- fabric-item-groups-v0 0.3.2+cf39a74318
	   |-- fabric-lifecycle-events-v1 1.4.6+0392f3a618
	   |-- fabric-loot-tables-v1 1.0.5+cf39a74318
	   |-- fabric-mining-level-api-v1 1.0.3+cf39a74318
	   |-- fabric-mining-levels-v0 0.1.7+cf39a74318
	   |-- fabric-networking-api-v1 1.0.14+cf39a74318
	   |-- fabric-networking-blockentity-v0 0.2.12+cf39a74318
	   |-- fabric-networking-v0 0.3.3+cf39a74318
	   |-- fabric-object-builder-api-v1 1.11.1+f907116918
	   |-- fabric-object-builders-v0 0.7.8+cf39a74318
	   |-- fabric-particles-v1 0.2.5+cf39a74318
	   |-- fabric-registry-sync-v0 0.8.0+ea29b33318
	   |-- fabric-rendering-data-attachment-v1 0.1.6+cf39a74318
	   |-- fabric-rendering-fluids-v1 0.2.1+cf39a74318
	   |-- fabric-resource-conditions-api-v1 1.0.1+591a0f2118
	   |-- fabric-resource-loader-v0 0.4.10+f09604ce18
	   |-- fabric-screen-handler-api-v1 1.1.9+cf39a74318
	   |-- fabric-structure-api-v1 1.2.0+48a9ad8918
	   |-- fabric-tag-extensions-v0 1.2.3+cf39a74318
	   |-- fabric-tool-attribute-api-v1 1.3.3+3b96517518
	   \-- fabric-transfer-api-v1 1.5.4+cf39a74318
	- fabricloader 0.19.5
	   \-- mixinextras 0.5.5
	- java 16
	- minecraft 1.17.1
[22:42:31] [main/INFO]: SpongePowered MIXIN Subsystem Version=0.8.7 Source=file:/E:/CodexTemp/QiZhangVerdict/compat-1.17.1/client-fixtures/fabric-1.17.1/runs/no-guard-01/server/libraries/net/fabricmc/sponge-mixin/0.17.4+mixin.0.8.7/sponge-mixin-0.17.4+mixin.0.8.7.jar Service=Knot/Fabric Env=SERVER
[22:42:32] [main/INFO]: Initializing MixinExtras via com.llamalad7.mixinextras.service.MixinExtrasServiceImpl(version=0.5.5).
[22:42:37] [main/WARN]: @Inject(@At("INVOKE")) Shift.BY=3 on fabric-lifecycle-events-v1.mixins.json:server.WorldChunkMixin from mod fabric-lifecycle-events-v1::handler$zcf000$fabric-lifecycle-events-v1$onLoadBlockEntity exceeds the maximum allowed value: 0. Increase the value of maxShiftBy to suppress this warning.
[22:42:38] [main/INFO]: Environment: authHost='https://authserver.mojang.com', accountsHost='https://api.mojang.com', sessionHost='https://sessionserver.mojang.com', servicesHost='https://api.minecraftservices.com', name='PROD'
[22:42:38] [main/INFO]: Found new data pack Fabric Mods, loading it automatically
[22:42:39] [main/WARN]: Ambiguity between arguments [teleport, location] and [teleport, destination] with inputs: [0.1 -0.5 .9, 0 0 0]
[22:42:39] [main/WARN]: Ambiguity between arguments [teleport, location] and [teleport, targets] with inputs: [0.1 -0.5 .9, 0 0 0]
[22:42:39] [main/WARN]: Ambiguity between arguments [teleport, destination] and [teleport, targets] with inputs: [Player, 0123, @e, dd12be42-52a9-4a91-a8a1-11c01849e498]
[22:42:39] [main/WARN]: Ambiguity between arguments [teleport, targets] and [teleport, destination] with inputs: [Player, 0123, dd12be42-52a9-4a91-a8a1-11c01849e498]
[22:42:39] [main/WARN]: Ambiguity between arguments [teleport, targets, location] and [teleport, targets, destination] with inputs: [0.1 -0.5 .9, 0 0 0]
[22:42:39] [main/INFO]: Reloading ResourceManager: Default, Fabric Mods (Fabric Tool Attribute API (v1))
[22:42:39] [Worker-Main-9/INFO]: Loaded 7 recipes
[22:42:39] [Worker-Main-9/INFO]: Loaded 1137 advancements
[22:42:41] [main/INFO]: Applied 0 biome modifications to 0 of 81 new biomes in 1.997 ms
[22:42:41] [Server thread/INFO]: Starting minecraft server version 1.17.1
[22:42:41] [Server thread/INFO]: Loading properties
[22:42:41] [Server thread/INFO]: Default game type: SURVIVAL
[22:42:41] [Server thread/INFO]: Generating keypair
[22:42:41] [Server thread/INFO]: Starting Minecraft server on 127.0.0.1:25772
[22:42:41] [Server thread/INFO]: Using default channel type
[22:42:41] [Server thread/WARN]: **** SERVER IS RUNNING IN OFFLINE/INSECURE MODE!
[22:42:41] [Server thread/WARN]: The server will make no attempt to authenticate usernames. Beware.
[22:42:41] [Server thread/WARN]: While this makes the game possible to play without internet access, it also opens up the ability for hackers to connect with any username they choose.
[22:42:41] [Server thread/WARN]: To change this, set "online-mode" to "true" in the server.properties file.
[22:42:41] [Server thread/INFO]: Preparing level "world"
[22:42:43] [Server thread/INFO]: Preparing start region for dimension minecraft:overworld
[22:42:43] [Worker-Main-10/INFO]: Preparing spawn area: 0%
[22:42:43] [Worker-Main-11/INFO]: Preparing spawn area: 0%
[22:42:44] [Worker-Main-8/INFO]: Preparing spawn area: 0%
[22:42:44] [Worker-Main-8/INFO]: Preparing spawn area: 2%
[22:42:45] [Worker-Main-9/INFO]: Preparing spawn area: 4%
[22:42:45] [Worker-Main-11/INFO]: Preparing spawn area: 5%
[22:42:46] [Worker-Main-12/INFO]: Preparing spawn area: 5%
[22:42:46] [Worker-Main-10/INFO]: Preparing spawn area: 9%
[22:42:47] [Worker-Main-10/INFO]: Preparing spawn area: 9%
[22:42:47] [Worker-Main-10/INFO]: Preparing spawn area: 13%
[22:42:48] [Worker-Main-12/INFO]: Preparing spawn area: 15%
[22:42:48] [Worker-Main-10/INFO]: Preparing spawn area: 19%
[22:42:49] [Worker-Main-8/INFO]: Preparing spawn area: 22%
[22:42:49] [Worker-Main-13/INFO]: Preparing spawn area: 25%
[22:42:50] [Worker-Main-8/INFO]: Preparing spawn area: 27%
[22:42:50] [Worker-Main-14/INFO]: Preparing spawn area: 27%
[22:42:51] [Worker-Main-13/INFO]: Preparing spawn area: 33%
[22:42:51] [Worker-Main-10/INFO]: Preparing spawn area: 37%
[22:42:52] [Worker-Main-9/INFO]: Preparing spawn area: 41%
[22:42:52] [Worker-Main-9/INFO]: Preparing spawn area: 45%
[22:42:53] [Worker-Main-10/INFO]: Preparing spawn area: 50%
[22:42:53] [Worker-Main-12/INFO]: Preparing spawn area: 54%
[22:42:54] [Worker-Main-8/INFO]: Preparing spawn area: 57%
[22:42:55] [Worker-Main-10/INFO]: Preparing spawn area: 62%
[22:42:55] [Worker-Main-9/INFO]: Preparing spawn area: 62%
[22:42:55] [Worker-Main-10/INFO]: Preparing spawn area: 70%
[22:42:56] [Worker-Main-10/INFO]: Preparing spawn area: 74%
[22:42:56] [Worker-Main-11/INFO]: Preparing spawn area: 81%
[22:42:57] [Worker-Main-9/INFO]: Preparing spawn area: 88%
[22:42:57] [Worker-Main-9/INFO]: Preparing spawn area: 95%
[22:42:57] [Server thread/INFO]: Time elapsed: 14757 ms
[22:42:57] [Server thread/INFO]: Done (16.037s)! For help, type "help"
[22:43:18] [Server thread/INFO]: Verdict117[/127.0.0.1:5651] logged in with entity id 249 at (2.5, 66.0, 104.5)
[22:43:19] [Server thread/INFO]: Verdict117 joined the game
[22:44:28] [Server thread/INFO]: Verdict117 lost connection: Disconnected
[22:44:28] [Server thread/INFO]: Verdict117 left the game
[22:44:28] [Server thread/INFO]: Stopping the server
[22:44:28] [Server thread/INFO]: Stopping server
[22:44:28] [Server thread/INFO]: Saving players
[22:44:28] [Server thread/INFO]: Saving worlds
[22:44:28] [Server thread/INFO]: Saving chunks for level 'ServerLevel[world]'/minecraft:overworld
[22:44:29] [Server thread/INFO]: Saving chunks for level 'ServerLevel[world]'/minecraft:the_nether
[22:44:29] [Server thread/INFO]: Saving chunks for level 'ServerLevel[world]'/minecraft:the_end
[22:44:29] [Server thread/INFO]: ThreadedAnvilChunkStorage (world): All chunks are saved
[22:44:29] [Server thread/INFO]: ThreadedAnvilChunkStorage (DIM-1): All chunks are saved
[22:44:29] [Server thread/INFO]: ThreadedAnvilChunkStorage (DIM1): All chunks are saved
[22:44:29] [Server thread/INFO]: ThreadedAnvilChunkStorage: All dimensions are saved
