  <log4j:Event logger="FabricLoader/GameProvider" timestamp="1790602802638" level="INFO" thread="main">
    <log4j:Message><![CDATA[Loading Minecraft 1.17.1 with Fabric Loader 0.19.5]]></log4j:Message>
  </log4j:Event>
  <log4j:Event logger="FabricLoader/GameRemap" timestamp="1790602802641" level="INFO" thread="main">
    <log4j:Message><![CDATA[Fabric is preparing JARs on first launch, this may take a few seconds...]]></log4j:Message>
  </log4j:Event>
  <log4j:Event logger="FabricLoader" timestamp="1790602802763" level="INFO" thread="main">
    <log4j:Message><![CDATA[Loading 52 mods:
	- fabric 0.46.1+1.17
	   |-- fabric-api-base 0.4.0+cf39a74318
	   |-- fabric-api-lookup-api-v1 1.5.0+e821752d18
	   |-- fabric-biome-api-v1 3.2.2+cf39a74318
	   |-- fabric-blockrenderlayer-v1 1.1.6+cf39a74318
	   |-- fabric-command-api-v1 1.1.4+cf39a74318
	   |-- fabric-commands-v0 0.2.3+cf39a74318
	   |-- fabric-containers-v0 0.1.13+cf39a74318
	   |-- fabric-content-registries-v0 0.4.1+3447790d18
	   |-- fabric-crash-report-info-v1 0.1.6+cf39a74318
	   |-- fabric-dimensions-v1 2.0.15+b556f28c18
	   |-- fabric-entity-events-v1 1.4.1+377137cc18
	   |-- fabric-events-interaction-v0 0.4.12+e99fbe1218
	   |-- fabric-events-lifecycle-v0 0.2.4+cf39a74318
	   |-- fabric-game-rule-api-v1 1.0.8+cf39a74318
	   |-- fabric-item-api-v1 1.3.0+6617390918
	   |-- fabric-item-groups-v0 0.3.2+cf39a74318
	   |-- fabric-key-binding-api-v1 1.0.6+2a2bb57318
	   |-- fabric-keybindings-v0 0.2.4+cf39a74318
	   |-- fabric-lifecycle-events-v1 1.4.6+0392f3a618
	   |-- fabric-loot-tables-v1 1.0.5+cf39a74318
	   |-- fabric-mining-level-api-v1 1.0.3+cf39a74318
	   |-- fabric-mining-levels-v0 0.1.7+cf39a74318
	   |-- fabric-models-v0 0.3.1+cf39a74318
	   |-- fabric-networking-api-v1 1.0.14+cf39a74318
	   |-- fabric-networking-blockentity-v0 0.2.12+cf39a74318
	   |-- fabric-networking-v0 0.3.3+cf39a74318
	   |-- fabric-object-builder-api-v1 1.11.1+f907116918
	   |-- fabric-object-builders-v0 0.7.8+cf39a74318
	   |-- fabric-particles-v1 0.2.5+cf39a74318
	   |-- fabric-registry-sync-v0 0.8.0+ea29b33318
	   |-- fabric-renderer-api-v1 0.4.6+ce16ae5918
	   |-- fabric-renderer-indigo 0.4.10+ce16ae5918
	   |-- fabric-renderer-registries-v1 3.2.6+cf39a74318
	   |-- fabric-rendering-data-attachment-v1 0.1.6+cf39a74318
	   |-- fabric-rendering-fluids-v1 0.2.1+cf39a74318
	   |-- fabric-rendering-v0 1.1.7+cf39a74318
	   |-- fabric-rendering-v1 1.10.1+377137cc18
	   |-- fabric-resource-conditions-api-v1 1.0.1+591a0f2118
	   |-- fabric-resource-loader-v0 0.4.10+f09604ce18
	   |-- fabric-screen-api-v1 1.0.5+cf39a74318
	   |-- fabric-screen-handler-api-v1 1.1.9+cf39a74318
	   |-- fabric-structure-api-v1 1.2.0+48a9ad8918
	   |-- fabric-tag-extensions-v0 1.2.3+cf39a74318
	   |-- fabric-textures-v0 1.0.7+cf39a74318
	   |-- fabric-tool-attribute-api-v1 1.3.3+3b96517518
	   \-- fabric-transfer-api-v1 1.5.4+cf39a74318
	- fabricloader 0.19.5
	   \-- mixinextras 0.5.5
	- java 16
	- minecraft 1.17.1
	- qizhangverdict 0.6.0-dev]]></log4j:Message>
  </log4j:Event>
  <log4j:Event logger="FabricLoader/Mixin" timestamp="1790602803093" level="INFO" thread="main">
    <log4j:Message><![CDATA[SpongePowered MIXIN Subsystem Version=0.8.7 Source=file:/E:/CodexTemp/QiZhangVerdict/compat-1.17.1/client-fixtures/fabric-1.17.1/base-44-01/libraries/net/fabricmc/sponge-mixin/0.17.4+mixin.0.8.7/sponge-mixin-0.17.4+mixin.0.8.7.jar Service=Knot/Fabric Env=CLIENT]]></log4j:Message>
  </log4j:Event>
  <log4j:Event logger="FabricLoader/MixinExtras|Service" timestamp="1790602803955" level="INFO" thread="main">
    <log4j:Message><![CDATA[Initializing MixinExtras via com.llamalad7.mixinextras.service.MixinExtrasServiceImpl(version=0.5.5).]]></log4j:Message>
  </log4j:Event>
  <log4j:Event logger="com.mojang.authlib.yggdrasil.YggdrasilAuthenticationService" timestamp="1790602809827" level="INFO" thread="Render thread">
    <log4j:Message><![CDATA[Environment: authHost='https://authserver.mojang.com', accountsHost='https://api.mojang.com', sessionHost='https://sessionserver.mojang.com', servicesHost='https://api.minecraftservices.com', name='PROD']]></log4j:Message>
  </log4j:Event>
  <log4j:Event logger="net.minecraft.class_310" timestamp="1790602810616" level="ERROR" thread="Render thread">
    <log4j:Message><![CDATA[Failed to verify authentication]]></log4j:Message>
    <log4j:Throwable><![CDATA[com.mojang.authlib.exceptions.InvalidCredentialsException: Status: 401
	at com.mojang.authlib.exceptions.MinecraftClientHttpException.toAuthenticationException(MinecraftClientHttpException.java:56)
	at com.mojang.authlib.yggdrasil.YggdrasilSocialInteractionsService.checkPrivileges(YggdrasilSocialInteractionsService.java:112)
	at com.mojang.authlib.yggdrasil.YggdrasilSocialInteractionsService.<init>(YggdrasilSocialInteractionsService.java:42)
	at com.mojang.authlib.yggdrasil.YggdrasilAuthenticationService.createSocialInteractionsService(YggdrasilAuthenticationService.java:151)
	at net.minecraft.class_310.method_31382(class_310.java:670)
	at net.minecraft.class_310.<init>(class_310.java:429)
	at net.minecraft.client.main.Main.main(Main.java:179)
	at net.fabricmc.loader.impl.game.minecraft.MinecraftGameProvider.launch(MinecraftGameProvider.java:517)
	at net.fabricmc.loader.impl.launch.knot.Knot.launch(Knot.java:72)
	at net.fabricmc.loader.impl.launch.knot.KnotClient.main(KnotClient.java:23)
Caused by: MinecraftClientHttpException[type=HTTP_ERROR, status=401, response=ErrorResponse[path='/privileges', error='null', details=null, errorMessage='null']]
	at com.mojang.authlib.minecraft.client.MinecraftClient.readInputStream(MinecraftClient.java:77)
	at com.mojang.authlib.minecraft.client.MinecraftClient.get(MinecraftClient.java:47)
	at com.mojang.authlib.yggdrasil.YggdrasilSocialInteractionsService.checkPrivileges(YggdrasilSocialInteractionsService.java:104)
	... 8 more
]]></log4j:Throwable>
  </log4j:Event>
  <log4j:Event logger="net.minecraft.class_310" timestamp="1790602810627" level="INFO" thread="Render thread">
    <log4j:Message><![CDATA[Setting user: Verdict117]]></log4j:Message>
  </log4j:Event>
  <log4j:Event logger="FabricLoader/Mixin" timestamp="1790602810721" level="WARN" thread="Render thread">
    <log4j:Message><![CDATA[@Inject(@At("INVOKE")) Shift.BY=3 on fabric-lifecycle-events-v1.mixins.json:client.WorldChunkMixin from mod fabric-lifecycle-events-v1::handler$zdk000$fabric-lifecycle-events-v1$onLoadBlockEntity exceeds the maximum allowed value: 0. Increase the value of maxShiftBy to suppress this warning.]]></log4j:Message>
  </log4j:Event>
  <log4j:Event logger="QiZhangVerdict" timestamp="1790602810801" level="INFO" thread="Render thread">
    <log4j:Message><![CDATA[External mod presence only: grimac=false, antixray=false; actual function must be tested separately]]></log4j:Message>
  </log4j:Event>
  <log4j:Event logger="net.fabricmc.fabric.impl.client.indigo.Indigo" timestamp="1790602810923" level="INFO" thread="Render thread">
    <log4j:Message><![CDATA[[Indigo] Registering Indigo renderer!]]></log4j:Message>
  </log4j:Event>
  <log4j:Event logger="net.minecraft.class_310" timestamp="1790602812108" level="INFO" thread="Render thread">
    <log4j:Message><![CDATA[Backend library: LWJGL version 3.2.2 build 10]]></log4j:Message>
  </log4j:Event>
  <log4j:Event logger="com.mojang.text2speech.NarratorWindows" timestamp="1790602815177" level="INFO" thread="Render thread">
    <log4j:Message><![CDATA[Narrator library for x64 successfully loaded]]></log4j:Message>
  </log4j:Event>
  <log4j:Event logger="net.minecraft.class_3304" timestamp="1790602815534" level="INFO" thread="Render thread">
    <log4j:Message><![CDATA[Reloading ResourceManager: Default, Fabric Mods (Fabric API, Fabric API Base, Fabric API Lookup API (v1), Fabric Biome API (v1), Fabric BlockRenderLayer Registration (v1), Fabric Command API (v1), Fabric Commands (v0), Fabric Containers (v0), Fabric Content Registries (v0), Fabric Crash Report Info (v1), Fabric Dimensions API (v1), Fabric Entity Events (v1), Fabric Events Interaction (v0), Fabric Events Lifecycle (v0), Fabric Game Rule API (v1), Fabric Item API (v1), Fabric Item Groups (v0), Fabric Key Binding API (v1), Fabric Key Bindings (v0), Fabric Lifecycle Events (v1), Fabric Loot Tables (v1), Fabric Mining Level API (v1), Fabric Mining Levels (v0), Fabric Models (v0), Fabric Networking API (v1), Fabric Networking Block Entity (v0), Fabric Networking (v0), Fabric Object Builder API (v1), Fabric Object Builders (v0), Fabric Particles (v1), Fabric Registry Sync (v0), Fabric Renderer API (v1), Fabric Renderer - Indigo, Fabric Renderer Registries (v1), Fabric Rendering Data Attachment (v1), Fabric Rendering Fluids (v1), Fabric Rendering (v0), Fabric Rendering (v1), Fabric Resource Conditions API (v1), Fabric Resource Loader (v0), Fabric Screen API (v1), Fabric Screen Handler API (v1), Fabric Structure API (v1), Fabric Tag Extensions (v0), Fabric Textures (v0), Fabric Tool Attribute API (v1), Fabric Transfer API (v1), Fabric Loader)]]></log4j:Message>
  </log4j:Event>
  <log4j:Event logger="net.minecraft.class_412" timestamp="1790602815725" level="INFO" thread="Render thread">
    <log4j:Message><![CDATA[Connecting to 127.0.0.1, 25771]]></log4j:Message>
  </log4j:Event>
  <log4j:Event logger="com.mojang.authlib.yggdrasil.YggdrasilAuthenticationService" timestamp="1790602818750" level="INFO" thread="Render thread">
    <log4j:Message><![CDATA[Environment: authHost='https://authserver.mojang.com', accountsHost='https://api.mojang.com', sessionHost='https://sessionserver.mojang.com', servicesHost='https://api.minecraftservices.com', name='PROD']]></log4j:Message>
  </log4j:Event>
  <log4j:Event logger="net.minecraft.class_163" timestamp="1790602820409" level="INFO" thread="Render thread">
    <log4j:Message><![CDATA[Loaded 0 advancements]]></log4j:Message>
  </log4j:Event>
  <log4j:Event logger="net.minecraft.class_1255" timestamp="1790602820422" level="FATAL" thread="Render thread">
    <log4j:Message><![CDATA[Error executing task on Client]]></log4j:Message>
    <log4j:Throwable><![CDATA[java.lang.NullPointerException: Cannot invoke "it.unimi.dsi.fastutil.objects.Object2IntMap.getInt(Object)" because "this.field_20278" is null
	at net.minecraft.class_1092.method_21611(class_1092.java:83)
	at net.minecraft.class_761.method_21596(class_761.java:2553)
	at net.minecraft.class_638.method_16109(class_638.java:482)
	at net.minecraft.class_1937.method_30092(class_1937.java:227)
	at net.minecraft.class_1937.method_8652(class_1937.java:196)
	at net.minecraft.class_634.method_34007(class_634.java:654)
	at net.minecraft.class_2637.method_30621(class_2637.java:72)
	at net.minecraft.class_634.method_11100(class_634.java:654)
	at net.minecraft.class_2637.method_11392(class_2637.java:64)
	at net.minecraft.class_2637.method_11054(class_2637.java:14)
	at net.minecraft.class_2600.method_11072(class_2600.java:21)
	at net.minecraft.class_1255.method_18859(class_1255.java:151)
	at net.minecraft.class_4093.method_18859(class_4093.java:23)
	at net.minecraft.class_1255.method_16075(class_1255.java:125)
	at net.minecraft.class_1255.method_5383(class_1255.java:110)
	at net.minecraft.class_310.method_1523(class_310.java:1075)
	at net.minecraft.class_310.method_1514(class_310.java:728)
	at net.minecraft.client.main.Main.main(Main.java:217)
	at net.fabricmc.loader.impl.game.minecraft.MinecraftGameProvider.launch(MinecraftGameProvider.java:517)
	at net.fabricmc.loader.impl.launch.knot.Knot.launch(Knot.java:72)
	at net.fabricmc.loader.impl.launch.knot.KnotClient.main(KnotClient.java:23)
]]></log4j:Throwable>
  </log4j:Event>
  <log4j:Event logger="net.minecraft.class_1255" timestamp="1790602820424" level="FATAL" thread="Render thread">
    <log4j:Message><![CDATA[Error executing task on Client]]></log4j:Message>
    <log4j:Throwable><![CDATA[java.lang.NullPointerException: Cannot invoke "it.unimi.dsi.fastutil.objects.Object2IntMap.getInt(Object)" because "this.field_20278" is null
	at net.minecraft.class_1092.method_21611(class_1092.java:83)
	at net.minecraft.class_761.method_21596(class_761.java:2553)
	at net.minecraft.class_638.method_16109(class_638.java:482)
	at net.minecraft.class_1937.method_30092(class_1937.java:227)
	at net.minecraft.class_1937.method_8652(class_1937.java:196)
	at net.minecraft.class_634.method_34007(class_634.java:654)
	at net.minecraft.class_2637.method_30621(class_2637.java:72)
	at net.minecraft.class_634.method_11100(class_634.java:654)
	at net.minecraft.class_2637.method_11392(class_2637.java:64)
	at net.minecraft.class_2637.method_11054(class_2637.java:14)
	at net.minecraft.class_2600.method_11072(class_2600.java:21)
	at net.minecraft.class_1255.method_18859(class_1255.java:151)
	at net.minecraft.class_4093.method_18859(class_4093.java:23)
	at net.minecraft.class_1255.method_16075(class_1255.java:125)
	at net.minecraft.class_1255.method_5383(class_1255.java:110)
	at net.minecraft.class_310.method_1523(class_310.java:1075)
	at net.minecraft.class_310.method_1514(class_310.java:728)
	at net.minecraft.client.main.Main.main(Main.java:217)
	at net.fabricmc.loader.impl.game.minecraft.MinecraftGameProvider.launch(MinecraftGameProvider.java:517)
	at net.fabricmc.loader.impl.launch.knot.Knot.launch(Knot.java:72)
	at net.fabricmc.loader.impl.launch.knot.KnotClient.main(KnotClient.java:23)
]]></log4j:Throwable>
  </log4j:Event>
  <log4j:Event logger="net.minecraft.class_1255" timestamp="1790602820426" level="FATAL" thread="Render thread">
    <log4j:Message><![CDATA[Error executing task on Client]]></log4j:Message>
    <log4j:Throwable><![CDATA[java.lang.NullPointerException: Cannot invoke "it.unimi.dsi.fastutil.objects.Object2IntMap.getInt(Object)" because "this.field_20278" is null
	at net.minecraft.class_1092.method_21611(class_1092.java:83)
	at net.minecraft.class_761.method_21596(class_761.java:2553)
	at net.minecraft.class_638.method_16109(class_638.java:482)
	at net.minecraft.class_1937.method_30092(class_1937.java:227)
	at net.minecraft.class_1937.method_8652(class_1937.java:196)
	at net.minecraft.class_634.method_34007(class_634.java:654)
	at net.minecraft.class_2637.method_30621(class_2637.java:72)
	at net.minecraft.class_634.method_11100(class_634.java:654)
	at net.minecraft.class_2637.method_11392(class_2637.java:64)
	at net.minecraft.class_2637.method_11054(class_2637.java:14)
	at net.minecraft.class_2600.method_11072(class_2600.java:21)
	at net.minecraft.class_1255.method_18859(class_1255.java:151)
	at net.minecraft.class_4093.method_18859(class_4093.java:23)
	at net.minecraft.class_1255.method_16075(class_1255.java:125)
	at net.minecraft.class_1255.method_5383(class_1255.java:110)
	at net.minecraft.class_310.method_1523(class_310.java:1075)
	at net.minecraft.class_310.method_1514(class_310.java:728)
	at net.minecraft.client.main.Main.main(Main.java:217)
	at net.fabricmc.loader.impl.game.minecraft.MinecraftGameProvider.launch(MinecraftGameProvider.java:517)
	at net.fabricmc.loader.impl.launch.knot.Knot.launch(Knot.java:72)
	at net.fabricmc.loader.impl.launch.knot.KnotClient.main(KnotClient.java:23)
]]></log4j:Throwable>
  </log4j:Event>
  <log4j:Event logger="net.minecraft.class_1255" timestamp="1790602820428" level="FATAL" thread="Render thread">
    <log4j:Message><![CDATA[Error executing task on Client]]></log4j:Message>
    <log4j:Throwable><![CDATA[java.lang.NullPointerException: Cannot invoke "it.unimi.dsi.fastutil.objects.Object2IntMap.getInt(Object)" because "this.field_20278" is null
	at net.minecraft.class_1092.method_21611(class_1092.java:83)
	at net.minecraft.class_761.method_21596(class_761.java:2553)
	at net.minecraft.class_638.method_16109(class_638.java:482)
	at net.minecraft.class_1937.method_30092(class_1937.java:227)
	at net.minecraft.class_1937.method_8652(class_1937.java:196)
	at net.minecraft.class_638.method_2937(class_638.java:259)
	at net.minecraft.class_634.method_11136(class_634.java:702)
	at net.minecraft.class_2626.method_11310(class_2626.java:37)
	at net.minecraft.class_2626.method_11054(class_2626.java:11)
	at net.minecraft.class_2600.method_11072(class_2600.java:21)
	at net.minecraft.class_1255.method_18859(class_1255.java:151)
	at net.minecraft.class_4093.method_18859(class_4093.java:23)
	at net.minecraft.class_1255.method_16075(class_1255.java:125)
	at net.minecraft.class_1255.method_5383(class_1255.java:110)
	at net.minecraft.class_310.method_1523(class_310.java:1075)
	at net.minecraft.class_310.method_1514(class_310.java:728)
	at net.minecraft.client.main.Main.main(Main.java:217)
	at net.fabricmc.loader.impl.game.minecraft.MinecraftGameProvider.launch(MinecraftGameProvider.java:517)
	at net.fabricmc.loader.impl.launch.knot.Knot.launch(Knot.java:72)
	at net.fabricmc.loader.impl.launch.knot.KnotClient.main(KnotClient.java:23)
]]></log4j:Throwable>
  </log4j:Event>
  <log4j:Event logger="net.minecraft.class_1255" timestamp="1790602820457" level="FATAL" thread="Render thread">
    <log4j:Message><![CDATA[Error executing task on Client]]></log4j:Message>
    <log4j:Throwable><![CDATA[java.lang.NullPointerException: Cannot invoke "it.unimi.dsi.fastutil.objects.Object2IntMap.getInt(Object)" because "this.field_20278" is null
	at net.minecraft.class_1092.method_21611(class_1092.java:83)
	at net.minecraft.class_761.method_21596(class_761.java:2553)
	at net.minecraft.class_638.method_16109(class_638.java:482)
	at net.minecraft.class_1937.method_30092(class_1937.java:227)
	at net.minecraft.class_1937.method_8652(class_1937.java:196)
	at net.minecraft.class_634.method_34007(class_634.java:654)
	at net.minecraft.class_2637.method_30621(class_2637.java:72)
	at net.minecraft.class_634.method_11100(class_634.java:654)
	at net.minecraft.class_2637.method_11392(class_2637.java:64)
	at net.minecraft.class_2637.method_11054(class_2637.java:14)
	at net.minecraft.class_2600.method_11072(class_2600.java:21)
	at net.minecraft.class_1255.method_18859(class_1255.java:151)
	at net.minecraft.class_4093.method_18859(class_4093.java:23)
	at net.minecraft.class_1255.method_16075(class_1255.java:125)
	at net.minecraft.class_1255.method_5383(class_1255.java:110)
	at net.minecraft.class_310.method_1523(class_310.java:1075)
	at net.minecraft.class_310.method_1514(class_310.java:728)
	at net.minecraft.client.main.Main.main(Main.java:217)
	at net.fabricmc.loader.impl.game.minecraft.MinecraftGameProvider.launch(MinecraftGameProvider.java:517)
	at net.fabricmc.loader.impl.launch.knot.Knot.launch(Knot.java:72)
	at net.fabricmc.loader.impl.launch.knot.KnotClient.main(KnotClient.java:23)
]]></log4j:Throwable>
  </log4j:Event>
  <log4j:Event logger="net.minecraft.class_1255" timestamp="1790602820459" level="FATAL" thread="Render thread">
    <log4j:Message><![CDATA[Error executing task on Client]]></log4j:Message>
    <log4j:Throwable><![CDATA[java.lang.NullPointerException: Cannot invoke "it.unimi.dsi.fastutil.objects.Object2IntMap.getInt(Object)" because "this.field_20278" is null
	at net.minecraft.class_1092.method_21611(class_1092.java:83)
	at net.minecraft.class_761.method_21596(class_761.java:2553)
	at net.minecraft.class_638.method_16109(class_638.java:482)
	at net.minecraft.class_1937.method_30092(class_1937.java:227)
	at net.minecraft.class_1937.method_8652(class_1937.java:196)
	at net.minecraft.class_634.method_34007(class_634.java:654)
	at net.minecraft.class_2637.method_30621(class_2637.java:72)
	at net.minecraft.class_634.method_11100(class_634.java:654)
	at net.minecraft.class_2637.method_11392(class_2637.java:64)
	at net.minecraft.class_2637.method_11054(class_2637.java:14)
	at net.minecraft.class_2600.method_11072(class_2600.java:21)
	at net.minecraft.class_1255.method_18859(class_1255.java:151)
	at net.minecraft.class_4093.method_18859(class_4093.java:23)
	at net.minecraft.class_1255.method_16075(class_1255.java:125)
	at net.minecraft.class_1255.method_5383(class_1255.java:110)
	at net.minecraft.class_310.method_1523(class_310.java:1075)
	at net.minecraft.class_310.method_1514(class_310.java:728)
	at net.minecraft.client.main.Main.main(Main.java:217)
	at net.fabricmc.loader.impl.game.minecraft.MinecraftGameProvider.launch(MinecraftGameProvider.java:517)
	at net.fabricmc.loader.impl.launch.knot.Knot.launch(Knot.java:72)
	at net.fabricmc.loader.impl.launch.knot.KnotClient.main(KnotClient.java:23)
]]></log4j:Throwable>
  </log4j:Event>
  <log4j:Event logger="net.minecraft.class_1255" timestamp="1790602820460" level="FATAL" thread="Render thread">
    <log4j:Message><![CDATA[Error executing task on Client]]></log4j:Message>
    <log4j:Throwable><![CDATA[java.lang.NullPointerException: Cannot invoke "it.unimi.dsi.fastutil.objects.Object2IntMap.getInt(Object)" because "this.field_20278" is null
	at net.minecraft.class_1092.method_21611(class_1092.java:83)
	at net.minecraft.class_761.method_21596(class_761.java:2553)
	at net.minecraft.class_638.method_16109(class_638.java:482)
	at net.minecraft.class_1937.method_30092(class_1937.java:227)
	at net.minecraft.class_1937.method_8652(class_1937.java:196)
	at net.minecraft.class_638.method_2937(class_638.java:259)
	at net.minecraft.class_634.method_11136(class_634.java:702)
	at net.minecraft.class_2626.method_11310(class_2626.java:37)
	at net.minecraft.class_2626.method_11054(class_2626.java:11)
	at net.minecraft.class_2600.method_11072(class_2600.java:21)
	at net.minecraft.class_1255.method_18859(class_1255.java:151)
	at net.minecraft.class_4093.method_18859(class_4093.java:23)
	at net.minecraft.class_1255.method_16075(class_1255.java:125)
	at net.minecraft.class_1255.method_5383(class_1255.java:110)
	at net.minecraft.class_310.method_1523(class_310.java:1075)
	at net.minecraft.class_310.method_1514(class_310.java:728)
	at net.minecraft.client.main.Main.main(Main.java:217)
	at net.fabricmc.loader.impl.game.minecraft.MinecraftGameProvider.launch(MinecraftGameProvider.java:517)
	at net.fabricmc.loader.impl.launch.knot.Knot.launch(Knot.java:72)
	at net.fabricmc.loader.impl.launch.knot.KnotClient.main(KnotClient.java:23)
]]></log4j:Throwable>
  </log4j:Event>
  <log4j:Event logger="net.minecraft.class_4225" timestamp="1790602821124" level="INFO" thread="Render thread">
    <log4j:Message><![CDATA[OpenAL initialized.]]></log4j:Message>
  </log4j:Event>
  <log4j:Event logger="net.minecraft.class_1140" timestamp="1790602821125" level="INFO" thread="Render thread">
    <log4j:Message><![CDATA[Sound engine started]]></log4j:Message>
  </log4j:Event>
  <log4j:Event logger="net.minecraft.class_1059" timestamp="1790602821574" level="INFO" thread="Render thread">
    <log4j:Message><![CDATA[Created: 1024x1024x4 minecraft:textures/atlas/blocks.png-atlas]]></log4j:Message>
  </log4j:Event>
  <log4j:Event logger="net.minecraft.class_1059" timestamp="1790602821586" level="INFO" thread="Render thread">
    <log4j:Message><![CDATA[Created: 256x128x4 minecraft:textures/atlas/signs.png-atlas]]></log4j:Message>
  </log4j:Event>
  <log4j:Event logger="net.minecraft.class_1059" timestamp="1790602821587" level="INFO" thread="Render thread">
    <log4j:Message><![CDATA[Created: 1024x512x4 minecraft:textures/atlas/banner_patterns.png-atlas]]></log4j:Message>
  </log4j:Event>
  <log4j:Event logger="net.minecraft.class_1059" timestamp="1790602821588" level="INFO" thread="Render thread">
    <log4j:Message><![CDATA[Created: 1024x512x4 minecraft:textures/atlas/shield_patterns.png-atlas]]></log4j:Message>
  </log4j:Event>
  <log4j:Event logger="net.minecraft.class_1059" timestamp="1790602821591" level="INFO" thread="Render thread">
    <log4j:Message><![CDATA[Created: 256x256x4 minecraft:textures/atlas/chest.png-atlas]]></log4j:Message>
  </log4j:Event>
  <log4j:Event logger="net.minecraft.class_1059" timestamp="1790602821592" level="INFO" thread="Render thread">
    <log4j:Message><![CDATA[Created: 512x256x4 minecraft:textures/atlas/beds.png-atlas]]></log4j:Message>
  </log4j:Event>
  <log4j:Event logger="net.minecraft.class_1059" timestamp="1790602821593" level="INFO" thread="Render thread">
    <log4j:Message><![CDATA[Created: 512x256x4 minecraft:textures/atlas/shulker_boxes.png-atlas]]></log4j:Message>
  </log4j:Event>
  <log4j:Event logger="net.minecraft.class_1059" timestamp="1790602823213" level="INFO" thread="Render thread">
    <log4j:Message><![CDATA[Created: 256x256x0 minecraft:textures/atlas/particles.png-atlas]]></log4j:Message>
  </log4j:Event>
  <log4j:Event logger="net.minecraft.class_1059" timestamp="1790602823217" level="INFO" thread="Render thread">
    <log4j:Message><![CDATA[Created: 256x256x0 minecraft:textures/atlas/paintings.png-atlas]]></log4j:Message>
  </log4j:Event>
  <log4j:Event logger="net.minecraft.class_1059" timestamp="1790602823217" level="INFO" thread="Render thread">
    <log4j:Message><![CDATA[Created: 256x128x0 minecraft:textures/atlas/mob_effects.png-atlas]]></log4j:Message>
  </log4j:Event>
  <log4j:Event logger="net.minecraft.class_310" timestamp="1790602823357" level="FATAL" thread="Render thread">
    <log4j:Message><![CDATA[Reported exception thrown!]]></log4j:Message>
    <log4j:Throwable><![CDATA[net.minecraft.class_148: Tesselating block in world - Indigo Renderer
	at net.fabricmc.fabric.impl.client.indigo.renderer.render.TerrainRenderContext.tesselateBlock(TerrainRenderContext.java:110)
	at net.minecraft.class_846$class_851$class_4578.redirect$zgc000$fabric-renderer-indigo$hookChunkBuildTesselate(class_846.java:723)
	at net.minecraft.class_846$class_851$class_4578.method_22785(class_846.java:524)
	at net.minecraft.class_846$class_851$class_4578.method_22783(class_846.java:447)
	at net.minecraft.class_846$class_851.method_22781(class_846.java:412)
	at net.minecraft.class_846.method_3627(class_846.java:189)
	at net.minecraft.class_761.method_3273(class_761.java:918)
	at net.minecraft.class_761.method_22710(class_761.java:1142)
	at net.minecraft.class_757.method_3188(class_757.java:1026)
	at net.minecraft.class_757.method_3192(class_757.java:810)
	at net.minecraft.class_310.method_1523(class_310.java:1112)
	at net.minecraft.class_310.method_1514(class_310.java:728)
	at net.minecraft.client.main.Main.main(Main.java:217)
	at net.fabricmc.loader.impl.game.minecraft.MinecraftGameProvider.launch(MinecraftGameProvider.java:517)
	at net.fabricmc.loader.impl.launch.knot.Knot.launch(Knot.java:72)
	at net.fabricmc.loader.impl.launch.knot.KnotClient.main(KnotClient.java:23)
Caused by: java.lang.NullPointerException: Cannot invoke "net.minecraft.class_1087.method_4708()" because "model" is null
	at net.fabricmc.fabric.impl.client.indigo.renderer.render.TerrainRenderContext.tesselateBlock(TerrainRenderContext.java:104)
	... 15 more
]]></log4j:Throwable>
  </log4j:Event>
---- Minecraft Crash Report ----
// You should try our sister game, Minceraft!

Time: 2026/9/28 下午10:40
Description: Tesselating block in world - Indigo Renderer

java.lang.NullPointerException: Cannot invoke "net.minecraft.class_1087.method_4708()" because "model" is null
	at net.fabricmc.fabric.impl.client.indigo.renderer.render.TerrainRenderContext.tesselateBlock(TerrainRenderContext.java:104)
	at net.minecraft.class_846$class_851$class_4578.redirect$zgc000$fabric-renderer-indigo$hookChunkBuildTesselate(class_846.java:723)
	at net.minecraft.class_846$class_851$class_4578.method_22785(class_846.java:524)
	at net.minecraft.class_846$class_851$class_4578.method_22783(class_846.java:447)
	at net.minecraft.class_846$class_851.method_22781(class_846.java:412)
	at net.minecraft.class_846.method_3627(class_846.java:189)
	at net.minecraft.class_761.method_3273(class_761.java:918)
	at net.minecraft.class_761.method_22710(class_761.java:1142)
	at net.minecraft.class_757.method_3188(class_757.java:1026)
	at net.minecraft.class_757.method_3192(class_757.java:810)
	at net.minecraft.class_310.method_1523(class_310.java:1112)
	at net.minecraft.class_310.method_1514(class_310.java:728)
	at net.minecraft.client.main.Main.main(Main.java:217)
	at net.fabricmc.loader.impl.game.minecraft.MinecraftGameProvider.launch(MinecraftGameProvider.java:517)
	at net.fabricmc.loader.impl.launch.knot.Knot.launch(Knot.java:72)
	at net.fabricmc.loader.impl.launch.knot.KnotClient.main(KnotClient.java:23)


A detailed walkthrough of the error, its code path and all known details is as follows:
---------------------------------------------------------------------------------------

-- Head --
Thread: Render thread
Stacktrace:
	at net.fabricmc.fabric.impl.client.indigo.renderer.render.TerrainRenderContext.tesselateBlock(TerrainRenderContext.java:104)

-- Block being tesselated --
Details:
	Block: Block{minecraft:spruce_log}[axis=y]
	Block location: World: (3,64,96), Section: (at 3,0,0 in 0,4,6; chunk contains blocks 0,0,96 to 15,255,111), Region: (0,0; contains chunks 0,0 to 31,31, blocks 0,0,0 to 511,255,511)
Stacktrace:
	at net.fabricmc.fabric.impl.client.indigo.renderer.render.TerrainRenderContext.tesselateBlock(TerrainRenderContext.java:104)
	at net.minecraft.class_846$class_851$class_4578.redirect$zgc000$fabric-renderer-indigo$hookChunkBuildTesselate(class_846.java:723)
	at net.minecraft.class_846$class_851$class_4578.method_22785(class_846.java:524)
	at net.minecraft.class_846$class_851$class_4578.method_22783(class_846.java:447)
	at net.minecraft.class_846$class_851.method_22781(class_846.java:412)
	at net.minecraft.class_846.method_3627(class_846.java:189)
	at net.minecraft.class_761.method_3273(class_761.java:918)
	at net.minecraft.class_761.method_22710(class_761.java:1142)
	at net.minecraft.class_757.method_3188(class_757.java:1026)

-- Affected level --
Details:
	All players: 1 total; [class_746['Verdict117'/247, l='ClientLevel', x=5.50, y=64.00, z=99.50]]
	Chunk stats: 121, 49
	Level dimension: minecraft:overworld
	Level spawn location: World: (0,64,96), Section: (at 0,0,0 in 0,4,6; chunk contains blocks 0,0,96 to 15,255,111), Region: (0,0; contains chunks 0,0 to 31,31, blocks 0,0,0 to 511,255,511)
	Level time: 519 game time, 519 day time
	Server brand: fabric
	Server type: Non-integrated multiplayer server
Stacktrace:
	at net.minecraft.class_638.method_8538(class_638.java:370)
	at net.minecraft.class_310.method_1587(class_310.java:2399)
	at net.minecraft.class_310.method_1514(class_310.java:747)
	at net.minecraft.client.main.Main.main(Main.java:217)
	at net.fabricmc.loader.impl.game.minecraft.MinecraftGameProvider.launch(MinecraftGameProvider.java:517)
	at net.fabricmc.loader.impl.launch.knot.Knot.launch(Knot.java:72)
	at net.fabricmc.loader.impl.launch.knot.KnotClient.main(KnotClient.java:23)

-- Last reload --
Details:
	Reload number: 1
	Reload reason: initial
	Finished: No
	Packs: Default, Fabric Mods

-- System Details --
Details:
	Minecraft Version: 1.17.1
	Minecraft Version ID: 1.17.1
	Operating System: Windows 10 (amd64) version 10.0
	Java Version: 16.0.2, Eclipse Foundation
	Java VM Version: OpenJDK 64-Bit Server VM (mixed mode, sharing), Eclipse Foundation
	Memory: 1198248976 bytes (1142 MiB) / 1520435200 bytes (1450 MiB) up to 2147483648 bytes (2048 MiB)
	CPUs: 16
	Processor Vendor: AuthenticAMD
	Processor Name: AMD Ryzen 9 6900HX with Radeon Graphics        
	Identifier: AuthenticAMD Family 25 Model 68 Stepping 1
	Microarchitecture: Zen 3
	Frequency (GHz): 3.29
	Number of physical packages: 1
	Number of physical CPUs: 8
	Number of logical CPUs: 16
	Graphics card #0 name: OrayIddDriver Device
	Graphics card #0 vendor: Shanghai Best Oray Information Technology Co., Ltd.
	Graphics card #0 VRAM (MB): 0.00
	Graphics card #0 deviceId: unknown
	Graphics card #0 versionInfo: DriverVersion=17.1.58.818
	Graphics card #1 name: GameViewer Virtual Display Adapter
	Graphics card #1 vendor: GameViewer
	Graphics card #1 VRAM (MB): 0.00
	Graphics card #1 deviceId: unknown
	Graphics card #1 versionInfo: DriverVersion=15.6.5.199
	Graphics card #2 name: MuMu Virtual Display Adapter
	Graphics card #2 vendor: MuMu
	Graphics card #2 VRAM (MB): 0.00
	Graphics card #2 deviceId: unknown
	Graphics card #2 versionInfo: DriverVersion=20.36.41.498
	Graphics card #3 name: AMD Radeon(TM) Graphics
	Graphics card #3 vendor: Advanced Micro Devices, Inc. (0x1002)
	Graphics card #3 VRAM (MB): 512.00
	Graphics card #3 deviceId: 0x1681
	Graphics card #3 versionInfo: DriverVersion=31.0.14084.6002
	Graphics card #4 name: NVIDIA GeForce RTX 3070 Ti Laptop GPU
	Graphics card #4 vendor: NVIDIA (0x10de)
	Graphics card #4 VRAM (MB): 4095.00
	Graphics card #4 deviceId: 0x24a0
	Graphics card #4 versionInfo: DriverVersion=32.0.15.9621
	Memory slot #0 capacity (MB): 16384.00
	Memory slot #0 clockSpeed (GHz): 4.80
	Memory slot #0 type: Unknown
	Memory slot #1 capacity (MB): 16384.00
	Memory slot #1 clockSpeed (GHz): 4.80
	Memory slot #1 type: Unknown
	Virtual memory max (MB): 69145.78
	Virtual memory used (MB): 35743.19
	Swap memory total (MB): 37132.89
	Swap memory used (MB): 1688.33
	JVM Flags: 3 total; -Xms256M -Xmx2G -XX:HeapDumpPath=MojangTricksIntelDriversForPerformance_javaw.exe_minecraft.exe.heapdump
	Fabric Mods: 
		fabric: Fabric API 0.46.1+1.17
		fabric-api-base: Fabric API Base 0.4.0+cf39a74318
		fabric-api-lookup-api-v1: Fabric API Lookup API (v1) 1.5.0+e821752d18
		fabric-biome-api-v1: Fabric Biome API (v1) 3.2.2+cf39a74318
		fabric-blockrenderlayer-v1: Fabric BlockRenderLayer Registration (v1) 1.1.6+cf39a74318
		fabric-command-api-v1: Fabric Command API (v1) 1.1.4+cf39a74318
		fabric-commands-v0: Fabric Commands (v0) 0.2.3+cf39a74318
		fabric-containers-v0: Fabric Containers (v0) 0.1.13+cf39a74318
		fabric-content-registries-v0: Fabric Content Registries (v0) 0.4.1+3447790d18
		fabric-crash-report-info-v1: Fabric Crash Report Info (v1) 0.1.6+cf39a74318
		fabric-dimensions-v1: Fabric Dimensions API (v1) 2.0.15+b556f28c18
		fabric-entity-events-v1: Fabric Entity Events (v1) 1.4.1+377137cc18
		fabric-events-interaction-v0: Fabric Events Interaction (v0) 0.4.12+e99fbe1218
		fabric-events-lifecycle-v0: Fabric Events Lifecycle (v0) 0.2.4+cf39a74318
		fabric-game-rule-api-v1: Fabric Game Rule API (v1) 1.0.8+cf39a74318
		fabric-item-api-v1: Fabric Item API (v1) 1.3.0+6617390918
		fabric-item-groups-v0: Fabric Item Groups (v0) 0.3.2+cf39a74318
		fabric-key-binding-api-v1: Fabric Key Binding API (v1) 1.0.6+2a2bb57318
		fabric-keybindings-v0: Fabric Key Bindings (v0) 0.2.4+cf39a74318
		fabric-lifecycle-events-v1: Fabric Lifecycle Events (v1) 1.4.6+0392f3a618
		fabric-loot-tables-v1: Fabric Loot Tables (v1) 1.0.5+cf39a74318
		fabric-mining-level-api-v1: Fabric Mining Level API (v1) 1.0.3+cf39a74318
		fabric-mining-levels-v0: Fabric Mining Levels (v0) 0.1.7+cf39a74318
		fabric-models-v0: Fabric Models (v0) 0.3.1+cf39a74318
		fabric-networking-api-v1: Fabric Networking API (v1) 1.0.14+cf39a74318
		fabric-networking-blockentity-v0: Fabric Networking Block Entity (v0) 0.2.12+cf39a74318
		fabric-networking-v0: Fabric Networking (v0) 0.3.3+cf39a74318
		fabric-object-builder-api-v1: Fabric Object Builder API (v1) 1.11.1+f907116918
		fabric-object-builders-v0: Fabric Object Builders (v0) 0.7.8+cf39a74318
		fabric-particles-v1: Fabric Particles (v1) 0.2.5+cf39a74318
		fabric-registry-sync-v0: Fabric Registry Sync (v0) 0.8.0+ea29b33318
		fabric-renderer-api-v1: Fabric Renderer API (v1) 0.4.6+ce16ae5918
		fabric-renderer-indigo: Fabric Renderer - Indigo 0.4.10+ce16ae5918
		fabric-renderer-registries-v1: Fabric Renderer Registries (v1) 3.2.6+cf39a74318
		fabric-rendering-data-attachment-v1: Fabric Rendering Data Attachment (v1) 0.1.6+cf39a74318
		fabric-rendering-fluids-v1: Fabric Rendering Fluids (v1) 0.2.1+cf39a74318
		fabric-rendering-v0: Fabric Rendering (v0) 1.1.7+cf39a74318
		fabric-rendering-v1: Fabric Rendering (v1) 1.10.1+377137cc18
		fabric-resource-conditions-api-v1: Fabric Resource Conditions API (v1) 1.0.1+591a0f2118
		fabric-resource-loader-v0: Fabric Resource Loader (v0) 0.4.10+f09604ce18
		fabric-screen-api-v1: Fabric Screen API (v1) 1.0.5+cf39a74318
		fabric-screen-handler-api-v1: Fabric Screen Handler API (v1) 1.1.9+cf39a74318
		fabric-structure-api-v1: Fabric Structure API (v1) 1.2.0+48a9ad8918
		fabric-tag-extensions-v0: Fabric Tag Extensions (v0) 1.2.3+cf39a74318
		fabric-textures-v0: Fabric Textures (v0) 1.0.7+cf39a74318
		fabric-tool-attribute-api-v1: Fabric Tool Attribute API (v1) 1.3.3+3b96517518
		fabric-transfer-api-v1: Fabric Transfer API (v1) 1.5.4+cf39a74318
		fabricloader: Fabric Loader 0.19.5
		java: OpenJDK 64-Bit Server VM 16
		minecraft: Minecraft 1.17.1
		mixinextras: MixinExtras 0.5.5
		qizhangverdict: QiZhang's Verdict / 七章的裁决 0.6.0-dev
	Launched Version: fabric-loader-0.19.5-1.17.1
	Backend library: LWJGL version 3.2.2 build 10
	Backend API: NVIDIA GeForce RTX 3070 Ti Laptop GPU/PCIe/SSE2 GL version 3.2.0 NVIDIA 596.21, NVIDIA Corporation
	Window size: 640x360
	GL Caps: Using framebuffer using OpenGL 3.2
	GL debug messages: 
	Using VBOs: Yes
	Is Modded: Definitely; Client brand changed to 'fabric'
	Type: Client (map_client.txt)
	Graphics mode: fancy
	Resource Packs: Fabric Mods
	Current Language: English (US)
	CPU: 16x AMD Ryzen 9 6900HX with Radeon Graphics 
#@!@# Game crashed! Crash report saved to: #@!@# E:\CodexTemp\QiZhangVerdict\compat-1.17.1\client-fixtures\fabric-1.17.1\runs\candidate-44-01\client-game\crash-reports\crash-2026-09-28_22.40.23-client.txt
AL lib: (EE) alc_cleanup: 1 device not closed
