[22:39:26] [main/INFO]: Loading Minecraft 1.17.1 with Fabric Loader 0.19.5
[22:39:26] [main/WARN]: Ignoring invalid library path "
[22:39:26] [main/WARN]: Ignoring invalid library path D:\Program Files\Node.js\"
[22:39:26] [main/INFO]: Loading 41 mods:
	- fabric 0.46.1+1.17
	   |-- fabric-api-base 0.4.0+cf39a74318
	   |-- fabric-api-lookup-api-v1 1.5.0+e821752d18
	   |-- fabric-biome-api-v1 3.2.2+cf39a74318
	   |-- fabric-command-api-v1 1.1.4+cf39a74318
	   |-- fabric-commands-v0 0.2.3+cf39a74318
	   |-- fabric-containers-v0 0.1.13+cf39a74318
	   |-- fabric-content-registries-v0 0.4.1+3447790d18
	   |-- fabric-crash-report-info-v1 0.1.6+cf39a74318
	   |-- fabric-dimensions-v1 2.0.15+b556f28c18
	   |-- fabric-entity-events-v1 1.4.1+377137cc18
	   |-- fabric-events-interaction-v0 0.4.12+e99fbe1218
	   |-- fabric-events-lifecycle-v0 0.2.4+cf39a74318
	   |-- fabric-game-rule-api-v1 1.0.8+cf39a74318
	   |-- fabric-item-api-v1 1.3.0+6617390918
	   |-- fabric-item-groups-v0 0.3.2+cf39a74318
	   |-- fabric-lifecycle-events-v1 1.4.6+0392f3a618
	   |-- fabric-loot-tables-v1 1.0.5+cf39a74318
	   |-- fabric-mining-level-api-v1 1.0.3+cf39a74318
	   |-- fabric-mining-levels-v0 0.1.7+cf39a74318
	   |-- fabric-networking-api-v1 1.0.14+cf39a74318
	   |-- fabric-networking-blockentity-v0 0.2.12+cf39a74318
	   |-- fabric-networking-v0 0.3.3+cf39a74318
	   |-- fabric-object-builder-api-v1 1.11.1+f907116918
	   |-- fabric-object-builders-v0 0.7.8+cf39a74318
	   |-- fabric-particles-v1 0.2.5+cf39a74318
	   |-- fabric-registry-sync-v0 0.8.0+ea29b33318
	   |-- fabric-rendering-data-attachment-v1 0.1.6+cf39a74318
	   |-- fabric-rendering-fluids-v1 0.2.1+cf39a74318
	   |-- fabric-resource-conditions-api-v1 1.0.1+591a0f2118
	   |-- fabric-resource-loader-v0 0.4.10+f09604ce18
	   |-- fabric-screen-handler-api-v1 1.1.9+cf39a74318
	   |-- fabric-structure-api-v1 1.2.0+48a9ad8918
	   |-- fabric-tag-extensions-v0 1.2.3+cf39a74318
	   |-- fabric-tool-attribute-api-v1 1.3.3+3b96517518
	   \-- fabric-transfer-api-v1 1.5.4+cf39a74318
	- fabricloader 0.19.5
	   \-- mixinextras 0.5.5
	- java 16
	- minecraft 1.17.1
	- qizhangverdict 0.6.0-dev
[22:39:26] [main/INFO]: SpongePowered MIXIN Subsystem Version=0.8.7 Source=file:/E:/CodexTemp/QiZhangVerdict/compat-1.17.1/client-fixtures/fabric-1.17.1/runs/candidate-44-01/server/libraries/net/fabricmc/sponge-mixin/0.17.4+mixin.0.8.7/sponge-mixin-0.17.4+mixin.0.8.7.jar Service=Knot/Fabric Env=SERVER
[22:39:27] [main/INFO]: Initializing MixinExtras via com.llamalad7.mixinextras.service.MixinExtrasServiceImpl(version=0.5.5).
[22:39:32] [main/WARN]: @Inject(@At("INVOKE")) Shift.BY=3 on fabric-lifecycle-events-v1.mixins.json:server.WorldChunkMixin from mod fabric-lifecycle-events-v1::handler$zcf000$fabric-lifecycle-events-v1$onLoadBlockEntity exceeds the maximum allowed value: 0. Increase the value of maxShiftBy to suppress this warning.
[22:39:32] [main/INFO]: External mod presence only: grimac=false, antixray=false; actual function must be tested separately
[22:39:33] [main/INFO]: Environment: authHost='https://authserver.mojang.com', accountsHost='https://api.mojang.com', sessionHost='https://sessionserver.mojang.com', servicesHost='https://api.minecraftservices.com', name='PROD'
[22:39:34] [main/INFO]: Found new data pack Fabric Mods, loading it automatically
[22:39:34] [main/WARN]: Ambiguity between arguments [teleport, location] and [teleport, destination] with inputs: [0.1 -0.5 .9, 0 0 0]
[22:39:34] [main/WARN]: Ambiguity between arguments [teleport, location] and [teleport, targets] with inputs: [0.1 -0.5 .9, 0 0 0]
[22:39:34] [main/WARN]: Ambiguity between arguments [teleport, destination] and [teleport, targets] with inputs: [Player, 0123, @e, dd12be42-52a9-4a91-a8a1-11c01849e498]
[22:39:34] [main/WARN]: Ambiguity between arguments [teleport, targets] and [teleport, destination] with inputs: [Player, 0123, dd12be42-52a9-4a91-a8a1-11c01849e498]
[22:39:34] [main/WARN]: Ambiguity between arguments [teleport, targets, location] and [teleport, targets, destination] with inputs: [0.1 -0.5 .9, 0 0 0]
[22:39:34] [main/INFO]: Reloading ResourceManager: Default, Fabric Mods (Fabric Tool Attribute API (v1))
[22:39:34] [Worker-Main-11/INFO]: Loaded 7 recipes
[22:39:35] [Worker-Main-11/INFO]: Loaded 1137 advancements
[22:39:36] [main/INFO]: Applied 0 biome modifications to 0 of 81 new biomes in 2.358 ms
[22:39:36] [Server thread/INFO]: QiZhangGuard started: QiZhangVerdict sessions=0, trackedIPs=0, accountPairs=0, rules=44, companion=required, vm=DENY, blacklist=DENY, rateBuckets=0, accountBans=0, deviceBans=0, deviceRequired=true. Reports are self-reported, not trusted attestation.
[22:39:36] [Server thread/INFO]: Starting minecraft server version 1.17.1
[22:39:36] [Server thread/INFO]: Loading properties
[22:39:36] [Server thread/INFO]: Default game type: SURVIVAL
[22:39:36] [Server thread/INFO]: Generating keypair
[22:39:36] [Server thread/INFO]: Starting Minecraft server on 127.0.0.1:25771
[22:39:36] [Server thread/INFO]: Using default channel type
[22:39:37] [Server thread/WARN]: **** SERVER IS RUNNING IN OFFLINE/INSECURE MODE!
[22:39:37] [Server thread/WARN]: The server will make no attempt to authenticate usernames. Beware.
[22:39:37] [Server thread/WARN]: While this makes the game possible to play without internet access, it also opens up the ability for hackers to connect with any username they choose.
[22:39:37] [Server thread/WARN]: To change this, set "online-mode" to "true" in the server.properties file.
[22:39:37] [Server thread/INFO]: Preparing level "world"
[22:39:38] [Server thread/INFO]: Preparing start region for dimension minecraft:overworld
[22:39:38] [Worker-Main-14/INFO]: Preparing spawn area: 0%
[22:39:38] [Worker-Main-12/INFO]: Preparing spawn area: 0%
[22:39:39] [Worker-Main-13/INFO]: Preparing spawn area: 0%
[22:39:39] [Worker-Main-13/INFO]: Preparing spawn area: 2%
[22:39:40] [Worker-Main-10/INFO]: Preparing spawn area: 4%
[22:39:40] [Worker-Main-14/INFO]: Preparing spawn area: 4%
[22:39:41] [Worker-Main-14/INFO]: Preparing spawn area: 6%
[22:39:41] [Worker-Main-9/INFO]: Preparing spawn area: 6%
[22:39:42] [Worker-Main-11/INFO]: Preparing spawn area: 10%
[22:39:42] [Worker-Main-8/INFO]: Preparing spawn area: 14%
[22:39:43] [Worker-Main-8/INFO]: Preparing spawn area: 16%
[22:39:43] [Worker-Main-12/INFO]: Preparing spawn area: 19%
[22:39:44] [Worker-Main-14/INFO]: Preparing spawn area: 21%
[22:39:44] [Worker-Main-8/INFO]: Preparing spawn area: 23%
[22:39:45] [Worker-Main-10/INFO]: Preparing spawn area: 23%
[22:39:46] [Worker-Main-10/INFO]: Preparing spawn area: 28%
[22:39:46] [Worker-Main-9/INFO]: Preparing spawn area: 33%
[22:39:46] [Worker-Main-14/INFO]: Preparing spawn area: 36%
[22:39:47] [Worker-Main-13/INFO]: Preparing spawn area: 38%
[22:39:47] [Worker-Main-8/INFO]: Preparing spawn area: 44%
[22:39:48] [Worker-Main-9/INFO]: Preparing spawn area: 47%
[22:39:48] [Worker-Main-8/INFO]: Preparing spawn area: 47%
[22:39:49] [Worker-Main-8/INFO]: Preparing spawn area: 54%
[22:39:49] [Worker-Main-12/INFO]: Preparing spawn area: 58%
[22:39:50] [Worker-Main-11/INFO]: Preparing spawn area: 63%
[22:39:50] [Worker-Main-12/INFO]: Preparing spawn area: 68%
[22:39:51] [Worker-Main-12/INFO]: Preparing spawn area: 72%
[22:39:51] [Worker-Main-13/INFO]: Preparing spawn area: 75%
[22:39:52] [Worker-Main-13/INFO]: Preparing spawn area: 81%
[22:39:52] [Worker-Main-10/INFO]: Preparing spawn area: 87%
[22:39:53] [Worker-Main-10/INFO]: Preparing spawn area: 93%
[22:39:53] [Server thread/INFO]: Time elapsed: 15419 ms
[22:39:53] [Server thread/INFO]: Done (16.706s)! For help, type "help"
[22:40:17] [Server thread/INFO]: Verdict117[/127.0.0.1:2149] logged in with entity id 247 at (5.5, 64.0, 99.5)
[22:40:17] [Server thread/INFO]: Verdict117 joined the game
[22:40:23] [Server thread/INFO]: Verdict117 lost connection: Disconnected
[22:40:23] [Server thread/INFO]: Verdict117 left the game
[22:40:24] [Server thread/INFO]: Stopping the server
[22:40:24] [Server thread/INFO]: Stopping server
[22:40:24] [Server thread/INFO]: Saving players
[22:40:24] [Server thread/INFO]: Saving worlds
[22:40:24] [Server thread/INFO]: Saving chunks for level 'ServerLevel[world]'/minecraft:overworld
[22:40:25] [Server thread/INFO]: Saving chunks for level 'ServerLevel[world]'/minecraft:the_nether
[22:40:25] [Server thread/INFO]: Saving chunks for level 'ServerLevel[world]'/minecraft:the_end
[22:40:25] [Server thread/INFO]: ThreadedAnvilChunkStorage (world): All chunks are saved
[22:40:25] [Server thread/INFO]: ThreadedAnvilChunkStorage (DIM-1): All chunks are saved
[22:40:25] [Server thread/INFO]: ThreadedAnvilChunkStorage (DIM1): All chunks are saved
[22:40:25] [Server thread/INFO]: ThreadedAnvilChunkStorage: All dimensions are saved
